   1              		.syntax unified
   2              		.cpu cortex-m4
   3              		.eabi_attribute 27, 3
   4              		.fpu fpv4-sp-d16
   5              		.eabi_attribute 20, 1
   6              		.eabi_attribute 21, 1
   7              		.eabi_attribute 23, 3
   8              		.eabi_attribute 24, 1
   9              		.eabi_attribute 25, 1
  10              		.eabi_attribute 26, 1
  11              		.eabi_attribute 30, 6
  12              		.eabi_attribute 18, 4
  13              		.thumb
  14              		.file	"main.cpp"
  15              		.text
  16              	.Ltext0:
  17              		.cfi_sections	.debug_frame
  18              		.global	g_LedTast
  19              		.section	.bss.g_LedTast,"aw",%nobits
  20              		.align	2
  23              	g_LedTast:
  24 0000 00000000 		.space	20
  24      00000000 
  24      00000000 
  24      00000000 
  24      00000000 
  25              		.global	g_Display
  26              		.section	.bss.g_Display,"aw",%nobits
  27              		.align	2
  30              	g_Display:
  31 0000 00000000 		.space	8
  31      00000000 
  32              		.global	g_Menue
  33              		.section	.bss.g_Menue,"aw",%nobits
  34              		.align	2
  37              	g_Menue:
  38 0000 00000000 		.space	16
  38      00000000 
  38      00000000 
  38      00000000 
  39              		.global	g_FileHandler
  40              		.section	.bss.g_FileHandler,"aw",%nobits
  41              		.align	2
  44              	g_FileHandler:
  45 0000 00000000 		.space	1128
  45      00000000 
  45      00000000 
  45      00000000 
  45      00000000 
  46              		.section	.text.main,"ax",%progbits
  47              		.align	2
  48              		.global	main
  49              		.thumb
  50              		.thumb_func
  52              	main:
  53              	.LFB140:
  54              		.file 1 "../main.cpp"
   1:../main.cpp   **** /**
   2:../main.cpp   ****   ******************************************************************************
   3:../main.cpp   ****   * @file      	main.cpp
   4:../main.cpp   ****   * @author    	Tecnologic86
   5:../main.cpp   ****   * @version   	V0.0.0
   6:../main.cpp   ****   * @date      	14.02.12
   7:../main.cpp   ****   * @brief		main program file for Project: ThunderCryer
   8:../main.cpp   ****   ******************************************************************************
   9:../main.cpp   ****   */
  10:../main.cpp   **** 
  11:../main.cpp   **** /* Includes ------------------------------------------------------------------*/
  12:../main.cpp   **** #include "CFreeRTOS.h"
  13:../main.cpp   **** #include "CTask.h"
  14:../main.cpp   **** #include "ustime.h"
  15:../main.cpp   **** #include "CLedHeartBeatSTM32F4Disc.h"
  16:../main.cpp   **** #include "CMenue.h"
  17:../main.cpp   **** #include "CT6963GPIOInterface.h"
  18:../main.cpp   **** #include "CFileHandler.h"
  19:../main.cpp   **** #include "stm32f4xx_conf.h"
  20:../main.cpp   **** #include "stm32f4xx.h"
  21:../main.cpp   **** 
  22:../main.cpp   **** /* Private typedef -----------------------------------------------------------*/
  23:../main.cpp   **** /* Private define ------------------------------------------------------------*/
  24:../main.cpp   **** /* Private macro -------------------------------------------------------------*/
  25:../main.cpp   **** /* Private variables ---------------------------------------------------------*/
  26:../main.cpp   **** CLedHeartBeatSTM32F4Disc g_LedTast(200/portTICK_RATE_MS);
  27:../main.cpp   **** CT6963_GPIO_Interface g_Display;
  28:../main.cpp   **** CMenue	g_Menue(&g_Display);
  29:../main.cpp   **** CFileHandler g_FileHandler;
  30:../main.cpp   **** 
  31:../main.cpp   **** /* Private function prototypes -----------------------------------------------*/
  32:../main.cpp   **** extern "C" {
  33:../main.cpp   **** 	void vApplicationTickHook( void );
  34:../main.cpp   **** 	void vApplicationIdleHook( void );
  35:../main.cpp   **** 	void vApplicationMallocFailedHook( void );
  36:../main.cpp   **** 	void vApplicationStackOverflowHook( xTaskHandle *pxTask, signed char *pcTaskName );
  37:../main.cpp   **** } // extern "C"
  38:../main.cpp   **** /* Private functions ---------------------------------------------------------*/
  39:../main.cpp   **** 
  40:../main.cpp   **** 
  41:../main.cpp   **** 
  42:../main.cpp   **** /**
  43:../main.cpp   ****   * @brief  main function
  44:../main.cpp   ****   * @param  None
  45:../main.cpp   ****   * @retval None
  46:../main.cpp   ****   */
  47:../main.cpp   **** int main(void){
  55              		.loc 1 47 0
  56              		.cfi_startproc
  57              		@ args = 0, pretend = 0, frame = 8
  58              		@ frame_needed = 1, uses_anonymous_args = 0
  59 0000 80B5     		push	{r7, lr}
  60              	.LCFI0:
  61              		.cfi_def_cfa_offset 8
  62              		.cfi_offset 14, -4
  63              		.cfi_offset 7, -8
  64 0002 82B0     		sub	sp, sp, #8
  65              	.LCFI1:
  66              		.cfi_def_cfa_offset 16
  67 0004 00AF     		add	r7, sp, #0
  68              	.LCFI2:
  69              		.cfi_def_cfa_register 7
  70              	.LBB2:
  48:../main.cpp   **** 	unsigned int u;
  49:../main.cpp   **** 
  50:../main.cpp   **** 	/**
  51:../main.cpp   **** 	 * create Led Heartbeat task with minimal stack size and priority
  52:../main.cpp   **** 	 * 1 higher than idle task
  53:../main.cpp   **** 	 */
  54:../main.cpp   **** 	//g_LedTast.Create("Led Heartbeat",configMINIMAL_STACK_SIZE,tskIDLE_PRIORITY+5);
  55:../main.cpp   **** 	//g_Menue.Create("Menue",configMINIMAL_STACK_SIZE * 2,tskIDLE_PRIORITY+3);
  56:../main.cpp   **** 	//g_FileHandler.Create("FileHandler",configMINIMAL_STACK_SIZE * 10,tskIDLE_PRIORITY+1);
  57:../main.cpp   **** 
  58:../main.cpp   **** 	/**
  59:../main.cpp   **** 	 * Initialise the hardware for all Tasks and
  60:../main.cpp   **** 	 * then FreeRTOS takes control of execution
  61:../main.cpp   **** 	 */
  62:../main.cpp   **** 	//CFreeRTOS::InitHardwareForManagedTasks();
  63:../main.cpp   **** 	//CFreeRTOS::StartScheduler();
  64:../main.cpp   **** 
  65:../main.cpp   **** 	g_FileHandler.Run();
  71              		.loc 1 65 0
  72 0006 40F20000 		movw	r0, #:lower16:g_FileHandler
  73 000a C0F20000 		movt	r0, #:upper16:g_FileHandler
  74 000e FFF7FEFF 		bl	_ZN12CFileHandler3RunEv
  75              	.L2:
  66:../main.cpp   **** 
  67:../main.cpp   **** 	while(1){
  68:../main.cpp   **** 		u++;
  76              		.loc 1 68 0 discriminator 1
  77 0012 7B68     		ldr	r3, [r7, #4]
  78 0014 03F10103 		add	r3, r3, #1
  79 0018 7B60     		str	r3, [r7, #4]
  67:../main.cpp   **** 	while(1){
  80              		.loc 1 67 0 discriminator 1
  81 001a FAE7     		b	.L2
  82              	.LBE2:
  83              		.cfi_endproc
  84              	.LFE140:
  86              		.section	.text.vApplicationTickHook,"ax",%progbits
  87              		.align	2
  88              		.global	vApplicationTickHook
  89              		.thumb
  90              		.thumb_func
  92              	vApplicationTickHook:
  93              	.LFB141:
  69:../main.cpp   **** 	}
  70:../main.cpp   **** 
  71:../main.cpp   **** 	return 0;
  72:../main.cpp   **** 
  73:../main.cpp   **** }
  74:../main.cpp   **** 
  75:../main.cpp   **** extern "C" {
  76:../main.cpp   **** 
  77:../main.cpp   **** 	// This FreeRTOS callback function gets called once per tick (default = 1000Hz).
  78:../main.cpp   **** 	// ----------------------------------------------------------------------------
  79:../main.cpp   **** 	void vApplicationTickHook( void ) {
  94              		.loc 1 79 0
  95              		.cfi_startproc
  96              		@ args = 0, pretend = 0, frame = 0
  97              		@ frame_needed = 1, uses_anonymous_args = 0
  98              		@ link register save eliminated.
  99 0000 80B4     		push	{r7}
 100              	.LCFI3:
 101              		.cfi_def_cfa_offset 4
 102              		.cfi_offset 7, -4
 103 0002 00AF     		add	r7, sp, #0
 104              	.LCFI4:
 105              		.cfi_def_cfa_register 7
  80:../main.cpp   **** 
  81:../main.cpp   **** 	}
 106              		.loc 1 81 0
 107 0004 BD46     		mov	sp, r7
 108 0006 80BC     		pop	{r7}
 109 0008 7047     		bx	lr
 110              		.cfi_endproc
 111              	.LFE141:
 113 000a 00BF     		.section	.text.vApplicationIdleHook,"ax",%progbits
 114              		.align	2
 115              		.global	vApplicationIdleHook
 116              		.thumb
 117              		.thumb_func
 119              	vApplicationIdleHook:
 120              	.LFB142:
  82:../main.cpp   **** 
  83:../main.cpp   **** 	// This FreeRTOS call-back function gets when no other task is ready to execute.
  84:../main.cpp   **** 	// On a completely unloaded system this is getting called at over 2.5MHz!
  85:../main.cpp   **** 	// ----------------------------------------------------------------------------
  86:../main.cpp   **** 	void vApplicationIdleHook( void ) {
 121              		.loc 1 86 0
 122              		.cfi_startproc
 123              		@ args = 0, pretend = 0, frame = 0
 124              		@ frame_needed = 1, uses_anonymous_args = 0
 125              		@ link register save eliminated.
 126 0000 80B4     		push	{r7}
 127              	.LCFI5:
 128              		.cfi_def_cfa_offset 4
 129              		.cfi_offset 7, -4
 130 0002 00AF     		add	r7, sp, #0
 131              	.LCFI6:
 132              		.cfi_def_cfa_register 7
  87:../main.cpp   **** 
  88:../main.cpp   **** 	}
 133              		.loc 1 88 0
 134 0004 BD46     		mov	sp, r7
 135 0006 80BC     		pop	{r7}
 136 0008 7047     		bx	lr
 137              		.cfi_endproc
 138              	.LFE142:
 140 000a 00BF     		.section	.text.vApplicationMallocFailedHook,"ax",%progbits
 141              		.align	2
 142              		.global	vApplicationMallocFailedHook
 143              		.thumb
 144              		.thumb_func
 146              	vApplicationMallocFailedHook:
 147              	.LFB143:
  89:../main.cpp   **** 
  90:../main.cpp   **** 	// A required FreeRTOS function.
  91:../main.cpp   **** 	// ----------------------------------------------------------------------------
  92:../main.cpp   **** 	void vApplicationMallocFailedHook( void ) {
 148              		.loc 1 92 0
 149              		.cfi_startproc
 150              		@ args = 0, pretend = 0, frame = 0
 151              		@ frame_needed = 1, uses_anonymous_args = 0
 152              		@ link register save eliminated.
 153 0000 80B4     		push	{r7}
 154              	.LCFI7:
 155              		.cfi_def_cfa_offset 4
 156              		.cfi_offset 7, -4
 157 0002 00AF     		add	r7, sp, #0
 158              	.LCFI8:
 159              		.cfi_def_cfa_register 7
  93:../main.cpp   **** 		configASSERT( 0 );  // Latch on any failure / error.
  94:../main.cpp   **** 	}
 160              		.loc 1 94 0
 161 0004 BD46     		mov	sp, r7
 162 0006 80BC     		pop	{r7}
 163 0008 7047     		bx	lr
 164              		.cfi_endproc
 165              	.LFE143:
 167 000a 00BF     		.section	.text.vApplicationStackOverflowHook,"ax",%progbits
 168              		.align	2
 169              		.global	vApplicationStackOverflowHook
 170              		.thumb
 171              		.thumb_func
 173              	vApplicationStackOverflowHook:
 174              	.LFB144:
  95:../main.cpp   **** 
  96:../main.cpp   **** 	// A required FreeRTOS function. gets called on stack overflow
  97:../main.cpp   **** 	// ----------------------------------------------------------------------------
  98:../main.cpp   **** 	void vApplicationStackOverflowHook( xTaskHandle *pxTask, signed char *pcTaskName ){
 175              		.loc 1 98 0
 176              		.cfi_startproc
 177              		@ args = 0, pretend = 0, frame = 8
 178              		@ frame_needed = 1, uses_anonymous_args = 0
 179              		@ link register save eliminated.
 180 0000 80B4     		push	{r7}
 181              	.LCFI9:
 182              		.cfi_def_cfa_offset 4
 183              		.cfi_offset 7, -4
 184 0002 83B0     		sub	sp, sp, #12
 185              	.LCFI10:
 186              		.cfi_def_cfa_offset 16
 187 0004 00AF     		add	r7, sp, #0
 188              	.LCFI11:
 189              		.cfi_def_cfa_register 7
 190 0006 7860     		str	r0, [r7, #4]
 191 0008 3960     		str	r1, [r7, #0]
 192              	.L7:
  99:../main.cpp   **** 		/* TODO, implement your code here */
 100:../main.cpp   **** 		while(1);
 193              		.loc 1 100 0 discriminator 1
 194 000a FEE7     		b	.L7
 195              		.cfi_endproc
 196              	.LFE144:
 198              		.section	.text._Z41__static_initialization_and_destruction_0ii,"ax",%progbits
 199              		.align	2
 200              		.thumb
 201              		.thumb_func
 203              	_Z41__static_initialization_and_destruction_0ii:
 204              	.LFB145:
 101:../main.cpp   **** 	}
 102:../main.cpp   **** } // extern "C"
 103:../main.cpp   **** 
 104:../main.cpp   **** }//Somewhere is a { open i think i left one #ifdef __cplusplus  closing brance
 205              		.loc 1 104 0
 206              		.cfi_startproc
 207              		@ args = 0, pretend = 0, frame = 8
 208              		@ frame_needed = 1, uses_anonymous_args = 0
 209 0000 80B5     		push	{r7, lr}
 210              	.LCFI12:
 211              		.cfi_def_cfa_offset 8
 212              		.cfi_offset 14, -4
 213              		.cfi_offset 7, -8
 214 0002 82B0     		sub	sp, sp, #8
 215              	.LCFI13:
 216              		.cfi_def_cfa_offset 16
 217 0004 00AF     		add	r7, sp, #0
 218              	.LCFI14:
 219              		.cfi_def_cfa_register 7
 220 0006 7860     		str	r0, [r7, #4]
 221 0008 3960     		str	r1, [r7, #0]
 222              		.loc 1 104 0
 223 000a 7B68     		ldr	r3, [r7, #4]
 224 000c 012B     		cmp	r3, #1
 225 000e 5ED1     		bne	.L8
 226              		.loc 1 104 0 is_stmt 0 discriminator 1
 227 0010 3A68     		ldr	r2, [r7, #0]
 228 0012 4FF6FF73 		movw	r3, #65535
 229 0016 9A42     		cmp	r2, r3
 230 0018 59D1     		bne	.L8
  26:../main.cpp   **** CLedHeartBeatSTM32F4Disc g_LedTast(200/portTICK_RATE_MS);
 231              		.loc 1 26 0 is_stmt 1
 232 001a 40F20000 		movw	r0, #:lower16:g_LedTast
 233 001e C0F20000 		movt	r0, #:upper16:g_LedTast
 234 0022 4FF01401 		mov	r1, #20
 235 0026 FFF7FEFF 		bl	_ZN24CLedHeartBeatSTM32F4DiscC1Em
 236 002a 40F20003 		movw	r3, #:lower16:_ZN24CLedHeartBeatSTM32F4DiscD1Ev
 237 002e C0F20003 		movt	r3, #:upper16:_ZN24CLedHeartBeatSTM32F4DiscD1Ev
 238 0032 40F20000 		movw	r0, #:lower16:g_LedTast
 239 0036 C0F20000 		movt	r0, #:upper16:g_LedTast
 240 003a 1946     		mov	r1, r3
 241 003c 40F20002 		movw	r2, #:lower16:__dso_handle
 242 0040 C0F20002 		movt	r2, #:upper16:__dso_handle
 243 0044 FFF7FEFF 		bl	__aeabi_atexit
  27:../main.cpp   **** CT6963_GPIO_Interface g_Display;
 244              		.loc 1 27 0
 245 0048 40F20000 		movw	r0, #:lower16:g_Display
 246 004c C0F20000 		movt	r0, #:upper16:g_Display
 247 0050 FFF7FEFF 		bl	_ZN21CT6963_GPIO_InterfaceC1Ev
 248 0054 40F20003 		movw	r3, #:lower16:_ZN21CT6963_GPIO_InterfaceD1Ev
 249 0058 C0F20003 		movt	r3, #:upper16:_ZN21CT6963_GPIO_InterfaceD1Ev
 250 005c 40F20000 		movw	r0, #:lower16:g_Display
 251 0060 C0F20000 		movt	r0, #:upper16:g_Display
 252 0064 1946     		mov	r1, r3
 253 0066 40F20002 		movw	r2, #:lower16:__dso_handle
 254 006a C0F20002 		movt	r2, #:upper16:__dso_handle
 255 006e FFF7FEFF 		bl	__aeabi_atexit
  28:../main.cpp   **** CMenue	g_Menue(&g_Display);
 256              		.loc 1 28 0
 257 0072 40F20000 		movw	r0, #:lower16:g_Menue
 258 0076 C0F20000 		movt	r0, #:upper16:g_Menue
 259 007a 40F20001 		movw	r1, #:lower16:g_Display
 260 007e C0F20001 		movt	r1, #:upper16:g_Display
 261 0082 FFF7FEFF 		bl	_ZN6CMenueC1EP11CGraphicLCD
 262 0086 40F20003 		movw	r3, #:lower16:_ZN6CMenueD1Ev
 263 008a C0F20003 		movt	r3, #:upper16:_ZN6CMenueD1Ev
 264 008e 40F20000 		movw	r0, #:lower16:g_Menue
 265 0092 C0F20000 		movt	r0, #:upper16:g_Menue
 266 0096 1946     		mov	r1, r3
 267 0098 40F20002 		movw	r2, #:lower16:__dso_handle
 268 009c C0F20002 		movt	r2, #:upper16:__dso_handle
 269 00a0 FFF7FEFF 		bl	__aeabi_atexit
  29:../main.cpp   **** CFileHandler g_FileHandler;
 270              		.loc 1 29 0
 271 00a4 40F20000 		movw	r0, #:lower16:g_FileHandler
 272 00a8 C0F20000 		movt	r0, #:upper16:g_FileHandler
 273 00ac FFF7FEFF 		bl	_ZN12CFileHandlerC1Ev
 274 00b0 40F20003 		movw	r3, #:lower16:_ZN12CFileHandlerD1Ev
 275 00b4 C0F20003 		movt	r3, #:upper16:_ZN12CFileHandlerD1Ev
 276 00b8 40F20000 		movw	r0, #:lower16:g_FileHandler
 277 00bc C0F20000 		movt	r0, #:upper16:g_FileHandler
 278 00c0 1946     		mov	r1, r3
 279 00c2 40F20002 		movw	r2, #:lower16:__dso_handle
 280 00c6 C0F20002 		movt	r2, #:upper16:__dso_handle
 281 00ca FFF7FEFF 		bl	__aeabi_atexit
 282              	.L8:
 283              		.loc 1 104 0
 284 00ce 07F10807 		add	r7, r7, #8
 285 00d2 BD46     		mov	sp, r7
 286 00d4 80BD     		pop	{r7, pc}
 287              		.cfi_endproc
 288              	.LFE145:
 290 00d6 00BF     		.section	.rodata._ZL12c_FontNative,"a",%progbits
 291              		.align	2
 294              	_ZL12c_FontNative:
 295 0000 00000000 		.space	24
 295      00000000 
 295      00000000 
 295      00000000 
 295      00000000 
 296              		.section	.text._GLOBAL__sub_I_g_LedTast,"ax",%progbits
 297              		.align	2
 298              		.thumb
 299              		.thumb_func
 301              	_GLOBAL__sub_I_g_LedTast:
 302              	.LFB146:
 303              		.loc 1 104 0
 304              		.cfi_startproc
 305              		@ args = 0, pretend = 0, frame = 0
 306              		@ frame_needed = 1, uses_anonymous_args = 0
 307 0000 80B5     		push	{r7, lr}
 308              	.LCFI15:
 309              		.cfi_def_cfa_offset 8
 310              		.cfi_offset 14, -4
 311              		.cfi_offset 7, -8
 312 0002 00AF     		add	r7, sp, #0
 313              	.LCFI16:
 314              		.cfi_def_cfa_register 7
 315              		.loc 1 104 0
 316 0004 4FF00100 		mov	r0, #1
 317 0008 4FF6FF71 		movw	r1, #65535
 318 000c FFF7FEFF 		bl	_Z41__static_initialization_and_destruction_0ii
 319 0010 80BD     		pop	{r7, pc}
 320              		.cfi_endproc
 321              	.LFE146:
 323 0012 00BF     		.section	.init_array,"aw",%init_array
 324              		.align	2
 325 0000 00000000 		.word	_GLOBAL__sub_I_g_LedTast(target1)
 326              		.text
 327              	.Letext0:
 328              		.file 2 "e:/elektronik/toolchain/yagarto/lib/gcc/../../arm-none-eabi/sys-include/stdint.h"
 329              		.file 3 "E:\\Desktop\\thundercyer-the-alarm-clock\\FreeRTOS\\Source\\include/../../Source/portable
 330              		.file 4 "E:\\Desktop\\thundercyer-the-alarm-clock\\FreeRTOS\\Source\\include/task.h"
 331              		.file 5 "E:\\Desktop\\thundercyer-the-alarm-clock\\GraphicLCD/CGraphicLCD.h"
 332              		.file 6 "E:\\Desktop\\thundercyer-the-alarm-clock\\CMSIS\\Include/core_cm4.h"
 333              		.file 7 "E:\\Desktop\\thundercyer-the-alarm-clock\\GraphicLCD/CT6963CDriver.h"
DEFINED SYMBOLS
                            *ABS*:00000000 main.cpp
C:\Users\Alex\AppData\Local\Temp\cczevWod.s:23     .bss.g_LedTast:00000000 g_LedTast
C:\Users\Alex\AppData\Local\Temp\cczevWod.s:20     .bss.g_LedTast:00000000 $d
C:\Users\Alex\AppData\Local\Temp\cczevWod.s:30     .bss.g_Display:00000000 g_Display
C:\Users\Alex\AppData\Local\Temp\cczevWod.s:27     .bss.g_Display:00000000 $d
C:\Users\Alex\AppData\Local\Temp\cczevWod.s:37     .bss.g_Menue:00000000 g_Menue
C:\Users\Alex\AppData\Local\Temp\cczevWod.s:34     .bss.g_Menue:00000000 $d
C:\Users\Alex\AppData\Local\Temp\cczevWod.s:44     .bss.g_FileHandler:00000000 g_FileHandler
C:\Users\Alex\AppData\Local\Temp\cczevWod.s:41     .bss.g_FileHandler:00000000 $d
C:\Users\Alex\AppData\Local\Temp\cczevWod.s:47     .text.main:00000000 $t
C:\Users\Alex\AppData\Local\Temp\cczevWod.s:52     .text.main:00000000 main
C:\Users\Alex\AppData\Local\Temp\cczevWod.s:87     .text.vApplicationTickHook:00000000 $t
C:\Users\Alex\AppData\Local\Temp\cczevWod.s:92     .text.vApplicationTickHook:00000000 vApplicationTickHook
C:\Users\Alex\AppData\Local\Temp\cczevWod.s:114    .text.vApplicationIdleHook:00000000 $t
C:\Users\Alex\AppData\Local\Temp\cczevWod.s:119    .text.vApplicationIdleHook:00000000 vApplicationIdleHook
C:\Users\Alex\AppData\Local\Temp\cczevWod.s:141    .text.vApplicationMallocFailedHook:00000000 $t
C:\Users\Alex\AppData\Local\Temp\cczevWod.s:146    .text.vApplicationMallocFailedHook:00000000 vApplicationMallocFailedHook
C:\Users\Alex\AppData\Local\Temp\cczevWod.s:168    .text.vApplicationStackOverflowHook:00000000 $t
C:\Users\Alex\AppData\Local\Temp\cczevWod.s:173    .text.vApplicationStackOverflowHook:00000000 vApplicationStackOverflowHook
C:\Users\Alex\AppData\Local\Temp\cczevWod.s:199    .text._Z41__static_initialization_and_destruction_0ii:00000000 $t
C:\Users\Alex\AppData\Local\Temp\cczevWod.s:203    .text._Z41__static_initialization_and_destruction_0ii:00000000 _Z41__static_initialization_and_destruction_0ii
C:\Users\Alex\AppData\Local\Temp\cczevWod.s:291    .rodata._ZL12c_FontNative:00000000 $d
C:\Users\Alex\AppData\Local\Temp\cczevWod.s:294    .rodata._ZL12c_FontNative:00000000 _ZL12c_FontNative
C:\Users\Alex\AppData\Local\Temp\cczevWod.s:297    .text._GLOBAL__sub_I_g_LedTast:00000000 $t
C:\Users\Alex\AppData\Local\Temp\cczevWod.s:301    .text._GLOBAL__sub_I_g_LedTast:00000000 _GLOBAL__sub_I_g_LedTast
C:\Users\Alex\AppData\Local\Temp\cczevWod.s:324    .init_array:00000000 $d
                     .debug_frame:00000010 $d

UNDEFINED SYMBOLS
_ZN12CFileHandler3RunEv
_ZN24CLedHeartBeatSTM32F4DiscC1Em
_ZN24CLedHeartBeatSTM32F4DiscD1Ev
__dso_handle
__aeabi_atexit
_ZN21CT6963_GPIO_InterfaceC1Ev
_ZN21CT6963_GPIO_InterfaceD1Ev
_ZN6CMenueC1EP11CGraphicLCD
_ZN6CMenueD1Ev
_ZN12CFileHandlerC1Ev
_ZN12CFileHandlerD1Ev
