Archive member included because of file (symbol)

d:/elektronik/ides/eclipse/yagarto/bin/../lib/gcc/arm-none-eabi/4.6.2/../../../../arm-none-eabi/lib/thumb/v7m\libstdc++.a(atexit_arm.o)
                              ./main.o (__aeabi_atexit)
d:/elektronik/ides/eclipse/yagarto/bin/../lib/gcc/arm-none-eabi/4.6.2/../../../../arm-none-eabi/lib/thumb/v7m\libstdc++.a(del_op.o)
                              ./Menue/CMenue.o (operator delete(void*))
d:/elektronik/ides/eclipse/yagarto/bin/../lib/gcc/arm-none-eabi/4.6.2/../../../../arm-none-eabi/lib/thumb/v7m\libstdc++.a(pure.o)
                              ./GraphicLCD/CGraphicLCD.o (__cxa_pure_virtual)
d:/elektronik/ides/eclipse/yagarto/bin/../lib/gcc/arm-none-eabi/4.6.2/../../../../arm-none-eabi/lib/thumb/v7m\libstdc++.a(eh_terminate.o)
                              d:/elektronik/ides/eclipse/yagarto/bin/../lib/gcc/arm-none-eabi/4.6.2/../../../../arm-none-eabi/lib/thumb/v7m\libstdc++.a(pure.o) (std::terminate())
d:/elektronik/ides/eclipse/yagarto/bin/../lib/gcc/arm-none-eabi/4.6.2/../../../../arm-none-eabi/lib/thumb/v7m\libstdc++.a(eh_term_handler.o)
                              d:/elektronik/ides/eclipse/yagarto/bin/../lib/gcc/arm-none-eabi/4.6.2/../../../../arm-none-eabi/lib/thumb/v7m\libstdc++.a(eh_terminate.o) (__cxxabiv1::__terminate_handler)
d:/elektronik/ides/eclipse/yagarto/bin/../lib/gcc/arm-none-eabi/4.6.2/../../../../arm-none-eabi/lib/thumb/v7m\libstdc++.a(eh_unex_handler.o)
                              d:/elektronik/ides/eclipse/yagarto/bin/../lib/gcc/arm-none-eabi/4.6.2/../../../../arm-none-eabi/lib/thumb/v7m\libstdc++.a(eh_terminate.o) (__cxxabiv1::__unexpected_handler)
d:/elektronik/ides/eclipse/yagarto/bin/../lib/gcc/arm-none-eabi/4.6.2/../../../../arm-none-eabi/lib/thumb/v7m\libstdc++.a(vterminate.o)
                              d:/elektronik/ides/eclipse/yagarto/bin/../lib/gcc/arm-none-eabi/4.6.2/../../../../arm-none-eabi/lib/thumb/v7m\libstdc++.a(eh_term_handler.o) (__gnu_cxx::__verbose_terminate_handler())
d:/elektronik/ides/eclipse/yagarto/bin/../lib/gcc/arm-none-eabi/4.6.2/../../../../arm-none-eabi/lib/thumb/v7m\libstdc++.a(cp-demangle.o)
                              d:/elektronik/ides/eclipse/yagarto/bin/../lib/gcc/arm-none-eabi/4.6.2/../../../../arm-none-eabi/lib/thumb/v7m\libstdc++.a(vterminate.o) (__cxa_demangle)
d:/elektronik/ides/eclipse/yagarto/bin/../lib/gcc/arm-none-eabi/4.6.2/../../../../arm-none-eabi/lib/thumb/v7m\libstdc++.a(eh_arm.o)
                              d:/elektronik/ides/eclipse/yagarto/bin/../lib/gcc/arm-none-eabi/4.6.2/../../../../arm-none-eabi/lib/thumb/v7m\libstdc++.a(eh_terminate.o) (__cxa_end_cleanup)
d:/elektronik/ides/eclipse/yagarto/bin/../lib/gcc/arm-none-eabi/4.6.2/../../../../arm-none-eabi/lib/thumb/v7m\libstdc++.a(eh_aux_runtime.o)
                              d:/elektronik/ides/eclipse/yagarto/bin/../lib/gcc/arm-none-eabi/4.6.2/../../../../arm-none-eabi/lib/thumb/v7m\libstdc++.a(eh_arm.o) (__cxa_bad_typeid)
d:/elektronik/ides/eclipse/yagarto/bin/../lib/gcc/arm-none-eabi/4.6.2/../../../../arm-none-eabi/lib/thumb/v7m\libstdc++.a(eh_call.o)
                              d:/elektronik/ides/eclipse/yagarto/bin/../lib/gcc/arm-none-eabi/4.6.2/../../../../arm-none-eabi/lib/thumb/v7m\libstdc++.a(eh_terminate.o) (__cxa_call_unexpected)
d:/elektronik/ides/eclipse/yagarto/bin/../lib/gcc/arm-none-eabi/4.6.2/../../../../arm-none-eabi/lib/thumb/v7m\libstdc++.a(eh_catch.o)
                              d:/elektronik/ides/eclipse/yagarto/bin/../lib/gcc/arm-none-eabi/4.6.2/../../../../arm-none-eabi/lib/thumb/v7m\libstdc++.a(eh_terminate.o) (__cxa_begin_catch)
d:/elektronik/ides/eclipse/yagarto/bin/../lib/gcc/arm-none-eabi/4.6.2/../../../../arm-none-eabi/lib/thumb/v7m\libstdc++.a(eh_exception.o)
                              d:/elektronik/ides/eclipse/yagarto/bin/../lib/gcc/arm-none-eabi/4.6.2/../../../../arm-none-eabi/lib/thumb/v7m\libstdc++.a(vterminate.o) (typeinfo for std::exception)
d:/elektronik/ides/eclipse/yagarto/bin/../lib/gcc/arm-none-eabi/4.6.2/../../../../arm-none-eabi/lib/thumb/v7m\libstdc++.a(eh_globals.o)
                              d:/elektronik/ides/eclipse/yagarto/bin/../lib/gcc/arm-none-eabi/4.6.2/../../../../arm-none-eabi/lib/thumb/v7m\libstdc++.a(eh_call.o) (__cxa_get_globals_fast)
d:/elektronik/ides/eclipse/yagarto/bin/../lib/gcc/arm-none-eabi/4.6.2/../../../../arm-none-eabi/lib/thumb/v7m\libstdc++.a(eh_personality.o)
                              d:/elektronik/ides/eclipse/yagarto/bin/../lib/gcc/arm-none-eabi/4.6.2/../../../../arm-none-eabi/lib/thumb/v7m\libstdc++.a(eh_terminate.o) (__gxx_personality_v0)
d:/elektronik/ides/eclipse/yagarto/bin/../lib/gcc/arm-none-eabi/4.6.2/../../../../arm-none-eabi/lib/thumb/v7m\libstdc++.a(eh_throw.o)
                              d:/elektronik/ides/eclipse/yagarto/bin/../lib/gcc/arm-none-eabi/4.6.2/../../../../arm-none-eabi/lib/thumb/v7m\libstdc++.a(eh_aux_runtime.o) (__cxa_throw)
[...]
Memory Configuration

Name             Origin             Length             Attributes
FLASH            0x08000000         0x00100000         xr
RAM              0x20000000         0x00020000         xrw
MEMORY_B1        0x60000000         0x00000000         xr
*default*        0x00000000         0xffffffff

Linker script and memory map

LOAD d:/elektronik/ides/eclipse/yagarto/bin/../lib/gcc/arm-none-eabi/4.6.2/thumb/v7m/crti.o
LOAD d:/elektronik/ides/eclipse/yagarto/bin/../lib/gcc/arm-none-eabi/4.6.2/thumb/v7m/crtbegin.o
LOAD d:/elektronik/ides/eclipse/yagarto/bin/../lib/gcc/arm-none-eabi/4.6.2/../../../../arm-none-eabi/lib/thumb/v7m/crt0.o
LOAD ./STM32_USB_OTG_Driver/src/usb_core.o
LOAD ./STM32_USB_OTG_Driver/src/usb_hcd.o
LOAD ./STM32_USB_OTG_Driver/src/usb_hcd_int.o
LOAD ./STM32_USB_HOST_Library/Core/src/usbh_core.o
LOAD ./STM32_USB_HOST_Library/Core/src/usbh_hcs.o
LOAD ./STM32_USB_HOST_Library/Core/src/usbh_ioreq.o
LOAD ./STM32_USB_HOST_Library/Core/src/usbh_stdreq.o
LOAD ./STM32_USB_HOST_Library/Class/MSC/src/usbh_msc_bot.o
LOAD ./STM32_USB_HOST_Library/Class/MSC/src/usbh_msc_core.o
LOAD ./STM32_USB_HOST_Library/Class/MSC/src/usbh_msc_fatfs.o
LOAD ./STM32_USB_HOST_Library/Class/MSC/src/usbh_msc_scsi.o
LOAD ./STM32F4xx_StdPeriph_Driver/src/misc.o
LOAD ./STM32F4xx_StdPeriph_Driver/src/stm32f4xx_adc.o
LOAD ./STM32F4xx_StdPeriph_Driver/src/stm32f4xx_dac.o
LOAD ./STM32F4xx_StdPeriph_Driver/src/stm32f4xx_dbgmcu.o
LOAD ./STM32F4xx_StdPeriph_Driver/src/stm32f4xx_dma.o
LOAD ./STM32F4xx_StdPeriph_Driver/src/stm32f4xx_exti.o
LOAD ./STM32F4xx_StdPeriph_Driver/src/stm32f4xx_flash.o
LOAD ./STM32F4xx_StdPeriph_Driver/src/stm32f4xx_fsmc.o
LOAD ./STM32F4xx_StdPeriph_Driver/src/stm32f4xx_gpio.o
LOAD ./STM32F4xx_StdPeriph_Driver/src/stm32f4xx_i2c.o
LOAD ./STM32F4xx_StdPeriph_Driver/src/stm32f4xx_iwdg.o
LOAD ./STM32F4xx_StdPeriph_Driver/src/stm32f4xx_pwr.o
LOAD ./STM32F4xx_StdPeriph_Driver/src/stm32f4xx_rcc.o
LOAD ./STM32F4xx_StdPeriph_Driver/src/stm32f4xx_rng.o
LOAD ./STM32F4xx_StdPeriph_Driver/src/stm32f4xx_rtc.o
LOAD ./STM32F4xx_StdPeriph_Driver/src/stm32f4xx_sdio.o
LOAD ./STM32F4xx_StdPeriph_Driver/src/stm32f4xx_spi.o
LOAD ./STM32F4xx_StdPeriph_Driver/src/stm32f4xx_syscfg.o
LOAD ./STM32F4xx_StdPeriph_Driver/src/stm32f4xx_tim.o
LOAD ./STM32F4xx_StdPeriph_Driver/src/stm32f4xx_usart.o
LOAD ./STM32F4xx_StdPeriph_Driver/src/stm32f4xx_wwdg.o
LOAD ./STM32F4-Discovery/stm32f4_discovery.o
LOAD ./STM32F4-Discovery/stm32f4_discovery_audio_codec.o
LOAD ./STM32F4-Discovery/stm32f4_discovery_lis302dl.o
LOAD ./Menue/CMenue.o
LOAD ./HelixMP3/real/bitstream.o
LOAD ./HelixMP3/real/buffers.o
LOAD ./HelixMP3/real/dct32.o
LOAD ./HelixMP3/real/dequant.o
LOAD ./HelixMP3/real/dqchan.o
LOAD ./HelixMP3/real/huffman.o
LOAD ./HelixMP3/real/hufftabs.o
LOAD ./HelixMP3/real/imdct.o
LOAD ./HelixMP3/real/polyphase.o
LOAD ./HelixMP3/real/scalfact.o
LOAD ./HelixMP3/real/stproc.o
LOAD ./HelixMP3/real/subband.o
LOAD ./HelixMP3/real/trigtabs.o
LOAD ./HelixMP3/mp3dec.o
LOAD ./HelixMP3/mp3tabs.o
LOAD ./GraphicLCD/CGraphicLCD.o
LOAD ./GraphicLCD/CT6963CDriver.o
LOAD ./GraphicLCD/CT6963GPIOInterface.o
LOAD ./GraphicLCD/SansSerif12.o
LOAD ./GraphicLCD/SansSerif26.o
LOAD ./FreeRTOS_EC/Source/AManagedTask.o
LOAD ./FreeRTOS_EC/Source/ASyncObject.o
LOAD ./FreeRTOS_EC/Source/ATimer.o
LOAD ./FreeRTOS_EC/Source/CBinarySemaphore.o
LOAD ./FreeRTOS_EC/Source/CCountingSemaphore.o
LOAD ./FreeRTOS_EC/Source/CFreeRTOS.o
LOAD ./FreeRTOS_EC/Source/CMessageTask.o
LOAD ./FreeRTOS_EC/Source/CMutex.o
LOAD ./FreeRTOS_EC/Source/CQueue.o
LOAD ./FreeRTOS_EC/Source/CRecursiveMutex.o
LOAD ./FreeRTOS_EC/Source/CTask.o
LOAD ./FreeRTOS/Source/portable/GCC/ARM_CM4F/port.o
LOAD ./FreeRTOS/Source/croutine.o
LOAD ./FreeRTOS/Source/list.o
LOAD ./FreeRTOS/Source/queue.o
LOAD ./FreeRTOS/Source/tasks.o
LOAD ./FreeRTOS/Source/timers.o
LOAD ./Audio_MP3/USB_MSC/CUSBMassStorage.o
LOAD ./Audio_MP3/USB_MSC/usb_bsp.o
LOAD ./Audio_MP3/USB_MSC/usbh_usr.o
LOAD ./Audio_MP3/FatFs/src/option/syscall.o
LOAD ./Audio_MP3/FatFs/src/ff.o
LOAD ./Audio_MP3/CFileHandler.o
LOAD ./Audio_MP3/fattime.o
LOAD ./CLedHeartBeatSTM32F4Disc.o
LOAD ./main.o
LOAD ./startup_stm32f4xx.o
LOAD ./stm32f4xx_it.o
LOAD ./syscalls.o
LOAD ./system_stm32f4xx.o
LOAD ./ustime.o
LOAD d:/elektronik/ides/eclipse/yagarto/bin/../lib/gcc/arm-none-eabi/4.6.2/../../../../arm-none-eabi/lib/thumb/v7m\libstdc++.a
LOAD d:/elektronik/ides/eclipse/yagarto/bin/../lib/gcc/arm-none-eabi/4.6.2/../../../../arm-none-eabi/lib/thumb/v7m\libm.a
START GROUP
LOAD d:/elektronik/ides/eclipse/yagarto/bin/../lib/gcc/arm-none-eabi/4.6.2/thumb/v7m\libgcc.a
LOAD d:/elektronik/ides/eclipse/yagarto/bin/../lib/gcc/arm-none-eabi/4.6.2/../../../../arm-none-eabi/lib/thumb/v7m\libg.a
LOAD d:/elektronik/ides/eclipse/yagarto/bin/../lib/gcc/arm-none-eabi/4.6.2/../../../../arm-none-eabi/lib/thumb/v7m\libc.a
END GROUP
LOAD d:/elektronik/ides/eclipse/yagarto/bin/../lib/gcc/arm-none-eabi/4.6.2/thumb/v7m/crtend.o
LOAD d:/elektronik/ides/eclipse/yagarto/bin/../lib/gcc/arm-none-eabi/4.6.2/thumb/v7m/crtn.o
                0x20020000                _estack = 0x20020000
                0x00000000                _Min_Heap_Size = 0x0
                0x00000400                _Min_Stack_Size = 0x400

.isr_vector     0x08000000      0x188
                0x08000000                . = ALIGN (0x4)
 *(.isr_vector)
 .isr_vector    0x08000000      0x188 ./startup_stm32f4xx.o
                0x08000000                g_pfnVectors
                0x08000188                . = ALIGN (0x4)

.text           0x08000188    0x35dbc
                0x08000188                . = ALIGN (0x4)
 *(.text)
 .text          0x08000188       0x54 d:/elektronik/ides/eclipse/yagarto/bin/../lib/gcc/arm-none-eabi/4.6.2/thumb/v7m/crtbegin.o
 .text          0x080001dc     0x1330 ./STM32_USB_OTG_Driver/src/usb_core.o
                0x080002c8                USB_OTG_WritePacket
                0x08000350                USB_OTG_ReadPacket
                0x080003b8                USB_OTG_SelectCore
                0x0800057c                USB_OTG_CoreInit
                0x0800077c                USB_OTG_EnableGlobalInt
                0x080007b8                USB_OTG_DisableGlobalInt
                0x080007f8                USB_OTG_FlushTxFifo
                0x08000878                USB_OTG_FlushRxFifo
                0x080008e4                USB_OTG_SetCurrentMode
                0x08000948                USB_OTG_GetMode
                0x08000968                USB_OTG_IsDeviceMode
                0x0800098c                USB_OTG_IsHostMode
                0x080009b0                USB_OTG_ReadCoreItr
                0x080009e0                USB_OTG_ReadOtgItr
                0x080009fc                USB_OTG_CoreInitHost
                0x08000b44                USB_OTG_IsEvenFrame
                0x08000b6c                USB_OTG_DriveVbus
                0x08000bec                USB_OTG_EnableHostInt
                0x08000c78                USB_OTG_InitFSLSPClkSel
                0x08000cb0                USB_OTG_ReadHPRT0
                0x08000cf0                USB_OTG_ReadHostAllChannels_intr
                0x08000d0c                USB_OTG_ResetPort
                0x08000d60                USB_OTG_HC_Init
                0x08001038                USB_OTG_HC_StartXfer
                0x08001348                USB_OTG_HC_Halt
                0x080013f4                USB_OTG_HC_DoPing
                0x0800147c                USB_OTG_StopHost
 .text          0x0800150c      0x200 ./STM32_USB_OTG_Driver/src/usb_hcd.o
                0x0800150c                HCD_Init
                0x080015b4                HCD_GetCurrentSpeed
                0x080015dc                HCD_ResetPort
                0x080015f8                HCD_IsDeviceConnected
                0x08001614                HCD_GetCurrentFrame
                0x08001638                HCD_GetURB_State
                0x0800165c                HCD_GetXferCnt
                0x08001680                HCD_GetHCState
                0x080016a4                HCD_HC_Init
                0x080016c8                HCD_SubmitRequest
 .text          0x0800170c     0x1490 ./STM32_USB_OTG_Driver/src/usb_hcd_int.o
                0x0800170c                USBH_OTG_ISR_Handler
 .text          0x08002b9c      0xb14 ./STM32_USB_HOST_Library/Core/src/usbh_core.o
                0x08002b9c                USBH_Connect
                0x08002bcc                USBH_Disconnect
                0x08002bfc                USBH_Init
                0x08002c78                USBH_DeInit
                0x08002cec                USBH_Process
                0x08002f80                USBH_ErrorHandle
                0x08003304                USBH_HandleControl
 .text          0x080036b0      0x2d4 ./STM32_USB_HOST_Library/Core/src/usbh_hcs.o
                0x080036b0                USBH_Open_Channel
                0x080037b8                USBH_Modify_Channel
                0x08003854                USBH_Alloc_Channel
                0x080038a0                USBH_Free_Channel
                0x080038ec                USBH_DeAllocate_AllChannel
 .text          0x08003984      0x598 ./STM32_USB_HOST_Library/Core/src/usbh_ioreq.o
                0x08003984                USBH_CtlReq
                0x08003a2c                USBH_CtlSendSetup
                0x08003aa8                USBH_CtlSendData
                0x08003b6c                USBH_CtlReceiveData
                0x08003be8                USBH_BulkSendData
                0x08003c90                USBH_BulkReceiveData
                0x08003d38                USBH_InterruptReceiveData
                0x08003e08                USBH_InterruptSendData
 .text          0x08003f1c      0x658 ./STM32_USB_HOST_Library/Core/src/usbh_stdreq.o
                0x08003f1c                USBH_Get_DevDesc
                0x08003f78                USBH_Get_CfgDesc
                0x08003fd8                USBH_Get_StringDesc
                0x08004034                USBH_GetDescriptor
                0x08004098                USBH_SetAddress
                0x080040ec                USBH_SetCfg
                0x0800413c                USBH_ClrFeature
 .text          0x08004574      0x7d0 ./STM32_USB_HOST_Library/Class/MSC/src/usbh_msc_bot.o
                0x08004574                USBH_MSC_Init
                0x080045ec                USBH_MSC_HandleBOTXfer
                0x08004bd0                USBH_MSC_BOT_Abort
                0x08004c70                USBH_MSC_DecodeCSW
 .text          0x08004d44      0x658 ./STM32_USB_HOST_Library/Class/MSC/src/usbh_msc_core.o
                0x08005318                USBH_MSC_ErrorHandle
 .text          0x0800539c      0x2c4 ./STM32_USB_HOST_Library/Class/MSC/src/usbh_msc_fatfs.o
                0x0800539c                disk_initialize
                0x080053ec                disk_status
                0x0800541c                disk_read
                0x080054d8                disk_write
                0x080055b0                disk_ioctl
 .text          0x08005660      0xabc ./STM32_USB_HOST_Library/Class/MSC/src/usbh_msc_scsi.o
                0x08005660                USBH_MSC_TestUnitReady
                0x080057dc                USBH_MSC_ReadCapacity10
                0x080059b8                USBH_MSC_ModeSense6
                0x08005b70                USBH_MSC_RequestSense
                0x08005d54                USBH_MSC_Write10
                0x08005f18                USBH_MSC_Read10
 .text          0x0800611c      0x1dc ./STM32F4xx_StdPeriph_Driver/src/misc.o
                0x0800611c                NVIC_PriorityGroupConfig
                0x08006144                NVIC_Init
                0x08006228                NVIC_SetVectorTable
                0x08006254                NVIC_SystemLPConfig
                0x080062ac                SysTick_CLKSourceConfig
 .text          0x080062f8      0x530 ./STM32F4xx_StdPeriph_Driver/src/stm32f4xx_dac.o
                0x080062f8                DAC_DeInit
                0x08006318                DAC_Init
                0x0800638c                DAC_StructInit
                0x080063c0                DAC_Cmd
                0x08006428                DAC_SoftwareTriggerCmd
                0x08006498                DAC_DualSoftwareTriggerCmd
                0x080064e4                DAC_WaveGenerationCmd
                0x08006548                DAC_SetChannel1Data
                0x08006580                DAC_SetChannel2Data
                0x080065b8                DAC_SetDualChannelData
                0x0800661c                DAC_GetDataOutputValue
                0x08006658                DAC_DMACmd
                0x080066c0                DAC_ITConfig
                0x08006724                DAC_GetFlagStatus
                0x0800676c                DAC_ClearFlag
                0x08006794                DAC_GetITStatus
                0x08006800                DAC_ClearITPendingBit
 .text          0x08006828      0x820 ./STM32F4xx_StdPeriph_Driver/src/stm32f4xx_dma.o
                0x08006828                DMA_DeInit
                0x08006a6c                DMA_Init
                0x08006b1c                DMA_StructInit
                0x08006ba8                DMA_Cmd
                0x08006be0                DMA_PeriphIncOffsetSizeConfig
                0x08006c14                DMA_FlowControllerConfig
                0x08006c48                DMA_SetCurrDataCounter
                0x08006c64                DMA_GetCurrDataCounter
                0x08006c80                DMA_DoubleBufferModeConfig
                0x08006cbc                DMA_DoubleBufferModeCmd
                0x08006cf4                DMA_MemoryTargetConfig
                0x08006d20                DMA_GetCurrentMemoryTarget
                0x08006d58                DMA_GetCmdStatus
                0x08006d90                DMA_GetFIFOStatus
                0x08006db8                DMA_GetFlagStatus
                0x08006e40                DMA_ClearFlag
                0x08006ea4                DMA_ITConfig
                0x08006f1c                DMA_GetITStatus
                0x08006fe4                DMA_ClearITPendingBit
 .text          0x08007048      0x2d4 ./STM32F4xx_StdPeriph_Driver/src/stm32f4xx_exti.o
                0x08007048                EXTI_DeInit
                0x0800709c                EXTI_Init
                0x080071e0                EXTI_StructInit
                0x08007214                EXTI_GenerateSWInterrupt
                0x08007240                EXTI_GetFlagStatus
                0x08007280                EXTI_ClearFlag
                0x080072a0                EXTI_GetITStatus
                0x080072fc                EXTI_ClearITPendingBit
 .text          0x0800731c      0x550 ./STM32F4xx_StdPeriph_Driver/src/stm32f4xx_gpio.o
                0x0800731c                GPIO_DeInit
                0x08007494                GPIO_Init
                0x080075e8                GPIO_StructInit
                0x08007624                GPIO_PinLockConfig
                0x08007668                GPIO_ReadInputDataBit
                0x080076a4                GPIO_ReadInputData
                0x080076c0                GPIO_ReadOutputDataBit
                0x080076fc                GPIO_ReadOutputData
                0x08007718                GPIO_SetBits
                0x08007734                GPIO_ResetBits
                0x08007750                GPIO_WriteBit
                0x08007780                GPIO_Write
                0x0800779c                GPIO_ToggleBits
                0x080077c0                GPIO_PinAFConfig
 .text          0x0800786c      0xa10 ./STM32F4xx_StdPeriph_Driver/src/stm32f4xx_i2c.o
                0x0800786c                I2C_DeInit
                0x080078f4                I2C_Init
                0x08007aa0                I2C_StructInit
                0x08007ae4                I2C_Cmd
                0x08007b24                I2C_GenerateSTART
                0x08007b64                I2C_GenerateSTOP
                0x08007ba4                I2C_Send7bitAddress
                0x08007be0                I2C_AcknowledgeConfig
                0x08007c20                I2C_OwnAddress2Config
                0x08007c64                I2C_DualAddressCmd
                0x08007ca4                I2C_GeneralCallCmd
                0x08007ce4                I2C_SoftwareResetCmd
                0x08007d2c                I2C_StretchClockCmd
                0x08007d6c                I2C_FastModeDutyCycleConfig
                0x08007dac                I2C_NACKPositionConfig
                0x08007dec                I2C_SMBusAlertConfig
                0x08007e2c                I2C_ARPCmd
                0x08007e6c                I2C_SendData
                0x08007e8c                I2C_ReceiveData
                0x08007ea8                I2C_TransmitPEC
                0x08007ee8                I2C_PECPositionConfig
                0x08007f28                I2C_CalculatePEC
                0x08007f68                I2C_GetPEC
                0x08007f8c                I2C_DMACmd
                0x08007fcc                I2C_DMALastTransferCmd
                0x0800800c                I2C_ReadRegister
                0x0800803c                I2C_ITConfig
                0x08008084                I2C_CheckEvent
                0x080080f4                I2C_GetLastEvent
                0x08008140                I2C_GetFlagStatus
                0x080081b8                I2C_ClearFlag
                0x080081e8                I2C_GetITStatus
                0x0800824c                I2C_ClearITPendingBit
 .text          0x0800827c      0xdd0 ./STM32F4xx_StdPeriph_Driver/src/stm32f4xx_rcc.o
                0x0800827c                RCC_DeInit
                0x08008300                RCC_HSEConfig
                0x08008330                RCC_WaitForHSEStartUp
                0x08008394                RCC_AdjustHSICalibrationValue
                0x080083dc                RCC_HSICmd
                0x080083fc                RCC_LSEConfig
                0x0800845c                RCC_LSICmd
                0x0800847c                RCC_PLLConfig
                0x080084c4                RCC_PLLCmd
                0x080084e4                RCC_PLLI2SConfig
                0x08008514                RCC_PLLI2SCmd
                0x08008534                RCC_ClockSecuritySystemCmd
                0x08008554                RCC_MCO1Config
                0x0800859c                RCC_MCO2Config
                0x080085e4                RCC_SYSCLKConfig
                0x08008624                RCC_GetSYSCLKSource
                0x08008644                RCC_HCLKConfig
                0x08008684                RCC_PCLK1Config
                0x080086c4                RCC_PCLK2Config
                0x08008708                RCC_GetClocksFreq
                0x080088d8                RCC_RTCCLKConfig
                0x08008950                RCC_RTCCLKCmd
                0x08008970                RCC_BackupResetCmd
                0x08008990                RCC_I2SCLKConfig
                0x080089b0                RCC_AHB1PeriphClockCmd
                0x08008a08                RCC_AHB2PeriphClockCmd
                0x08008a60                RCC_AHB3PeriphClockCmd
                0x08008ab8                RCC_APB1PeriphClockCmd
                0x08008b10                RCC_APB2PeriphClockCmd
                0x08008b68                RCC_AHB1PeriphResetCmd
                0x08008bc0                RCC_AHB2PeriphResetCmd
                0x08008c18                RCC_AHB3PeriphResetCmd
                0x08008c70                RCC_APB1PeriphResetCmd
                0x08008cc8                RCC_APB2PeriphResetCmd
                0x08008d20                RCC_AHB1PeriphClockLPModeCmd
                0x08008d78                RCC_AHB2PeriphClockLPModeCmd
                0x08008dd0                RCC_AHB3PeriphClockLPModeCmd
                0x08008e28                RCC_APB1PeriphClockLPModeCmd
                0x08008e80                RCC_APB2PeriphClockLPModeCmd
                0x08008ed8                RCC_ITConfig
                0x08008f38                RCC_GetFlagStatus
                0x08008fc8                RCC_ClearFlag
                0x08008fec                RCC_GetITStatus
                0x0800902c                RCC_ClearITPendingBit
 .text          0x0800904c      0x908 ./STM32F4xx_StdPeriph_Driver/src/stm32f4xx_spi.o
                0x0800904c                SPI_I2S_DeInit
                0x080090d4                SPI_Init
                0x0800915c                I2S_Init
                0x08009390                SPI_StructInit
                0x080093ec                I2S_StructInit
                0x08009430                SPI_Cmd
                0x08009470                I2S_Cmd
                0x080094b0                SPI_DataSizeConfig
                0x080094e8                SPI_BiDirectionalLineConfig
                0x08009528                SPI_NSSInternalSoftwareConfig
                0x0800956c                SPI_SSOutputCmd
                0x080095ac                SPI_TIModeCmd
                0x080095ec                I2S_FullDuplexConfig
                0x08009690                SPI_I2S_ReceiveData
                0x080096ac                SPI_I2S_SendData
                0x080096c8                SPI_CalculateCRC
                0x08009708                SPI_TransmitCRC
                0x0800972c                SPI_GetCRC
                0x08009760                SPI_GetCRCPolynomial
                0x0800977c                SPI_I2S_DMACmd
                0x080097c4                SPI_I2S_ITConfig
                0x08009830                SPI_I2S_GetFlagStatus
                0x08009870                SPI_I2S_ClearFlag
                0x08009894                SPI_I2S_GetITStatus
                0x0800991c                SPI_I2S_ClearITPendingBit
 .text          0x08009954      0x170 ./STM32F4xx_StdPeriph_Driver/src/stm32f4xx_syscfg.o
                0x08009954                SYSCFG_DeInit
                0x08009974                SYSCFG_MemoryRemapConfig
                0x08009994                SYSCFG_EXTILineConfig
                0x08009a48                SYSCFG_ETH_MediaInterfaceConfig
                0x08009a68                SYSCFG_CompensationCellCmd
                0x08009a88                SYSCFG_GetCompensationCellStatus
 .text          0x08009ac4      0x244 ./STM32F4-Discovery/stm32f4_discovery.o
                0x08009ac4                STM_EVAL_LEDInit
                0x08009b30                STM_EVAL_LEDOn
                0x08009b64                STM_EVAL_LEDOff
                0x08009b98                STM_EVAL_LEDToggle
                0x08009be0                STM_EVAL_PBInit
                0x08009ccc                STM_EVAL_PBGetState
 .text          0x08009d08     0x17a4 ./STM32F4-Discovery/stm32f4_discovery_audio_codec.o
                0x08009d58                EVAL_AUDIO_SetAudioInterface
                0x08009ec8                EVAL_AUDIO_Init
                0x08009f30                EVAL_AUDIO_DeInit
                0x08009f44                EVAL_AUDIO_Play
                0x08009fc0                EVAL_AUDIO_PauseResume
                0x08009ff4                EVAL_AUDIO_Stop
                0x0800a034                EVAL_AUDIO_VolumeCtl
                0x0800a080                EVAL_AUDIO_Mute
                0x0800a21c                DMA1_Stream7_IRQHandler
                0x0800a228                DMA1_Stream0_IRQHandler
                0x0800a234                SPI3_IRQHandler
                0x0800b00c                Codec_TIMEOUT_UserCallback
                0x0800b264                Audio_MAL_Play
                0x0800b434                DAC_Config
 .text          0x0800b4ac      0x6a4 ./STM32F4-Discovery/stm32f4_discovery_lis302dl.o
                0x0800b4ac                LIS302DL_Init
                0x0800b500                LIS302DL_FilterConfig
                0x0800b560                LIS302DL_InterruptConfig
                0x0800b5b0                LIS302DL_LowpowerCmd
                0x0800b5fc                LIS302DL_DataRateCmd
                0x0800b648                LIS302DL_FullScaleCmd
                0x0800b694                LIS302DL_RebootCmd
                0x0800b6d0                LIS302DL_Write
                0x0800b740                LIS302DL_Read
                0x0800b7c0                LIS302DL_ReadACC
                0x0800bb48                LIS302DL_TIMEOUT_UserCallback
 .text          0x0800bb50      0x29c ./Menue/CMenue.o
                0x0800bb50                CMenue::CMenue(CGraphicLCD*)
                0x0800bb50                CMenue::CMenue(CGraphicLCD*)
                0x0800bb80                CMenue::~CMenue()
                0x0800bb80                CMenue::~CMenue()
                0x0800bbb8                CMenue::~CMenue()
                0x0800bbd8                CMenue::HardwareInit()
                0x0800bbf0                CMenue::Run()
 .text          0x0800bdec      0x970 ./HelixMP3/real/bitstream.o
                0x0800bdec                xmp3_SetBitstreamPointer
                0x0800bf30                xmp3_GetBits
                0x0800bfcc                xmp3_CalcBitsUsed
                0x0800c008                xmp3_CheckPadBit
                0x0800c044                xmp3_UnpackFrameHeader
                0x0800c3b0                xmp3_UnpackSideInfo
 .text          0x0800c75c      0x16c ./HelixMP3/real/buffers.o
                0x0800c75c                ClearBuffer
                0x0800c798                xmp3_AllocateBuffers
                0x0800c8b4                xmp3_FreeBuffers
 .text          0x0800c8c8     0x10dc ./HelixMP3/real/dct32.o
                0x0800c8ec                xmp3_FDCT32
 .text          0x0800d9a4      0x430 ./HelixMP3/real/dequant.o
                0x0800d9c4                xmp3_Dequantize
 .text          0x0800ddd4      0x6e4 ./HelixMP3/real/dqchan.o
                0x0800e0dc                xmp3_DequantChannel
 .text          0x0800e4b8      0xc88 ./HelixMP3/real/huffman.o
                0x0800ee0c                xmp3_DecodeHuffman
 .text          0x0800f140     0x1ff8 ./HelixMP3/real/imdct.o
                0x08010df8                xmp3_IMDCT
 .text          0x08011138     0x1950 ./HelixMP3/real/polyphase.o
                0x08011208                xmp3_PolyphaseMono
                0x08011af8                xmp3_PolyphaseStereo
 .text          0x08012a88      0xafc ./HelixMP3/real/scalfact.o
                0x0801338c                xmp3_UnpackScaleFactors
 .text          0x08013584      0xb70 ./HelixMP3/real/stproc.o
                0x080135d8                xmp3_MidSideProc
                0x08013698                xmp3_IntensityProcMPEG1
                0x08013b78                xmp3_IntensityProcMPEG2
 .text          0x080140f4      0x1cc ./HelixMP3/real/subband.o
                0x080140f4                xmp3_Subband
 .text          0x080142c0      0x768 ./HelixMP3/mp3dec.o
                0x080142c0                MP3InitDecoder
                0x080142dc                MP3FreeDecoder
                0x08014300                MP3FindSyncWord
                0x0801441c                MP3GetLastFrameInfo
                0x080144f4                MP3GetNextFrameInfo
                0x080145a8                MP3Decode
 .text          0x08014a28       0xdc ./GraphicLCD/CGraphicLCD.o
                0x08014a28                CGraphicLCD::CGraphicLCD()
                0x08014a28                CGraphicLCD::CGraphicLCD()
                0x08014a50                CGraphicLCD::CGraphicLCD(bool)
                0x08014a50                CGraphicLCD::CGraphicLCD(bool)
                0x08014a7c                CGraphicLCD::~CGraphicLCD()
                0x08014a7c                CGraphicLCD::~CGraphicLCD()
                0x08014ab0                CGraphicLCD::~CGraphicLCD()
                0x08014ad0                CGraphicLCD::Inverse()
                0x08014ae8                CGraphicLCD::Inverse(bool)
 .text          0x08014b04      0xe5c ./GraphicLCD/CT6963CDriver.o
                0x08014b04                CT6963CDriver::CT6963CDriver()
                0x08014b04                CT6963CDriver::CT6963CDriver()
                0x08014b2c                CT6963CDriver::~CT6963CDriver()
                0x08014b2c                CT6963CDriver::~CT6963CDriver()
                0x08014b64                CT6963CDriver::~CT6963CDriver()
                0x08014b84                CT6963CDriver::Init()
                0x08014ce4                CT6963CDriver::SetAddressPointer(unsigned int)
                0x08014d3c                CT6963CDriver::TextGoTo(unsigned char, unsigned char)
                0x08014d70                CT6963CDriver::GraphicGoTo(unsigned char, unsigned char)
                0x08014db0                CT6963CDriver::Clear()
                0x08014e4c                CT6963CDriver::WriteDisplayData(unsigned char)
                0x08014e84                CT6963CDriver::WriteChar(char)
                0x08014ea8                CT6963CDriver::WriteString(char const*, tFont const&, unsigned int, unsigned int)
                0x08015044                CT6963CDriver::SetPixel(unsigned char, unsigned char)
                0x080150cc                CT6963CDriver::Line(unsigned int, unsigned int, unsigned int, unsigned int)
                0x0801521c                CT6963CDriver::Window(unsigned int, unsigned int, unsigned int, unsigned int)
                0x08015564                CT6963CDriver::Rectangle(unsigned int, unsigned int, unsigned int, unsigned int, bool)
                0x080156a8                CT6963CDriver::SectorClear(unsigned int, unsigned int, unsigned int, unsigned int)
                0x08015708                CT6963CDriver::Circle(unsigned char, unsigned char, unsigned char)
                0x0801588c                CT6963CDriver::Bitmap(unsigned char*, unsigned char, unsigned char, unsigned char, unsigned char)
 .text          0x08015960      0x490 ./GraphicLCD/CT6963GPIOInterface.o
                0x08015960                CT6963_GPIO_Interface::CT6963_GPIO_Interface()
                0x08015960                CT6963_GPIO_Interface::CT6963_GPIO_Interface()
                0x08015988                CT6963_GPIO_Interface::~CT6963_GPIO_Interface()
                0x08015988                CT6963_GPIO_Interface::~CT6963_GPIO_Interface()
                0x080159c0                CT6963_GPIO_Interface::~CT6963_GPIO_Interface()
                0x080159e0                CheckStatus()
                0x08015a9c                CT6963_GPIO_Interface::HardwareInit()
                0x08015b5c                CT6963_GPIO_Interface::Reset()
                0x08015b94                CT6963_GPIO_Interface::WriteCommand(unsigned char)
                0x08015c40                CT6963_GPIO_Interface::WriteData(unsigned char)
                0x08015d0c                CT6963_GPIO_Interface::ReadData()
 .text          0x08015df0      0x250 ./FreeRTOS_EC/Source/AManagedTask.o
                0x08015df0                AManagedTask::AManagedTask()
                0x08015df0                AManagedTask::AManagedTask()
                0x08015e28                AManagedTask::~AManagedTask()
                0x08015e28                AManagedTask::~AManagedTask()
                0x08015e68                AManagedTask::~AManagedTask()
                0x08015e88                AManagedTask::Create(char const*, unsigned short, unsigned long)
                0x08015eec                AManagedTask::taskControlFunc(void*)
                0x08015f0c                AManagedTask::AddToManagedTask(AManagedTask*)
                0x08015f5c                AManagedTask::RemoveFromManagedTask(AManagedTask*)
                0x08015fe4                AManagedTask::InitHardwareForManagedTasks()
 .text          0x08016040       0x40 ./FreeRTOS_EC/Source/CFreeRTOS.o
                0x08016040                CFreeRTOS::CFreeRTOS()
                0x08016040                CFreeRTOS::CFreeRTOS()
                0x08016058                CFreeRTOS::~CFreeRTOS()
                0x08016058                CFreeRTOS::~CFreeRTOS()
                0x08016070                CFreeRTOS::InitHardwareForManagedTasks()
 .text          0x08016080      0x1c0 ./FreeRTOS_EC/Source/CTask.o
                0x08016080                CTask::CTask()
                0x08016080                CTask::CTask()
                0x080160b0                CTask::CTask(void*)
                0x080160b0                CTask::CTask(void*)
                0x080160e0                CTask::~CTask()
                0x080160e0                CTask::~CTask()
                0x08016124                CTask::~CTask()
                0x08016144                CTask::Attach(void*)
                0x08016198                CTask::Create(void (*)(void*), char const*, unsigned short, void*, unsigned long)
                0x080161f4                CTask::CreateRestricted(xTASK_PARAMTERS*)
                0x08016214                CTask::Delete()
 .text          0x08016240      0x248 ./FreeRTOS/Source/portable/GCC/ARM_CM4F/port.o
                0x08016240                pxPortInitialiseStack
                0x080162a8                SVC_Handler
                0x080162c8                vPortStartFirstTask
                0x080162d8                xPortStartScheduler
                0x0801632c                vPortEndScheduler
                0x08016338                vPortYieldFromISR
                0x08016350                vPortEnterCritical
                0x0801637c                vPortExitCritical
                0x080163b4                PendSV_Handler
                0x0801640c                SysTick_Handler
 .text          0x08016488      0x17c ./FreeRTOS/Source/list.o
                0x08016488                vListInitialise
                0x080164c8                vListInitialiseItem
                0x080164e4                vListInsertEnd
                0x08016538                vListInsert
                0x080165b0                vListRemove
 .text          0x08016604      0x7fc ./FreeRTOS/Source/queue.o
                0x08016604                xQueueCreate
                0x080166d4                xQueueCreateMutex
                0x0801676c                xQueueGenericSend
                0x08016890                xQueueGenericSendFromISR
                0x08016920                xQueueGenericReceive
                0x08016aa8                xQueueReceiveFromISR
                0x08016b3c                uxQueueMessagesWaiting
                0x08016b60                uxQueueMessagesWaitingFromISR
                0x08016b7c                vQueueDelete
                0x08016d80                xQueueIsQueueEmptyFromISR
                0x08016dd4                xQueueIsQueueFullFromISR
 .text          0x08016e00     0x17c0 ./FreeRTOS/Source/tasks.o
                0x08016e00                xTaskGenericCreate
                0x08016fac                vTaskDelete
                0x0801706c                vTaskDelayUntil
                0x08017120                vTaskDelay
                0x0801717c                uxTaskPriorityGet
                0x080171b4                vTaskPrioritySet
                0x080172e0                vTaskSuspend
                0x080173a0                xTaskIsTaskSuspended
                0x080173f0                vTaskResume
                0x0801749c                xTaskResumeFromISR
                0x0801755c                vTaskStartScheduler
                0x080175d8                vTaskEndScheduler
                0x080175f8                vTaskSuspendAll
                0x0801761c                xTaskResumeAll
                0x08017770                xTaskGetTickCount
                0x08017798                xTaskGetTickCountFromISR
                0x080177d0                uxTaskGetNumberOfTasks
                0x080177e8                vTaskGetRunTimeStats
                0x08017948                xTaskGetIdleTaskHandle
                0x08017960                vTaskIncrementTick
                0x08017b18                vTaskSetApplicationTaskTag
                0x08017b50                xTaskGetApplicationTaskTag
                0x08017b8c                xTaskCallApplicationTaskHook
                0x08017bd8                vTaskSwitchContext
                0x08017d18                vTaskPlaceOnEventList
                0x08017d90                xTaskRemoveFromEventList
                0x08017e54                vTaskSetTimeOutState
                0x08017e84                xTaskCheckForTimeOut
                0x08017f28                vTaskMissedYield
                0x080183dc                uxTaskGetStackHighWaterMark
                0x08018438                xTaskGetCurrentTaskHandle
                0x08018458                vTaskPriorityInherit
                0x08018530                vTaskPriorityDisinherit
 .text          0x080185c0      0x10c ./Audio_MP3/USB_MSC/CUSBMassStorage.o
                0x080185c0                CUSB_MassStorage::CUSB_MassStorage()
                0x080185c0                CUSB_MassStorage::CUSB_MassStorage()
                0x080185e8                CUSB_MassStorage::~CUSB_MassStorage()
                0x080185e8                CUSB_MassStorage::~CUSB_MassStorage()
                0x08018620                CUSB_MassStorage::~CUSB_MassStorage()
                0x08018640                CUSB_MassStorage::HardwareInit()
                0x08018680                CUSB_MassStorage::Run()
                0x080186a0                CUSB_MassStorage::IsDeviceConnected()
 .text          0x080186cc      0x254 ./Audio_MP3/USB_MSC/usb_bsp.o
                0x080186cc                BSP_Init
                0x080186e0                USB_OTG_BSP_Init
                0x080187c0                USB_OTG_BSP_EnableInterrupt
                0x080187fc                USB_OTG_BSP_DriveVBUS
                0x08018838                USB_OTG_BSP_ConfigVBUS
                0x0801889c                USB_OTG_BSP_uDelay
                0x080188f4                USB_OTG_BSP_mDelay
                0x08018914                USB_OTG_BSP_TimerIRQ
 .text          0x08018920      0x254 ./Audio_MP3/USB_MSC/usbh_usr.o
                0x08018920                USBH_USR_Init
                0x080189e4                USBH_USR_DeviceAttached
                0x080189f0                USBH_USR_UnrecoveredError
                0x080189fc                USBH_USR_DeviceDisconnected
                0x08018a20                USBH_USR_ResetDevice
                0x08018a2c                USBH_USR_DeviceSpeedDetected
                0x08018a40                USBH_USR_Device_DescAvailable
                0x08018a54                USBH_USR_DeviceAddressAssigned
                0x08018a60                USBH_USR_Configuration_DescAvailable
                0x08018a78                USBH_USR_Manufacturer_String
                0x08018a8c                USBH_USR_Product_String
                0x08018aa0                USBH_USR_SerialNum_String
                0x08018ab4                USBH_USR_EnumerationDone
                0x08018af8                USBH_USR_DeviceNotSupported
                0x08018b04                USBH_USR_UserInput
                0x08018b14                USBH_USR_OverCurrentDetected
                0x08018b20                USBH_USR_MSC_Application
                0x08018b68                USBH_USR_DeInit
 .text          0x08018b74     0x44a0 ./Audio_MP3/FatFs/src/ff.o
                0x0801a5d0                f_mount
                0x0801a634                f_open
                0x0801a998                f_read
                0x0801acac                f_write
                0x0801b020                f_sync
                0x0801b1e0                f_close
                0x0801b20c                f_chdrive
                0x0801b240                f_chdir
                0x0801b31c                f_lseek
                0x0801b628                f_opendir
                0x0801b704                f_readdir
                0x0801b7a0                f_stat
                0x0801b818                f_getfree
                0x0801b9e4                f_truncate
                0x0801bb0c                f_unlink
                0x0801bcc4                f_mkdir
                0x0801c058                f_chmod
                0x0801c134                f_utime
                0x0801c220                f_rename
                0x0801c488                f_mkfs
 .text          0x0801d014      0xd84 ./Audio_MP3/CFileHandler.o
                0x0801d014                CFileHandler::CFileHandler()
                0x0801d014                CFileHandler::CFileHandler()
                0x0801d0ac                CFileHandler::~CFileHandler()
                0x0801d0ac                CFileHandler::~CFileHandler()
                0x0801d0e4                CFileHandler::~CFileHandler()
                0x0801d104                CFileHandler::HardwareInit()
                0x0801d1fc                CFileHandler::Run()
                0x0801d25c                CFileHandler::RefillBuffer()
                0x0801d330                CFileHandler::ReadConfig()
                0x0801d344                CFileHandler::WriteConfig()
                0x0801d358                CFileHandler::MP3Player()
                0x0801d664                CFileHandler::GetUSBRelease(unsigned long)
                0x0801d6b0                CFileHandler::ReleaseUSB()
                0x0801d6dc                CFileHandler::PlayMP3(char const*)
                0x0801db04                CFileHandler::GetSong()
                0x0801db24                CFileHandler::PlayPause()
                0x0801db64                CFileHandler::SetVolume(unsigned char)
                0x0801db88                CFileHandler::Mems_Config()
                0x0801dca4                CFileHandler::EXTILine_Config()
                0x0801dd48                EVAL_AUDIO_TransferComplete_CallBack
                0x0801dd88                EVAL_AUDIO_GetSampleCallBack
 .text          0x0801dd98       0x10 ./Audio_MP3/fattime.o
                0x0801dd98                get_fattime
 .text          0x0801dda8      0x1b0 ./CLedHeartBeatSTM32F4Disc.o
                0x0801dda8                CLedHeartBeatSTM32F4Disc::CLedHeartBeatSTM32F4Disc(unsigned long)
                0x0801dda8                CLedHeartBeatSTM32F4Disc::CLedHeartBeatSTM32F4Disc(unsigned long)
                0x0801dde0                CLedHeartBeatSTM32F4Disc::~CLedHeartBeatSTM32F4Disc()
                0x0801dde0                CLedHeartBeatSTM32F4Disc::~CLedHeartBeatSTM32F4Disc()
                0x0801de18                CLedHeartBeatSTM32F4Disc::~CLedHeartBeatSTM32F4Disc()
                0x0801de38                CLedHeartBeatSTM32F4Disc::HardwareInit()
                0x0801de70                CLedHeartBeatSTM32F4Disc::Run()
 .text          0x0801df58      0x1b0 ./main.o
                0x0801df58                main
                0x0801dfc4                vApplicationTickHook
                0x0801dfd0                vApplicationIdleHook
                0x0801dfdc                vApplicationMallocFailedHook
                0x0801dfe8                vApplicationStackOverflowHook
 .text          0x0801e108       0xfc ./stm32f4xx_it.o
                0x0801e108                NMI_Handler
                0x0801e114                HardFault_Handler
                0x0801e11c                MemManage_Handler
                0x0801e124                BusFault_Handler
                0x0801e12c                UsageFault_Handler
                0x0801e134                DebugMon_Handler
                0x0801e140                EXTI1_IRQHandler
                0x0801e194                EXTI0_IRQHandler
                0x0801e1f0                OTG_FS_IRQHandler
 .text          0x0801e204      0x1f0 ./syscalls.o
                0x0801e204                _exit
                0x0801e210                _read_r
                0x0801e230                _write_r
                0x0801e250                _lseek_r
                0x0801e278                _close_r
                0x0801e29c                _fstat_r
                0x0801e2dc                _isatty_r
                0x0801e2f8                _sbrk_r
                0x0801e388                _kill_r
                0x0801e3ac                _getpid_r
                0x0801e3cc                __malloc_lock
                0x0801e3e0                __malloc_unlock
 .text          0x0801e3f4      0x3e8 ./system_stm32f4xx.o
                0x0801e3f4                SystemInit
                0x0801e488                SystemCoreClockUpdate
 .text          0x0801e7dc      0x178 ./ustime.o
                0x0801e7dc                get_us_time
                0x0801e868                delay_us
                0x0801e8c4                delay_ms
                0x0801e8e4                init_us_timer
 .text          0x0801e954     0x58f8 d:/elektronik/ides/eclipse/yagarto/bin/../lib/gcc/arm-none-eabi/4.6.2/../../../../arm-none-eabi/lib/thumb/v7m\libstdc++.a(cp-demangle.o)
                0x0802411c                __cxa_demangle
                0x08024200                __gcclibcxx_demangle_callback
 .text          0x0802424c      0xa10 d:/elektronik/ides/eclipse/yagarto/bin/../lib/gcc/arm-none-eabi/4.6.2/thumb/v7m\libgcc.a(unwind-arm.o)
                0x08024508                _Unwind_VRS_Get
                0x08024554                _Unwind_VRS_Set
                0x08024868                __aeabi_unwind_cpp_pr2
                0x0802486c                __aeabi_unwind_cpp_pr1
                0x08024870                __aeabi_unwind_cpp_pr0
                0x08024874                _Unwind_VRS_Pop
                0x08024b04                _Unwind_GetCFA
                0x08024b08                __gnu_Unwind_RaiseException
                0x08024b68                __gnu_Unwind_ForcedUnwind
                0x08024b7c                __gnu_Unwind_Resume
                0x08024bb8                __gnu_Unwind_Resume_or_Rethrow
                0x08024bc8                _Unwind_Complete
                0x08024bcc                _Unwind_DeleteException
                0x08024bdc                __gnu_Unwind_Backtrace
 .text          0x08024c5c      0x1ac d:/elektronik/ides/eclipse/yagarto/bin/../lib/gcc/arm-none-eabi/4.6.2/thumb/v7m\libgcc.a(libunwind.o)
                0x08024c5c                __restore_core_regs
                0x08024c5c                restore_core_regs
                0x08024c74                __gnu_Unwind_Restore_VFP
                0x08024c7c                __gnu_Unwind_Save_VFP
                0x08024c84                __gnu_Unwind_Restore_VFP_D
                0x08024c8c                __gnu_Unwind_Save_VFP_D
                0x08024c94                __gnu_Unwind_Restore_VFP_D_16_to_31
                0x08024c9c                __gnu_Unwind_Save_VFP_D_16_to_31
                0x08024ca4                __gnu_Unwind_Restore_WMMXD
                0x08024ce8                __gnu_Unwind_Save_WMMXD
                0x08024d2c                __gnu_Unwind_Restore_WMMXC
                0x08024d40                __gnu_Unwind_Save_WMMXC
                0x08024d54                ___Unwind_RaiseException
                0x08024d54                _Unwind_RaiseException
                0x08024d78                _Unwind_Resume
                0x08024d78                ___Unwind_Resume
                0x08024d9c                _Unwind_Resume_or_Rethrow
                0x08024d9c                ___Unwind_Resume_or_Rethrow
                0x08024dc0                _Unwind_ForcedUnwind
                0x08024dc0                ___Unwind_ForcedUnwind
                0x08024de4                ___Unwind_Backtrace
                0x08024de4                _Unwind_Backtrace
 .text          0x08024e08      0x3d4 d:/elektronik/ides/eclipse/yagarto/bin/../lib/gcc/arm-none-eabi/4.6.2/thumb/v7m\libgcc.a(pr-support.o)
                0x08024e5c                __gnu_unwind_execute
                0x08025180                __gnu_unwind_frame
                0x080251ac                _Unwind_GetRegionStart
                0x080251b8                _Unwind_GetLanguageSpecificData
                0x080251cc                _Unwind_GetDataRelBase
                0x080251d4                _Unwind_GetTextRelBase
 .text          0x080251dc       0x10 d:/elektronik/ides/eclipse/yagarto/bin/../lib/gcc/arm-none-eabi/4.6.2/../../../../arm-none-eabi/lib/thumb/v7m\libg.a(lib_a-abort.o)
                0x080251dc                abort
 .text          0x080251ec       0x48 d:/elektronik/ides/eclipse/yagarto/bin/../lib/gcc/arm-none-eabi/4.6.2/../../../../arm-none-eabi/lib/thumb/v7m\libg.a(lib_a-assert.o)
                0x080251ec                __assert_func
                0x08025228                __assert
 .text          0x08025234       0x14 d:/elektronik/ides/eclipse/yagarto/bin/../lib/gcc/arm-none-eabi/4.6.2/../../../../arm-none-eabi/lib/thumb/v7m\libg.a(lib_a-cxa_atexit.o)
                0x08025234                __cxa_atexit
 .text          0x08025248       0x4c d:/elektronik/ides/eclipse/yagarto/bin/../lib/gcc/arm-none-eabi/4.6.2/../../../../arm-none-eabi/lib/thumb/v7m\libg.a(lib_a-fiprintf.o)
                0x08025248                _fiprintf_r
                0x08025268                fiprintf
 .text          0x08025294       0x4c d:/elektronik/ides/eclipse/yagarto/bin/../lib/gcc/arm-none-eabi/4.6.2/../../../../arm-none-eabi/lib/thumb/v7m\libg.a(lib_a-fputc.o)
                0x08025294                _fputc_r
                0x080252b8                fputc
 .text          0x080252e0       0x60 d:/elektronik/ides/eclipse/yagarto/bin/../lib/gcc/arm-none-eabi/4.6.2/../../../../arm-none-eabi/lib/thumb/v7m\libg.a(lib_a-fputs.o)
                0x080252e0                _fputs_r
                0x08025330                fputs
 .text          0x08025340      0x334 d:/elektronik/ides/eclipse/yagarto/bin/../lib/gcc/arm-none-eabi/4.6.2/../../../../arm-none-eabi/lib/thumb/v7m\libg.a(lib_a-fvwrite.o)
                0x08025340                __sfvwrite_r
 .text          0x08025674       0x94 d:/elektronik/ides/eclipse/yagarto/bin/../lib/gcc/arm-none-eabi/4.6.2/../../../../arm-none-eabi/lib/thumb/v7m\libg.a(lib_a-fwrite.o)
                0x08025674                _fwrite_r
                0x080256e0                fwrite
 .text          0x08025708       0x48 d:/elektronik/ides/eclipse/yagarto/bin/../lib/gcc/arm-none-eabi/4.6.2/../../../../arm-none-eabi/lib/thumb/v7m\libg.a(lib_a-init.o)
                0x08025708                __libc_init_array
 .text          0x08025750       0x20 d:/elektronik/ides/eclipse/yagarto/bin/../lib/gcc/arm-none-eabi/4.6.2/../../../../arm-none-eabi/lib/thumb/v7m\libg.a(lib_a-malloc.o)
                0x08025750                malloc
                0x08025760                free
 .text          0x08025770      0x564 d:/elektronik/ides/eclipse/yagarto/bin/../lib/gcc/arm-none-eabi/4.6.2/../../../../arm-none-eabi/lib/thumb/v7m\libg.a(lib_a-mallocr.o)
                0x08025770                _malloc_r
 .text          0x08025cd4       0x88 d:/elektronik/ides/eclipse/yagarto/bin/../lib/gcc/arm-none-eabi/4.6.2/../../../../arm-none-eabi/lib/thumb/v7m\libg.a(lib_a-memchr.o)
                0x08025cd4                memchr
 .text          0x08025d5c       0x60 d:/elektronik/ides/eclipse/yagarto/bin/../lib/gcc/arm-none-eabi/4.6.2/../../../../arm-none-eabi/lib/thumb/v7m\libg.a(lib_a-memcmp.o)
                0x08025d5c                memcmp
 .text          0x08025dbc       0x84 d:/elektronik/ides/eclipse/yagarto/bin/../lib/gcc/arm-none-eabi/4.6.2/../../../../arm-none-eabi/lib/thumb/v7m\libg.a(lib_a-memcpy.o)
                0x08025dbc                memcpy
 .text          0x08025e40       0xc8 d:/elektronik/ides/eclipse/yagarto/bin/../lib/gcc/arm-none-eabi/4.6.2/../../../../arm-none-eabi/lib/thumb/v7m\libg.a(lib_a-memmove.o)
                0x08025e40                memmove
 .text          0x08025f08       0x94 d:/elektronik/ides/eclipse/yagarto/bin/../lib/gcc/arm-none-eabi/4.6.2/../../../../arm-none-eabi/lib/thumb/v7m\libg.a(lib_a-memset.o)
                0x08025f08                memset
 .text          0x08025f9c       0xc8 d:/elektronik/ides/eclipse/yagarto/bin/../lib/gcc/arm-none-eabi/4.6.2/../../../../arm-none-eabi/lib/thumb/v7m\libg.a(lib_a-putc.o)
                0x08025f9c                _putc_r
                0x08025ffc                putc
 .text          0x08026064       0x14 d:/elektronik/ides/eclipse/yagarto/bin/../lib/gcc/arm-none-eabi/4.6.2/../../../../arm-none-eabi/lib/thumb/v7m\libg.a(lib_a-realloc.o)
                0x08026064                realloc
 .text          0x08026078      0x410 d:/elektronik/ides/eclipse/yagarto/bin/../lib/gcc/arm-none-eabi/4.6.2/../../../../arm-none-eabi/lib/thumb/v7m\libg.a(lib_a-reallocr.o)
                0x08026078                _realloc_r
 .text          0x08026488      0x158 d:/elektronik/ides/eclipse/yagarto/bin/../lib/gcc/arm-none-eabi/4.6.2/../../../../arm-none-eabi/lib/thumb/v7m\libg.a(lib_a-signal.o)
                0x08026488                _init_signal_r
                0x080264bc                _signal_r
                0x080264fc                _raise_r
                0x08026554                __sigtramp_r
                0x080265a4                raise
                0x080265b4                signal
                0x080265c4                _init_signal
                0x080265d0                __sigtramp
 .text          0x080265e0       0x94 d:/elektronik/ides/eclipse/yagarto/bin/../lib/gcc/arm-none-eabi/4.6.2/../../../../arm-none-eabi/lib/thumb/v7m\libg.a(lib_a-sprintf.o)
                0x080265e0                _sprintf_r
                0x08026624                sprintf
 .text          0x08026674       0x50 d:/elektronik/ides/eclipse/yagarto/bin/../lib/gcc/arm-none-eabi/4.6.2/../../../../arm-none-eabi/lib/thumb/v7m\libg.a(lib_a-strcat.o)
                0x08026674                strcat
 .text          0x080266c4      0x1dc d:/elektronik/ides/eclipse/yagarto/bin/../lib/gcc/arm-none-eabi/4.6.2/../../../../arm-none-eabi/lib/thumb/v7m\libg.a(lib_a-strcmp.o)
                0x080266c4                strcmp
 .text          0x080268a0       0xbc d:/elektronik/ides/eclipse/yagarto/bin/../lib/gcc/arm-none-eabi/4.6.2/../../../../arm-none-eabi/lib/thumb/v7m\libg.a(lib_a-strcpy.o)
                0x080268a0                strcpy
 .text          0x0802695c       0x60 d:/elektronik/ides/eclipse/yagarto/bin/../lib/gcc/arm-none-eabi/4.6.2/../../../../arm-none-eabi/lib/thumb/v7m\libg.a(lib_a-strlen.o)
                0x0802695c                strlen
 .text          0x080269bc       0xa8 d:/elektronik/ides/eclipse/yagarto/bin/../lib/gcc/arm-none-eabi/4.6.2/../../../../arm-none-eabi/lib/thumb/v7m\libg.a(lib_a-strncmp.o)
                0x080269bc                strncmp
 .text          0x08026a64       0x70 d:/elektronik/ides/eclipse/yagarto/bin/../lib/gcc/arm-none-eabi/4.6.2/../../../../arm-none-eabi/lib/thumb/v7m\libg.a(lib_a-strncpy.o)
                0x08026a64                strncpy
 .text          0x08026ad4     0x1314 d:/elektronik/ides/eclipse/yagarto/bin/../lib/gcc/arm-none-eabi/4.6.2/../../../../arm-none-eabi/lib/thumb/v7m\libg.a(lib_a-svfprintf.o)
                0x08026ad4                _svfprintf_r
 .text          0x08027de8       0x1c d:/elektronik/ides/eclipse/yagarto/bin/../lib/gcc/arm-none-eabi/4.6.2/../../../../arm-none-eabi/lib/thumb/v7m\libg.a(lib_a-syswrite.o)
                0x08027de8                write
 .text          0x08027e04       0x18 d:/elektronik/ides/eclipse/yagarto/bin/../lib/gcc/arm-none-eabi/4.6.2/../../../../arm-none-eabi/lib/thumb/v7m\libg.a(lib_a-toupper.o)
                0x08027e04                toupper
 .text          0x08027e1c      0xb54 d:/elektronik/ides/eclipse/yagarto/bin/../lib/gcc/arm-none-eabi/4.6.2/../../../../arm-none-eabi/lib/thumb/v7m\libg.a(lib_a-vfiprintf.o)
                0x08027e1c                __sprint_r
                0x08027e9c                _vfiprintf_r
                0x08028954                vfiprintf
 .text          0x08028970       0xc8 d:/elektronik/ides/eclipse/yagarto/bin/../lib/gcc/arm-none-eabi/4.6.2/../../../../arm-none-eabi/lib/thumb/v7m\libg.a(lib_a-wbuf.o)
                0x08028970                __swbuf_r
                0x08028a28                __swbuf
 .text          0x08028a38       0xb8 d:/elektronik/ides/eclipse/yagarto/bin/../lib/gcc/arm-none-eabi/4.6.2/../../../../arm-none-eabi/lib/thumb/v7m\libg.a(lib_a-wsetup.o)
                0x08028a38                __swsetup_r
 .text          0x08028af0       0xb0 d:/elektronik/ides/eclipse/yagarto/bin/../lib/gcc/arm-none-eabi/4.6.2/../../../../arm-none-eabi/lib/thumb/v7m\libg.a(lib_a-__atexit.o)
                0x08028af0                __register_exitproc
 .text          0x08028ba0     0x1040 d:/elektronik/ides/eclipse/yagarto/bin/../lib/gcc/arm-none-eabi/4.6.2/../../../../arm-none-eabi/lib/thumb/v7m\libg.a(lib_a-dtoa.o)
                0x08028ce4                _dtoa_r
 .text          0x08029be0      0x1a4 d:/elektronik/ides/eclipse/yagarto/bin/../lib/gcc/arm-none-eabi/4.6.2/../../../../arm-none-eabi/lib/thumb/v7m\libg.a(lib_a-fflush.o)
                0x08029be0                _fflush_r
                0x08029d64                fflush
 .text          0x08029d84      0x1c4 d:/elektronik/ides/eclipse/yagarto/bin/../lib/gcc/arm-none-eabi/4.6.2/../../../../arm-none-eabi/lib/thumb/v7m\libg.a(lib_a-findfp.o)
                0x08029d8c                _cleanup_r
                0x08029dec                __sfmoreglue
                0x08029e18                _cleanup
                0x08029e24                __sinit
                0x08029e6c                __sfp
                0x08029f08                __sfp_lock_acquire
                0x08029f0c                __sfp_lock_release
                0x08029f10                __sinit_lock_acquire
                0x08029f14                __sinit_lock_release
                0x08029f18                __fp_lock_all
                0x08029f30                __fp_unlock_all
 .text          0x08029f48      0x104 d:/elektronik/ides/eclipse/yagarto/bin/../lib/gcc/arm-none-eabi/4.6.2/../../../../arm-none-eabi/lib/thumb/v7m\libg.a(lib_a-fputwc.o)
                0x08029f48                _fputwc_r
                0x0802a028                fputwc
 .text          0x0802a04c      0x224 d:/elektronik/ides/eclipse/yagarto/bin/../lib/gcc/arm-none-eabi/4.6.2/../../../../arm-none-eabi/lib/thumb/v7m\libg.a(lib_a-freer.o)
                0x0802a04c                _malloc_trim_r
                0x0802a0ec                _free_r
 .text          0x0802a270       0xa0 d:/elektronik/ides/eclipse/yagarto/bin/../lib/gcc/arm-none-eabi/4.6.2/../../../../arm-none-eabi/lib/thumb/v7m\libg.a(lib_a-fwalk.o)
                0x0802a270                _fwalk
                0x0802a2bc                _fwalk_reent
 .text          0x0802a310       0x88 d:/elektronik/ides/eclipse/yagarto/bin/../lib/gcc/arm-none-eabi/4.6.2/../../../../arm-none-eabi/lib/thumb/v7m\libg.a(lib_a-locale.o)
                0x0802a310                _setlocale_r
                0x0802a354                __locale_charset
                0x0802a360                __locale_mb_cur_max
                0x0802a36c                __locale_msgcharset
                0x0802a374                __locale_cjk_lang
                0x0802a378                _localeconv_r
                0x0802a380                setlocale
                0x0802a390                localeconv
 .text          0x0802a398       0xe4 d:/elektronik/ides/eclipse/yagarto/bin/../lib/gcc/arm-none-eabi/4.6.2/../../../../arm-none-eabi/lib/thumb/v7m\libg.a(lib_a-makebuf.o)
                0x0802a398                __smakebuf_r
 .text          0x0802a47c      0x8c8 d:/elektronik/ides/eclipse/yagarto/bin/../lib/gcc/arm-none-eabi/4.6.2/../../../../arm-none-eabi/lib/thumb/v7m\libg.a(lib_a-mprec.o)
                0x0802a47c                _Balloc
                0x0802a4c8                _Bfree
                0x0802a4dc                __multadd
                0x0802a560                __s2b
                0x0802a5f4                __hi0bits
                0x0802a630                __lo0bits
                0x0802a68c                __i2b
                0x0802a6a0                __multiply
                0x0802a7d8                __pow5mult
                0x0802a870                __lshift
                0x0802a930                __mcmp
                0x0802a970                __mdiff
                0x0802aa54                __ulp
                0x0802aa98                __b2d
                0x0802ab44                __d2b
                0x0802ac0c                __ratio
                0x0802ac68                _mprec_log10
                0x0802ac9c                __copybits
                0x0802ace4                __any_on
 .text          0x0802ad44       0x90 d:/elektronik/ides/eclipse/yagarto/bin/../lib/gcc/arm-none-eabi/4.6.2/../../../../arm-none-eabi/lib/thumb/v7m\libg.a(lib_a-s_fpclassify.o)
                0x0802ad44                __fpclassifyd
 .text          0x0802add4       0x8c d:/elektronik/ides/eclipse/yagarto/bin/../lib/gcc/arm-none-eabi/4.6.2/../../../../arm-none-eabi/lib/thumb/v7m\libg.a(lib_a-stdio.o)
                0x0802add4                __sread
                0x0802adf8                __seofread
                0x0802adfc                __swrite
                0x0802ae34                __sseek
                0x0802ae58                __sclose
 .text          0x0802ae60      0xa00 d:/elektronik/ides/eclipse/yagarto/bin/../lib/gcc/arm-none-eabi/4.6.2/../../../../arm-none-eabi/lib/thumb/v7m\libg.a(lib_a-svfiprintf.o)
                0x0802ae60                __ssprint_r
                0x0802af78                _svfiprintf_r
 .text          0x0802b860       0xac d:/elektronik/ides/eclipse/yagarto/bin/../lib/gcc/arm-none-eabi/4.6.2/../../../../arm-none-eabi/lib/thumb/v7m\libg.a(lib_a-wcrtomb.o)
                0x0802b860                _wcrtomb_r
                0x0802b8ac                wcrtomb
 .text          0x0802b90c       0x4c d:/elektronik/ides/eclipse/yagarto/bin/../lib/gcc/arm-none-eabi/4.6.2/../../../../arm-none-eabi/lib/thumb/v7m\libg.a(lib_a-wctomb_r.o)
                0x0802b90c                __ascii_wctomb
                0x0802b928                _wctomb_r
 .text          0x0802b958       0x60 d:/elektronik/ides/eclipse/yagarto/bin/../lib/gcc/arm-none-eabi/4.6.2/../../../../arm-none-eabi/lib/thumb/v7m\libg.a(lib_a-callocr.o)
                0x0802b958                _calloc_r
 .text          0x0802b9b8       0x9c d:/elektronik/ides/eclipse/yagarto/bin/../lib/gcc/arm-none-eabi/4.6.2/../../../../arm-none-eabi/lib/thumb/v7m\libg.a(lib_a-fclose.o)
                0x0802b9b8                _fclose_r
                0x0802ba44                fclose
 *fill*         0x0802ba54        0x4 00
 .text          0x0802ba58      0x278 d:/elektronik/ides/eclipse/yagarto/bin/../lib/gcc/arm-none-eabi/4.6.2/thumb/v7m\libgcc.a(_udivsi3.o)
                0x0802ba58                __aeabi_uidiv
                0x0802ba58                __udivsi3
                0x0802bcb4                __aeabi_uidivmod
 .text          0x0802bcd0        0x4 d:/elektronik/ides/eclipse/yagarto/bin/../lib/gcc/arm-none-eabi/4.6.2/thumb/v7m\libgcc.a(_dvmd_tls.o)
                0x0802bcd0                __aeabi_idiv0
                0x0802bcd0                __aeabi_ldiv0
 .text          0x0802bcd4      0x370 d:/elektronik/ides/eclipse/yagarto/bin/../lib/gcc/arm-none-eabi/4.6.2/thumb/v7m\libgcc.a(_arm_addsubdf3.o)
                0x0802bcd4                __aeabi_drsub
                0x0802bcdc                __aeabi_dsub
                0x0802bcdc                __subdf3
                0x0802bce0                __aeabi_dadd
                0x0802bce0                __adddf3
                0x0802bf58                __floatunsidf
                0x0802bf58                __aeabi_ui2d
                0x0802bf78                __floatsidf
                0x0802bf78                __aeabi_i2d
                0x0802bf9c                __aeabi_f2d
                0x0802bf9c                __extendsfdf2
                0x0802bfd8                __floatundidf
                0x0802bfd8                __aeabi_ul2d
                0x0802bfe8                __floatdidf
                0x0802bfe8                __aeabi_l2d
 .text          0x0802c044      0x424 d:/elektronik/ides/eclipse/yagarto/bin/../lib/gcc/arm-none-eabi/4.6.2/thumb/v7m\libgcc.a(_arm_muldivdf3.o)
                0x0802c044                __aeabi_dmul
                0x0802c044                __muldf3
                0x0802c298                __divdf3
                0x0802c298                __aeabi_ddiv
 .text          0x0802c468      0x110 d:/elektronik/ides/eclipse/yagarto/bin/../lib/gcc/arm-none-eabi/4.6.2/thumb/v7m\libgcc.a(_arm_cmpdf2.o)
                0x0802c468                __gtdf2
                0x0802c468                __gedf2
                0x0802c470                __ltdf2
                0x0802c470                __ledf2
                0x0802c478                __nedf2
                0x0802c478                __eqdf2
                0x0802c478                __cmpdf2
                0x0802c4f4                __aeabi_cdrcmple
                0x0802c504                __aeabi_cdcmpeq
                0x0802c504                __aeabi_cdcmple
                0x0802c514                __aeabi_dcmpeq
                0x0802c528                __aeabi_dcmplt
                0x0802c53c                __aeabi_dcmple
                0x0802c550                __aeabi_dcmpge
                0x0802c564                __aeabi_dcmpgt
 .text          0x0802c578       0x50 d:/elektronik/ides/eclipse/yagarto/bin/../lib/gcc/arm-none-eabi/4.6.2/thumb/v7m\libgcc.a(_arm_fixdfsi.o)
                0x0802c578                __aeabi_d2iz
                0x0802c578                __fixdfsi
 *(.text*)
 .text._ZNK5CTask7IsValidEv
                0x0802c5c8       0x24 ./Menue/CMenue.o
                0x0802c5c8                CTask::IsValid() const
 .text._ZN5CTask6DetachEv
                0x0802c5ec       0x24 ./Menue/CMenue.o
                0x0802c5ec                CTask::Detach()
 .text._ZN12AManagedTask8OnCreateEPKctm
                0x0802c610       0x20 ./Menue/CMenue.o
                0x0802c610                AManagedTask::OnCreate(char const*, unsigned short, unsigned long)
 .text._ZN5CTask13EnterCriticalEv
                0x0802c630        0xc ./FreeRTOS_EC/Source/AManagedTask.o
                0x0802c630                CTask::EnterCritical()
 .text._ZN5CTask12ExitCriticalEv
                0x0802c63c        0xc ./FreeRTOS_EC/Source/AManagedTask.o
                0x0802c63c                CTask::ExitCritical()
 .text._ZN12AManagedTask12HardwareInitEv
                0x0802c648       0x18 ./FreeRTOS_EC/Source/AManagedTask.o
                0x0802c648                AManagedTask::HardwareInit()
 .text._ZN9CFreeRTOS15SuspendAllTasksEv
                0x0802c660        0xc ./FreeRTOS_EC/Source/AManagedTask.o
                0x0802c660                CFreeRTOS::SuspendAllTasks()
 .text._ZN9CFreeRTOS14ResumeAllTasksEv
                0x0802c66c       0x10 ./FreeRTOS_EC/Source/AManagedTask.o
                0x0802c66c                CFreeRTOS::ResumeAllTasks()
 .text._ZN12IFreeRTOSObjC2Ev
                0x0802c67c       0x20 ./FreeRTOS_EC/Source/ASyncObject.o
                0x0802c67c                IFreeRTOSObj::IFreeRTOSObj()
                0x0802c67c                IFreeRTOSObj::IFreeRTOSObj()
 .text._ZN12CFileHandler15GetUSBConnectedEv
                0x0802c69c       0x20 ./Audio_MP3/CFileHandler.o
                0x0802c69c                CFileHandler::GetUSBConnected()
 .text._ZN9CFreeRTOS14StartSchedulerEv
                0x0802c6bc        0xc ./main.o
                0x0802c6bc                CFreeRTOS::StartScheduler()
 .text.Reset_Handler
                0x0802c6c8       0x58 ./startup_stm32f4xx.o
                0x0802c6c8                Reset_Handler
 .text.Default_Handler
                0x0802c720        0x2 ./startup_stm32f4xx.o
                0x0802c720                RTC_Alarm_IRQHandler
                0x0802c720                HASH_RNG_IRQHandler
                0x0802c720                EXTI2_IRQHandler
                0x0802c720                TIM8_CC_IRQHandler
                0x0802c720                TIM1_CC_IRQHandler
                0x0802c720                DMA2_Stream5_IRQHandler
                0x0802c720                DMA1_Stream5_IRQHandler
                0x0802c720                PVD_IRQHandler
                0x0802c720                SDIO_IRQHandler
                0x0802c720                TAMP_STAMP_IRQHandler
                0x0802c720                CAN2_RX1_IRQHandler
                0x0802c720                EXTI3_IRQHandler
                0x0802c720                TIM8_TRG_COM_TIM14_IRQHandler
                0x0802c720                TIM1_UP_TIM10_IRQHandler
                0x0802c720                TIM8_UP_TIM13_IRQHandler
                0x0802c720                I2C3_ER_IRQHandler
                0x0802c720                I2C2_EV_IRQHandler
                0x0802c720                DMA1_Stream2_IRQHandler
                0x0802c720                CAN1_RX0_IRQHandler
                0x0802c720                FPU_IRQHandler
                0x0802c720                OTG_HS_WKUP_IRQHandler
                0x0802c720                CAN2_SCE_IRQHandler
                0x0802c720                DMA2_Stream2_IRQHandler
                0x0802c720                SPI1_IRQHandler
                0x0802c720                TIM6_DAC_IRQHandler
                0x0802c720                TIM1_BRK_TIM9_IRQHandler
                0x0802c720                DCMI_IRQHandler
                0x0802c720                CAN2_RX0_IRQHandler
                0x0802c720                DMA2_Stream3_IRQHandler
                0x0802c720                USART6_IRQHandler
                0x0802c720                USART3_IRQHandler
                0x0802c720                CRYP_IRQHandler
                0x0802c720                CAN1_RX1_IRQHandler
                0x0802c720                UART5_IRQHandler
                0x0802c720                DMA2_Stream0_IRQHandler
                0x0802c720                TIM4_IRQHandler
                0x0802c720                I2C1_EV_IRQHandler
                0x0802c720                DMA1_Stream6_IRQHandler
                0x0802c720                DMA1_Stream1_IRQHandler
                0x0802c720                UART4_IRQHandler
                0x0802c720                TIM3_IRQHandler
                0x0802c720                RCC_IRQHandler
                0x0802c720                TIM8_BRK_TIM12_IRQHandler
                0x0802c720                Default_Handler
                0x0802c720                EXTI15_10_IRQHandler
                0x0802c720                ADC_IRQHandler
                0x0802c720                TIM7_IRQHandler
                0x0802c720                CAN2_TX_IRQHandler
                0x0802c720                TIM5_IRQHandler
                0x0802c720                DMA2_Stream7_IRQHandler
                0x0802c720                I2C3_EV_IRQHandler
                0x0802c720                EXTI9_5_IRQHandler
                0x0802c720                RTC_WKUP_IRQHandler
                0x0802c720                ETH_WKUP_IRQHandler
                0x0802c720                SPI2_IRQHandler
                0x0802c720                OTG_HS_EP1_IN_IRQHandler
                0x0802c720                CAN1_TX_IRQHandler
                0x0802c720                EXTI4_IRQHandler
                0x0802c720                FSMC_IRQHandler
                0x0802c720                ETH_IRQHandler
                0x0802c720                OTG_HS_EP1_OUT_IRQHandler
                0x0802c720                WWDG_IRQHandler
                0x0802c720                TIM2_IRQHandler
                0x0802c720                OTG_FS_WKUP_IRQHandler
                0x0802c720                TIM1_TRG_COM_TIM11_IRQHandler
                0x0802c720                OTG_HS_IRQHandler
                0x0802c720                USART2_IRQHandler
                0x0802c720                I2C2_ER_IRQHandler
                0x0802c720                DMA2_Stream1_IRQHandler
                0x0802c720                CAN1_SCE_IRQHandler
                0x0802c720                FLASH_IRQHandler
                0x0802c720                DMA2_Stream4_IRQHandler
                0x0802c720                USART1_IRQHandler
                0x0802c720                DMA1_Stream4_IRQHandler
                0x0802c720                I2C1_ER_IRQHandler
                0x0802c720                DMA2_Stream6_IRQHandler
                0x0802c720                DMA1_Stream3_IRQHandler
 *fill*         0x0802c722        0x2 00
 .text.__aeabi_atexit
                0x0802c724        0xc d:/elektronik/ides/eclipse/yagarto/bin/../lib/gcc/arm-none-eabi/4.6.2/../../../../arm-none-eabi/lib/thumb/v7m\libstdc++.a(atexit_arm.o)
                0x0802c724                __aeabi_atexit
 .text._ZdlPv   0x0802c730        0x8 d:/elektronik/ides/eclipse/yagarto/bin/../lib/gcc/arm-none-eabi/4.6.2/../../../../arm-none-eabi/lib/thumb/v7m\libstdc++.a(del_op.o)
                0x0802c730                operator delete(void*)
 .text.__cxa_pure_virtual
                0x0802c738       0x18 d:/elektronik/ides/eclipse/yagarto/bin/../lib/gcc/arm-none-eabi/4.6.2/../../../../arm-none-eabi/lib/thumb/v7m\libstdc++.a(pure.o)
                0x0802c738                __cxa_pure_virtual
 .text._ZN10__cxxabiv111__terminateEPFvvE
                0x0802c750       0x28 d:/elektronik/ides/eclipse/yagarto/bin/../lib/gcc/arm-none-eabi/4.6.2/../../../../arm-none-eabi/lib/thumb/v7m\libstdc++.a(eh_terminate.o)
                0x0802c750                __cxxabiv1::__terminate(void (*)())
 .text._ZSt9terminatev
                0x0802c778       0x10 d:/elektronik/ides/eclipse/yagarto/bin/../lib/gcc/arm-none-eabi/4.6.2/../../../../arm-none-eabi/lib/thumb/v7m\libstdc++.a(eh_terminate.o)
                0x0802c778                std::terminate()
 .text._ZN10__cxxabiv112__unexpectedEPFvvE
                0x0802c788        0x8 d:/elektronik/ides/eclipse/yagarto/bin/../lib/gcc/arm-none-eabi/4.6.2/../../../../arm-none-eabi/lib/thumb/v7m\libstdc++.a(eh_terminate.o)
                0x0802c788                __cxxabiv1::__unexpected(void (*)())
 .text._ZSt10unexpectedv
                0x0802c790       0x14 d:/elektronik/ides/eclipse/yagarto/bin/../lib/gcc/arm-none-eabi/4.6.2/../../../../arm-none-eabi/lib/thumb/v7m\libstdc++.a(eh_terminate.o)
                0x0802c790                std::unexpected()
 .text._ZN9__gnu_cxx27__verbose_terminate_handlerEv
                0x0802c7a4      0x118 d:/elektronik/ides/eclipse/yagarto/bin/../lib/gcc/arm-none-eabi/4.6.2/../../../../arm-none-eabi/lib/thumb/v7m\libstdc++.a(vterminate.o)
                0x0802c7a4                __gnu_cxx::__verbose_terminate_handler()
 .text.__cxa_end_cleanup
                0x0802c8bc        0xc d:/elektronik/ides/eclipse/yagarto/bin/../lib/gcc/arm-none-eabi/4.6.2/../../../../arm-none-eabi/lib/thumb/v7m\libstdc++.a(eh_arm.o)
                0x0802c8bc                __cxa_end_cleanup
 .text.__cxa_type_match
                0x0802c8c8       0xe4 d:/elektronik/ides/eclipse/yagarto/bin/../lib/gcc/arm-none-eabi/4.6.2/../../../../arm-none-eabi/lib/thumb/v7m\libstdc++.a(eh_arm.o)
                0x0802c8c8                __cxa_type_match
 .text.__cxa_begin_cleanup
                0x0802c9ac       0x68 d:/elektronik/ides/eclipse/yagarto/bin/../lib/gcc/arm-none-eabi/4.6.2/../../../../arm-none-eabi/lib/thumb/v7m\libstdc++.a(eh_arm.o)
                0x0802c9ac                __cxa_begin_cleanup
 .text.__gnu_end_cleanup
                0x0802ca14       0x74 d:/elektronik/ides/eclipse/yagarto/bin/../lib/gcc/arm-none-eabi/4.6.2/../../../../arm-none-eabi/lib/thumb/v7m\libstdc++.a(eh_arm.o)
                0x0802ca14                __gnu_end_cleanup
 .text.__cxa_bad_typeid
                0x0802ca88       0x24 d:/elektronik/ides/eclipse/yagarto/bin/../lib/gcc/arm-none-eabi/4.6.2/../../../../arm-none-eabi/lib/thumb/v7m\libstdc++.a(eh_aux_runtime.o)
                0x0802ca88                __cxa_bad_typeid
 .text.__cxa_call_terminate
                0x0802caac       0x48 d:/elektronik/ides/eclipse/yagarto/bin/../lib/gcc/arm-none-eabi/4.6.2/../../../../arm-none-eabi/lib/thumb/v7m\libstdc++.a(eh_call.o)
                0x0802caac                __cxa_call_terminate
 .text.__cxa_call_unexpected
                0x0802caf4      0x11c d:/elektronik/ides/eclipse/yagarto/bin/../lib/gcc/arm-none-eabi/4.6.2/../../../../arm-none-eabi/lib/thumb/v7m\libstdc++.a(eh_call.o)
                0x0802caf4                __cxa_call_unexpected
 .text.__cxa_begin_catch
                0x0802cc10       0x88 d:/elektronik/ides/eclipse/yagarto/bin/../lib/gcc/arm-none-eabi/4.6.2/../../../../arm-none-eabi/lib/thumb/v7m\libstdc++.a(eh_catch.o)
                0x0802cc10                __cxa_begin_catch
 .text.__cxa_end_catch
                0x0802cc98       0x90 d:/elektronik/ides/eclipse/yagarto/bin/../lib/gcc/arm-none-eabi/4.6.2/../../../../arm-none-eabi/lib/thumb/v7m\libstdc++.a(eh_catch.o)
                0x0802cc98                __cxa_end_catch
 .text._ZNSt9exceptionD2Ev
                0x0802cd28        0xc d:/elektronik/ides/eclipse/yagarto/bin/../lib/gcc/arm-none-eabi/4.6.2/../../../../arm-none-eabi/lib/thumb/v7m\libstdc++.a(eh_exception.o)
                0x0802cd28                std::exception::~exception()
                0x0802cd28                std::exception::~exception()
 .text._ZNSt13bad_exceptionD2Ev
                0x0802cd34        0xc d:/elektronik/ides/eclipse/yagarto/bin/../lib/gcc/arm-none-eabi/4.6.2/../../../../arm-none-eabi/lib/thumb/v7m\libstdc++.a(eh_exception.o)
                0x0802cd34                std::bad_exception::~bad_exception()
                0x0802cd34                std::bad_exception::~bad_exception()
 .text._ZNKSt9exception4whatEv
                0x0802cd40        0xc d:/elektronik/ides/eclipse/yagarto/bin/../lib/gcc/arm-none-eabi/4.6.2/../../../../arm-none-eabi/lib/thumb/v7m\libstdc++.a(eh_exception.o)
                0x0802cd40                std::exception::what() const
 .text._ZNKSt13bad_exception4whatEv
                0x0802cd4c        0xc d:/elektronik/ides/eclipse/yagarto/bin/../lib/gcc/arm-none-eabi/4.6.2/../../../../arm-none-eabi/lib/thumb/v7m\libstdc++.a(eh_exception.o)
                0x0802cd4c                std::bad_exception::what() const
 .text._ZNSt13bad_exceptionD0Ev
                0x0802cd58       0x14 d:/elektronik/ides/eclipse/yagarto/bin/../lib/gcc/arm-none-eabi/4.6.2/../../../../arm-none-eabi/lib/thumb/v7m\libstdc++.a(eh_exception.o)
                0x0802cd58                std::bad_exception::~bad_exception()
 .text._ZNSt9exceptionD0Ev
                0x0802cd6c       0x14 d:/elektronik/ides/eclipse/yagarto/bin/../lib/gcc/arm-none-eabi/4.6.2/../../../../arm-none-eabi/lib/thumb/v7m\libstdc++.a(eh_exception.o)
                0x0802cd6c                std::exception::~exception()
 .text.__cxa_get_globals_fast
                0x0802cd80        0xc d:/elektronik/ides/eclipse/yagarto/bin/../lib/gcc/arm-none-eabi/4.6.2/../../../../arm-none-eabi/lib/thumb/v7m\libstdc++.a(eh_globals.o)
                0x0802cd80                __cxa_get_globals_fast
 .text.__cxa_get_globals
                0x0802cd8c        0xc d:/elektronik/ides/eclipse/yagarto/bin/../lib/gcc/arm-none-eabi/4.6.2/../../../../arm-none-eabi/lib/thumb/v7m\libstdc++.a(eh_globals.o)
                0x0802cd8c                __cxa_get_globals
 .text._ZL12read_sleb128PKhPl
                0x0802cd98       0x3c d:/elektronik/ides/eclipse/yagarto/bin/../lib/gcc/arm-none-eabi/4.6.2/../../../../arm-none-eabi/lib/thumb/v7m\libstdc++.a(eh_personality.o)
 .text._ZL28read_encoded_value_with_basehjPKhPj
                0x0802cdd4       0xc0 d:/elektronik/ides/eclipse/yagarto/bin/../lib/gcc/arm-none-eabi/4.6.2/../../../../arm-none-eabi/lib/thumb/v7m\libstdc++.a(eh_personality.o)
 .text._ZL21base_of_encoded_valuehP15_Unwind_Context
                0x0802ce94       0x4c d:/elektronik/ides/eclipse/yagarto/bin/../lib/gcc/arm-none-eabi/4.6.2/../../../../arm-none-eabi/lib/thumb/v7m\libstdc++.a(eh_personality.o)
 .text._ZL17parse_lsda_headerP15_Unwind_ContextPKhP16lsda_header_info.constprop.1
                0x0802cee0       0x8c d:/elektronik/ides/eclipse/yagarto/bin/../lib/gcc/arm-none-eabi/4.6.2/../../../../arm-none-eabi/lib/thumb/v7m\libstdc++.a(eh_personality.o)
 .text.__gxx_personality_v0
                0x0802cf6c      0x3a8 d:/elektronik/ides/eclipse/yagarto/bin/../lib/gcc/arm-none-eabi/4.6.2/../../../../arm-none-eabi/lib/thumb/v7m\libstdc++.a(eh_personality.o)
                0x0802cf6c                __gxx_personality_v0
 .text._ZL23__gxx_exception_cleanup19_Unwind_Reason_CodeP21_Unwind_Control_Block
                0x0802d314       0x4c d:/elektronik/ides/eclipse/yagarto/bin/../lib/gcc/arm-none-eabi/4.6.2/../../../../arm-none-eabi/lib/thumb/v7m\libstdc++.a(eh_throw.o)
 .text.__cxa_throw
                0x0802d360       0x78 d:/elektronik/ides/eclipse/yagarto/bin/../lib/gcc/arm-none-eabi/4.6.2/../../../../arm-none-eabi/lib/thumb/v7m\libstdc++.a(eh_throw.o)
                0x0802d360                __cxa_throw
 .text.__cxa_rethrow
                0x0802d3d8       0x70 d:/elektronik/ides/eclipse/yagarto/bin/../lib/gcc/arm-none-eabi/4.6.2/../../../../arm-none-eabi/lib/thumb/v7m\libstdc++.a(eh_throw.o)
                0x0802d3d8                __cxa_rethrow
 .text.__cxa_current_exception_type
                0x0802d448       0x1c d:/elektronik/ides/eclipse/yagarto/bin/../lib/gcc/arm-none-eabi/4.6.2/../../../../arm-none-eabi/lib/thumb/v7m\libstdc++.a(eh_type.o)
                0x0802d448                __cxa_current_exception_type
 .text._ZN10__cxxabiv123__fundamental_type_infoD2Ev
                0x0802d464       0x14 d:/elektronik/ides/eclipse/yagarto/bin/../lib/gcc/arm-none-eabi/4.6.2/../../../../arm-none-eabi/lib/thumb/v7m\libstdc++.a(fundamental_type_info.o)
                0x0802d464                __cxxabiv1::__fundamental_type_info::~__fundamental_type_info()
                0x0802d464                __cxxabiv1::__fundamental_type_info::~__fundamental_type_info()
 .text._ZN10__cxxabiv123__fundamental_type_infoD0Ev
                0x0802d478       0x1c d:/elektronik/ides/eclipse/yagarto/bin/../lib/gcc/arm-none-eabi/4.6.2/../../../../arm-none-eabi/lib/thumb/v7m\libstdc++.a(fundamental_type_info.o)
                0x0802d478                __cxxabiv1::__fundamental_type_info::~__fundamental_type_info()
 .text._ZNK10__cxxabiv119__pointer_type_info14__is_pointer_pEv
                0x0802d494        0x4 d:/elektronik/ides/eclipse/yagarto/bin/../lib/gcc/arm-none-eabi/4.6.2/../../../../arm-none-eabi/lib/thumb/v7m\libstdc++.a(pointer_type_info.o)
                0x0802d494                __cxxabiv1::__pointer_type_info::__is_pointer_p() const
 .text._ZN10__cxxabiv119__pointer_type_infoD2Ev
                0x0802d498       0x14 d:/elektronik/ides/eclipse/yagarto/bin/../lib/gcc/arm-none-eabi/4.6.2/../../../../arm-none-eabi/lib/thumb/v7m\libstdc++.a(pointer_type_info.o)
                0x0802d498                __cxxabiv1::__pointer_type_info::~__pointer_type_info()
                0x0802d498                __cxxabiv1::__pointer_type_info::~__pointer_type_info()
 .text._ZN10__cxxabiv119__pointer_type_infoD0Ev
                0x0802d4ac       0x1c d:/elektronik/ides/eclipse/yagarto/bin/../lib/gcc/arm-none-eabi/4.6.2/../../../../arm-none-eabi/lib/thumb/v7m\libstdc++.a(pointer_type_info.o)
                0x0802d4ac                __cxxabiv1::__pointer_type_info::~__pointer_type_info()
 .text._ZNK10__cxxabiv119__pointer_type_info15__pointer_catchEPKNS_17__pbase_type_infoEPPvj
                0x0802d4c8       0x48 d:/elektronik/ides/eclipse/yagarto/bin/../lib/gcc/arm-none-eabi/4.6.2/../../../../arm-none-eabi/lib/thumb/v7m\libstdc++.a(pointer_type_info.o)
                0x0802d4c8                __cxxabiv1::__pointer_type_info::__pointer_catch(__cxxabiv1::__pbase_type_info const*, void**, unsigned int) const
 .text._ZN10__cxxabiv120__si_class_type_infoD2Ev
                0x0802d510       0x14 d:/elektronik/ides/eclipse/yagarto/bin/../lib/gcc/arm-none-eabi/4.6.2/../../../../arm-none-eabi/lib/thumb/v7m\libstdc++.a(si_class_type_info.o)
                0x0802d510                __cxxabiv1::__si_class_type_info::~__si_class_type_info()
                0x0802d510                __cxxabiv1::__si_class_type_info::~__si_class_type_info()
 .text._ZN10__cxxabiv120__si_class_type_infoD0Ev
                0x0802d524       0x1c d:/elektronik/ides/eclipse/yagarto/bin/../lib/gcc/arm-none-eabi/4.6.2/../../../../arm-none-eabi/lib/thumb/v7m\libstdc++.a(si_class_type_info.o)
                0x0802d524                __cxxabiv1::__si_class_type_info::~__si_class_type_info()
 .text._ZNK10__cxxabiv120__si_class_type_info11__do_upcastEPKNS_17__class_type_infoEPKvRNS1_15__upcast_resultE
                0x0802d540       0x28 d:/elektronik/ides/eclipse/yagarto/bin/../lib/gcc/arm-none-eabi/4.6.2/../../../../arm-none-eabi/lib/thumb/v7m\libstdc++.a(si_class_type_info.o)
                0x0802d540                __cxxabiv1::__si_class_type_info::__do_upcast(__cxxabiv1::__class_type_info const*, void const*, __cxxabiv1::__class_type_info::__upcast_result&) const
 .text._ZNK10__cxxabiv120__si_class_type_info12__do_dyncastEiNS_17__class_type_info10__sub_kindEPKS1_PKvS4_S6_RNS1_16__dyncast_resultE
                0x0802d568       0x88 d:/elektronik/ides/eclipse/yagarto/bin/../lib/gcc/arm-none-eabi/4.6.2/../../../../arm-none-eabi/lib/thumb/v7m\libstdc++.a(si_class_type_info.o)
                0x0802d568                __cxxabiv1::__si_class_type_info::__do_dyncast(int, __cxxabiv1::__class_type_info::__sub_kind, __cxxabiv1::__class_type_info const*, void const*, __cxxabiv1::__class_type_info const*, void const*, __cxxabiv1::__class_type_info::__dyncast_result&) const
 .text._ZNK10__cxxabiv120__si_class_type_info20__do_find_public_srcEiPKvPKNS_17__class_type_infoES2_
                0x0802d5f0       0x38 d:/elektronik/ides/eclipse/yagarto/bin/../lib/gcc/arm-none-eabi/4.6.2/../../../../arm-none-eabi/lib/thumb/v7m\libstdc++.a(si_class_type_info.o)
                0x0802d5f0                __cxxabiv1::__si_class_type_info::__do_find_public_src(int, void const*, __cxxabiv1::__class_type_info const*, void const*) const
 .text._ZNSt9type_infoD2Ev
                0x0802d628        0xc d:/elektronik/ides/eclipse/yagarto/bin/../lib/gcc/arm-none-eabi/4.6.2/../../../../arm-none-eabi/lib/thumb/v7m\libstdc++.a(tinfo.o)
                0x0802d628                std::type_info::~type_info()
                0x0802d628                std::type_info::~type_info()
 .text._ZNKSt9type_info14__is_pointer_pEv
                0x0802d634        0x4 d:/elektronik/ides/eclipse/yagarto/bin/../lib/gcc/arm-none-eabi/4.6.2/../../../../arm-none-eabi/lib/thumb/v7m\libstdc++.a(tinfo.o)
                0x0802d634                std::type_info::__is_pointer_p() const
 .text._ZNKSt9type_info15__is_function_pEv
                0x0802d638        0x4 d:/elektronik/ides/eclipse/yagarto/bin/../lib/gcc/arm-none-eabi/4.6.2/../../../../arm-none-eabi/lib/thumb/v7m\libstdc++.a(tinfo.o)
                0x0802d638                std::type_info::__is_function_p() const
 .text._ZNKSt9type_info11__do_upcastEPKN10__cxxabiv117__class_type_infoEPPv
                0x0802d63c        0x4 d:/elektronik/ides/eclipse/yagarto/bin/../lib/gcc/arm-none-eabi/4.6.2/../../../../arm-none-eabi/lib/thumb/v7m\libstdc++.a(tinfo.o)
                0x0802d63c                std::type_info::__do_upcast(__cxxabiv1::__class_type_info const*, void**) const
 .text._ZNSt9type_infoD0Ev
                0x0802d640       0x14 d:/elektronik/ides/eclipse/yagarto/bin/../lib/gcc/arm-none-eabi/4.6.2/../../../../arm-none-eabi/lib/thumb/v7m\libstdc++.a(tinfo.o)
                0x0802d640                std::type_info::~type_info()
 .text._ZNKSt9type_infoeqERKS_
                0x0802d654       0x38 d:/elektronik/ides/eclipse/yagarto/bin/../lib/gcc/arm-none-eabi/4.6.2/../../../../arm-none-eabi/lib/thumb/v7m\libstdc++.a(tinfo.o)
                0x0802d654                std::type_info::operator==(std::type_info const&) const
 .text._ZNKSt9type_info10__do_catchEPKS_PPvj
                0x0802d68c        0x4 d:/elektronik/ides/eclipse/yagarto/bin/../lib/gcc/arm-none-eabi/4.6.2/../../../../arm-none-eabi/lib/thumb/v7m\libstdc++.a(tinfo.o)
                0x0802d68c                std::type_info::__do_catch(std::type_info const*, void**, unsigned int) const
 .text._ZNKSt10bad_typeid4whatEv
                0x0802d690        0xc d:/elektronik/ides/eclipse/yagarto/bin/../lib/gcc/arm-none-eabi/4.6.2/../../../../arm-none-eabi/lib/thumb/v7m\libstdc++.a(bad_typeid.o)
                0x0802d690                std::bad_typeid::what() const
 .text._ZNSt10bad_typeidD2Ev
                0x0802d69c       0x14 d:/elektronik/ides/eclipse/yagarto/bin/../lib/gcc/arm-none-eabi/4.6.2/../../../../arm-none-eabi/lib/thumb/v7m\libstdc++.a(bad_typeid.o)
                0x0802d69c                std::bad_typeid::~bad_typeid()
                0x0802d69c                std::bad_typeid::~bad_typeid()
 .text._ZNSt10bad_typeidD0Ev
                0x0802d6b0       0x1c d:/elektronik/ides/eclipse/yagarto/bin/../lib/gcc/arm-none-eabi/4.6.2/../../../../arm-none-eabi/lib/thumb/v7m\libstdc++.a(bad_typeid.o)
                0x0802d6b0                std::bad_typeid::~bad_typeid()
 .text._ZNK10__cxxabiv117__class_type_info11__do_upcastEPKS0_PPv
                0x0802d6cc       0x38 d:/elektronik/ides/eclipse/yagarto/bin/../lib/gcc/arm-none-eabi/4.6.2/../../../../arm-none-eabi/lib/thumb/v7m\libstdc++.a(class_type_info.o)
                0x0802d6cc                __cxxabiv1::__class_type_info::__do_upcast(__cxxabiv1::__class_type_info const*, void**) const
 .text._ZNK10__cxxabiv117__class_type_info20__do_find_public_srcEiPKvPKS0_S2_
                0x0802d704        0xc d:/elektronik/ides/eclipse/yagarto/bin/../lib/gcc/arm-none-eabi/4.6.2/../../../../arm-none-eabi/lib/thumb/v7m\libstdc++.a(class_type_info.o)
                0x0802d704                __cxxabiv1::__class_type_info::__do_find_public_src(int, void const*, __cxxabiv1::__class_type_info const*, void const*) const
 .text._ZNK10__cxxabiv117__class_type_info11__do_upcastEPKS0_PKvRNS0_15__upcast_resultE
                0x0802d710       0x1c d:/elektronik/ides/eclipse/yagarto/bin/../lib/gcc/arm-none-eabi/4.6.2/../../../../arm-none-eabi/lib/thumb/v7m\libstdc++.a(class_type_info.o)
                0x0802d710                __cxxabiv1::__class_type_info::__do_upcast(__cxxabiv1::__class_type_info const*, void const*, __cxxabiv1::__class_type_info::__upcast_result&) const
 .text._ZN10__cxxabiv117__class_type_infoD2Ev
                0x0802d72c       0x14 d:/elektronik/ides/eclipse/yagarto/bin/../lib/gcc/arm-none-eabi/4.6.2/../../../../arm-none-eabi/lib/thumb/v7m\libstdc++.a(class_type_info.o)
                0x0802d72c                __cxxabiv1::__class_type_info::~__class_type_info()
                0x0802d72c                __cxxabiv1::__class_type_info::~__class_type_info()
 .text._ZN10__cxxabiv117__class_type_infoD0Ev
                0x0802d740       0x1c d:/elektronik/ides/eclipse/yagarto/bin/../lib/gcc/arm-none-eabi/4.6.2/../../../../arm-none-eabi/lib/thumb/v7m\libstdc++.a(class_type_info.o)
                0x0802d740                __cxxabiv1::__class_type_info::~__class_type_info()
 .text._ZNK10__cxxabiv117__class_type_info12__do_dyncastEiNS0_10__sub_kindEPKS0_PKvS3_S5_RNS0_16__dyncast_resultE
                0x0802d75c       0x3c d:/elektronik/ides/eclipse/yagarto/bin/../lib/gcc/arm-none-eabi/4.6.2/../../../../arm-none-eabi/lib/thumb/v7m\libstdc++.a(class_type_info.o)
                0x0802d75c                __cxxabiv1::__class_type_info::__do_dyncast(int, __cxxabiv1::__class_type_info::__sub_kind, __cxxabiv1::__class_type_info const*, void const*, __cxxabiv1::__class_type_info const*, void const*, __cxxabiv1::__class_type_info::__dyncast_result&) const
 .text._ZNK10__cxxabiv117__class_type_info10__do_catchEPKSt9type_infoPPvj
                0x0802d798       0x28 d:/elektronik/ides/eclipse/yagarto/bin/../lib/gcc/arm-none-eabi/4.6.2/../../../../arm-none-eabi/lib/thumb/v7m\libstdc++.a(class_type_info.o)
                0x0802d798                __cxxabiv1::__class_type_info::__do_catch(std::type_info const*, void**, unsigned int) const
 .text.__cxa_allocate_exception
                0x0802d7c0       0x64 d:/elektronik/ides/eclipse/yagarto/bin/../lib/gcc/arm-none-eabi/4.6.2/../../../../arm-none-eabi/lib/thumb/v7m\libstdc++.a(eh_alloc.o)
                0x0802d7c0                __cxa_allocate_exception
 .text.__cxa_free_exception