Archive member included because of file (symbol)

d:/elektronik/ides/eclipse/yagarto/bin/../lib/gcc/arm-none-eabi/4.6.2/../../../../arm-none-eabi/lib/thumb/v7m\libstdc++.a(atexit_arm.o)
                              ./main.o (__aeabi_atexit)
d:/elektronik/ides/eclipse/yagarto/bin/../lib/gcc/arm-none-eabi/4.6.2/../../../../arm-none-eabi/lib/thumb/v7m\libstdc++.a(del_op.o)
                              ./Menue/CMenue.o (operator delete(void*))
d:/elektronik/ides/eclipse/yagarto/bin/../lib/gcc/arm-none-eabi/4.6.2/../../../../arm-none-eabi/lib/thumb/v7m\libstdc++.a(pure.o)
                              ./GraphicLCD/CGraphicLCD.o (__cxa_pure_virtual)
d:/elektronik/ides/eclipse/yagarto/bin/../lib/gcc/arm-none-eabi/4.6.2/../../../../arm-none-eabi/lib/thumb/v7m\libstdc++.a(eh_terminate.o)
                              d:/elektronik/ides/eclipse/yagarto/bin/../lib/gcc/arm-none-eabi/4.6.2/../../../../arm-none-eabi/lib/thumb/v7m\libstdc++.a(pure.o) (std::terminate())
d:/elektronik/ides/eclipse/yagarto/bin/../lib/gcc/arm-none-eabi/4.6.2/../../../../arm-none-eabi/lib/thumb/v7m\libstdc++.a(eh_term_handler.o)
                              d:/elektronik/ides/eclipse/yagarto/bin/../lib/gcc/arm-none-eabi/4.6.2/../../../../arm-none-eabi/lib/thumb/v7m\libstdc++.a(eh_terminate.o) (__cxxabiv1::__terminate_handler)
d:/elektronik/ides/eclipse/yagarto/bin/../lib/gcc/arm-none-eabi/4.6.2/../../../../arm-none-eabi/lib/thumb/v7m\libstdc++.a(eh_unex_handler.o)
                              d:/elektronik/ides/eclipse/yagarto/bin/../lib/gcc/arm-none-eabi/4.6.2/../../../../arm-none-eabi/lib/thumb/v7m\libstdc++.a(eh_terminate.o) (__cxxabiv1::__unexpected_handler)
d:/elektronik/ides/eclipse/yagarto/bin/../lib/gcc/arm-none-eabi/4.6.2/../../../../arm-none-eabi/lib/thumb/v7m\libstdc++.a(vterminate.o)
                              d:/elektronik/ides/eclipse/yagarto/bin/../lib/gcc/arm-none-eabi/4.6.2/../../../../arm-none-eabi/lib/thumb/v7m\libstdc++.a(eh_term_handler.o) (__gnu_cxx::__verbose_terminate_handler())
d:/elektronik/ides/eclipse/yagarto/bin/../lib/gcc/arm-none-eabi/4.6.2/../../../../arm-none-eabi/lib/thumb/v7m\libstdc++.a(cp-demangle.o)
                              d:/elektronik/ides/eclipse/yagarto/bin/../lib/gcc/arm-none-eabi/4.6.2/../../../../arm-none-eabi/lib/thumb/v7m\libstdc++.a(vterminate.o) (__cxa_demangle)
d:/elektronik/ides/eclipse/yagarto/bin/../lib/gcc/arm-none-eabi/4.6.2/../../../../arm-none-eabi/lib/thumb/v7m\libstdc++.a(eh_arm.o)
                              d:/elektronik/ides/eclipse/yagarto/bin/../lib/gcc/arm-none-eabi/4.6.2/../../../../arm-none-eabi/lib/thumb/v7m\libstdc++.a(eh_terminate.o) (__cxa_end_cleanup)
d:/elektronik/ides/eclipse/yagarto/bin/../lib/gcc/arm-none-eabi/4.6.2/../../../../arm-none-eabi/lib/thumb/v7m\libstdc++.a(eh_aux_runtime.o)
                              d:/elektronik/ides/eclipse/yagarto/bin/../lib/gcc/arm-none-eabi/4.6.2/../../../../arm-none-eabi/lib/thumb/v7m\libstdc++.a(eh_arm.o) (__cxa_bad_typeid)
d:/elektronik/ides/eclipse/yagarto/bin/../lib/gcc/arm-none-eabi/4.6.2/../../../../arm-none-eabi/lib/thumb/v7m\libstdc++.a(eh_call.o)
                              d:/elektronik/ides/eclipse/yagarto/bin/../lib/gcc/arm-none-eabi/4.6.2/../../../../arm-none-eabi/lib/thumb/v7m\libstdc++.a(eh_terminate.o) (__cxa_call_unexpected)
d:/elektronik/ides/eclipse/yagarto/bin/../lib/gcc/arm-none-eabi/4.6.2/../../../../arm-none-eabi/lib/thumb/v7m\libstdc++.a(eh_catch.o)
                              d:/elektronik/ides/eclipse/yagarto/bin/../lib/gcc/arm-none-eabi/4.6.2/../../../../arm-none-eabi/lib/thumb/v7m\libstdc++.a(eh_terminate.o) (__cxa_begin_catch)
d:/elektronik/ides/eclipse/yagarto/bin/../lib/gcc/arm-none-eabi/4.6.2/../../../../arm-none-eabi/lib/thumb/v7m\libstdc++.a(eh_exception.o)
                              d:/elektronik/ides/eclipse/yagarto/bin/../lib/gcc/arm-none-eabi/4.6.2/../../../../arm-none-eabi/lib/thumb/v7m\libstdc++.a(vterminate.o) (typeinfo for std::exception)
d:/elektronik/ides/eclipse/yagarto/bin/../lib/gcc/arm-none-eabi/4.6.2/../../../../arm-none-eabi/lib/thumb/v7m\libstdc++.a(eh_globals.o)
                              d:/elektronik/ides/eclipse/yagarto/bin/../lib/gcc/arm-none-eabi/4.6.2/../../../../arm-none-eabi/lib/thumb/v7m\libstdc++.a(eh_call.o) (__cxa_get_globals_fast)
d:/elektronik/ides/eclipse/yagarto/bin/../lib/gcc/arm-none-eabi/4.6.2/../../../../arm-none-eabi/lib/thumb/v7m\libstdc++.a(eh_personality.o)
                              d:/elektronik/ides/eclipse/yagarto/bin/../lib/gcc/arm-none-eabi/4.6.2/../../../../arm-none-eabi/lib/thumb/v7m\libstdc++.a(eh_terminate.o) (__gxx_personality_v0)
d:/elektronik/ides/eclipse/yagarto/bin/../lib/gcc/arm-none-eabi/4.6.2/../../../../arm-none-eabi/lib/thumb/v7m\libstdc++.a(eh_throw.o)
                              d:/elektronik/ides/eclipse/yagarto/bin/../lib/gcc/arm-none-eabi/4.6.2/../../../../arm-none-eabi/lib/thumb/v7m\libstdc++.a(eh_aux_runtime.o) (__cxa_throw)
[...]
Memory Configuration

Name             Origin             Length             Attributes
FLASH            0x08000000         0x00100000         xr
RAM              0x20000000         0x00020000         xrw
MEMORY_B1        0x60000000         0x00000000         xr
*default*        0x00000000         0xffffffff

Linker script and memory map

LOAD d:/elektronik/ides/eclipse/yagarto/bin/../lib/gcc/arm-none-eabi/4.6.2/thumb/v7m/crti.o
LOAD d:/elektronik/ides/eclipse/yagarto/bin/../lib/gcc/arm-none-eabi/4.6.2/thumb/v7m/crtbegin.o
LOAD d:/elektronik/ides/eclipse/yagarto/bin/../lib/gcc/arm-none-eabi/4.6.2/../../../../arm-none-eabi/lib/thumb/v7m/crt0.o
LOAD ./STM32F4xx_StdPeriph_Driver/src/misc.o
LOAD ./STM32F4xx_StdPeriph_Driver/src/stm32f4xx_adc.o
LOAD ./STM32F4xx_StdPeriph_Driver/src/stm32f4xx_can.o
LOAD ./STM32F4xx_StdPeriph_Driver/src/stm32f4xx_crc.o
LOAD ./STM32F4xx_StdPeriph_Driver/src/stm32f4xx_cryp.o
LOAD ./STM32F4xx_StdPeriph_Driver/src/stm32f4xx_cryp_aes.o
LOAD ./STM32F4xx_StdPeriph_Driver/src/stm32f4xx_cryp_des.o
LOAD ./STM32F4xx_StdPeriph_Driver/src/stm32f4xx_cryp_tdes.o
LOAD ./STM32F4xx_StdPeriph_Driver/src/stm32f4xx_dac.o
LOAD ./STM32F4xx_StdPeriph_Driver/src/stm32f4xx_dbgmcu.o
LOAD ./STM32F4xx_StdPeriph_Driver/src/stm32f4xx_dcmi.o
LOAD ./STM32F4xx_StdPeriph_Driver/src/stm32f4xx_dma.o
LOAD ./STM32F4xx_StdPeriph_Driver/src/stm32f4xx_exti.o
LOAD ./STM32F4xx_StdPeriph_Driver/src/stm32f4xx_flash.o
LOAD ./STM32F4xx_StdPeriph_Driver/src/stm32f4xx_fsmc.o
LOAD ./STM32F4xx_StdPeriph_Driver/src/stm32f4xx_gpio.o
LOAD ./STM32F4xx_StdPeriph_Driver/src/stm32f4xx_hash.o
LOAD ./STM32F4xx_StdPeriph_Driver/src/stm32f4xx_hash_md5.o
LOAD ./STM32F4xx_StdPeriph_Driver/src/stm32f4xx_hash_sha1.o
LOAD ./STM32F4xx_StdPeriph_Driver/src/stm32f4xx_i2c.o
LOAD ./STM32F4xx_StdPeriph_Driver/src/stm32f4xx_iwdg.o
LOAD ./STM32F4xx_StdPeriph_Driver/src/stm32f4xx_pwr.o
LOAD ./STM32F4xx_StdPeriph_Driver/src/stm32f4xx_rcc.o
LOAD ./STM32F4xx_StdPeriph_Driver/src/stm32f4xx_rng.o
LOAD ./STM32F4xx_StdPeriph_Driver/src/stm32f4xx_rtc.o
LOAD ./STM32F4xx_StdPeriph_Driver/src/stm32f4xx_sdio.o
LOAD ./STM32F4xx_StdPeriph_Driver/src/stm32f4xx_spi.o
LOAD ./STM32F4xx_StdPeriph_Driver/src/stm32f4xx_syscfg.o
LOAD ./STM32F4xx_StdPeriph_Driver/src/stm32f4xx_tim.o
LOAD ./STM32F4xx_StdPeriph_Driver/src/stm32f4xx_usart.o
LOAD ./STM32F4xx_StdPeriph_Driver/src/stm32f4xx_wwdg.o
LOAD ./STM32F4-Discovery/stm32f4_discovery.o
LOAD ./STM32F4-Discovery/stm32f4_discovery_audio_codec.o
LOAD ./STM32F4-Discovery/stm32f4_discovery_lis302dl.o
LOAD ./Menue/CMenue.o
LOAD ./HelixMP3/real/bitstream.o
LOAD ./HelixMP3/real/buffers.o
LOAD ./HelixMP3/real/dct32.o
LOAD ./HelixMP3/real/dequant.o
LOAD ./HelixMP3/real/dqchan.o
LOAD ./HelixMP3/real/huffman.o
LOAD ./HelixMP3/real/hufftabs.o
LOAD ./HelixMP3/real/imdct.o
LOAD ./HelixMP3/real/polyphase.o
LOAD ./HelixMP3/real/scalfact.o
LOAD ./HelixMP3/real/stproc.o
LOAD ./HelixMP3/real/subband.o
LOAD ./HelixMP3/real/trigtabs.o
LOAD ./HelixMP3/mp3dec.o
LOAD ./HelixMP3/mp3tabs.o
LOAD ./GraphicLCD/CGraphicLCD.o
LOAD ./GraphicLCD/CT6963CDriver.o
LOAD ./GraphicLCD/CT6963GPIOInterface.o
LOAD ./GraphicLCD/SansSerif12.o
LOAD ./FreeRTOS_EC/Source/AManagedTask.o
LOAD ./FreeRTOS_EC/Source/ASyncObject.o
LOAD ./FreeRTOS_EC/Source/ATimer.o
LOAD ./FreeRTOS_EC/Source/CBinarySemaphore.o
LOAD ./FreeRTOS_EC/Source/CCountingSemaphore.o
LOAD ./FreeRTOS_EC/Source/CFreeRTOS.o
LOAD ./FreeRTOS_EC/Source/CMessageTask.o
LOAD ./FreeRTOS_EC/Source/CMutex.o
LOAD ./FreeRTOS_EC/Source/CQueue.o
LOAD ./FreeRTOS_EC/Source/CRecursiveMutex.o
LOAD ./FreeRTOS_EC/Source/CTask.o
LOAD ./FreeRTOS/Source/portable/GCC/ARM_CM4F/port.o
LOAD ./FreeRTOS/Source/croutine.o
LOAD ./FreeRTOS/Source/list.o
LOAD ./FreeRTOS/Source/queue.o
LOAD ./FreeRTOS/Source/tasks.o
LOAD ./FreeRTOS/Source/timers.o
LOAD ./Fatfs/FatFs/src/option/syscall.o
LOAD ./Fatfs/FatFs/src/diskio.o
LOAD ./Fatfs/FatFs/src/ff.o
LOAD ./Fatfs/CFileHandler.o
LOAD ./Fatfs/fattime.o
LOAD ./Fatfs/stm32f4_sdio.o
LOAD ./CLedHeartBeatSTM32F4Disc.o
LOAD ./main.o
LOAD ./startup_stm32f4xx.o
LOAD ./stm32f4xx_it.o
LOAD ./syscalls.o
LOAD ./system_stm32f4xx.o
LOAD ./ustime.o
LOAD d:/elektronik/ides/eclipse/yagarto/bin/../lib/gcc/arm-none-eabi/4.6.2/../../../../arm-none-eabi/lib/thumb/v7m\libstdc++.a
LOAD d:/elektronik/ides/eclipse/yagarto/bin/../lib/gcc/arm-none-eabi/4.6.2/../../../../arm-none-eabi/lib/thumb/v7m\libm.a
START GROUP
LOAD d:/elektronik/ides/eclipse/yagarto/bin/../lib/gcc/arm-none-eabi/4.6.2/thumb/v7m\libgcc.a
LOAD d:/elektronik/ides/eclipse/yagarto/bin/../lib/gcc/arm-none-eabi/4.6.2/../../../../arm-none-eabi/lib/thumb/v7m\libg.a
LOAD d:/elektronik/ides/eclipse/yagarto/bin/../lib/gcc/arm-none-eabi/4.6.2/../../../../arm-none-eabi/lib/thumb/v7m\libc.a
END GROUP
LOAD d:/elektronik/ides/eclipse/yagarto/bin/../lib/gcc/arm-none-eabi/4.6.2/thumb/v7m/crtend.o
LOAD d:/elektronik/ides/eclipse/yagarto/bin/../lib/gcc/arm-none-eabi/4.6.2/thumb/v7m/crtn.o
                0x20020000                _estack = 0x20020000
                0x00000000                _Min_Heap_Size = 0x0
                0x00000400                _Min_Stack_Size = 0x400

.isr_vector     0x08000000      0x188
                0x08000000                . = ALIGN (0x4)
 *(.isr_vector)
 .isr_vector    0x08000000      0x188 ./startup_stm32f4xx.o
                0x08000000                g_pfnVectors
                0x08000188                . = ALIGN (0x4)

.text           0x08000188    0x18d1c
                0x08000188                . = ALIGN (0x4)
 *(.text)
 .text          0x08000188       0x54 d:/elektronik/ides/eclipse/yagarto/bin/../lib/gcc/arm-none-eabi/4.6.2/thumb/v7m/crtbegin.o
 .text          0x080001dc     0x58f8 d:/elektronik/ides/eclipse/yagarto/bin/../lib/gcc/arm-none-eabi/4.6.2/../../../../arm-none-eabi/lib/thumb/v7m\libstdc++.a(cp-demangle.o)
                0x080059a4                __cxa_demangle
                0x08005a88                __gcclibcxx_demangle_callback
 .text          0x08005ad4      0xa10 d:/elektronik/ides/eclipse/yagarto/bin/../lib/gcc/arm-none-eabi/4.6.2/thumb/v7m\libgcc.a(unwind-arm.o)
                0x08005d90                _Unwind_VRS_Get
                0x08005ddc                _Unwind_VRS_Set
                0x080060f0                __aeabi_unwind_cpp_pr2
                0x080060f4                __aeabi_unwind_cpp_pr1
                0x080060f8                __aeabi_unwind_cpp_pr0
                0x080060fc                _Unwind_VRS_Pop
                0x0800638c                _Unwind_GetCFA
                0x08006390                __gnu_Unwind_RaiseException
                0x080063f0                __gnu_Unwind_ForcedUnwind
                0x08006404                __gnu_Unwind_Resume
                0x08006440                __gnu_Unwind_Resume_or_Rethrow
                0x08006450                _Unwind_Complete
                0x08006454                _Unwind_DeleteException
                0x08006464                __gnu_Unwind_Backtrace
 .text          0x080064e4      0x1ac d:/elektronik/ides/eclipse/yagarto/bin/../lib/gcc/arm-none-eabi/4.6.2/thumb/v7m\libgcc.a(libunwind.o)
                0x080064e4                __restore_core_regs
                0x080064e4                restore_core_regs
                0x080064fc                __gnu_Unwind_Restore_VFP
                0x08006504                __gnu_Unwind_Save_VFP
                0x0800650c                __gnu_Unwind_Restore_VFP_D
                0x08006514                __gnu_Unwind_Save_VFP_D
                0x0800651c                __gnu_Unwind_Restore_VFP_D_16_to_31
                0x08006524                __gnu_Unwind_Save_VFP_D_16_to_31
                0x0800652c                __gnu_Unwind_Restore_WMMXD
                0x08006570                __gnu_Unwind_Save_WMMXD
                0x080065b4                __gnu_Unwind_Restore_WMMXC
                0x080065c8                __gnu_Unwind_Save_WMMXC
                0x080065dc                ___Unwind_RaiseException
                0x080065dc                _Unwind_RaiseException
                0x08006600                _Unwind_Resume
                0x08006600                ___Unwind_Resume
                0x08006624                _Unwind_Resume_or_Rethrow
                0x08006624                ___Unwind_Resume_or_Rethrow
                0x08006648                _Unwind_ForcedUnwind
                0x08006648                ___Unwind_ForcedUnwind
                0x0800666c                ___Unwind_Backtrace
                0x0800666c                _Unwind_Backtrace
 .text          0x08006690      0x3d4 d:/elektronik/ides/eclipse/yagarto/bin/../lib/gcc/arm-none-eabi/4.6.2/thumb/v7m\libgcc.a(pr-support.o)
                0x080066e4                __gnu_unwind_execute
                0x08006a08                __gnu_unwind_frame
                0x08006a34                _Unwind_GetRegionStart
                0x08006a40                _Unwind_GetLanguageSpecificData
                0x08006a54                _Unwind_GetDataRelBase
                0x08006a5c                _Unwind_GetTextRelBase
 .text          0x08006a64       0x10 d:/elektronik/ides/eclipse/yagarto/bin/../lib/gcc/arm-none-eabi/4.6.2/../../../../arm-none-eabi/lib/thumb/v7m\libg.a(lib_a-abort.o)
                0x08006a64                abort
 .text          0x08006a74       0x48 d:/elektronik/ides/eclipse/yagarto/bin/../lib/gcc/arm-none-eabi/4.6.2/../../../../arm-none-eabi/lib/thumb/v7m\libg.a(lib_a-assert.o)
                0x08006a74                __assert_func
                0x08006ab0                __assert
 .text          0x08006abc       0x14 d:/elektronik/ides/eclipse/yagarto/bin/../lib/gcc/arm-none-eabi/4.6.2/../../../../arm-none-eabi/lib/thumb/v7m\libg.a(lib_a-cxa_atexit.o)
                0x08006abc                __cxa_atexit
 .text          0x08006ad0       0x4c d:/elektronik/ides/eclipse/yagarto/bin/../lib/gcc/arm-none-eabi/4.6.2/../../../../arm-none-eabi/lib/thumb/v7m\libg.a(lib_a-fiprintf.o)
                0x08006ad0                _fiprintf_r
                0x08006af0                fiprintf
 .text          0x08006b1c       0x4c d:/elektronik/ides/eclipse/yagarto/bin/../lib/gcc/arm-none-eabi/4.6.2/../../../../arm-none-eabi/lib/thumb/v7m\libg.a(lib_a-fputc.o)
                0x08006b1c                _fputc_r
                0x08006b40                fputc
 .text          0x08006b68       0x60 d:/elektronik/ides/eclipse/yagarto/bin/../lib/gcc/arm-none-eabi/4.6.2/../../../../arm-none-eabi/lib/thumb/v7m\libg.a(lib_a-fputs.o)
                0x08006b68                _fputs_r
                0x08006bb8                fputs
 .text          0x08006bc8      0x334 d:/elektronik/ides/eclipse/yagarto/bin/../lib/gcc/arm-none-eabi/4.6.2/../../../../arm-none-eabi/lib/thumb/v7m\libg.a(lib_a-fvwrite.o)
                0x08006bc8                __sfvwrite_r
 .text          0x08006efc       0x94 d:/elektronik/ides/eclipse/yagarto/bin/../lib/gcc/arm-none-eabi/4.6.2/../../../../arm-none-eabi/lib/thumb/v7m\libg.a(lib_a-fwrite.o)
                0x08006efc                _fwrite_r
                0x08006f68                fwrite
 .text          0x08006f90       0x48 d:/elektronik/ides/eclipse/yagarto/bin/../lib/gcc/arm-none-eabi/4.6.2/../../../../arm-none-eabi/lib/thumb/v7m\libg.a(lib_a-init.o)
                0x08006f90                __libc_init_array
 .text          0x08006fd8       0x20 d:/elektronik/ides/eclipse/yagarto/bin/../lib/gcc/arm-none-eabi/4.6.2/../../../../arm-none-eabi/lib/thumb/v7m\libg.a(lib_a-malloc.o)
                0x08006fd8                malloc
                0x08006fe8                free
 .text          0x08006ff8      0x564 d:/elektronik/ides/eclipse/yagarto/bin/../lib/gcc/arm-none-eabi/4.6.2/../../../../arm-none-eabi/lib/thumb/v7m\libg.a(lib_a-mallocr.o)
                0x08006ff8                _malloc_r
 .text          0x0800755c       0x88 d:/elektronik/ides/eclipse/yagarto/bin/../lib/gcc/arm-none-eabi/4.6.2/../../../../arm-none-eabi/lib/thumb/v7m\libg.a(lib_a-memchr.o)
                0x0800755c                memchr
 .text          0x080075e4       0x60 d:/elektronik/ides/eclipse/yagarto/bin/../lib/gcc/arm-none-eabi/4.6.2/../../../../arm-none-eabi/lib/thumb/v7m\libg.a(lib_a-memcmp.o)
                0x080075e4                memcmp
 .text          0x08007644       0x84 d:/elektronik/ides/eclipse/yagarto/bin/../lib/gcc/arm-none-eabi/4.6.2/../../../../arm-none-eabi/lib/thumb/v7m\libg.a(lib_a-memcpy.o)
                0x08007644                memcpy
 .text          0x080076c8       0xc8 d:/elektronik/ides/eclipse/yagarto/bin/../lib/gcc/arm-none-eabi/4.6.2/../../../../arm-none-eabi/lib/thumb/v7m\libg.a(lib_a-memmove.o)
                0x080076c8                memmove
 .text          0x08007790       0x94 d:/elektronik/ides/eclipse/yagarto/bin/../lib/gcc/arm-none-eabi/4.6.2/../../../../arm-none-eabi/lib/thumb/v7m\libg.a(lib_a-memset.o)
                0x08007790                memset
 .text          0x08007824       0xc8 d:/elektronik/ides/eclipse/yagarto/bin/../lib/gcc/arm-none-eabi/4.6.2/../../../../arm-none-eabi/lib/thumb/v7m\libg.a(lib_a-putc.o)
                0x08007824                _putc_r
                0x08007884                putc
 .text          0x080078ec       0x14 d:/elektronik/ides/eclipse/yagarto/bin/../lib/gcc/arm-none-eabi/4.6.2/../../../../arm-none-eabi/lib/thumb/v7m\libg.a(lib_a-realloc.o)
                0x080078ec                realloc
 .text          0x08007900      0x410 d:/elektronik/ides/eclipse/yagarto/bin/../lib/gcc/arm-none-eabi/4.6.2/../../../../arm-none-eabi/lib/thumb/v7m\libg.a(lib_a-reallocr.o)
                0x08007900                _realloc_r
 .text          0x08007d10      0x158 d:/elektronik/ides/eclipse/yagarto/bin/../lib/gcc/arm-none-eabi/4.6.2/../../../../arm-none-eabi/lib/thumb/v7m\libg.a(lib_a-signal.o)
                0x08007d10                _init_signal_r
                0x08007d44                _signal_r
                0x08007d84                _raise_r
                0x08007ddc                __sigtramp_r
                0x08007e2c                raise
                0x08007e3c                signal
                0x08007e4c                _init_signal
                0x08007e58                __sigtramp
 .text          0x08007e68       0x94 d:/elektronik/ides/eclipse/yagarto/bin/../lib/gcc/arm-none-eabi/4.6.2/../../../../arm-none-eabi/lib/thumb/v7m\libg.a(lib_a-sprintf.o)
                0x08007e68                _sprintf_r
                0x08007eac                sprintf
 .text          0x08007efc      0x1dc d:/elektronik/ides/eclipse/yagarto/bin/../lib/gcc/arm-none-eabi/4.6.2/../../../../arm-none-eabi/lib/thumb/v7m\libg.a(lib_a-strcmp.o)
                0x08007efc                strcmp
 .text          0x080080d8       0xbc d:/elektronik/ides/eclipse/yagarto/bin/../lib/gcc/arm-none-eabi/4.6.2/../../../../arm-none-eabi/lib/thumb/v7m\libg.a(lib_a-strcpy.o)
                0x080080d8                strcpy
 .text          0x08008194       0x60 d:/elektronik/ides/eclipse/yagarto/bin/../lib/gcc/arm-none-eabi/4.6.2/../../../../arm-none-eabi/lib/thumb/v7m\libg.a(lib_a-strlen.o)
                0x08008194                strlen
 .text          0x080081f4       0xa8 d:/elektronik/ides/eclipse/yagarto/bin/../lib/gcc/arm-none-eabi/4.6.2/../../../../arm-none-eabi/lib/thumb/v7m\libg.a(lib_a-strncmp.o)
                0x080081f4                strncmp
 .text          0x0800829c       0x70 d:/elektronik/ides/eclipse/yagarto/bin/../lib/gcc/arm-none-eabi/4.6.2/../../../../arm-none-eabi/lib/thumb/v7m\libg.a(lib_a-strncpy.o)
                0x0800829c                strncpy
 .text          0x0800830c     0x1314 d:/elektronik/ides/eclipse/yagarto/bin/../lib/gcc/arm-none-eabi/4.6.2/../../../../arm-none-eabi/lib/thumb/v7m\libg.a(lib_a-svfprintf.o)
                0x0800830c                _svfprintf_r
 .text          0x08009620       0x1c d:/elektronik/ides/eclipse/yagarto/bin/../lib/gcc/arm-none-eabi/4.6.2/../../../../arm-none-eabi/lib/thumb/v7m\libg.a(lib_a-syswrite.o)
                0x08009620                write
 .text          0x0800963c      0xb54 d:/elektronik/ides/eclipse/yagarto/bin/../lib/gcc/arm-none-eabi/4.6.2/../../../../arm-none-eabi/lib/thumb/v7m\libg.a(lib_a-vfiprintf.o)
                0x0800963c                __sprint_r
                0x080096bc                _vfiprintf_r
                0x0800a174                vfiprintf
 .text          0x0800a190       0xc8 d:/elektronik/ides/eclipse/yagarto/bin/../lib/gcc/arm-none-eabi/4.6.2/../../../../arm-none-eabi/lib/thumb/v7m\libg.a(lib_a-wbuf.o)
                0x0800a190                __swbuf_r
                0x0800a248                __swbuf
 .text          0x0800a258       0xb8 d:/elektronik/ides/eclipse/yagarto/bin/../lib/gcc/arm-none-eabi/4.6.2/../../../../arm-none-eabi/lib/thumb/v7m\libg.a(lib_a-wsetup.o)
                0x0800a258                __swsetup_r
 .text          0x0800a310       0xb0 d:/elektronik/ides/eclipse/yagarto/bin/../lib/gcc/arm-none-eabi/4.6.2/../../../../arm-none-eabi/lib/thumb/v7m\libg.a(lib_a-__atexit.o)
                0x0800a310                __register_exitproc
 .text          0x0800a3c0     0x1040 d:/elektronik/ides/eclipse/yagarto/bin/../lib/gcc/arm-none-eabi/4.6.2/../../../../arm-none-eabi/lib/thumb/v7m\libg.a(lib_a-dtoa.o)
                0x0800a504                _dtoa_r
 .text          0x0800b400      0x1a4 d:/elektronik/ides/eclipse/yagarto/bin/../lib/gcc/arm-none-eabi/4.6.2/../../../../arm-none-eabi/lib/thumb/v7m\libg.a(lib_a-fflush.o)
                0x0800b400                _fflush_r
                0x0800b584                fflush
 .text          0x0800b5a4      0x1c4 d:/elektronik/ides/eclipse/yagarto/bin/../lib/gcc/arm-none-eabi/4.6.2/../../../../arm-none-eabi/lib/thumb/v7m\libg.a(lib_a-findfp.o)
                0x0800b5ac                _cleanup_r
                0x0800b60c                __sfmoreglue
                0x0800b638                _cleanup
                0x0800b644                __sinit
                0x0800b68c                __sfp
                0x0800b728                __sfp_lock_acquire
                0x0800b72c                __sfp_lock_release
                0x0800b730                __sinit_lock_acquire
                0x0800b734                __sinit_lock_release
                0x0800b738                __fp_lock_all
                0x0800b750                __fp_unlock_all
 .text          0x0800b768      0x104 d:/elektronik/ides/eclipse/yagarto/bin/../lib/gcc/arm-none-eabi/4.6.2/../../../../arm-none-eabi/lib/thumb/v7m\libg.a(lib_a-fputwc.o)
                0x0800b768                _fputwc_r
                0x0800b848                fputwc
 .text          0x0800b86c      0x224 d:/elektronik/ides/eclipse/yagarto/bin/../lib/gcc/arm-none-eabi/4.6.2/../../../../arm-none-eabi/lib/thumb/v7m\libg.a(lib_a-freer.o)
                0x0800b86c                _malloc_trim_r
                0x0800b90c                _free_r
 .text          0x0800ba90       0xa0 d:/elektronik/ides/eclipse/yagarto/bin/../lib/gcc/arm-none-eabi/4.6.2/../../../../arm-none-eabi/lib/thumb/v7m\libg.a(lib_a-fwalk.o)
                0x0800ba90                _fwalk
                0x0800badc                _fwalk_reent
 .text          0x0800bb30       0x88 d:/elektronik/ides/eclipse/yagarto/bin/../lib/gcc/arm-none-eabi/4.6.2/../../../../arm-none-eabi/lib/thumb/v7m\libg.a(lib_a-locale.o)
                0x0800bb30                _setlocale_r
                0x0800bb74                __locale_charset
                0x0800bb80                __locale_mb_cur_max
                0x0800bb8c                __locale_msgcharset
                0x0800bb94                __locale_cjk_lang
                0x0800bb98                _localeconv_r
                0x0800bba0                setlocale
                0x0800bbb0                localeconv
 .text          0x0800bbb8       0xe4 d:/elektronik/ides/eclipse/yagarto/bin/../lib/gcc/arm-none-eabi/4.6.2/../../../../arm-none-eabi/lib/thumb/v7m\libg.a(lib_a-makebuf.o)
                0x0800bbb8                __smakebuf_r
 .text          0x0800bc9c      0x8c8 d:/elektronik/ides/eclipse/yagarto/bin/../lib/gcc/arm-none-eabi/4.6.2/../../../../arm-none-eabi/lib/thumb/v7m\libg.a(lib_a-mprec.o)
                0x0800bc9c                _Balloc
                0x0800bce8                _Bfree
                0x0800bcfc                __multadd
                0x0800bd80                __s2b
                0x0800be14                __hi0bits
                0x0800be50                __lo0bits
                0x0800beac                __i2b
                0x0800bec0                __multiply
                0x0800bff8                __pow5mult
                0x0800c090                __lshift
                0x0800c150                __mcmp
                0x0800c190                __mdiff
                0x0800c274                __ulp
                0x0800c2b8                __b2d
                0x0800c364                __d2b
                0x0800c42c                __ratio
                0x0800c488                _mprec_log10
                0x0800c4bc                __copybits
                0x0800c504                __any_on
 .text          0x0800c564       0x90 d:/elektronik/ides/eclipse/yagarto/bin/../lib/gcc/arm-none-eabi/4.6.2/../../../../arm-none-eabi/lib/thumb/v7m\libg.a(lib_a-s_fpclassify.o)
                0x0800c564                __fpclassifyd
 .text          0x0800c5f4       0x8c d:/elektronik/ides/eclipse/yagarto/bin/../lib/gcc/arm-none-eabi/4.6.2/../../../../arm-none-eabi/lib/thumb/v7m\libg.a(lib_a-stdio.o)
                0x0800c5f4                __sread
                0x0800c618                __seofread
                0x0800c61c                __swrite
                0x0800c654                __sseek
                0x0800c678                __sclose
 .text          0x0800c680      0xa00 d:/elektronik/ides/eclipse/yagarto/bin/../lib/gcc/arm-none-eabi/4.6.2/../../../../arm-none-eabi/lib/thumb/v7m\libg.a(lib_a-svfiprintf.o)
                0x0800c680                __ssprint_r
                0x0800c798                _svfiprintf_r
 .text          0x0800d080       0xac d:/elektronik/ides/eclipse/yagarto/bin/../lib/gcc/arm-none-eabi/4.6.2/../../../../arm-none-eabi/lib/thumb/v7m\libg.a(lib_a-wcrtomb.o)
                0x0800d080                _wcrtomb_r
                0x0800d0cc                wcrtomb
 .text          0x0800d12c       0x4c d:/elektronik/ides/eclipse/yagarto/bin/../lib/gcc/arm-none-eabi/4.6.2/../../../../arm-none-eabi/lib/thumb/v7m\libg.a(lib_a-wctomb_r.o)
                0x0800d12c                __ascii_wctomb
                0x0800d148                _wctomb_r
 .text          0x0800d178       0x60 d:/elektronik/ides/eclipse/yagarto/bin/../lib/gcc/arm-none-eabi/4.6.2/../../../../arm-none-eabi/lib/thumb/v7m\libg.a(lib_a-callocr.o)
                0x0800d178                _calloc_r
 .text          0x0800d1d8       0x9c d:/elektronik/ides/eclipse/yagarto/bin/../lib/gcc/arm-none-eabi/4.6.2/../../../../arm-none-eabi/lib/thumb/v7m\libg.a(lib_a-fclose.o)
                0x0800d1d8                _fclose_r
                0x0800d264                fclose
 *fill*         0x0800d274        0x4 00
 .text          0x0800d278      0x278 d:/elektronik/ides/eclipse/yagarto/bin/../lib/gcc/arm-none-eabi/4.6.2/thumb/v7m\libgcc.a(_udivsi3.o)
                0x0800d278                __aeabi_uidiv
                0x0800d278                __udivsi3
                0x0800d4d4                __aeabi_uidivmod
 .text          0x0800d4f0        0x4 d:/elektronik/ides/eclipse/yagarto/bin/../lib/gcc/arm-none-eabi/4.6.2/thumb/v7m\libgcc.a(_dvmd_tls.o)
                0x0800d4f0                __aeabi_idiv0
                0x0800d4f0                __aeabi_ldiv0
 .text          0x0800d4f4      0x370 d:/elektronik/ides/eclipse/yagarto/bin/../lib/gcc/arm-none-eabi/4.6.2/thumb/v7m\libgcc.a(_arm_addsubdf3.o)
                0x0800d4f4                __aeabi_drsub
                0x0800d4fc                __aeabi_dsub
                0x0800d4fc                __subdf3
                0x0800d500                __aeabi_dadd
                0x0800d500                __adddf3
                0x0800d778                __floatunsidf
                0x0800d778                __aeabi_ui2d
                0x0800d798                __floatsidf
                0x0800d798                __aeabi_i2d
                0x0800d7bc                __aeabi_f2d
                0x0800d7bc                __extendsfdf2
                0x0800d7f8                __floatundidf
                0x0800d7f8                __aeabi_ul2d
                0x0800d808                __floatdidf
                0x0800d808                __aeabi_l2d
 .text          0x0800d864      0x424 d:/elektronik/ides/eclipse/yagarto/bin/../lib/gcc/arm-none-eabi/4.6.2/thumb/v7m\libgcc.a(_arm_muldivdf3.o)
                0x0800d864                __aeabi_dmul
                0x0800d864                __muldf3
                0x0800dab8                __divdf3
                0x0800dab8                __aeabi_ddiv
 .text          0x0800dc88      0x110 d:/elektronik/ides/eclipse/yagarto/bin/../lib/gcc/arm-none-eabi/4.6.2/thumb/v7m\libgcc.a(_arm_cmpdf2.o)
                0x0800dc88                __gtdf2
                0x0800dc88                __gedf2
                0x0800dc90                __ltdf2
                0x0800dc90                __ledf2
                0x0800dc98                __nedf2
                0x0800dc98                __eqdf2
                0x0800dc98                __cmpdf2
                0x0800dd14                __aeabi_cdrcmple
                0x0800dd24                __aeabi_cdcmpeq
                0x0800dd24                __aeabi_cdcmple
                0x0800dd34                __aeabi_dcmpeq
                0x0800dd48                __aeabi_dcmplt
                0x0800dd5c                __aeabi_dcmple
                0x0800dd70                __aeabi_dcmpge
                0x0800dd84                __aeabi_dcmpgt
 .text          0x0800dd98       0x50 d:/elektronik/ides/eclipse/yagarto/bin/../lib/gcc/arm-none-eabi/4.6.2/thumb/v7m\libgcc.a(_arm_fixdfsi.o)
                0x0800dd98                __aeabi_d2iz
                0x0800dd98                __fixdfsi
 *(.text*)
 .text.DAC_SetChannel1Data
                0x0800dde8       0x38 ./STM32F4xx_StdPeriph_Driver/src/stm32f4xx_dac.o
                0x0800dde8                DAC_SetChannel1Data
 .text.DMA_DeInit
                0x0800de20      0x244 ./STM32F4xx_StdPeriph_Driver/src/stm32f4xx_dma.o
                0x0800de20                DMA_DeInit
 .text.DMA_Init
                0x0800e064       0xb0 ./STM32F4xx_StdPeriph_Driver/src/stm32f4xx_dma.o
                0x0800e064                DMA_Init
 .text.DMA_Cmd  0x0800e114       0x38 ./STM32F4xx_StdPeriph_Driver/src/stm32f4xx_dma.o
                0x0800e114                DMA_Cmd
 .text.DMA_FlowControllerConfig
                0x0800e14c       0x34 ./STM32F4xx_StdPeriph_Driver/src/stm32f4xx_dma.o
                0x0800e14c                DMA_FlowControllerConfig
 .text.DMA_GetCmdStatus
                0x0800e180       0x38 ./STM32F4xx_StdPeriph_Driver/src/stm32f4xx_dma.o
                0x0800e180                DMA_GetCmdStatus
 .text.DMA_GetFlagStatus
                0x0800e1b8       0x88 ./STM32F4xx_StdPeriph_Driver/src/stm32f4xx_dma.o
                0x0800e1b8                DMA_GetFlagStatus
 .text.DMA_ClearFlag
                0x0800e240       0x64 ./STM32F4xx_StdPeriph_Driver/src/stm32f4xx_dma.o
                0x0800e240                DMA_ClearFlag
 .text.DMA_ITConfig
                0x0800e2a4       0x78 ./STM32F4xx_StdPeriph_Driver/src/stm32f4xx_dma.o
                0x0800e2a4                DMA_ITConfig
 .text.GPIO_Init
                0x0800e31c      0x154 ./STM32F4xx_StdPeriph_Driver/src/stm32f4xx_gpio.o
                0x0800e31c                GPIO_Init
 .text.GPIO_ReadInputData
                0x0800e470       0x1c ./STM32F4xx_StdPeriph_Driver/src/stm32f4xx_gpio.o
                0x0800e470                GPIO_ReadInputData
 .text.GPIO_SetBits
                0x0800e48c       0x1c ./STM32F4xx_StdPeriph_Driver/src/stm32f4xx_gpio.o
                0x0800e48c                GPIO_SetBits
 .text.GPIO_ResetBits
                0x0800e4a8       0x1c ./STM32F4xx_StdPeriph_Driver/src/stm32f4xx_gpio.o
                0x0800e4a8                GPIO_ResetBits
 .text.GPIO_PinAFConfig
                0x0800e4c4       0xac ./STM32F4xx_StdPeriph_Driver/src/stm32f4xx_gpio.o
                0x0800e4c4                GPIO_PinAFConfig
 .text.RCC_GetClocksFreq
                0x0800e570      0x1d0 ./STM32F4xx_StdPeriph_Driver/src/stm32f4xx_rcc.o
                0x0800e570                RCC_GetClocksFreq
 .text.RCC_AHB1PeriphClockCmd
                0x0800e740       0x58 ./STM32F4xx_StdPeriph_Driver/src/stm32f4xx_rcc.o
                0x0800e740                RCC_AHB1PeriphClockCmd
 .text.RCC_APB2PeriphClockCmd
                0x0800e798       0x58 ./STM32F4xx_StdPeriph_Driver/src/stm32f4xx_rcc.o
                0x0800e798                RCC_APB2PeriphClockCmd
 .text.RCC_APB2PeriphResetCmd
                0x0800e7f0       0x58 ./STM32F4xx_StdPeriph_Driver/src/stm32f4xx_rcc.o
                0x0800e7f0                RCC_APB2PeriphResetCmd
 .text.SDIO_DeInit
                0x0800e848       0x20 ./STM32F4xx_StdPeriph_Driver/src/stm32f4xx_sdio.o
                0x0800e848                SDIO_DeInit
 .text.SDIO_Init
                0x0800e868       0x68 ./STM32F4xx_StdPeriph_Driver/src/stm32f4xx_sdio.o
                0x0800e868                SDIO_Init
 .text.SDIO_ClockCmd
                0x0800e8d0       0x20 ./STM32F4xx_StdPeriph_Driver/src/stm32f4xx_sdio.o
                0x0800e8d0                SDIO_ClockCmd
 .text.SDIO_SetPowerState
                0x0800e8f0       0x20 ./STM32F4xx_StdPeriph_Driver/src/stm32f4xx_sdio.o
                0x0800e8f0                SDIO_SetPowerState
 .text.SDIO_GetPowerState
                0x0800e910       0x1c ./STM32F4xx_StdPeriph_Driver/src/stm32f4xx_sdio.o
                0x0800e910                SDIO_GetPowerState
 .text.SDIO_SendCommand
                0x0800e92c       0x68 ./STM32F4xx_StdPeriph_Driver/src/stm32f4xx_sdio.o
                0x0800e92c                SDIO_SendCommand
 .text.SDIO_GetCommandResponse
                0x0800e994       0x18 ./STM32F4xx_StdPeriph_Driver/src/stm32f4xx_sdio.o
                0x0800e994                SDIO_GetCommandResponse
 .text.SDIO_GetResponse
                0x0800e9ac       0x2c ./STM32F4xx_StdPeriph_Driver/src/stm32f4xx_sdio.o
                0x0800e9ac                SDIO_GetResponse
 .text.SDIO_DataConfig
                0x0800e9d8       0x70 ./STM32F4xx_StdPeriph_Driver/src/stm32f4xx_sdio.o
                0x0800e9d8                SDIO_DataConfig
 .text.SDIO_ReadData
                0x0800ea48       0x18 ./STM32F4xx_StdPeriph_Driver/src/stm32f4xx_sdio.o
                0x0800ea48                SDIO_ReadData
 .text.SDIO_DMACmd
                0x0800ea60       0x20 ./STM32F4xx_StdPeriph_Driver/src/stm32f4xx_sdio.o
                0x0800ea60                SDIO_DMACmd
 .text.SDIO_ITConfig
                0x0800ea80       0x58 ./STM32F4xx_StdPeriph_Driver/src/stm32f4xx_sdio.o
                0x0800ea80                SDIO_ITConfig
 .text.SDIO_GetFlagStatus
                0x0800ead8       0x40 ./STM32F4xx_StdPeriph_Driver/src/stm32f4xx_sdio.o
                0x0800ead8                SDIO_GetFlagStatus
 .text.SDIO_ClearFlag
                0x0800eb18       0x20 ./STM32F4xx_StdPeriph_Driver/src/stm32f4xx_sdio.o
                0x0800eb18                SDIO_ClearFlag
 .text.SDIO_GetITStatus
                0x0800eb38       0x40 ./STM32F4xx_StdPeriph_Driver/src/stm32f4xx_sdio.o
                0x0800eb38                SDIO_GetITStatus
 .text.SDIO_ClearITPendingBit
                0x0800eb78       0x20 ./STM32F4xx_StdPeriph_Driver/src/stm32f4xx_sdio.o
                0x0800eb78                SDIO_ClearITPendingBit
 .text.SPI_I2S_SendData
                0x0800eb98       0x1c ./STM32F4xx_StdPeriph_Driver/src/stm32f4xx_spi.o
                0x0800eb98                SPI_I2S_SendData
 .text.SPI_I2S_GetFlagStatus
                0x0800ebb4       0x40 ./STM32F4xx_StdPeriph_Driver/src/stm32f4xx_spi.o
                0x0800ebb4                SPI_I2S_GetFlagStatus
 .text.STM_EVAL_LEDInit
                0x0800ebf4       0x6c ./STM32F4-Discovery/stm32f4_discovery.o
                0x0800ebf4                STM_EVAL_LEDInit
 .text.STM_EVAL_LEDOn
                0x0800ec60       0x34 ./STM32F4-Discovery/stm32f4_discovery.o
                0x0800ec60                STM_EVAL_LEDOn
 .text.STM_EVAL_LEDOff
                0x0800ec94       0x34 ./STM32F4-Discovery/stm32f4_discovery.o
                0x0800ec94                STM_EVAL_LEDOff
 .text.Audio_MAL_IRQHandler
                0x0800ecc8      0x180 ./STM32F4-Discovery/stm32f4_discovery_audio_codec.o
 .text.DMA1_Stream7_IRQHandler
                0x0800ee48        0xc ./STM32F4-Discovery/stm32f4_discovery_audio_codec.o
                0x0800ee48                DMA1_Stream7_IRQHandler
 .text.DMA1_Stream0_IRQHandler
                0x0800ee54        0xc ./STM32F4-Discovery/stm32f4_discovery_audio_codec.o
                0x0800ee54                DMA1_Stream0_IRQHandler
 .text.SPI3_IRQHandler
                0x0800ee60       0x50 ./STM32F4-Discovery/stm32f4_discovery_audio_codec.o
                0x0800ee60                SPI3_IRQHandler
 .text._ZNK5CTask7IsValidEv
                0x0800eeb0       0x24 ./Menue/CMenue.o
                0x0800eeb0                CTask::IsValid() const
 .text._ZN5CTask6DetachEv
                0x0800eed4       0x24 ./Menue/CMenue.o
                0x0800eed4                CTask::Detach()
 .text._ZN12AManagedTask8OnCreateEPKctm
                0x0800eef8       0x20 ./Menue/CMenue.o
                0x0800eef8                AManagedTask::OnCreate(char const*, unsigned short, unsigned long)
 .text._ZN6CMenueC2EP11CGraphicLCD
                0x0800ef18       0x30 ./Menue/CMenue.o
                0x0800ef18                CMenue::CMenue(CGraphicLCD*)
                0x0800ef18                CMenue::CMenue(CGraphicLCD*)
 .text._ZN6CMenueD2Ev
                0x0800ef48       0x38 ./Menue/CMenue.o
                0x0800ef48                CMenue::~CMenue()
                0x0800ef48                CMenue::~CMenue()
 .text._ZN6CMenueD0Ev
                0x0800ef80       0x20 ./Menue/CMenue.o
                0x0800ef80                CMenue::~CMenue()
 .text._ZN6CMenue12HardwareInitEv
                0x0800efa0       0x18 ./Menue/CMenue.o
                0x0800efa0                CMenue::HardwareInit()
 .text._ZN6CMenue3RunEv
                0x0800efb8      0x108 ./Menue/CMenue.o
                0x0800efb8                CMenue::Run()
 .text._ZN11CGraphicLCDC2Ev
                0x0800f0c0       0x28 ./GraphicLCD/CGraphicLCD.o
                0x0800f0c0                CGraphicLCD::CGraphicLCD()
                0x0800f0c0                CGraphicLCD::CGraphicLCD()
 .text._ZN11CGraphicLCDD2Ev
                0x0800f0e8       0x34 ./GraphicLCD/CGraphicLCD.o
                0x0800f0e8                CGraphicLCD::~CGraphicLCD()
                0x0800f0e8                CGraphicLCD::~CGraphicLCD()
 .text._ZN11CGraphicLCDD0Ev
                0x0800f11c       0x20 ./GraphicLCD/CGraphicLCD.o
                0x0800f11c                CGraphicLCD::~CGraphicLCD()
 .text._ZN11CGraphicLCD7InverseEv
                0x0800f13c       0x18 ./GraphicLCD/CGraphicLCD.o
                0x0800f13c                CGraphicLCD::Inverse()
 .text._ZN11CGraphicLCD7InverseEb
                0x0800f154       0x1c ./GraphicLCD/CGraphicLCD.o
                0x0800f154                CGraphicLCD::Inverse(bool)
 .text._ZN13CT6963CDriverC2Ev
                0x0800f170       0x28 ./GraphicLCD/CT6963CDriver.o
                0x0800f170                CT6963CDriver::CT6963CDriver()
                0x0800f170                CT6963CDriver::CT6963CDriver()
 .text._ZN13CT6963CDriverD2Ev
                0x0800f198       0x38 ./GraphicLCD/CT6963CDriver.o
                0x0800f198                CT6963CDriver::~CT6963CDriver()
                0x0800f198                CT6963CDriver::~CT6963CDriver()
 .text._ZN13CT6963CDriverD0Ev
                0x0800f1d0       0x20 ./GraphicLCD/CT6963CDriver.o
                0x0800f1d0                CT6963CDriver::~CT6963CDriver()
 .text._ZN13CT6963CDriver4InitEv
                0x0800f1f0      0x160 ./GraphicLCD/CT6963CDriver.o
                0x0800f1f0                CT6963CDriver::Init()
 .text._ZN13CT6963CDriver17SetAddressPointerEj
                0x0800f350       0x5c ./GraphicLCD/CT6963CDriver.o
                0x0800f350                CT6963CDriver::SetAddressPointer(unsigned int)
 .text._ZN13CT6963CDriver11GraphicGoToEhh
                0x0800f3ac       0x40 ./GraphicLCD/CT6963CDriver.o
                0x0800f3ac                CT6963CDriver::GraphicGoTo(unsigned char, unsigned char)
 .text._ZN13CT6963CDriver5ClearEv
                0x0800f3ec       0x80 ./GraphicLCD/CT6963CDriver.o
                0x0800f3ec                CT6963CDriver::Clear()
 .text._ZN13CT6963CDriver16WriteDisplayDataEh
                0x0800f46c       0x38 ./GraphicLCD/CT6963CDriver.o
                0x0800f46c                CT6963CDriver::WriteDisplayData(unsigned char)
 .text._ZN13CT6963CDriver11WriteStringEPc5tFontjj
                0x0800f4a4       0x20 ./GraphicLCD/CT6963CDriver.o
                0x0800f4a4                CT6963CDriver::WriteString(char*, tFont, unsigned int, unsigned int)
 .text._ZN13CT6963CDriver8SetPixelEhh
                0x0800f4c4       0x90 ./GraphicLCD/CT6963CDriver.o
                0x0800f4c4                CT6963CDriver::SetPixel(unsigned char, unsigned char)
 .text._ZN13CT6963CDriver4LineEjjjj
                0x0800f554      0x150 ./GraphicLCD/CT6963CDriver.o
                0x0800f554                CT6963CDriver::Line(unsigned int, unsigned int, unsigned int, unsigned int)
 .text._ZN13CT6963CDriver6WindowEjjjj
                0x0800f6a4      0x3b4 ./GraphicLCD/CT6963CDriver.o
                0x0800f6a4                CT6963CDriver::Window(unsigned int, unsigned int, unsigned int, unsigned int)
 .text._ZN13CT6963CDriver9RectangleEjjjjb
                0x0800fa58      0x144 ./GraphicLCD/CT6963CDriver.o
                0x0800fa58                CT6963CDriver::Rectangle(unsigned int, unsigned int, unsigned int, unsigned int, bool)
 .text._ZN13CT6963CDriver11SectorClearEjjjj
                0x0800fb9c       0x60 ./GraphicLCD/CT6963CDriver.o
                0x0800fb9c                CT6963CDriver::SectorClear(unsigned int, unsigned int, unsigned int, unsigned int)
 .text._ZN13CT6963CDriver6CircleEhhh
                0x0800fbfc      0x184 ./GraphicLCD/CT6963CDriver.o
                0x0800fbfc                CT6963CDriver::Circle(unsigned char, unsigned char, unsigned char)
 .text._ZN13CT6963CDriver6BitmapEPhhhhh
                0x0800fd80       0xd4 ./GraphicLCD/CT6963CDriver.o
                0x0800fd80                CT6963CDriver::Bitmap(unsigned char*, unsigned char, unsigned char, unsigned char, unsigned char)
 .text._ZN21CT6963_GPIO_InterfaceC2Ev
                0x0800fe54       0x28 ./GraphicLCD/CT6963GPIOInterface.o
                0x0800fe54                CT6963_GPIO_Interface::CT6963_GPIO_Interface()
                0x0800fe54                CT6963_GPIO_Interface::CT6963_GPIO_Interface()
 .text._ZN21CT6963_GPIO_InterfaceD2Ev
                0x0800fe7c       0x38 ./GraphicLCD/CT6963GPIOInterface.o
                0x0800fe7c                CT6963_GPIO_Interface::~CT6963_GPIO_Interface()
                0x0800fe7c                CT6963_GPIO_Interface::~CT6963_GPIO_Interface()
 .text._ZN21CT6963_GPIO_InterfaceD0Ev
                0x0800feb4       0x20 ./GraphicLCD/CT6963GPIOInterface.o
                0x0800feb4                CT6963_GPIO_Interface::~CT6963_GPIO_Interface()
 .text._Z11CheckStatusv
                0x0800fed4       0xbc ./GraphicLCD/CT6963GPIOInterface.o
                0x0800fed4                CheckStatus()
 .text._ZN21CT6963_GPIO_Interface12HardwareInitEv
                0x0800ff90       0xc0 ./GraphicLCD/CT6963GPIOInterface.o
                0x0800ff90                CT6963_GPIO_Interface::HardwareInit()
 .text._ZN21CT6963_GPIO_Interface5ResetEv
                0x08010050       0x38 ./GraphicLCD/CT6963GPIOInterface.o
                0x08010050                CT6963_GPIO_Interface::Reset()
 .text._ZN21CT6963_GPIO_Interface12WriteCommandEh
                0x08010088       0xac ./GraphicLCD/CT6963GPIOInterface.o
                0x08010088                CT6963_GPIO_Interface::WriteCommand(unsigned char)
 .text._ZN21CT6963_GPIO_Interface9WriteDataEh
                0x08010134       0xcc ./GraphicLCD/CT6963GPIOInterface.o
                0x08010134                CT6963_GPIO_Interface::WriteData(unsigned char)
 .text._ZN21CT6963_GPIO_Interface8ReadDataEv
                0x08010200       0xe4 ./GraphicLCD/CT6963GPIOInterface.o
                0x08010200                CT6963_GPIO_Interface::ReadData()
 .text._ZN5CTask13EnterCriticalEv
                0x080102e4        0xc ./FreeRTOS_EC/Source/AManagedTask.o
                0x080102e4                CTask::EnterCritical()
 .text._ZN5CTask12ExitCriticalEv
                0x080102f0        0xc ./FreeRTOS_EC/Source/AManagedTask.o
                0x080102f0                CTask::ExitCritical()
 .text._ZN12AManagedTask12HardwareInitEv
                0x080102fc       0x18 ./FreeRTOS_EC/Source/AManagedTask.o
                0x080102fc                AManagedTask::HardwareInit()
 .text._ZN9CFreeRTOS15SuspendAllTasksEv
                0x08010314        0xc ./FreeRTOS_EC/Source/AManagedTask.o
                0x08010314                CFreeRTOS::SuspendAllTasks()
 .text._ZN9CFreeRTOS14ResumeAllTasksEv
                0x08010320       0x10 ./FreeRTOS_EC/Source/AManagedTask.o
                0x08010320                CFreeRTOS::ResumeAllTasks()
 .text._ZN12AManagedTaskC2Ev
                0x08010330       0x38 ./FreeRTOS_EC/Source/AManagedTask.o
                0x08010330                AManagedTask::AManagedTask()
                0x08010330                AManagedTask::AManagedTask()
 .text._ZN12AManagedTaskD2Ev
                0x08010368       0x40 ./FreeRTOS_EC/Source/AManagedTask.o
                0x08010368                AManagedTask::~AManagedTask()
                0x08010368                AManagedTask::~AManagedTask()
 .text._ZN12AManagedTaskD0Ev
                0x080103a8       0x20 ./FreeRTOS_EC/Source/AManagedTask.o
                0x080103a8                AManagedTask::~AManagedTask()
 .text._ZN12AManagedTask6CreateEPKctm
                0x080103c8       0x64 ./FreeRTOS_EC/Source/AManagedTask.o
                0x080103c8                AManagedTask::Create(char const*, unsigned short, unsigned long)
 .text._ZN12AManagedTask15taskControlFuncEPv
                0x0801042c       0x20 ./FreeRTOS_EC/Source/AManagedTask.o
                0x0801042c                AManagedTask::taskControlFunc(void*)
 .text._ZN12AManagedTask16AddToManagedTaskEPS_
                0x0801044c       0x50 ./FreeRTOS_EC/Source/AManagedTask.o
                0x0801044c                AManagedTask::AddToManagedTask(AManagedTask*)
 .text._ZN12AManagedTask21RemoveFromManagedTaskEPS_
                0x0801049c       0x88 ./FreeRTOS_EC/Source/AManagedTask.o
                0x0801049c                AManagedTask::RemoveFromManagedTask(AManagedTask*)
 .text._ZN12AManagedTask27InitHardwareForManagedTasksEv
                0x08010524       0x5c ./FreeRTOS_EC/Source/AManagedTask.o
                0x08010524                AManagedTask::InitHardwareForManagedTasks()
 .text._ZN12IFreeRTOSObjC2Ev
                0x08010580       0x20 ./FreeRTOS_EC/Source/ASyncObject.o
                0x08010580                IFreeRTOSObj::IFreeRTOSObj()
                0x08010580                IFreeRTOSObj::IFreeRTOSObj()
 .text._ZN9CFreeRTOS27InitHardwareForManagedTasksEv
                0x080105a0       0x10 ./FreeRTOS_EC/Source/CFreeRTOS.o
                0x080105a0                CFreeRTOS::InitHardwareForManagedTasks()
 .text._ZN5CTaskC2Ev
                0x080105b0       0x30 ./FreeRTOS_EC/Source/CTask.o
                0x080105b0                CTask::CTask()
                0x080105b0                CTask::CTask()
 .text._ZN5CTaskD2Ev
                0x080105e0       0x44 ./FreeRTOS_EC/Source/CTask.o
                0x080105e0                CTask::~CTask()
                0x080105e0                CTask::~CTask()
 .text._ZN5CTaskD0Ev
                0x08010624       0x20 ./FreeRTOS_EC/Source/CTask.o
                0x08010624                CTask::~CTask()
 .text._ZN5CTask6AttachEPv
                0x08010644       0x54 ./FreeRTOS_EC/Source/CTask.o
                0x08010644                CTask::Attach(void*)
 .text._ZN5CTask6CreateEPFvPvEPKctS0_m
                0x08010698       0x5c ./FreeRTOS_EC/Source/CTask.o
                0x08010698                CTask::Create(void (*)(void*), char const*, unsigned short, void*, unsigned long)
 .text._ZN5CTask6DeleteEv
                0x080106f4       0x2c ./FreeRTOS_EC/Source/CTask.o
                0x080106f4                CTask::Delete()
 .text.pxPortInitialiseStack
                0x08010720       0x68 ./FreeRTOS/Source/portable/GCC/ARM_CM4F/port.o
                0x08010720                pxPortInitialiseStack
 .text.SVC_Handler
                0x08010788       0x20 ./FreeRTOS/Source/portable/GCC/ARM_CM4F/port.o
                0x08010788                SVC_Handler
 .text.vPortStartFirstTask
                0x080107a8       0x14 ./FreeRTOS/Source/portable/GCC/ARM_CM4F/port.o
                0x080107a8                vPortStartFirstTask
 .text.xPortStartScheduler
                0x080107bc       0x54 ./FreeRTOS/Source/portable/GCC/ARM_CM4F/port.o
                0x080107bc                xPortStartScheduler
 .text.vPortYieldFromISR
                0x08010810       0x18 ./FreeRTOS/Source/portable/GCC/ARM_CM4F/port.o
                0x08010810                vPortYieldFromISR
 .text.vPortEnterCritical
                0x08010828       0x2c ./FreeRTOS/Source/portable/GCC/ARM_CM4F/port.o
                0x08010828                vPortEnterCritical
 .text.vPortExitCritical
                0x08010854       0x38 ./FreeRTOS/Source/portable/GCC/ARM_CM4F/port.o
                0x08010854                vPortExitCritical
 .text.PendSV_Handler
                0x0801088c       0x58 ./FreeRTOS/Source/portable/GCC/ARM_CM4F/port.o
                0x0801088c                PendSV_Handler
 .text.SysTick_Handler
                0x080108e4       0x38 ./FreeRTOS/Source/portable/GCC/ARM_CM4F/port.o
                0x080108e4                SysTick_Handler
 .text.prvSetupTimerInterrupt
                0x0801091c       0x40 ./FreeRTOS/Source/portable/GCC/ARM_CM4F/port.o
 .text.vListInitialise
                0x0801095c       0x40 ./FreeRTOS/Source/list.o
                0x0801095c                vListInitialise
 .text.vListInitialiseItem
                0x0801099c       0x1c ./FreeRTOS/Source/list.o
                0x0801099c                vListInitialiseItem
 .text.vListInsertEnd
                0x080109b8       0x54 ./FreeRTOS/Source/list.o
                0x080109b8                vListInsertEnd
 .text.vListInsert
                0x08010a0c       0x78 ./FreeRTOS/Source/list.o
                0x08010a0c                vListInsert
 .text.vListRemove
                0x08010a84       0x54 ./FreeRTOS/Source/list.o
                0x08010a84                vListRemove
 .text.xTaskGenericCreate
                0x08010ad8      0x1ac ./FreeRTOS/Source/tasks.o
                0x08010ad8                xTaskGenericCreate
 .text.vTaskDelete
                0x08010c84       0xc0 ./FreeRTOS/Source/tasks.o
                0x08010c84                vTaskDelete
 .text.vTaskDelay
                0x08010d44       0x5c ./FreeRTOS/Source/tasks.o
                0x08010d44                vTaskDelay
 .text.vTaskStartScheduler
                0x08010da0       0x7c ./FreeRTOS/Source/tasks.o
                0x08010da0                vTaskStartScheduler
 .text.vTaskSuspendAll
                0x08010e1c       0x24 ./FreeRTOS/Source/tasks.o
                0x08010e1c                vTaskSuspendAll
 .text.xTaskResumeAll
                0x08010e40      0x154 ./FreeRTOS/Source/tasks.o
                0x08010e40                xTaskResumeAll
 .text.vTaskIncrementTick
                0x08010f94      0x1b8 ./FreeRTOS/Source/tasks.o
                0x08010f94                vTaskIncrementTick
 .text.vTaskSwitchContext
                0x0801114c      0x140 ./FreeRTOS/Source/tasks.o
                0x0801114c                vTaskSwitchContext
 .text.prvIdleTask
                0x0801128c       0x24 ./FreeRTOS/Source/tasks.o
 .text.prvInitialiseTCBVariables
                0x080112b0       0x88 ./FreeRTOS/Source/tasks.o
 .text.prvInitialiseTaskLists
                0x08011338       0xa4 ./FreeRTOS/Source/tasks.o
 .text.prvCheckTasksWaitingTermination
                0x080113dc       0x98 ./FreeRTOS/Source/tasks.o
 .text.prvAddCurrentTaskToDelayedList
                0x08011474       0x8c ./FreeRTOS/Source/tasks.o
 .text.prvAllocateTCBAndStack
                0x08011500       0x74 ./FreeRTOS/Source/tasks.o
 .text.prvDeleteTCB
                0x08011574       0x20 ./FreeRTOS/Source/tasks.o
 .text.disk_initialize
                0x08011594       0x80 ./Fatfs/FatFs/src/diskio.o
                0x08011594                disk_initialize
 .text.disk_status
                0x08011614       0x40 ./Fatfs/FatFs/src/diskio.o
                0x08011614                disk_status
 .text.disk_read
                0x08011654       0x80 ./Fatfs/FatFs/src/diskio.o
                0x08011654                disk_read
 .text.disk_write
                0x080116d4       0x80 ./Fatfs/FatFs/src/diskio.o
                0x080116d4                disk_write
 .text.disk_ioctl
                0x08011754       0x80 ./Fatfs/FatFs/src/diskio.o
                0x08011754                disk_ioctl
 .text.mem_cpy  0x080117d4       0x50 ./Fatfs/FatFs/src/ff.o
 .text.mem_set  0x08011824       0x44 ./Fatfs/FatFs/src/ff.o
 .text.mem_cmp  0x08011868       0x70 ./Fatfs/FatFs/src/ff.o
 .text.chk_chr  0x080118d8       0x38 ./Fatfs/FatFs/src/ff.o
 .text.move_window
                0x08011910       0xd4 ./Fatfs/FatFs/src/ff.o
 .text.sync     0x080119e4      0x180 ./Fatfs/FatFs/src/ff.o
 .text.get_fat  0x08011b64      0x1f4 ./Fatfs/FatFs/src/ff.o
 .text.put_fat  0x08011d58      0x274 ./Fatfs/FatFs/src/ff.o
 .text.remove_chain
                0x08011fcc       0xb0 ./Fatfs/FatFs/src/ff.o
 .text.create_chain
                0x0801207c      0x120 ./Fatfs/FatFs/src/ff.o
 .text.clust2sect
                0x0801219c       0x44 ./Fatfs/FatFs/src/ff.o
 .text.dir_seek
                0x080121e0      0x118 ./Fatfs/FatFs/src/ff.o
 .text.dir_next
                0x080122f8      0x1e4 ./Fatfs/FatFs/src/ff.o
 .text.dir_find
                0x080124dc       0xa4 ./Fatfs/FatFs/src/ff.o
 .text.dir_register
                0x08012580       0xd4 ./Fatfs/FatFs/src/ff.o
 .text.create_name
                0x08012654      0x210 ./Fatfs/FatFs/src/ff.o
 .text.follow_path
                0x08012864      0x11c ./Fatfs/FatFs/src/ff.o
 .text.check_fs
                0x08012980       0xbc ./Fatfs/FatFs/src/ff.o
 .text.auto_mount
                0x08012a3c      0x520 ./Fatfs/FatFs/src/ff.o
 .text.validate
                0x08012f5c       0x54 ./Fatfs/FatFs/src/ff.o
 .text.f_mount  0x08012fb0       0x64 ./Fatfs/FatFs/src/ff.o
                0x08012fb0                f_mount
 .text.f_open   0x08013014      0x364 ./Fatfs/FatFs/src/ff.o
                0x08013014                f_open
 .text.f_write  0x08013378      0x374 ./Fatfs/FatFs/src/ff.o
                0x08013378                f_write
 .text.f_sync   0x080136ec      0x1c0 ./Fatfs/FatFs/src/ff.o
                0x080136ec                f_sync
 .text.f_close  0x080138ac       0x2c ./Fatfs/FatFs/src/ff.o
                0x080138ac                f_close
 .text._ZN12CFileHandlerC2Ev
                0x080138d8       0x38 ./Fatfs/CFileHandler.o
                0x080138d8                CFileHandler::CFileHandler()
                0x080138d8                CFileHandler::CFileHandler()
 .text._ZN12CFileHandlerD2Ev
                0x08013910       0x38 ./Fatfs/CFileHandler.o
                0x08013910                CFileHandler::~CFileHandler()
                0x08013910                CFileHandler::~CFileHandler()
 .text._ZN12CFileHandlerD0Ev
                0x08013948       0x20 ./Fatfs/CFileHandler.o
                0x08013948                CFileHandler::~CFileHandler()
 .text._ZN12CFileHandler12HardwareInitEv
                0x08013968       0x48 ./Fatfs/CFileHandler.o
                0x08013968                CFileHandler::HardwareInit()
 .text._ZN12CFileHandler3RunEv
                0x080139b0       0xcc ./Fatfs/CFileHandler.o
                0x080139b0                CFileHandler::Run()
 .text.get_fattime
                0x08013a7c       0x10 ./Fatfs/fattime.o
                0x08013a7c                get_fattime
 .text.SD_LowLevel_Init
                0x08013a8c      0x12c ./Fatfs/stm32f4_sdio.o
                0x08013a8c                SD_LowLevel_Init
 .text.SD_LowLevel_DMA_TxConfig
                0x08013bb8       0xe0 ./Fatfs/stm32f4_sdio.o
                0x08013bb8                SD_LowLevel_DMA_TxConfig
 .text.SD_LowLevel_DMA_RxConfig
                0x08013c98       0xe0 ./Fatfs/stm32f4_sdio.o
                0x08013c98                SD_LowLevel_DMA_RxConfig
 .text.SD_Init  0x08013d78       0xf4 ./Fatfs/stm32f4_sdio.o
                0x08013d78                SD_Init
 .text.SD_PowerON
                0x08013e6c      0x38c ./Fatfs/stm32f4_sdio.o
                0x08013e6c                SD_PowerON
 .text.SD_InitializeCards
                0x080141f8      0x274 ./Fatfs/stm32f4_sdio.o
                0x080141f8                SD_InitializeCards
 .text.SD_GetCardInfo
                0x0801446c      0x6f4 ./Fatfs/stm32f4_sdio.o
                0x0801446c                SD_GetCardInfo
 .text.SD_EnableWideBusOperation
                0x08014b60      0x15c ./Fatfs/stm32f4_sdio.o
                0x08014b60                SD_EnableWideBusOperation
 .text.SD_SelectDeselect
                0x08014cbc       0x78 ./Fatfs/stm32f4_sdio.o
                0x08014cbc                SD_SelectDeselect
 .text.SD_ReadBlock
                0x08014d34      0x1bc ./Fatfs/stm32f4_sdio.o
                0x08014d34                SD_ReadBlock
 .text.SD_WriteBlock
                0x08014ef0      0x1bc ./Fatfs/stm32f4_sdio.o
                0x08014ef0                SD_WriteBlock
 .text.SD_ProcessIRQSrc
                0x080150ac      0x110 ./Fatfs/stm32f4_sdio.o
                0x080150ac                SD_ProcessIRQSrc
 .text.SD_ProcessDMAIRQ
                0x080151bc       0x38 ./Fatfs/stm32f4_sdio.o
                0x080151bc                SD_ProcessDMAIRQ
 .text.CmdError
                0x080151f4       0x54 ./Fatfs/stm32f4_sdio.o
 .text.CmdResp7Error
                0x08015248       0x90 ./Fatfs/stm32f4_sdio.o
 .text.CmdResp1Error
                0x080152d8      0x1e4 ./Fatfs/stm32f4_sdio.o
 .text.CmdResp3Error
                0x080154bc       0x60 ./Fatfs/stm32f4_sdio.o
 .text.CmdResp2Error
                0x0801551c       0x80 ./Fatfs/stm32f4_sdio.o
 .text.CmdResp6Error
                0x0801559c       0xf0 ./Fatfs/stm32f4_sdio.o
 .text.SDEnWideBus
                0x0801568c      0x250 ./Fatfs/stm32f4_sdio.o
 .text.FindSCR  0x080158dc      0x2f8 ./Fatfs/stm32f4_sdio.o
 .text._ZN24CLedHeartBeatSTM32F4DiscC2Em
                0x08015bd4       0x38 ./CLedHeartBeatSTM32F4Disc.o
                0x08015bd4                CLedHeartBeatSTM32F4Disc::CLedHeartBeatSTM32F4Disc(unsigned long)
                0x08015bd4                CLedHeartBeatSTM32F4Disc::CLedHeartBeatSTM32F4Disc(unsigned long)
 .text._ZN24CLedHeartBeatSTM32F4DiscD2Ev
                0x08015c0c       0x38 ./CLedHeartBeatSTM32F4Disc.o
                0x08015c0c                CLedHeartBeatSTM32F4Disc::~CLedHeartBeatSTM32F4Disc()
                0x08015c0c                CLedHeartBeatSTM32F4Disc::~CLedHeartBeatSTM32F4Disc()
 .text._ZN24CLedHeartBeatSTM32F4DiscD0Ev
                0x08015c44       0x20 ./CLedHeartBeatSTM32F4Disc.o
                0x08015c44                CLedHeartBeatSTM32F4Disc::~CLedHeartBeatSTM32F4Disc()
 .text._ZN24CLedHeartBeatSTM32F4Disc12HardwareInitEv
                0x08015c64       0x38 ./CLedHeartBeatSTM32F4Disc.o
                0x08015c64                CLedHeartBeatSTM32F4Disc::HardwareInit()
 .text._ZN24CLedHeartBeatSTM32F4Disc3RunEv
                0x08015c9c       0xe8 ./CLedHeartBeatSTM32F4Disc.o
                0x08015c9c                CLedHeartBeatSTM32F4Disc::Run()
 .text._ZN9CFreeRTOS14StartSchedulerEv
                0x08015d84        0xc ./main.o
                0x08015d84                CFreeRTOS::StartScheduler()
 .text.main     0x08015d90       0x6c ./main.o
                0x08015d90                main
 .text.vApplicationStackOverflowHook
                0x08015dfc        0xc ./main.o
                0x08015dfc                vApplicationStackOverflowHook
 .text.EVAL_AUDIO_GetSampleCallBack
                0x08015e08       0x10 ./main.o
                0x08015e08                EVAL_AUDIO_GetSampleCallBack
 .text.EVAL_AUDIO_TransferComplete_CallBack
                0x08015e18       0x14 ./main.o
                0x08015e18                EVAL_AUDIO_TransferComplete_CallBack
 .text._Z41__static_initialization_and_destruction_0ii
                0x08015e2c       0xd8 ./main.o
 .text._GLOBAL__sub_I_g_LedTast
                0x08015f04       0x14 ./main.o
 .text.Reset_Handler
                0x08015f18       0x58 ./startup_stm32f4xx.o
                0x08015f18                Reset_Handler
 .text.Default_Handler
                0x08015f70        0x2 ./startup_stm32f4xx.o
                0x08015f70                RTC_Alarm_IRQHandler
                0x08015f70                HASH_RNG_IRQHandler
                0x08015f70                EXTI2_IRQHandler
                0x08015f70                TIM8_CC_IRQHandler
                0x08015f70                TIM1_CC_IRQHandler
                0x08015f70                DMA2_Stream5_IRQHandler
                0x08015f70                DMA1_Stream5_IRQHandler
                0x08015f70                PVD_IRQHandler
                0x08015f70                TAMP_STAMP_IRQHandler
                0x08015f70                CAN2_RX1_IRQHandler
                0x08015f70                EXTI3_IRQHandler
                0x08015f70                TIM8_TRG_COM_TIM14_IRQHandler
                0x08015f70                TIM1_UP_TIM10_IRQHandler
                0x08015f70                TIM8_UP_TIM13_IRQHandler
                0x08015f70                I2C3_ER_IRQHandler
                0x08015f70                EXTI0_IRQHandler
                0x08015f70                I2C2_EV_IRQHandler
                0x08015f70                DMA1_Stream2_IRQHandler
                0x08015f70                CAN1_RX0_IRQHandler
                0x08015f70                FPU_IRQHandler
                0x08015f70                OTG_HS_WKUP_IRQHandler
                0x08015f70                CAN2_SCE_IRQHandler
                0x08015f70                DMA2_Stream2_IRQHandler
                0x08015f70                SPI1_IRQHandler
                0x08015f70                TIM6_DAC_IRQHandler
                0x08015f70                TIM1_BRK_TIM9_IRQHandler
                0x08015f70                DCMI_IRQHandler
                0x08015f70                CAN2_RX0_IRQHandler
                0x08015f70                USART6_IRQHandler
                0x08015f70                USART3_IRQHandler
                0x08015f70                CRYP_IRQHandler
                0x08015f70                CAN1_RX1_IRQHandler
                0x08015f70                UART5_IRQHandler
                0x08015f70                DMA2_Stream0_IRQHandler
                0x08015f70                TIM4_IRQHandler
                0x08015f70                I2C1_EV_IRQHandler
                0x08015f70                DMA1_Stream6_IRQHandler
                0x08015f70                DMA1_Stream1_IRQHandler
                0x08015f70                UART4_IRQHandler
                0x08015f70                TIM3_IRQHandler
                0x08015f70                RCC_IRQHandler
                0x08015f70                TIM8_BRK_TIM12_IRQHandler
                0x08015f70                Default_Handler
                0x08015f70                EXTI15_10_IRQHandler
                0x08015f70                ADC_IRQHandler
                0x08015f70                TIM7_IRQHandler
                0x08015f70                CAN2_TX_IRQHandler
                0x08015f70                TIM5_IRQHandler
                0x08015f70                DMA2_Stream7_IRQHandler
                0x08015f70                I2C3_EV_IRQHandler
                0x08015f70                EXTI9_5_IRQHandler
                0x08015f70                RTC_WKUP_IRQHandler
                0x08015f70                ETH_WKUP_IRQHandler
                0x08015f70                SPI2_IRQHandler
                0x08015f70                OTG_HS_EP1_IN_IRQHandler
                0x08015f70                CAN1_TX_IRQHandler
                0x08015f70                EXTI4_IRQHandler
                0x08015f70                FSMC_IRQHandler
                0x08015f70                ETH_IRQHandler
                0x08015f70                OTG_HS_EP1_OUT_IRQHandler
                0x08015f70                WWDG_IRQHandler
                0x08015f70                TIM2_IRQHandler
                0x08015f70                OTG_FS_WKUP_IRQHandler
                0x08015f70                TIM1_TRG_COM_TIM11_IRQHandler
                0x08015f70                OTG_HS_IRQHandler
                0x08015f70                EXTI1_IRQHandler
                0x08015f70                USART2_IRQHandler
                0x08015f70                I2C2_ER_IRQHandler
                0x08015f70                DMA2_Stream1_IRQHandler
                0x08015f70                CAN1_SCE_IRQHandler
                0x08015f70                FLASH_IRQHandler
                0x08015f70                DMA2_Stream4_IRQHandler
                0x08015f70                USART1_IRQHandler
                0x08015f70                OTG_FS_IRQHandler
                0x08015f70                DMA1_Stream4_IRQHandler
                0x08015f70                I2C1_ER_IRQHandler
                0x08015f70                DMA2_Stream6_IRQHandler
                0x08015f70                DMA1_Stream3_IRQHandler
 *fill*         0x08015f72        0x2 00
 .text.NMI_Handler
                0x08015f74        0xc ./stm32f4xx_it.o
                0x08015f74                NMI_Handler
 .text.HardFault_Handler
                0x08015f80        0x8 ./stm32f4xx_it.o
                0x08015f80                HardFault_Handler
 .text.MemManage_Handler
                0x08015f88        0x8 ./stm32f4xx_it.o
                0x08015f88                MemManage_Handler
 .text.BusFault_Handler
                0x08015f90        0x8 ./stm32f4xx_it.o
                0x08015f90                BusFault_Handler
 .text.UsageFault_Handler
                0x08015f98        0x8 ./stm32f4xx_it.o
                0x08015f98                UsageFault_Handler
 .text.DebugMon_Handler
                0x08015fa0        0xc ./stm32f4xx_it.o
                0x08015fa0                DebugMon_Handler
 .text.SDIO_IRQHandler
                0x08015fac        0xc ./stm32f4xx_it.o
                0x08015fac                SDIO_IRQHandler
 .text.DMA2_Stream3_IRQHandler
                0x08015fb8        0xc ./stm32f4xx_it.o
                0x08015fb8                DMA2_Stream3_IRQHandler
 .text._exit    0x08015fc4        0xc ./syscalls.o
                0x08015fc4                _exit
 .text._read_r  0x08015fd0       0x20 ./syscalls.o
                0x08015fd0                _read_r
 .text._write_r
                0x08015ff0       0x20 ./syscalls.o
                0x08015ff0                _write_r
 .text._lseek_r
                0x08016010       0x28 ./syscalls.o
                0x08016010                _lseek_r
 .text._close_r
                0x08016038       0x24 ./syscalls.o
                0x08016038                _close_r
 .text._fstat_r
                0x0801605c       0x40 ./syscalls.o
                0x0801605c                _fstat_r
 .text._isatty_r
                0x0801609c       0x1c ./syscalls.o
                0x0801609c                _isatty_r
 .text._sbrk_r  0x080160b8       0x90 ./syscalls.o
                0x080160b8                _sbrk_r
 .text._kill_r  0x08016148       0x24 ./syscalls.o
                0x08016148                _kill_r
 .text._getpid_r
                0x0801616c       0x20 ./syscalls.o
                0x0801616c                _getpid_r
 .text.__malloc_lock
                0x0801618c       0x14 ./syscalls.o
                0x0801618c                __malloc_lock
 .text.__malloc_unlock
                0x080161a0       0x14 ./syscalls.o
                0x080161a0                __malloc_unlock
 .text.SystemInit
                0x080161b4       0x94 ./system_stm32f4xx.o
                0x080161b4                SystemInit
 .text.SetSysClock
                0x08016248      0x1e0 ./system_stm32f4xx.o
 .text.get_us_time
                0x08016428       0x8c ./ustime.o
                0x08016428                get_us_time
 .text.delay_us
                0x080164b4       0x5c ./ustime.o
                0x080164b4                delay_us
 .text.init_us_timer
                0x08016510       0x70 ./ustime.o
                0x08016510                init_us_timer
 .text.__aeabi_atexit
                0x08016580        0xc d:/elektronik/ides/eclipse/yagarto/bin/../lib/gcc/arm-none-eabi/4.6.2/../../../../arm-none-eabi/lib/thumb/v7m\libstdc++.a(atexit_arm.o)
                0x08016580                __aeabi_atexit
 .text._ZdlPv   0x0801658c        0x8 d:/elektronik/ides/eclipse/yagarto/bin/../lib/gcc/arm-none-eabi/4.6.2/../../../../arm-none-eabi/lib/thumb/v7m\libstdc++.a(del_op.o)
                0x0801658c                operator delete(void*)
 .text.__cxa_pure_virtual
                0x08016594       0x18 d:/elektronik/ides/eclipse/yagarto/bin/../lib/gcc/arm-none-eabi/4.6.2/../../../../arm-none-eabi/lib/thumb/v7m\libstdc++.a(pure.o)
                0x08016594                __cxa_pure_virtual
 .text._ZN10__cxxabiv111__terminateEPFvvE
                0x080165ac       0x28 d:/elektronik/ides/eclipse/yagarto/bin/../lib/gcc/arm-none-eabi/4.6.2/../../../../arm-none-eabi/lib/thumb/v7m\libstdc++.a(eh_terminate.o)
                0x080165ac                __cxxabiv1::__terminate(void (*)())
 .text._ZSt9terminatev
                0x080165d4       0x10 d:/elektronik/ides/eclipse/yagarto/bin/../lib/gcc/arm-none-eabi/4.6.2/../../../../arm-none-eabi/lib/thumb/v7m\libstdc++.a(eh_terminate.o)
                0x080165d4                std::terminate()
 .text._ZN10__cxxabiv112__unexpectedEPFvvE
                0x080165e4        0x8 d:/elektronik/ides/eclipse/yagarto/bin/../lib/gcc/arm-none-eabi/4.6.2/../../../../arm-none-eabi/lib/thumb/v7m\libstdc++.a(eh_terminate.o)
                0x080165e4                __cxxabiv1::__unexpected(void (*)())
 .text._ZSt10unexpectedv
                0x080165ec       0x14 d:/elektronik/ides/eclipse/yagarto/bin/../lib/gcc/arm-none-eabi/4.6.2/../../../../arm-none-eabi/lib/thumb/v7m\libstdc++.a(eh_terminate.o)
                0x080165ec                std::unexpected()
 .text._ZN9__gnu_cxx27__verbose_terminate_handlerEv
                0x08016600      0x118 d:/elektronik/ides/eclipse/yagarto/bin/../lib/gcc/arm-none-eabi/4.6.2/../../../../arm-none-eabi/lib/thumb/v7m\libstdc++.a(vterminate.o)
                0x08016600                __gnu_cxx::__verbose_terminate_handler()
 .text.__cxa_end_cleanup
                0x08016718        0xc d:/elektronik/ides/eclipse/yagarto/bin/../lib/gcc/arm-none-eabi/4.6.2/../../../../arm-none-eabi/lib/thumb/v7m\libstdc++.a(eh_arm.o)
                0x08016718                __cxa_end_cleanup
 .text.__cxa_type_match
                0x08016724       0xe4 d:/elektronik/ides/eclipse/yagarto/bin/../lib/gcc/arm-none-eabi/4.6.2/../../../../arm-none-eabi/lib/thumb/v7m\libstdc++.a(eh_arm.o)
                0x08016724                __cxa_type_match
 .text.__cxa_begin_cleanup
                0x08016808       0x68 d:/elektronik/ides/eclipse/yagarto/bin/../lib/gcc/arm-none-eabi/4.6.2/../../../../arm-none-eabi/lib/thumb/v7m\libstdc++.a(eh_arm.o)
                0x08016808                __cxa_begin_cleanup
 .text.__gnu_end_cleanup
                0x08016870       0x74 d:/elektronik/ides/eclipse/yagarto/bin/../lib/gcc/arm-none-eabi/4.6.2/../../../../arm-none-eabi/lib/thumb/v7m\libstdc++.a(eh_arm.o)
                0x08016870                __gnu_end_cleanup
 .text.__cxa_bad_typeid
                0x080168e4       0x24 d:/elektronik/ides/eclipse/yagarto/bin/../lib/gcc/arm-none-eabi/4.6.2/../../../../arm-none-eabi/lib/thumb/v7m\libstdc++.a(eh_aux_runtime.o)
                0x080168e4                __cxa_bad_typeid
 .text.__cxa_call_terminate
                0x08016908       0x48 d:/elektronik/ides/eclipse/yagarto/bin/../lib/gcc/arm-none-eabi/4.6.2/../../../../arm-none-eabi/lib/thumb/v7m\libstdc++.a(eh_call.o)
                0x08016908                __cxa_call_terminate
 .text.__cxa_call_unexpected
                0x08016950      0x11c d:/elektronik/ides/eclipse/yagarto/bin/../lib/gcc/arm-none-eabi/4.6.2/../../../../arm-none-eabi/lib/thumb/v7m\libstdc++.a(eh_call.o)
                0x08016950                __cxa_call_unexpected
 .text.__cxa_begin_catch
                0x08016a6c       0x88 d:/elektronik/ides/eclipse/yagarto/bin/../lib/gcc/arm-none-eabi/4.6.2/../../../../arm-none-eabi/lib/thumb/v7m\libstdc++.a(eh_catch.o)
                0x08016a6c                __cxa_begin_catch
 .text.__cxa_end_catch
                0x08016af4       0x90 d:/elektronik/ides/eclipse/yagarto/bin/../lib/gcc/arm-none-eabi/4.6.2/../../../../arm-none-eabi/lib/thumb/v7m\libstdc++.a(eh_catch.o)
                0x08016af4                __cxa_end_catch
 .text._ZNSt9exceptionD2Ev
                0x08016b84        0xc d:/elektronik/ides/eclipse/yagarto/bin/../lib/gcc/arm-none-eabi/4.6.2/../../../../arm-none-eabi/lib/thumb/v7m\libstdc++.a(eh_exception.o)
                0x08016b84                std::exception::~exception()
                0x08016b84                std::exception::~exception()
 .text._ZNSt13bad_exceptionD2Ev
                0x08016b90        0xc d:/elektronik/ides/eclipse/yagarto/bin/../lib/gcc/arm-none-eabi/4.6.2/../../../../arm-none-eabi/lib/thumb/v7m\libstdc++.a(eh_exception.o)
                0x08016b90                std::bad_exception::~bad_exception()
                0x08016b90                std::bad_exception::~bad_exception()
 .text._ZNKSt9exception4whatEv
                0x08016b9c        0xc d:/elektronik/ides/eclipse/yagarto/bin/../lib/gcc/arm-none-eabi/4.6.2/../../../../arm-none-eabi/lib/thumb/v7m\libstdc++.a(eh_exception.o)
                0x08016b9c                std::exception::what() const
 .text._ZNKSt13bad_exception4whatEv
                0x08016ba8        0xc d:/elektronik/ides/eclipse/yagarto/bin/../lib/gcc/arm-none-eabi/4.6.2/../../../../arm-none-eabi/lib/thumb/v7m\libstdc++.a(eh_exception.o)
                0x08016ba8                std::bad_exception::what() const
 .text._ZNSt13bad_exceptionD0Ev
                0x08016bb4       0x14 d:/elektronik/ides/eclipse/yagarto/bin/../lib/gcc/arm-none-eabi/4.6.2/../../../../arm-none-eabi/lib/thumb/v7m\libstdc++.a(eh_exception.o)
                0x08016bb4                std::bad_exception::~bad_exception()
 .text._ZNSt9exceptionD0Ev
                0x08016bc8       0x14 d:/elektronik/ides/eclipse/yagarto/bin/../lib/gcc/arm-none-eabi/4.6.2/../../../../arm-none-eabi/lib/thumb/v7m\libstdc++.a(eh_exception.o)
                0x08016bc8                std::exception::~exception()
 .text.__cxa_get_globals_fast
                0x08016bdc        0xc d:/elektronik/ides/eclipse/yagarto/bin/../lib/gcc/arm-none-eabi/4.6.2/../../../../arm-none-eabi/lib/thumb/v7m\libstdc++.a(eh_globals.o)
                0x08016bdc                __cxa_get_globals_fast
 .text.__cxa_get_globals
                0x08016be8        0xc d:/elektronik/ides/eclipse/yagarto/bin/../lib/gcc/arm-none-eabi/4.6.2/../../../../arm-none-eabi/lib/thumb/v7m\libstdc++.a(eh_globals.o)
                0x08016be8                __cxa_get_globals
 .text._ZL12read_sleb128PKhPl
                0x08016bf4       0x3c d:/elektronik/ides/eclipse/yagarto/bin/../lib/gcc/arm-none-eabi/4.6.2/../../../../arm-none-eabi/lib/thumb/v7m\libstdc++.a(eh_personality.o)
 .text._ZL28read_encoded_value_with_basehjPKhPj
                0x08016c30       0xc0 d:/elektronik/ides/eclipse/yagarto/bin/../lib/gcc/arm-none-eabi/4.6.2/../../../../arm-none-eabi/lib/thumb/v7m\libstdc++.a(eh_personality.o)
 .text._ZL21base_of_encoded_valuehP15_Unwind_Context
                0x08016cf0       0x4c d:/elektronik/ides/eclipse/yagarto/bin/../lib/gcc/arm-none-eabi/4.6.2/../../../../arm-none-eabi/lib/thumb/v7m\libstdc++.a(eh_personality.o)
 .text._ZL17parse_lsda_headerP15_Unwind_ContextPKhP16lsda_header_info.constprop.1
                0x08016d3c       0x8c d:/elektronik/ides/eclipse/yagarto/bin/../lib/gcc/arm-none-eabi/4.6.2/../../../../arm-none-eabi/lib/thumb/v7m\libstdc++.a(eh_personality.o)
 .text.__gxx_personality_v0
                0x08016dc8      0x3a8 d:/elektronik/ides/eclipse/yagarto/bin/../lib/gcc/arm-none-eabi/4.6.2/../../../../arm-none-eabi/lib/thumb/v7m\libstdc++.a(eh_personality.o)
                0x08016dc8                __gxx_personality_v0
 .text._ZL23__gxx_exception_cleanup19_Unwind_Reason_CodeP21_Unwind_Control_Block
                0x08017170       0x4c d:/elektronik/ides/eclipse/yagarto/bin/../lib/gcc/arm-none-eabi/4.6.2/../../../../arm-none-eabi/lib/thumb/v7m\libstdc++.a(eh_throw.o)
 .text.__cxa_throw
                0x080171bc       0x78 d:/elektronik/ides/eclipse/yagarto/bin/../lib/gcc/arm-none-eabi/4.6.2/../../../../arm-none-eabi/lib/thumb/v7m\libstdc++.a(eh_throw.o)
                0x080171bc                __cxa_throw
 .text.__cxa_rethrow
                0x08017234       0x70 d:/elektronik/ides/eclipse/yagarto/bin/../lib/gcc/arm-none-eabi/4.6.2/../../../../arm-none-eabi/lib/thumb/v7m\libstdc++.a(eh_throw.o)
                0x08017234                __cxa_rethrow
 .text.__cxa_current_exception_type
                0x080172a4       0x1c d:/elektronik/ides/eclipse/yagarto/bin/../lib/gcc/arm-none-eabi/4.6.2/../../../../arm-none-eabi/lib/thumb/v7m\libstdc++.a(eh_type.o)
                0x080172a4                __cxa_current_exception_type
 .text._ZN10__cxxabiv123__fundamental_type_infoD2Ev
                0x080172c0       0x14 d:/elektronik/ides/eclipse/yagarto/bin/../lib/gcc/arm-none-eabi/4.6.2/../../../../arm-none-eabi/lib/thumb/v7m\libstdc++.a(fundamental_type_info.o)
                0x080172c0                __cxxabiv1::__fundamental_type_info::~__fundamental_type_info()
                0x080172c0                __cxxabiv1::__fundamental_type_info::~__fundamental_type_info()
 .text._ZN10__cxxabiv123__fundamental_type_infoD0Ev
                0x080172d4       0x1c d:/elektronik/ides/eclipse/yagarto/bin/../lib/gcc/arm-none-eabi/4.6.2/../../../../arm-none-eabi/lib/thumb/v7m\libstdc++.a(fundamental_type_info.o)
                0x080172d4                __cxxabiv1::__fundamental_type_info::~__fundamental_type_info()
 .text._ZNK10__cxxabiv119__pointer_type_info14__is_pointer_pEv
                0x080172f0        0x4 d:/elektronik/ides/eclipse/yagarto/bin/../lib/gcc/arm-none-eabi/4.6.2/../../../../arm-none-eabi/lib/thumb/v7m\libstdc++.a(pointer_type_info.o)
                0x080172f0                __cxxabiv1::__pointer_type_info::__is_pointer_p() const
 .text._ZN10__cxxabiv119__pointer_type_infoD2Ev
                0x080172f4       0x14 d:/elektronik/ides/eclipse/yagarto/bin/../lib/gcc/arm-none-eabi/4.6.2/../../../../arm-none-eabi/lib/thumb/v7m\libstdc++.a(pointer_type_info.o)
                0x080172f4                __cxxabiv1::__pointer_type_info::~__pointer_type_info()
                0x080172f4                __cxxabiv1::__pointer_type_info::~__pointer_type_info()
 .text._ZN10__cxxabiv119__pointer_type_infoD0Ev
                0x08017308       0x1c d:/elektronik/ides/eclipse/yagarto/bin/../lib/gcc/arm-none-eabi/4.6.2/../../../../arm-none-eabi/lib/thumb/v7m\libstdc++.a(pointer_type_info.o)
                0x08017308                __cxxabiv1::__pointer_type_info::~__pointer_type_info()
 .text._ZNK10__cxxabiv119__pointer_type_info15__pointer_catchEPKNS_17__pbase_type_infoEPPvj
                0x08017324       0x48 d:/elektronik/ides/eclipse/yagarto/bin/../lib/gcc/arm-none-eabi/4.6.2/../../../../arm-none-eabi/lib/thumb/v7m\libstdc++.a(pointer_type_info.o)
                0x08017324                __cxxabiv1::__pointer_type_info::__pointer_catch(__cxxabiv1::__pbase_type_info const*, void**, unsigned int) const
 .text._ZN10__cxxabiv120__si_class_type_infoD2Ev
                0x0801736c       0x14 d:/elektronik/ides/eclipse/yagarto/bin/../lib/gcc/arm-none-eabi/4.6.2/../../../../arm-none-eabi/lib/thumb/v7m\libstdc++.a(si_class_type_info.o)
                0x0801736c                __cxxabiv1::__si_class_type_info::~__si_class_type_info()
                0x0801736c                __cxxabiv1::__si_class_type_info::~__si_class_type_info()
 .text._ZN10__cxxabiv120__si_class_type_infoD0Ev
                0x08017380       0x1c d:/elektronik/ides/eclipse/yagarto/bin/../lib/gcc/arm-none-eabi/4.6.2/../../../../arm-none-eabi/lib/thumb/v7m\libstdc++.a(si_class_type_info.o)
                0x08017380                __cxxabiv1::__si_class_type_info::~__si_class_type_info()
 .text._ZNK10__cxxabiv120__si_class_type_info11__do_upcastEPKNS_17__class_type_infoEPKvRNS1_15__upcast_resultE
                0x0801739c       0x28 d:/elektronik/ides/eclipse/yagarto/bin/../lib/gcc/arm-none-eabi/4.6.2/../../../../arm-none-eabi/lib/thumb/v7m\libstdc++.a(si_class_type_info.o)
                0x0801739c                __cxxabiv1::__si_class_type_info::__do_upcast(__cxxabiv1::__class_type_info const*, void const*, __cxxabiv1::__class_type_info::__upcast_result&) const
 .text._ZNK10__cxxabiv120__si_class_type_info12__do_dyncastEiNS_17__class_type_info10__sub_kindEPKS1_PKvS4_S6_RNS1_16__dyncast_resultE
                0x080173c4       0x88 d:/elektronik/ides/eclipse/yagarto/bin/../lib/gcc/arm-none-eabi/4.6.2/../../../../arm-none-eabi/lib/thumb/v7m\libstdc++.a(si_class_type_info.o)
                0x080173c4                __cxxabiv1::__si_class_type_info::__do_dyncast(int, __cxxabiv1::__class_type_info::__sub_kind, __cxxabiv1::__class_type_info const*, void const*, __cxxabiv1::__class_type_info const*, void const*, __cxxabiv1::__class_type_info::__dyncast_result&) const
 .text._ZNK10__cxxabiv120__si_class_type_info20__do_find_public_srcEiPKvPKNS_17__class_type_infoES2_
                0x0801744c       0x38 d:/elektronik/ides/eclipse/yagarto/bin/../lib/gcc/arm-none-eabi/4.6.2/../../../../arm-none-eabi/lib/thumb/v7m\libstdc++.a(si_class_type_info.o)
                0x0801744c                __cxxabiv1::__si_class_type_info::__do_find_public_src(int, void const*, __cxxabiv1::__class_type_info const*, void const*) const
 .text._ZNSt9type_infoD2Ev
                0x08017484        0xc d:/elektronik/ides/eclipse/yagarto/bin/../lib/gcc/arm-none-eabi/4.6.2/../../../../arm-none-eabi/lib/thumb/v7m\libstdc++.a(tinfo.o)
                0x08017484                std::type_info::~type_info()
                0x08017484                std::type_info::~type_info()
 .text._ZNKSt9type_info14__is_pointer_pEv
                0x08017490        0x4 d:/elektronik/ides/eclipse/yagarto/bin/../lib/gcc/arm-none-eabi/4.6.2/../../../../arm-none-eabi/lib/thumb/v7m\libstdc++.a(tinfo.o)
                0x08017490                std::type_info::__is_pointer_p() const
 .text._ZNKSt9type_info15__is_function_pEv
                0x08017494        0x4 d:/elektronik/ides/eclipse/yagarto/bin/../lib/gcc/arm-none-eabi/4.6.2/../../../../arm-none-eabi/lib/thumb/v7m\libstdc++.a(tinfo.o)
                0x08017494                std::type_info::__is_function_p() const
 .text._ZNKSt9type_info11__do_upcastEPKN10__cxxabiv117__class_type_infoEPPv
                0x08017498        0x4 d:/elektronik/ides/eclipse/yagarto/bin/../lib/gcc/arm-none-eabi/4.6.2/../../../../arm-none-eabi/lib/thumb/v7m\libstdc++.a(tinfo.o)
                0x08017498                std::type_info::__do_upcast(__cxxabiv1::__class_type_info const*, void**) const
 .text._ZNSt9type_infoD0Ev
                0x0801749c       0x14 d:/elektronik/ides/eclipse/yagarto/bin/../lib/gcc/arm-none-eabi/4.6.2/../../../../arm-none-eabi/lib/thumb/v7m\libstdc++.a(tinfo.o)
                0x0801749c                std::type_info::~type_info()
 .text._ZNKSt9type_infoeqERKS_
                0x080174b0       0x38 d:/elektronik/ides/eclipse/yagarto/bin/../lib/gcc/arm-none-eabi/4.6.2/../../../../arm-none-eabi/lib/thumb/v7m\libstdc++.a(tinfo.o)
                0x080174b0                std::type_info::operator==(std::type_info const&) const
 .text._ZNKSt9type_info10__do_catchEPKS_PPvj
                0x080174e8        0x4 d:/elektronik/ides/eclipse/yagarto/bin/../lib/gcc/arm-none-eabi/4.6.2/../../../../arm-none-eabi/lib/thumb/v7m\libstdc++.a(tinfo.o)
                0x080174e8                std::type_info::__do_catch(std::type_info const*, void**, unsigned int) const
 .text._ZNKSt10bad_typeid4whatEv
                0x080174ec        0xc d:/elektronik/ides/eclipse/yagarto/bin/../lib/gcc/arm-none-eabi/4.6.2/../../../../arm-none-eabi/lib/thumb/v7m\libstdc++.a(bad_typeid.o)
                0x080174ec                std::bad_typeid::what() const
 .text._ZNSt10bad_typeidD2Ev
                0x080174f8       0x14 d:/elektronik/ides/eclipse/yagarto/bin/../lib/gcc/arm-none-eabi/4.6.2/../../../../arm-none-eabi/lib/thumb/v7m\libstdc++.a(bad_typeid.o)
                0x080174f8                std::bad_typeid::~bad_typeid()
                0x080174f8                std::bad_typeid::~bad_typeid()
 .text._ZNSt10bad_typeidD0Ev
                0x0801750c       0x1c d:/elektronik/ides/eclipse/yagarto/bin/../lib/gcc/arm-none-eabi/4.6.2/../../../../arm-none-eabi/lib/thumb/v7m\libstdc++.a(bad_typeid.o)
                0x0801750c                std::bad_typeid::~bad_typeid()
 .text._ZNK10__cxxabiv117__class_type_info11__do_upcastEPKS0_PPv
                0x08017528       0x38 d:/elektronik/ides/eclipse/yagarto/bin/../lib/gcc/arm-none-eabi/4.6.2/../../../../arm-none-eabi/lib/thumb/v7m\libstdc++.a(class_type_info.o)
                0x08017528                __cxxabiv1::__class_type_info::__do_upcast(__cxxabiv1::__class_type_info const*, void**) const
 .text._ZNK10__cxxabiv117__class_type_info20__do_find_public_srcEiPKvPKS0_S2_
                0x08017560        0xc d:/elektronik/ides/eclipse/yagarto/bin/../lib/gcc/arm-none-eabi/4.6.2/../../../../arm-none-eabi/lib/thumb/v7m\libstdc++.a(class_type_info.o)
                0x08017560                __cxxabiv1::__class_type_info::__do_find_public_src(int, void const*, __cxxabiv1::__class_type_info const*, void const*) const
 .text._ZNK10__cxxabiv117__class_type_info11__do_upcastEPKS0_PKvRNS0_15__upcast_resultE
                0x0801756c       0x1c d:/elektronik/ides/eclipse/yagarto/bin/../lib/gcc/arm-none-eabi/4.6.2/../../../../arm-none-eabi/lib/thumb/v7m\libstdc++.a(class_type_info.o)
                0x0801756c                __cxxabiv1::__class_type_info::__do_upcast(__cxxabiv1::__class_type_info const*, void const*, __cxxabiv1::__class_type_info::__upcast_result&) const
 .text._ZN10__cxxabiv117__class_type_infoD2Ev
                0x08017588       0x14 d:/elektronik/ides/eclipse/yagarto/bin/../lib/gcc/arm-none-eabi/4.6.2/../../../../arm-none-eabi/lib/thumb/v7m\libstdc++.a(class_type_info.o)
                0x08017588                __cxxabiv1::__class_type_info::~__class_type_info()
                0x08017588                __cxxabiv1::__class_type_info::~__class_type_info()
 .text._ZN10__cxxabiv117__class_type_infoD0Ev
                0x0801759c       0x1c d:/elektronik/ides/eclipse/yagarto/bin/../lib/gcc/arm-none-eabi/4.6.2/../../../../arm-none-eabi/lib/thumb/v7m\libstdc++.a(class_type_info.o)
                0x0801759c                __cxxabiv1::__class_type_info::~__class_type_info()
 .text._ZNK10__cxxabiv117__class_type_info12__do_dyncastEiNS0_10__sub_kindEPKS0_PKvS3_S5_RNS0_16__dyncast_resultE
                0x080175b8       0x3c d:/elektronik/ides/eclipse/yagarto/bin/../lib/gcc/arm-none-eabi/4.6.2/../../../../arm-none-eabi/lib/thumb/v7m\libstdc++.a(class_type_info.o)
                0x080175b8                __cxxabiv1::__class_type_info::__do_dyncast(int, __cxxabiv1::__class_type_info::__sub_kind, __cxxabiv1::__class_type_info const*, void const*, __cxxabiv1::__class_type_info const*, void const*, __cxxabiv1::__class_type_info::__dyncast_result&) const
 .text._ZNK10__cxxabiv117__class_type_info10__do_catchEPKSt9type_infoPPvj
                0x080175f4       0x28 d:/elektronik/ides/eclipse/yagarto/bin/../lib/gcc/arm-none-eabi/4.6.2/../../../../arm-none-eabi/lib/thumb/v7m\libstdc++.a(class_type_info.o)
                0x080175f4                __cxxabiv1::__class_type_info::__do_catch(std::type_info const*, void**, unsigned int) const
 .text.__cxa_allocate_exception
                0x0801761c       0x64 d:/elektronik/ides/eclipse/yagarto/bin/../lib/gcc/arm-none-eabi/4.6.2/../../../../arm-none-eabi/lib/thumb/v7m\libstdc++.a(eh_alloc.o)
                0x0801761c                __cxa_allocate_exception
 .text.__cxa_free_exception
                0x08017680       0x34 d:/elektronik/ides/eclipse/yagarto/bin/../lib/gcc/arm-none-eabi/4.6.2/../../../../arm-none-eabi/lib/thumb/v7m\libstdc++.a(eh_alloc.o)
                0x08017680                __cxa_free_exception
 .text._ZNK10__cxxabiv117__pbase_type_info15__pointer_catchEPKS0_PPvj
                0x080176b4       0x14 d:/elektronik/ides/eclipse/yagarto/bin/../lib/gcc/arm-none-eabi/4.6.2/../../../../arm-none-eabi/lib/thumb/v7m\libstdc++.a(pbase_type_info.o)
                0x080176b4                __cxxabiv1::__pbase_type_info::__pointer_catch(__cxxabiv1::__pbase_type_info const*, void**, unsigned int) const
 .text._ZN10__cxxabiv117__pbase_type_infoD2Ev
                0x080176c8       0x14 d:/elektronik/ides/eclipse/yagarto/bin/../lib/gcc/arm-none-eabi/4.6.2/../../../../arm-none-eabi/lib/thumb/v7m\libstdc++.a(pbase_type_info.o)
                0x080176c8                __cxxabiv1::__pbase_type_info::~__pbase_type_info()
                0x080176c8                __cxxabiv1::__pbase_type_info::~__pbase_type_info()
 .text._ZN10__cxxabiv117__pbase_type_infoD0Ev
                0x080176dc       0x1c d:/elektronik/ides/eclipse/yagarto/bin/../lib/gcc/arm-none-eabi/4.6.2/../../../../arm-none-eabi/lib/thumb/v7m\libstdc++.a(pbase_type_info.o)
                0x080176dc                __cxxabiv1::__pbase_type_info::~__pbase_type_info()
 .text._ZNK10__cxxabiv117__pbase_type_info10__do_catchEPKSt9type_infoPPvj
                0x080176f8       0x6c d:/elektronik/ides/eclipse/yagarto/bin/../lib/gcc/arm-none-eabi/4.6.2/../../../../arm-none-eabi/lib/thumb/v7m\libstdc++.a(pbase_type_info.o)
                0x080176f8                __cxxabiv1::__pbase_type_info::__do_catch(std::type_info const*, void**, unsigned int) const
 *(.rodata)
 .rodata        0x08017764        0x8 ./Menue/CMenue.o
 .rodata        0x0801776c       0x30 ./FreeRTOS_EC/Source/CTask.o
 .rodata        0x0801779c       0x74 ./FreeRTOS/Source/tasks.o
 .rodata        0x08017810       0x34 ./Fatfs/FatFs/src/ff.o
 .rodata        0x08017844       0x18 ./Fatfs/CFileHandler.o
 .rodata        0x0801785c       0x24 ./main.o
 .rodata        0x08017880      0xdd8 d:/elektronik/ides/eclipse/yagarto/bin/../lib/gcc/arm-none-eabi/4.6.2/../../../../arm-none-eabi/lib/thumb/v7m\libstdc++.a(cp-demangle.o)
 .rodata        0x08018658        0x4 d:/elektronik/ides/eclipse/yagarto/bin/../lib/gcc/arm-none-eabi/4.6.2/../../../../arm-none-eabi/lib/thumb/v7m\libg.a(lib_a-impure.o)
                0x08018658                _global_impure_ptr
 .rodata        0x0801865c       0x20 d:/elektronik/ides/eclipse/yagarto/bin/../lib/gcc/arm-none-eabi/4.6.2/../../../../arm-none-eabi/lib/thumb/v7m\libg.a(lib_a-svfprintf.o)
 .rodata        0x0801867c       0x20 d:/elektronik/ides/eclipse/yagarto/bin/../lib/gcc/arm-none-eabi/4.6.2/../../../../arm-none-eabi/lib/thumb/v7m\libg.a(lib_a-vfiprintf.o)
 *fill*         0x0801869c        0x4 00
 .rodata        0x080186a0      0x128 d:/elektronik/ides/eclipse/yagarto/bin/../lib/gcc/arm-none-eabi/4.6.2/../../../../arm-none-eabi/lib/thumb/v7m\libg.a(lib_a-mprec.o)
                0x080186b0                __mprec_tens
                0x08018778                __mprec_tinytens
                0x080187a0                __mprec_bigtens
 .rodata        0x080187c8       0x20 d:/elektronik/ides/eclipse/yagarto/bin/../lib/gcc/arm-none-eabi/4.6.2/../../../../arm-none-eabi/lib/thumb/v7m\libg.a(lib_a-svfiprintf.o)
 *(.rodata*)
 .rodata.GPIO_PIN
                0x080187e8        0x8 ./STM32F4-Discovery/stm32f4_discovery.o
                0x080187e8                GPIO_PIN
 .rodata.GPIO_CLK
                0x080187f0       0x10 ./STM32F4-Discovery/stm32f4_discovery.o
                0x080187f0                GPIO_CLK
 .rodata._ZTV6CMenue
                0x08018800       0x28 ./Menue/CMenue.o
                0x08018800                vtable for CMenue
 .rodata._ZL12c_FontNative
                0x08018828       0x18 ./Menue/CMenue.o
 .rodata._ZTV11CGraphicLCD
                0x08018840       0x38 ./GraphicLCD/CGraphicLCD.o
                0x08018840                vtable for CGraphicLCD
 .rodata._ZTV13CT6963CDriver
                0x08018878       0x48 ./GraphicLCD/CT6963CDriver.o
                0x08018878                vtable for CT6963CDriver
 .rodata._ZTV21CT6963_GPIO_Interface
                0x080188c0       0x48 ./GraphicLCD/CT6963GPIOInterface.o
                0x080188c0                vtable for CT6963_GPIO_Interface
 .rodata._ZTV12AManagedTask
                0x08018908       0x28 ./FreeRTOS_EC/Source/AManagedTask.o
                0x08018908                vtable for AManagedTask
 .rodata._ZTV12IFreeRTOSObj
                0x08018930       0x18 ./FreeRTOS_EC/Source/ASyncObject.o
                0x08018930                vtable for IFreeRTOSObj
 .rodata._ZTV5CTask
                0x08018948       0x20 ./FreeRTOS_EC/Source/CTask.o
                0x08018948                vtable for CTask
 .rodata._ZZN5CTask6AttachEPvE19__PRETTY_FUNCTION__
                0x08018968       0x2c ./FreeRTOS_EC/Source/CTask.o
 .rodata.fatstr.1639
                0x08018994        0x4 ./Fatfs/FatFs/src/ff.o
 .rodata._ZTV12CFileHandler
                0x08018998       0x28 ./Fatfs/CFileHandler.o
                0x08018998                vtable for CFileHandler
 .rodata._ZTV24CLedHeartBeatSTM32F4Disc
                0x080189c0       0x28 ./CLedHeartBeatSTM32F4Disc.o
                0x080189c0                vtable for CLedHeartBeatSTM32F4Disc
 .rodata.str1.4
                0x080189e8       0x1c d:/elektronik/ides/eclipse/yagarto/bin/../lib/gcc/arm-none-eabi/4.6.2/../../../../arm-none-eabi/lib/thumb/v7m\libstdc++.a(pure.o)
 .rodata.str1.4
                0x08018a04       0x94 d:/elektronik/ides/eclipse/yagarto/bin/../lib/gcc/arm-none-eabi/4.6.2/../../../../arm-none-eabi/lib/thumb/v7m\libstdc++.a(vterminate.o)
 .rodata._ZTVSt9exception
                0x08018a98       0x18 d:/elektronik/ides/eclipse/yagarto/bin/../lib/gcc/arm-none-eabi/4.6.2/../../../../arm-none-eabi/lib/thumb/v7m\libstdc++.a(eh_exception.o)
                0x08018a98                vtable for std::exception
 .rodata._ZTIN10__cxxabiv115__forced_unwindE
                0x08018ab0        0x8 d:/elektronik/ides/eclipse/yagarto/bin/../lib/gcc/arm-none-eabi/4.6.2/../../../../arm-none-eabi/lib/thumb/v7m\libstdc++.a(eh_exception.o)
                0x08018ab0                typeinfo for __cxxabiv1::__forced_unwind
 .rodata._ZTISt9exception
                0x08018ab8        0x8 d:/elektronik/ides/eclipse/yagarto/bin/../lib/gcc/arm-none-eabi/4.6.2/../../../../arm-none-eabi/lib/thumb/v7m\libstdc++.a(eh_exception.o)
                0x08018ab8                typeinfo for std::exception
 .rodata._ZTSSt13bad_exception
                0x08018ac0       0x14 d:/elektronik/ides/eclipse/yagarto/bin/../lib/gcc/arm-none-eabi/4.6.2/../../../../arm-none-eabi/lib/thumb/v7m\libstdc++.a(eh_exception.o)
                0x08018ac0                typeinfo name for std::bad_exception
 .rodata.str1.4
                0x08018ad4       0x23 d:/elektronik/ides/eclipse/yagarto/bin/../lib/gcc/arm-none-eabi/4.6.2/../../../../arm-none-eabi/lib/thumb/v7m\libstdc++.a(eh_exception.o)
                                 0x24 (size before relaxing)
 *fill*         0x08018af7        0x1 00
 .rodata._ZTSN10__cxxabiv119__foreign_exceptionE