Archive member included because of file (symbol)

d:/elektronik/ides/chibistudio/tools/gnu tools arm embedded/4.6 2012q2/bin/../lib/gcc/arm-none-eabi/4.6.2/../../../../arm-none-eabi/lib/armv7e-m\libstdc++.a(atexit_arm.o)
                              ./main.o (__aeabi_atexit)
d:/elektronik/ides/chibistudio/tools/gnu tools arm embedded/4.6 2012q2/bin/../lib/gcc/arm-none-eabi/4.6.2/../../../../arm-none-eabi/lib/armv7e-m\libg.a(lib_a-assert.o)
                              ./FreeRTOS_EC/Source/ASyncObject.o (__assert_func)
d:/elektronik/ides/chibistudio/tools/gnu tools arm embedded/4.6 2012q2/bin/../lib/gcc/arm-none-eabi/4.6.2/../../../../arm-none-eabi/lib/armv7e-m\libg.a(lib_a-atexit.o)
                              d:/elektronik/ides/chibistudio/tools/gnu tools arm embedded/4.6 2012q2/bin/../lib/gcc/arm-none-eabi/4.6.2/../../../../arm-none-eabi/lib/armv7e-m/crt0.o (atexit)
d:/elektronik/ides/chibistudio/tools/gnu tools arm embedded/4.6 2012q2/bin/../lib/gcc/arm-none-eabi/4.6.2/../../../../arm-none-eabi/lib/armv7e-m\libg.a(lib_a-cxa_atexit.o)
                              d:/elektronik/ides/chibistudio/tools/gnu tools arm embedded/4.6 2012q2/bin/../lib/gcc/arm-none-eabi/4.6.2/../../../../arm-none-eabi/lib/armv7e-m\libstdc++.a(atexit_arm.o) (__cxa_atexit)
d:/elektronik/ides/chibistudio/tools/gnu tools arm embedded/4.6 2012q2/bin/../lib/gcc/arm-none-eabi/4.6.2/../../../../arm-none-eabi/lib/armv7e-m\libg.a(lib_a-exit.o)
                              d:/elektronik/ides/chibistudio/tools/gnu tools arm embedded/4.6 2012q2/bin/../lib/gcc/arm-none-eabi/4.6.2/../../../../arm-none-eabi/lib/armv7e-m/crt0.o (exit)
d:/elektronik/ides/chibistudio/tools/gnu tools arm embedded/4.6 2012q2/bin/../lib/gcc/arm-none-eabi/4.6.2/../../../../arm-none-eabi/lib/armv7e-m\libg.a(lib_a-fini.o)
                              d:/elektronik/ides/chibistudio/tools/gnu tools arm embedded/4.6 2012q2/bin/../lib/gcc/arm-none-eabi/4.6.2/../../../../arm-none-eabi/lib/armv7e-m/crt0.o (__libc_fini_array)
d:/elektronik/ides/chibistudio/tools/gnu tools arm embedded/4.6 2012q2/bin/../lib/gcc/arm-none-eabi/4.6.2/../../../../arm-none-eabi/lib/armv7e-m\libg.a(lib_a-fiprintf.o)
                              d:/elektronik/ides/chibistudio/tools/gnu tools arm embedded/4.6 2012q2/bin/../lib/gcc/arm-none-eabi/4.6.2/../../../../arm-none-eabi/lib/armv7e-m\libg.a(lib_a-assert.o) (fiprintf)
d:/elektronik/ides/chibistudio/tools/gnu tools arm embedded/4.6 2012q2/bin/../lib/gcc/arm-none-eabi/4.6.2/../../../../arm-none-eabi/lib/armv7e-m\libg.a(lib_a-gmtime.o)
                              ./Clock/CRTCTime.o (gmtime)
d:/elektronik/ides/chibistudio/tools/gnu tools arm embedded/4.6 2012q2/bin/../lib/gcc/arm-none-eabi/4.6.2/../../../../arm-none-eabi/lib/armv7e-m\libg.a(lib_a-gmtime_r.o)
                              d:/elektronik/ides/chibistudio/tools/gnu tools arm embedded/4.6 2012q2/bin/../lib/gcc/arm-none-eabi/4.6.2/../../../../arm-none-eabi/lib/armv7e-m\libg.a(lib_a-gmtime.o) (gmtime_r)
d:/elektronik/ides/chibistudio/tools/gnu tools arm embedded/4.6 2012q2/bin/../lib/gcc/arm-none-eabi/4.6.2/../../../../arm-none-eabi/lib/armv7e-m\libg.a(lib_a-impure.o)
                              d:/elektronik/ides/chibistudio/tools/gnu tools arm embedded/4.6 2012q2/bin/../lib/gcc/arm-none-eabi/4.6.2/../../../../arm-none-eabi/lib/armv7e-m\libg.a(lib_a-exit.o) (_global_impure_ptr)
d:/elektronik/ides/chibistudio/tools/gnu tools arm embedded/4.6 2012q2/bin/../lib/gcc/arm-none-eabi/4.6.2/../../../../arm-none-eabi/lib/armv7e-m\libg.a(lib_a-init.o)
                              d:/elektronik/ides/chibistudio/tools/gnu tools arm embedded/4.6 2012q2/bin/../lib/gcc/arm-none-eabi/4.6.2/../../../../arm-none-eabi/lib/armv7e-m/crt0.o (__libc_init_array)
d:/elektronik/ides/chibistudio/tools/gnu tools arm embedded/4.6 2012q2/bin/../lib/gcc/arm-none-eabi/4.6.2/../../../../arm-none-eabi/lib/armv7e-m\libg.a(lib_a-malloc.o)
                              ./FreeRTOS/Source/croutine.o (malloc)
d:/elektronik/ides/chibistudio/tools/gnu tools arm embedded/4.6 2012q2/bin/../lib/gcc/arm-none-eabi/4.6.2/../../../../arm-none-eabi/lib/armv7e-m\libg.a(lib_a-mallocr.o)
                              d:/elektronik/ides/chibistudio/tools/gnu tools arm embedded/4.6 2012q2/bin/../lib/gcc/arm-none-eabi/4.6.2/../../../../arm-none-eabi/lib/armv7e-m\libg.a(lib_a-malloc.o) (_malloc_r)
d:/elektronik/ides/chibistudio/tools/gnu tools arm embedded/4.6 2012q2/bin/../lib/gcc/arm-none-eabi/4.6.2/../../../../arm-none-eabi/lib/armv7e-m\libg.a(lib_a-memcpy.o)
                              ./HelixMP3/mp3dec.o (memcpy)
d:/elektronik/ides/chibistudio/tools/gnu tools arm embedded/4.6 2012q2/bin/../lib/gcc/arm-none-eabi/4.6.2/../../../../arm-none-eabi/lib/armv7e-m\libg.a(lib_a-memmove.o)
                              ./HelixMP3/mp3dec.o (memmove)
[...]
Memory Configuration

Name             Origin             Length             Attributes
FLASH            0x08000000         0x00100000         xr
RAM              0x20000000         0x00020000         xrw
MEMORY_B1        0x60000000         0x00000000         xr
*default*        0x00000000         0xffffffff

Linker script and memory map

LOAD d:/elektronik/ides/chibistudio/tools/gnu tools arm embedded/4.6 2012q2/bin/../lib/gcc/arm-none-eabi/4.6.2/armv7e-m/crti.o
LOAD d:/elektronik/ides/chibistudio/tools/gnu tools arm embedded/4.6 2012q2/bin/../lib/gcc/arm-none-eabi/4.6.2/armv7e-m/crtbegin.o
LOAD d:/elektronik/ides/chibistudio/tools/gnu tools arm embedded/4.6 2012q2/bin/../lib/gcc/arm-none-eabi/4.6.2/../../../../arm-none-eabi/lib/armv7e-m/crt0.o
LOAD ./STM32_USB_OTG_Driver/src/usb_core.o
LOAD ./STM32_USB_OTG_Driver/src/usb_hcd.o
LOAD ./STM32_USB_OTG_Driver/src/usb_hcd_int.o
LOAD ./STM32_USB_HOST_Library/Core/src/usbh_core.o
LOAD ./STM32_USB_HOST_Library/Core/src/usbh_hcs.o
LOAD ./STM32_USB_HOST_Library/Core/src/usbh_ioreq.o
LOAD ./STM32_USB_HOST_Library/Core/src/usbh_stdreq.o
LOAD ./STM32_USB_HOST_Library/Class/MSC/src/usbh_msc_bot.o
LOAD ./STM32_USB_HOST_Library/Class/MSC/src/usbh_msc_core.o
LOAD ./STM32_USB_HOST_Library/Class/MSC/src/usbh_msc_fatfs.o
LOAD ./STM32_USB_HOST_Library/Class/MSC/src/usbh_msc_scsi.o
LOAD ./STM32F4xx_StdPeriph_Driver/src/misc.o
LOAD ./STM32F4xx_StdPeriph_Driver/src/stm32f4xx_adc.o
LOAD ./STM32F4xx_StdPeriph_Driver/src/stm32f4xx_dac.o
LOAD ./STM32F4xx_StdPeriph_Driver/src/stm32f4xx_dbgmcu.o
LOAD ./STM32F4xx_StdPeriph_Driver/src/stm32f4xx_dma.o
LOAD ./STM32F4xx_StdPeriph_Driver/src/stm32f4xx_exti.o
LOAD ./STM32F4xx_StdPeriph_Driver/src/stm32f4xx_flash.o
LOAD ./STM32F4xx_StdPeriph_Driver/src/stm32f4xx_fsmc.o
LOAD ./STM32F4xx_StdPeriph_Driver/src/stm32f4xx_gpio.o
LOAD ./STM32F4xx_StdPeriph_Driver/src/stm32f4xx_i2c.o
LOAD ./STM32F4xx_StdPeriph_Driver/src/stm32f4xx_iwdg.o
LOAD ./STM32F4xx_StdPeriph_Driver/src/stm32f4xx_pwr.o
LOAD ./STM32F4xx_StdPeriph_Driver/src/stm32f4xx_rcc.o
LOAD ./STM32F4xx_StdPeriph_Driver/src/stm32f4xx_rng.o
LOAD ./STM32F4xx_StdPeriph_Driver/src/stm32f4xx_rtc.o
LOAD ./STM32F4xx_StdPeriph_Driver/src/stm32f4xx_sdio.o
LOAD ./STM32F4xx_StdPeriph_Driver/src/stm32f4xx_spi.o
LOAD ./STM32F4xx_StdPeriph_Driver/src/stm32f4xx_syscfg.o
LOAD ./STM32F4xx_StdPeriph_Driver/src/stm32f4xx_tim.o
LOAD ./STM32F4xx_StdPeriph_Driver/src/stm32f4xx_usart.o
LOAD ./STM32F4xx_StdPeriph_Driver/src/stm32f4xx_wwdg.o
LOAD ./STM32F4-Discovery/stm32f4_discovery.o
LOAD ./STM32F4-Discovery/stm32f4_discovery_audio_codec.o
LOAD ./STM32F4-Discovery/stm32f4_discovery_lis302dl.o
LOAD ./Menue/CMenue.o
LOAD ./HelixMP3/real/bitstream.o
LOAD ./HelixMP3/real/buffers.o
LOAD ./HelixMP3/real/dct32.o
LOAD ./HelixMP3/real/dequant.o
LOAD ./HelixMP3/real/dqchan.o
LOAD ./HelixMP3/real/huffman.o
LOAD ./HelixMP3/real/hufftabs.o
LOAD ./HelixMP3/real/imdct.o
LOAD ./HelixMP3/real/polyphase.o
LOAD ./HelixMP3/real/scalfact.o
LOAD ./HelixMP3/real/stproc.o
LOAD ./HelixMP3/real/subband.o
LOAD ./HelixMP3/real/trigtabs.o
LOAD ./HelixMP3/mp3dec.o
LOAD ./HelixMP3/mp3tabs.o
LOAD ./GraphicLCD/CGraphicLCD.o
LOAD ./GraphicLCD/CT6963CDriver.o
LOAD ./GraphicLCD/CT6963GPIOInterface.o
LOAD ./GraphicLCD/SansSerif12.o
LOAD ./GraphicLCD/SansSerif26.o
LOAD ./FreeRTOS_EC/Source/AManagedTask.o
LOAD ./FreeRTOS_EC/Source/ASyncObject.o
LOAD ./FreeRTOS_EC/Source/ATimer.o
LOAD ./FreeRTOS_EC/Source/CBinarySemaphore.o
LOAD ./FreeRTOS_EC/Source/CCountingSemaphore.o
LOAD ./FreeRTOS_EC/Source/CFreeRTOS.o
LOAD ./FreeRTOS_EC/Source/CMessageTask.o
LOAD ./FreeRTOS_EC/Source/CMutex.o
LOAD ./FreeRTOS_EC/Source/CQueue.o
LOAD ./FreeRTOS_EC/Source/CRecursiveMutex.o
LOAD ./FreeRTOS_EC/Source/CTask.o
LOAD ./FreeRTOS/Source/portable/GCC/ARM_CM4F/port.o
LOAD ./FreeRTOS/Source/croutine.o
LOAD ./FreeRTOS/Source/list.o
LOAD ./FreeRTOS/Source/queue.o
LOAD ./FreeRTOS/Source/tasks.o
LOAD ./FreeRTOS/Source/timers.o
LOAD ./Clock/CRTCHandler.o
LOAD ./Clock/CRTCTime.o
LOAD ./Clock/CRTCTime_test.o
LOAD ./Clock/CTime.o
LOAD ./Clock/CTime_test.o
LOAD ./Audio_MP3/USB_MSC/CUSBMassStorage.o
LOAD ./Audio_MP3/USB_MSC/usb_bsp.o
LOAD ./Audio_MP3/USB_MSC/usbh_usr.o
LOAD ./Audio_MP3/FatFs/src/option/syscall.o
LOAD ./Audio_MP3/FatFs/src/ff.o
LOAD ./Audio_MP3/CFileHandler.o
LOAD ./Audio_MP3/fattime.o
LOAD ./CLedHeartBeatSTM32F4Disc.o
LOAD ./LibraryHacks.o
LOAD ./main.o
LOAD ./startup_stm32f4xx.o
LOAD ./stm32f4xx_it.o
LOAD ./syscalls.o
LOAD ./system_stm32f4xx.o
LOAD ./ustime.o
LOAD d:/elektronik/ides/chibistudio/tools/gnu tools arm embedded/4.6 2012q2/bin/../lib/gcc/arm-none-eabi/4.6.2/../../../../arm-none-eabi/lib/armv7e-m\libstdc++.a
LOAD d:/elektronik/ides/chibistudio/tools/gnu tools arm embedded/4.6 2012q2/bin/../lib/gcc/arm-none-eabi/4.6.2/../../../../arm-none-eabi/lib/armv7e-m\libm.a
START GROUP
LOAD d:/elektronik/ides/chibistudio/tools/gnu tools arm embedded/4.6 2012q2/bin/../lib/gcc/arm-none-eabi/4.6.2/armv7e-m\libgcc.a
LOAD d:/elektronik/ides/chibistudio/tools/gnu tools arm embedded/4.6 2012q2/bin/../lib/gcc/arm-none-eabi/4.6.2/../../../../arm-none-eabi/lib/armv7e-m\libg.a
LOAD d:/elektronik/ides/chibistudio/tools/gnu tools arm embedded/4.6 2012q2/bin/../lib/gcc/arm-none-eabi/4.6.2/../../../../arm-none-eabi/lib/armv7e-m\libc.a
END GROUP
LOAD d:/elektronik/ides/chibistudio/tools/gnu tools arm embedded/4.6 2012q2/bin/../lib/gcc/arm-none-eabi/4.6.2/armv7e-m/crtend.o
LOAD d:/elektronik/ides/chibistudio/tools/gnu tools arm embedded/4.6 2012q2/bin/../lib/gcc/arm-none-eabi/4.6.2/armv7e-m/crtn.o
                0x20020000                _estack = 0x20020000
                0x00000000                _Min_Heap_Size = 0x0
                0x00000400                _Min_Stack_Size = 0x400

.isr_vector     0x08000000      0x188
                0x08000000                . = ALIGN (0x4)
 *(.isr_vector)
 .isr_vector    0x08000000      0x188 ./startup_stm32f4xx.o
                0x08000000                g_pfnVectors
                0x08000188                . = ALIGN (0x4)

.text           0x08000188    0x330fc
                0x08000188                . = ALIGN (0x4)
 *(.text)
 .text          0x08000188       0x54 d:/elektronik/ides/chibistudio/tools/gnu tools arm embedded/4.6 2012q2/bin/../lib/gcc/arm-none-eabi/4.6.2/armv7e-m/crtbegin.o
 .text          0x080001dc     0x135c ./STM32_USB_OTG_Driver/src/usb_core.o
                0x080002c8                USB_OTG_WritePacket
                0x0800034c                USB_OTG_ReadPacket
                0x080003b4                USB_OTG_SelectCore
                0x08000578                USB_OTG_CoreInit
                0x08000778                USB_OTG_EnableGlobalInt
                0x080007b4                USB_OTG_DisableGlobalInt
                0x080007f4                USB_OTG_FlushTxFifo
                0x08000874                USB_OTG_FlushRxFifo
                0x080008e0                USB_OTG_SetCurrentMode
                0x08000944                USB_OTG_GetMode
                0x08000964                USB_OTG_IsDeviceMode
                0x08000988                USB_OTG_IsHostMode
                0x080009ac                USB_OTG_ReadCoreItr
                0x080009dc                USB_OTG_ReadOtgItr
                0x080009f8                USB_OTG_CoreInitHost
                0x08000b70                USB_OTG_IsEvenFrame
                0x08000b98                USB_OTG_DriveVbus
                0x08000c18                USB_OTG_EnableHostInt
                0x08000ca4                USB_OTG_InitFSLSPClkSel
                0x08000cdc                USB_OTG_ReadHPRT0
                0x08000d1c                USB_OTG_ReadHostAllChannels_intr
                0x08000d38                USB_OTG_ResetPort
                0x08000d8c                USB_OTG_HC_Init
                0x08001064                USB_OTG_HC_StartXfer
                0x08001374                USB_OTG_HC_Halt
                0x08001420                USB_OTG_HC_DoPing
                0x080014a8                USB_OTG_StopHost
 .text          0x08001538      0x200 ./STM32_USB_OTG_Driver/src/usb_hcd.o
                0x08001538                HCD_Init
                0x080015e0                HCD_GetCurrentSpeed
                0x08001608                HCD_ResetPort
                0x08001624                HCD_IsDeviceConnected
                0x08001640                HCD_GetCurrentFrame
                0x08001664                HCD_GetURB_State
                0x08001688                HCD_GetXferCnt
                0x080016ac                HCD_GetHCState
                0x080016d0                HCD_HC_Init
                0x080016f4                HCD_SubmitRequest
 .text          0x08001738     0x1490 ./STM32_USB_OTG_Driver/src/usb_hcd_int.o
                0x08001738                USBH_OTG_ISR_Handler
 .text          0x08002bc8      0xb14 ./STM32_USB_HOST_Library/Core/src/usbh_core.o
                0x08002bc8                USBH_Connect
                0x08002bf8                USBH_Disconnect
                0x08002c28                USBH_Init
                0x08002ca4                USBH_DeInit
                0x08002d18                USBH_Process
                0x08002fac                USBH_ErrorHandle
                0x08003330                USBH_HandleControl
 .text          0x080036dc      0x2d4 ./STM32_USB_HOST_Library/Core/src/usbh_hcs.o
                0x080036dc                USBH_Open_Channel
                0x080037e4                USBH_Modify_Channel
                0x08003880                USBH_Alloc_Channel
                0x080038cc                USBH_Free_Channel
                0x08003918                USBH_DeAllocate_AllChannel
 .text          0x080039b0      0x598 ./STM32_USB_HOST_Library/Core/src/usbh_ioreq.o
                0x080039b0                USBH_CtlReq
                0x08003a58                USBH_CtlSendSetup
                0x08003ad4                USBH_CtlSendData
                0x08003b98                USBH_CtlReceiveData
                0x08003c14                USBH_BulkSendData
                0x08003cbc                USBH_BulkReceiveData
                0x08003d64                USBH_InterruptReceiveData
                0x08003e34                USBH_InterruptSendData
 .text          0x08003f48      0x658 ./STM32_USB_HOST_Library/Core/src/usbh_stdreq.o
                0x08003f48                USBH_Get_DevDesc
                0x08003fa4                USBH_Get_CfgDesc
                0x08004004                USBH_Get_StringDesc
                0x08004060                USBH_GetDescriptor
                0x080040c4                USBH_SetAddress
                0x08004118                USBH_SetCfg
                0x08004168                USBH_ClrFeature
 .text          0x080045a0      0x7d0 ./STM32_USB_HOST_Library/Class/MSC/src/usbh_msc_bot.o
                0x080045a0                USBH_MSC_Init
                0x08004618                USBH_MSC_HandleBOTXfer
                0x08004bfc                USBH_MSC_BOT_Abort
                0x08004c9c                USBH_MSC_DecodeCSW
 .text          0x08004d70      0x658 ./STM32_USB_HOST_Library/Class/MSC/src/usbh_msc_core.o
                0x08005344                USBH_MSC_ErrorHandle
 .text          0x080053c8      0x2c4 ./STM32_USB_HOST_Library/Class/MSC/src/usbh_msc_fatfs.o
                0x080053c8                disk_initialize
                0x08005418                disk_status
                0x08005448                disk_read
                0x08005504                disk_write
                0x080055dc                disk_ioctl
 .text          0x0800568c      0xabc ./STM32_USB_HOST_Library/Class/MSC/src/usbh_msc_scsi.o
                0x0800568c                USBH_MSC_TestUnitReady
                0x08005808                USBH_MSC_ReadCapacity10
                0x080059e4                USBH_MSC_ModeSense6
                0x08005b9c                USBH_MSC_RequestSense
                0x08005d80                USBH_MSC_Write10
                0x08005f44                USBH_MSC_Read10
 .text          0x08006148      0x1dc ./STM32F4xx_StdPeriph_Driver/src/misc.o
                0x08006148                NVIC_PriorityGroupConfig
                0x08006170                NVIC_Init
                0x08006254                NVIC_SetVectorTable
                0x08006280                NVIC_SystemLPConfig
                0x080062d8                SysTick_CLKSourceConfig
 .text          0x08006324      0x530 ./STM32F4xx_StdPeriph_Driver/src/stm32f4xx_dac.o
                0x08006324                DAC_DeInit
                0x08006344                DAC_Init
                0x080063b8                DAC_StructInit
                0x080063ec                DAC_Cmd
                0x08006454                DAC_SoftwareTriggerCmd
                0x080064c4                DAC_DualSoftwareTriggerCmd
                0x08006510                DAC_WaveGenerationCmd
                0x08006574                DAC_SetChannel1Data
                0x080065ac                DAC_SetChannel2Data
                0x080065e4                DAC_SetDualChannelData
                0x08006648                DAC_GetDataOutputValue
                0x08006684                DAC_DMACmd
                0x080066ec                DAC_ITConfig
                0x08006750                DAC_GetFlagStatus
                0x08006798                DAC_ClearFlag
                0x080067c0                DAC_GetITStatus
                0x0800682c                DAC_ClearITPendingBit
 .text          0x08006854      0x820 ./STM32F4xx_StdPeriph_Driver/src/stm32f4xx_dma.o
                0x08006854                DMA_DeInit
                0x08006a98                DMA_Init
                0x08006b48                DMA_StructInit
                0x08006bd4                DMA_Cmd
                0x08006c0c                DMA_PeriphIncOffsetSizeConfig
                0x08006c40                DMA_FlowControllerConfig
                0x08006c74                DMA_SetCurrDataCounter
                0x08006c90                DMA_GetCurrDataCounter
                0x08006cac                DMA_DoubleBufferModeConfig
                0x08006ce8                DMA_DoubleBufferModeCmd
                0x08006d20                DMA_MemoryTargetConfig
                0x08006d4c                DMA_GetCurrentMemoryTarget
                0x08006d84                DMA_GetCmdStatus
                0x08006dbc                DMA_GetFIFOStatus
                0x08006de4                DMA_GetFlagStatus
                0x08006e6c                DMA_ClearFlag
                0x08006ed0                DMA_ITConfig
                0x08006f48                DMA_GetITStatus
                0x08007010                DMA_ClearITPendingBit
 .text          0x08007074      0x2d4 ./STM32F4xx_StdPeriph_Driver/src/stm32f4xx_exti.o
                0x08007074                EXTI_DeInit
                0x080070c8                EXTI_Init
                0x0800720c                EXTI_StructInit
                0x08007240                EXTI_GenerateSWInterrupt
                0x0800726c                EXTI_GetFlagStatus
                0x080072ac                EXTI_ClearFlag
                0x080072cc                EXTI_GetITStatus
                0x08007328                EXTI_ClearITPendingBit
 .text          0x08007348      0x550 ./STM32F4xx_StdPeriph_Driver/src/stm32f4xx_gpio.o
                0x08007348                GPIO_DeInit
                0x080074c0                GPIO_Init
                0x08007614                GPIO_StructInit
                0x08007650                GPIO_PinLockConfig
                0x08007694                GPIO_ReadInputDataBit
                0x080076d0                GPIO_ReadInputData
                0x080076ec                GPIO_ReadOutputDataBit
                0x08007728                GPIO_ReadOutputData
                0x08007744                GPIO_SetBits
                0x08007760                GPIO_ResetBits
                0x0800777c                GPIO_WriteBit
                0x080077ac                GPIO_Write
                0x080077c8                GPIO_ToggleBits
                0x080077ec                GPIO_PinAFConfig
 .text          0x08007898      0xa10 ./STM32F4xx_StdPeriph_Driver/src/stm32f4xx_i2c.o
                0x08007898                I2C_DeInit
                0x08007920                I2C_Init
                0x08007acc                I2C_StructInit
                0x08007b10                I2C_Cmd
                0x08007b50                I2C_GenerateSTART
                0x08007b90                I2C_GenerateSTOP
                0x08007bd0                I2C_Send7bitAddress
                0x08007c0c                I2C_AcknowledgeConfig
                0x08007c4c                I2C_OwnAddress2Config
                0x08007c90                I2C_DualAddressCmd
                0x08007cd0                I2C_GeneralCallCmd
                0x08007d10                I2C_SoftwareResetCmd
                0x08007d58                I2C_StretchClockCmd
                0x08007d98                I2C_FastModeDutyCycleConfig
                0x08007dd8                I2C_NACKPositionConfig
                0x08007e18                I2C_SMBusAlertConfig
                0x08007e58                I2C_ARPCmd
                0x08007e98                I2C_SendData
                0x08007eb8                I2C_ReceiveData
                0x08007ed4                I2C_TransmitPEC
                0x08007f14                I2C_PECPositionConfig
                0x08007f54                I2C_CalculatePEC
                0x08007f94                I2C_GetPEC
                0x08007fb8                I2C_DMACmd
                0x08007ff8                I2C_DMALastTransferCmd
                0x08008038                I2C_ReadRegister
                0x08008068                I2C_ITConfig
                0x080080b0                I2C_CheckEvent
                0x08008120                I2C_GetLastEvent
                0x0800816c                I2C_GetFlagStatus
                0x080081e4                I2C_ClearFlag
                0x08008214                I2C_GetITStatus
                0x08008278                I2C_ClearITPendingBit
 .text          0x080082a8      0x290 ./STM32F4xx_StdPeriph_Driver/src/stm32f4xx_pwr.o
                0x080082a8                PWR_DeInit
                0x080082c8                PWR_BackupAccessCmd
                0x080082e8                PWR_PVDLevelConfig
                0x08008328                PWR_PVDCmd
                0x08008348                PWR_WakeUpPinCmd
                0x08008368                PWR_BackupRegulatorCmd
                0x08008388                PWR_MainRegulatorModeConfig
                0x080083d4                PWR_FlashPowerDownCmd
                0x080083f4                PWR_EnterSTOPMode
                0x08008474                PWR_EnterSTANDBYMode
                0x080084c8                PWR_GetFlagStatus
                0x08008508                PWR_ClearFlag
 .text          0x08008538      0xdd0 ./STM32F4xx_StdPeriph_Driver/src/stm32f4xx_rcc.o
                0x08008538                RCC_DeInit
                0x080085bc                RCC_HSEConfig
                0x080085ec                RCC_WaitForHSEStartUp
                0x08008650                RCC_AdjustHSICalibrationValue
                0x08008698                RCC_HSICmd
                0x080086b8                RCC_LSEConfig
                0x08008718                RCC_LSICmd
                0x08008738                RCC_PLLConfig
                0x08008780                RCC_PLLCmd
                0x080087a0                RCC_PLLI2SConfig
                0x080087d0                RCC_PLLI2SCmd
                0x080087f0                RCC_ClockSecuritySystemCmd
                0x08008810                RCC_MCO1Config
                0x08008858                RCC_MCO2Config
                0x080088a0                RCC_SYSCLKConfig
                0x080088e0                RCC_GetSYSCLKSource
                0x08008900                RCC_HCLKConfig
                0x08008940                RCC_PCLK1Config
                0x08008980                RCC_PCLK2Config
                0x080089c4                RCC_GetClocksFreq
                0x08008b94                RCC_RTCCLKConfig
                0x08008c0c                RCC_RTCCLKCmd
                0x08008c2c                RCC_BackupResetCmd
                0x08008c4c                RCC_I2SCLKConfig
                0x08008c6c                RCC_AHB1PeriphClockCmd
                0x08008cc4                RCC_AHB2PeriphClockCmd
                0x08008d1c                RCC_AHB3PeriphClockCmd
                0x08008d74                RCC_APB1PeriphClockCmd
                0x08008dcc                RCC_APB2PeriphClockCmd
                0x08008e24                RCC_AHB1PeriphResetCmd
                0x08008e7c                RCC_AHB2PeriphResetCmd
                0x08008ed4                RCC_AHB3PeriphResetCmd
                0x08008f2c                RCC_APB1PeriphResetCmd
                0x08008f84                RCC_APB2PeriphResetCmd
                0x08008fdc                RCC_AHB1PeriphClockLPModeCmd
                0x08009034                RCC_AHB2PeriphClockLPModeCmd
                0x0800908c                RCC_AHB3PeriphClockLPModeCmd
                0x080090e4                RCC_APB1PeriphClockLPModeCmd
                0x0800913c                RCC_APB2PeriphClockLPModeCmd
                0x08009194                RCC_ITConfig
                0x080091f4                RCC_GetFlagStatus
                0x08009284                RCC_ClearFlag
                0x080092a8                RCC_GetITStatus
                0x080092e8                RCC_ClearITPendingBit
 .text          0x08009308     0x1c18 ./STM32F4xx_StdPeriph_Driver/src/stm32f4xx_rtc.o
                0x08009308                RTC_DeInit
                0x08009474                RTC_Init
                0x08009538                RTC_StructInit
                0x08009564                RTC_WriteProtectionCmd
                0x080095ac                RTC_EnterInitMode
                0x08009640                RTC_ExitInitMode
                0x08009664                RTC_WaitForSynchro
                0x08009714                RTC_RefClockCmd
                0x080097b0                RTC_BypassShadowCmd
                0x08009828                RTC_SetTime
                0x08009970                RTC_TimeStructInit
                0x080099a4                RTC_GetTime
                0x08009a50                RTC_GetSubSecond
                0x08009a80                RTC_SetDate
                0x08009bc0                RTC_DateStructInit
                0x08009bf4                RTC_GetDate
                0x08009c9c                RTC_SetAlarm
                0x08009e18                RTC_AlarmStructInit
                0x08009e64                RTC_GetAlarm
                0x08009f50                RTC_AlarmCmd
                0x0800a040                RTC_AlarmSubSecondConfig
                0x0800a0b0                RTC_GetAlarmSubSecond
                0x0800a100                RTC_WakeUpClockConfig
                0x0800a170                RTC_SetWakeUpCounter
                0x0800a1b8                RTC_GetWakeUpCounter
                0x0800a1d8                RTC_WakeUpCmd
                0x0800a2b0                RTC_DayLightSavingConfig
                0x0800a324                RTC_GetStoreOperation
                0x0800a340                RTC_OutputConfig
                0x0800a3b4                RTC_CoarseCalibConfig
                0x0800a428                RTC_CoarseCalibCmd
                0x0800a4c4                RTC_CalibOutputCmd
                0x0800a53c                RTC_CalibOutputConfig
                0x0800a5ac                RTC_SmoothCalibConfig
                0x0800a668                RTC_TimeStampCmd
                0x0800a6ec                RTC_GetTimeStamp
                0x0800a820                RTC_GetTimeStampSubSecond
                0x0800a838                RTC_TamperTriggerConfig
                0x0800a894                RTC_TamperCmd
                0x0800a8ec                RTC_TamperFilterConfig
                0x0800a930                RTC_TamperSamplingFreqConfig
                0x0800a974                RTC_TamperPinsPrechargeDuration
                0x0800a9b8                RTC_TimeStampOnTamperDetectionCmd
                0x0800aa04                RTC_TamperPullUpCmd
                0x0800aa50                RTC_WriteBackupRegister
                0x0800aa88                RTC_ReadBackupRegister
                0x0800aabc                RTC_TamperPinSelection
                0x0800ab00                RTC_TimeStampPinSelection
                0x0800ab44                RTC_OutputTypeConfig
                0x0800ab88                RTC_SynchroShiftConfig
                0x0800ac68                RTC_ITConfig
                0x0800ad30                RTC_GetFlagStatus
                0x0800ad80                RTC_ClearFlag
                0x0800adc0                RTC_GetITStatus
                0x0800ae50                RTC_ClearITPendingBit
 .text          0x0800af20      0x908 ./STM32F4xx_StdPeriph_Driver/src/stm32f4xx_spi.o
                0x0800af20                SPI_I2S_DeInit
                0x0800afa8                SPI_Init
                0x0800b030                I2S_Init
                0x0800b264                SPI_StructInit
                0x0800b2c0                I2S_StructInit
                0x0800b304                SPI_Cmd
                0x0800b344                I2S_Cmd
                0x0800b384                SPI_DataSizeConfig
                0x0800b3bc                SPI_BiDirectionalLineConfig
                0x0800b3fc                SPI_NSSInternalSoftwareConfig
                0x0800b440                SPI_SSOutputCmd
                0x0800b480                SPI_TIModeCmd
                0x0800b4c0                I2S_FullDuplexConfig
                0x0800b564                SPI_I2S_ReceiveData
                0x0800b580                SPI_I2S_SendData
                0x0800b59c                SPI_CalculateCRC
                0x0800b5dc                SPI_TransmitCRC
                0x0800b600                SPI_GetCRC
                0x0800b634                SPI_GetCRCPolynomial
                0x0800b650                SPI_I2S_DMACmd
                0x0800b698                SPI_I2S_ITConfig
                0x0800b704                SPI_I2S_GetFlagStatus
                0x0800b744                SPI_I2S_ClearFlag
                0x0800b768                SPI_I2S_GetITStatus
                0x0800b7f0                SPI_I2S_ClearITPendingBit
 .text          0x0800b828      0x170 ./STM32F4xx_StdPeriph_Driver/src/stm32f4xx_syscfg.o
                0x0800b828                SYSCFG_DeInit
                0x0800b848                SYSCFG_MemoryRemapConfig
                0x0800b868                SYSCFG_EXTILineConfig
                0x0800b91c                SYSCFG_ETH_MediaInterfaceConfig
                0x0800b93c                SYSCFG_CompensationCellCmd
                0x0800b95c                SYSCFG_GetCompensationCellStatus
 .text          0x0800b998     0x1d74 ./STM32F4xx_StdPeriph_Driver/src/stm32f4xx_tim.o
                0x0800b998                TIM_DeInit
                0x0800bbd0                TIM_TimeBaseInit
                0x0800bcc4                TIM_TimeBaseStructInit
                0x0800bd00                TIM_PrescalerConfig
                0x0800bd28                TIM_CounterModeConfig
                0x0800bd60                TIM_SetCounter
                0x0800bd7c                TIM_SetAutoreload
                0x0800bd98                TIM_GetCounter
                0x0800bdb0                TIM_GetPrescaler
                0x0800bdcc                TIM_UpdateDisableConfig
                0x0800be0c                TIM_UpdateRequestConfig
                0x0800be4c                TIM_ARRPreloadConfig
                0x0800be8c                TIM_SelectOnePulseMode
                0x0800bec4                TIM_SetClockDivision
                0x0800befc                TIM_Cmd
                0x0800bf3c                TIM_OC1Init
                0x0800c038                TIM_OC2Init
                0x0800c160                TIM_OC3Init
                0x0800c280                TIM_OC4Init
                0x0800c360                TIM_OCStructInit
                0x0800c3b4                TIM_SelectOCxM
                0x0800c474                TIM_SetCompare1
                0x0800c490                TIM_SetCompare2
                0x0800c4ac                TIM_SetCompare3
                0x0800c4c8                TIM_SetCompare4
                0x0800c4e4                TIM_ForcedOC1Config
                0x0800c51c                TIM_ForcedOC2Config
                0x0800c55c                TIM_ForcedOC3Config
                0x0800c594                TIM_ForcedOC4Config
                0x0800c5d4                TIM_OC1PreloadConfig
                0x0800c60c                TIM_OC2PreloadConfig
                0x0800c64c                TIM_OC3PreloadConfig
                0x0800c684                TIM_OC4PreloadConfig
                0x0800c6c4                TIM_OC1FastConfig
                0x0800c6fc                TIM_OC2FastConfig
                0x0800c73c                TIM_OC3FastConfig
                0x0800c774                TIM_OC4FastConfig
                0x0800c7b4                TIM_ClearOC1Ref
                0x0800c7ec                TIM_ClearOC2Ref
                0x0800c830                TIM_ClearOC3Ref
                0x0800c868                TIM_ClearOC4Ref
                0x0800c8ac                TIM_OC1PolarityConfig
                0x0800c8e4                TIM_OC1NPolarityConfig
                0x0800c91c                TIM_OC2PolarityConfig
                0x0800c95c                TIM_OC2NPolarityConfig
                0x0800c99c                TIM_OC3PolarityConfig
                0x0800c9dc                TIM_OC3NPolarityConfig
                0x0800ca1c                TIM_OC4PolarityConfig
                0x0800ca5c                TIM_CCxCmd
                0x0800cab8                TIM_CCxNCmd
                0x0800cb14                TIM_ICInit
                0x0800cbbc                TIM_ICStructInit
                0x0800cbf8                TIM_PWMIConfig
                0x0800ccbc                TIM_GetCapture1
                0x0800ccd4                TIM_GetCapture2
                0x0800ccec                TIM_GetCapture3
                0x0800cd04                TIM_GetCapture4
                0x0800cd1c                TIM_SetIC1Prescaler
                0x0800cd54                TIM_SetIC2Prescaler
                0x0800cd90                TIM_SetIC3Prescaler
                0x0800cdc8                TIM_SetIC4Prescaler
                0x0800ce04                TIM_BDTRConfig
                0x0800ce54                TIM_BDTRStructInit
                0x0800cea0                TIM_CtrlPWMOutputs
                0x0800cef0                TIM_SelectCOM
                0x0800cf30                TIM_CCPreloadControl
                0x0800cf70                TIM_ITConfig
                0x0800cfb8                TIM_GenerateEvent
                0x0800cfd4                TIM_GetFlagStatus
                0x0800d014                TIM_ClearFlag
                0x0800d038                TIM_GetITStatus
                0x0800d098                TIM_ClearITPendingBit
                0x0800d0bc                TIM_DMAConfig
                0x0800d0e4                TIM_DMACmd
                0x0800d12c                TIM_SelectCCDMA
                0x0800d16c                TIM_InternalClockConfig
                0x0800d190                TIM_ITRxExternalClockConfig
                0x0800d1c0                TIM_TIxExternalClockConfig
                0x0800d218                TIM_ETRClockMode1Config
                0x0800d26c                TIM_ETRClockMode2Config
                0x0800d2a0                TIM_SelectInputTrigger
                0x0800d2d8                TIM_SelectOutputTrigger
                0x0800d310                TIM_SelectSlaveMode
                0x0800d348                TIM_SelectMasterSlaveMode
                0x0800d380                TIM_ETRConfig
                0x0800d3cc                TIM_EncoderInterfaceConfig
                0x0800d460                TIM_SelectHallSensor
                0x0800d4a0                TIM_RemapConfig
 .text          0x0800d70c      0x244 ./STM32F4-Discovery/stm32f4_discovery.o
                0x0800d70c                STM_EVAL_LEDInit
                0x0800d778                STM_EVAL_LEDOn
                0x0800d7ac                STM_EVAL_LEDOff
                0x0800d7e0                STM_EVAL_LEDToggle
                0x0800d828                STM_EVAL_PBInit
                0x0800d914                STM_EVAL_PBGetState
 .text          0x0800d950     0x141c ./STM32F4-Discovery/stm32f4_discovery_audio_codec.o
                0x0800d9a0                EVAL_AUDIO_SetAudioInterface
                0x0800db10                EVAL_AUDIO_Init
                0x0800db78                EVAL_AUDIO_DeInit
                0x0800db8c                EVAL_AUDIO_Play
                0x0800dc08                EVAL_AUDIO_PauseResume
                0x0800dc3c                EVAL_AUDIO_Stop
                0x0800dc7c                EVAL_AUDIO_VolumeCtl
                0x0800dcc8                EVAL_AUDIO_Mute
                0x0800de64                DMA1_Stream7_IRQHandler
                0x0800de70                DMA1_Stream0_IRQHandler
                0x0800de7c                SPI3_IRQHandler
                0x0800e8cc                Codec_TIMEOUT_UserCallback
                0x0800eb24                Audio_MAL_Play
                0x0800ecf4                DAC_Config
 .text          0x0800ed6c      0x6a4 ./STM32F4-Discovery/stm32f4_discovery_lis302dl.o
                0x0800ed6c                LIS302DL_Init
                0x0800edc0                LIS302DL_FilterConfig
                0x0800ee20                LIS302DL_InterruptConfig
                0x0800ee70                LIS302DL_LowpowerCmd
                0x0800eebc                LIS302DL_DataRateCmd
                0x0800ef08                LIS302DL_FullScaleCmd
                0x0800ef54                LIS302DL_RebootCmd
                0x0800ef90                LIS302DL_Write
                0x0800f000                LIS302DL_Read
                0x0800f080                LIS302DL_ReadACC
                0x0800f408                LIS302DL_TIMEOUT_UserCallback
 .text          0x0800f410      0x29c ./Menue/CMenue.o
                0x0800f410                CMenue::CMenue(CGraphicLCD*)
                0x0800f410                CMenue::CMenue(CGraphicLCD*)
                0x0800f440                CMenue::~CMenue()
                0x0800f440                CMenue::~CMenue()
                0x0800f478                CMenue::~CMenue()
                0x0800f498                CMenue::HardwareInit()
                0x0800f4b0                CMenue::Run()
 .text          0x0800f6ac      0x970 ./HelixMP3/real/bitstream.o
                0x0800f6ac                xmp3_SetBitstreamPointer
                0x0800f7f0                xmp3_GetBits
                0x0800f88c                xmp3_CalcBitsUsed
                0x0800f8c8                xmp3_CheckPadBit
                0x0800f904                xmp3_UnpackFrameHeader
                0x0800fc70                xmp3_UnpackSideInfo
 .text          0x0801001c      0x16c ./HelixMP3/real/buffers.o
                0x0801001c                ClearBuffer
                0x08010058                xmp3_AllocateBuffers
                0x08010174                xmp3_FreeBuffers
 .text          0x08010188     0x10dc ./HelixMP3/real/dct32.o
                0x080101ac                xmp3_FDCT32
 .text          0x08011264      0x430 ./HelixMP3/real/dequant.o
                0x08011284                xmp3_Dequantize
 .text          0x08011694      0x6d8 ./HelixMP3/real/dqchan.o
                0x0801199c                xmp3_DequantChannel
 .text          0x08011d6c      0xc84 ./HelixMP3/real/huffman.o
                0x080126c0                xmp3_DecodeHuffman
 .text          0x080129f0     0x1ff8 ./HelixMP3/real/imdct.o
                0x080146a8                xmp3_IMDCT
 .text          0x080149e8     0x1950 ./HelixMP3/real/polyphase.o
                0x08014ab8                xmp3_PolyphaseMono
                0x080153a8                xmp3_PolyphaseStereo
 .text          0x08016338      0xaac ./HelixMP3/real/scalfact.o
                0x08016bf0                xmp3_UnpackScaleFactors
 .text          0x08016de4      0xb70 ./HelixMP3/real/stproc.o
                0x08016e38                xmp3_MidSideProc
                0x08016ef8                xmp3_IntensityProcMPEG1
                0x080173d8                xmp3_IntensityProcMPEG2
 .text          0x08017954      0x1c8 ./HelixMP3/real/subband.o
                0x08017954                xmp3_Subband
 .text          0x08017b1c      0x768 ./HelixMP3/mp3dec.o
                0x08017b1c                MP3InitDecoder
                0x08017b38                MP3FreeDecoder
                0x08017b5c                MP3FindSyncWord
                0x08017c78                MP3GetLastFrameInfo
                0x08017d50                MP3GetNextFrameInfo
                0x08017e04                MP3Decode
 .text          0x08018284       0xdc ./GraphicLCD/CGraphicLCD.o
                0x08018284                CGraphicLCD::CGraphicLCD()
                0x08018284                CGraphicLCD::CGraphicLCD()
                0x080182ac                CGraphicLCD::CGraphicLCD(bool)
                0x080182ac                CGraphicLCD::CGraphicLCD(bool)
                0x080182d8                CGraphicLCD::~CGraphicLCD()
                0x080182d8                CGraphicLCD::~CGraphicLCD()
                0x0801830c                CGraphicLCD::~CGraphicLCD()
                0x0801832c                CGraphicLCD::Inverse()
                0x08018344                CGraphicLCD::Inverse(bool)
 .text          0x08018360      0xe5c ./GraphicLCD/CT6963CDriver.o
                0x08018360                CT6963CDriver::CT6963CDriver()
                0x08018360                CT6963CDriver::CT6963CDriver()
                0x08018388                CT6963CDriver::~CT6963CDriver()
                0x08018388                CT6963CDriver::~CT6963CDriver()
                0x080183c0                CT6963CDriver::~CT6963CDriver()
                0x080183e0                CT6963CDriver::Init()
                0x08018540                CT6963CDriver::SetAddressPointer(unsigned int)
                0x08018598                CT6963CDriver::TextGoTo(unsigned char, unsigned char)
                0x080185cc                CT6963CDriver::GraphicGoTo(unsigned char, unsigned char)
                0x0801860c                CT6963CDriver::Clear()
                0x080186a8                CT6963CDriver::WriteDisplayData(unsigned char)
                0x080186e0                CT6963CDriver::WriteChar(char)
                0x08018704                CT6963CDriver::WriteString(char const*, tFont const&, unsigned int, unsigned int)
                0x080188a0                CT6963CDriver::SetPixel(unsigned char, unsigned char)
                0x08018928                CT6963CDriver::Line(unsigned int, unsigned int, unsigned int, unsigned int)
                0x08018a78                CT6963CDriver::Window(unsigned int, unsigned int, unsigned int, unsigned int)
                0x08018dc0                CT6963CDriver::Rectangle(unsigned int, unsigned int, unsigned int, unsigned int, bool)
                0x08018f04                CT6963CDriver::SectorClear(unsigned int, unsigned int, unsigned int, unsigned int)
                0x08018f64                CT6963CDriver::Circle(unsigned char, unsigned char, unsigned char)
                0x080190e8                CT6963CDriver::Bitmap(unsigned char*, unsigned char, unsigned char, unsigned char, unsigned char)
 .text          0x080191bc      0x490 ./GraphicLCD/CT6963GPIOInterface.o
                0x080191bc                CT6963_GPIO_Interface::CT6963_GPIO_Interface()
                0x080191bc                CT6963_GPIO_Interface::CT6963_GPIO_Interface()
                0x080191e4                CT6963_GPIO_Interface::~CT6963_GPIO_Interface()
                0x080191e4                CT6963_GPIO_Interface::~CT6963_GPIO_Interface()
                0x0801921c                CT6963_GPIO_Interface::~CT6963_GPIO_Interface()
                0x0801923c                CheckStatus()
                0x080192f8                CT6963_GPIO_Interface::HardwareInit()
                0x080193b8                CT6963_GPIO_Interface::Reset()
                0x080193f0                CT6963_GPIO_Interface::WriteCommand(unsigned char)
                0x0801949c                CT6963_GPIO_Interface::WriteData(unsigned char)
                0x08019568                CT6963_GPIO_Interface::ReadData()
 .text          0x0801964c      0x250 ./FreeRTOS_EC/Source/AManagedTask.o
                0x0801964c                AManagedTask::AManagedTask()
                0x0801964c                AManagedTask::AManagedTask()
                0x08019684                AManagedTask::~AManagedTask()
                0x08019684                AManagedTask::~AManagedTask()
                0x080196c4                AManagedTask::~AManagedTask()
                0x080196e4                AManagedTask::Create(char const*, unsigned short, unsigned long)
                0x08019748                AManagedTask::taskControlFunc(void*)
                0x08019768                AManagedTask::AddToManagedTask(AManagedTask*)
                0x080197b8                AManagedTask::RemoveFromManagedTask(AManagedTask*)
                0x08019840                AManagedTask::InitHardwareForManagedTasks()
 .text          0x0801989c       0x40 ./FreeRTOS_EC/Source/CFreeRTOS.o
                0x0801989c                CFreeRTOS::CFreeRTOS()
                0x0801989c                CFreeRTOS::CFreeRTOS()
                0x080198b4                CFreeRTOS::~CFreeRTOS()
                0x080198b4                CFreeRTOS::~CFreeRTOS()
                0x080198cc                CFreeRTOS::InitHardwareForManagedTasks()
 .text          0x080198dc      0x1c0 ./FreeRTOS_EC/Source/CTask.o
                0x080198dc                CTask::CTask()
                0x080198dc                CTask::CTask()
                0x0801990c                CTask::CTask(void*)
                0x0801990c                CTask::CTask(void*)
                0x0801993c                CTask::~CTask()
                0x0801993c                CTask::~CTask()
                0x08019980                CTask::~CTask()
                0x080199a0                CTask::Attach(void*)
                0x080199f4                CTask::Create(void (*)(void*), char const*, unsigned short, void*, unsigned long)
                0x08019a50                CTask::CreateRestricted(xTASK_PARAMTERS*)
                0x08019a70                CTask::Delete()
 .text          0x08019a9c      0x248 ./FreeRTOS/Source/portable/GCC/ARM_CM4F/port.o
                0x08019a9c                pxPortInitialiseStack
                0x08019b04                SVC_Handler
                0x08019b24                vPortStartFirstTask
                0x08019b34                xPortStartScheduler
                0x08019b88                vPortEndScheduler
                0x08019b94                vPortYieldFromISR
                0x08019bac                vPortEnterCritical
                0x08019bd8                vPortExitCritical
                0x08019c10                PendSV_Handler
                0x08019c68                SysTick_Handler
 .text          0x08019ce4      0x17c ./FreeRTOS/Source/list.o
                0x08019ce4                vListInitialise
                0x08019d24                vListInitialiseItem
                0x08019d40                vListInsertEnd
                0x08019d94                vListInsert
                0x08019e0c                vListRemove
 .text          0x08019e60      0x7fc ./FreeRTOS/Source/queue.o
                0x08019e60                xQueueCreate
                0x08019f30                xQueueCreateMutex
                0x08019fc8                xQueueGenericSend
                0x0801a0ec                xQueueGenericSendFromISR
                0x0801a17c                xQueueGenericReceive
                0x0801a304                xQueueReceiveFromISR
                0x0801a398                uxQueueMessagesWaiting
                0x0801a3bc                uxQueueMessagesWaitingFromISR
                0x0801a3d8                vQueueDelete
                0x0801a5dc                xQueueIsQueueEmptyFromISR
                0x0801a630                xQueueIsQueueFullFromISR
 .text          0x0801a65c     0x17c0 ./FreeRTOS/Source/tasks.o
                0x0801a65c                xTaskGenericCreate
                0x0801a808                vTaskDelete
                0x0801a8c8                vTaskDelayUntil
                0x0801a97c                vTaskDelay
                0x0801a9d8                uxTaskPriorityGet
                0x0801aa10                vTaskPrioritySet
                0x0801ab3c                vTaskSuspend
                0x0801abfc                xTaskIsTaskSuspended
                0x0801ac4c                vTaskResume
                0x0801acf8                xTaskResumeFromISR
                0x0801adb8                vTaskStartScheduler
                0x0801ae34                vTaskEndScheduler
                0x0801ae54                vTaskSuspendAll
                0x0801ae78                xTaskResumeAll
                0x0801afcc                xTaskGetTickCount
                0x0801aff4                xTaskGetTickCountFromISR
                0x0801b02c                uxTaskGetNumberOfTasks
                0x0801b044                vTaskGetRunTimeStats
                0x0801b1a4                xTaskGetIdleTaskHandle
                0x0801b1bc                vTaskIncrementTick
                0x0801b374                vTaskSetApplicationTaskTag
                0x0801b3ac                xTaskGetApplicationTaskTag
                0x0801b3e8                xTaskCallApplicationTaskHook
                0x0801b434                vTaskSwitchContext
                0x0801b574                vTaskPlaceOnEventList
                0x0801b5ec                xTaskRemoveFromEventList
                0x0801b6b0                vTaskSetTimeOutState
                0x0801b6e0                xTaskCheckForTimeOut
                0x0801b784                vTaskMissedYield
                0x0801bc38                uxTaskGetStackHighWaterMark
                0x0801bc94                xTaskGetCurrentTaskHandle
                0x0801bcb4                vTaskPriorityInherit
                0x0801bd8c                vTaskPriorityDisinherit
 .text          0x0801be1c      0x43c ./Clock/CRTCHandler.o
                0x0801be1c                rtc_handler_namespace::CRTCHandler::CRTCHandler()
                0x0801be1c                rtc_handler_namespace::CRTCHandler::CRTCHandler()
                0x0801be44                rtc_handler_namespace::CRTCHandler::~CRTCHandler()
                0x0801be44                rtc_handler_namespace::CRTCHandler::~CRTCHandler()
                0x0801be7c                rtc_handler_namespace::CRTCHandler::~CRTCHandler()
                0x0801be9c                rtc_handler_namespace::CRTCHandler::GetTimeString()
                0x0801beb8                rtc_handler_namespace::CRTCHandler::GetAlarmString(rtc_handler_namespace::eAlarms)
                0x0801bed8                rtc_handler_namespace::CRTCHandler::SetTimeString(char const*)
                0x0801beec                rtc_handler_namespace::CRTCHandler::SetAlarmString(char const*, rtc_handler_namespace::eAlarms)
                0x0801bf04                rtc_handler_namespace::CRTCHandler::HardwareInit()
                0x0801bf4c                rtc_handler_namespace::CRTCHandler::Run()
                0x0801bf60                rtc_handler_namespace::CRTCHandler::RTC_Config()
                0x0801c048                rtc_handler_namespace::CRTCHandler::GetLSIFrequency()
                0x0801c1b0                TIM5_IRQHandler
 .text          0x0801c258      0x3c4 ./Clock/CTime.o
                0x0801c258                Time::CTime::CTime()
                0x0801c258                Time::CTime::CTime()
                0x0801c280                Time::CTime::CTime(Time::CTime const&)
                0x0801c280                Time::CTime::CTime(Time::CTime const&)
                0x0801c2ac                Time::CTime::CTime(unsigned char, unsigned char, unsigned char, unsigned char, unsigned char, unsigned short)
                0x0801c2ac                Time::CTime::CTime(unsigned char, unsigned char, unsigned char, unsigned char, unsigned char, unsigned short)
                0x0801c310                Time::CTime::~CTime()
                0x0801c310                Time::CTime::~CTime()
                0x0801c344                Time::CTime::~CTime()
                0x0801c364                Time::CTime::operator=(Time::CTime const&)
                0x0801c384                Time::CTime::getTimeString(char*)
                0x0801c3bc                Time::CTime::getDateString(char*)
                0x0801c3f4                Time::CTime::getWeekNumberString(char*)
                0x0801c42c                Time::operator+(Time::CTime const&, Time::CTime const&)
                0x0801c458                Time::operator-(Time::CTime const&, Time::CTime const&)
                0x0801c484                Time::operator+(Time::CTime const&, long long)
                0x0801c4b0                Time::operator-(Time::CTime const&, long long)
                0x0801c4dc                Time::operator+(long long, Time::CTime const&)
                0x0801c504                Time::operator-(long long, Time::CTime const&)
                0x0801c52c                Time::operator>(Time::CTime const&, Time::CTime const&)
                0x0801c554                Time::operator<(Time::CTime const&, Time::CTime const&)
                0x0801c57c                Time::operator>(Time::CTime const&, long long)
                0x0801c5a4                Time::operator<(Time::CTime const&, long long)
                0x0801c5cc                Time::operator>(long long, Time::CTime const&)
                0x0801c5f4                Time::operator<(long long, Time::CTime const&)
 .text          0x0801c61c      0x1d8 ./Clock/CTime_test.o
                0x0801c61c                Time::CTimeUnitTest()
 .text          0x0801c7f4      0x10c ./Audio_MP3/USB_MSC/CUSBMassStorage.o
                0x0801c7f4                CUSB_MassStorage::CUSB_MassStorage()
                0x0801c7f4                CUSB_MassStorage::CUSB_MassStorage()
                0x0801c81c                CUSB_MassStorage::~CUSB_MassStorage()
                0x0801c81c                CUSB_MassStorage::~CUSB_MassStorage()
                0x0801c854                CUSB_MassStorage::~CUSB_MassStorage()
                0x0801c874                CUSB_MassStorage::HardwareInit()
                0x0801c8b4                CUSB_MassStorage::Run()
                0x0801c8d4                CUSB_MassStorage::IsDeviceConnected()
 .text          0x0801c900      0x254 ./Audio_MP3/USB_MSC/usb_bsp.o
                0x0801c900                BSP_Init
                0x0801c914                USB_OTG_BSP_Init
                0x0801c9f4                USB_OTG_BSP_EnableInterrupt
                0x0801ca30                USB_OTG_BSP_DriveVBUS
                0x0801ca6c                USB_OTG_BSP_ConfigVBUS
                0x0801cad0                USB_OTG_BSP_uDelay
                0x0801cb28                USB_OTG_BSP_mDelay
                0x0801cb48                USB_OTG_BSP_TimerIRQ
 .text          0x0801cb54      0x254 ./Audio_MP3/USB_MSC/usbh_usr.o
                0x0801cb54                USBH_USR_Init
                0x0801cc18                USBH_USR_DeviceAttached
                0x0801cc24                USBH_USR_UnrecoveredError
                0x0801cc30                USBH_USR_DeviceDisconnected
                0x0801cc54                USBH_USR_ResetDevice
                0x0801cc60                USBH_USR_DeviceSpeedDetected
                0x0801cc74                USBH_USR_Device_DescAvailable
                0x0801cc88                USBH_USR_DeviceAddressAssigned
                0x0801cc94                USBH_USR_Configuration_DescAvailable
                0x0801ccac                USBH_USR_Manufacturer_String
                0x0801ccc0                USBH_USR_Product_String
                0x0801ccd4                USBH_USR_SerialNum_String
                0x0801cce8                USBH_USR_EnumerationDone
                0x0801cd2c                USBH_USR_DeviceNotSupported
                0x0801cd38                USBH_USR_UserInput
                0x0801cd48                USBH_USR_OverCurrentDetected
                0x0801cd54                USBH_USR_MSC_Application
                0x0801cd9c                USBH_USR_DeInit
 .text          0x0801cda8     0x44a0 ./Audio_MP3/FatFs/src/ff.o
                0x0801e804                f_mount
                0x0801e868                f_open
                0x0801ebcc                f_read
                0x0801eee0                f_write
                0x0801f254                f_sync
                0x0801f414                f_close
                0x0801f440                f_chdrive
                0x0801f474                f_chdir
                0x0801f550                f_lseek
                0x0801f85c                f_opendir
                0x0801f938                f_readdir
                0x0801f9d4                f_stat
                0x0801fa4c                f_getfree
                0x0801fc18                f_truncate
                0x0801fd40                f_unlink
                0x0801fef8                f_mkdir
                0x0802028c                f_chmod
                0x08020368                f_utime
                0x08020454                f_rename
                0x080206bc                f_mkfs
 .text          0x08021248      0xd84 ./Audio_MP3/CFileHandler.o
                0x08021248                CFileHandler::CFileHandler()
                0x08021248                CFileHandler::CFileHandler()
                0x080212e0                CFileHandler::~CFileHandler()
                0x080212e0                CFileHandler::~CFileHandler()
                0x08021318                CFileHandler::~CFileHandler()
                0x08021338                CFileHandler::HardwareInit()
                0x08021430                CFileHandler::Run()
                0x08021490                CFileHandler::RefillBuffer()
                0x08021564                CFileHandler::ReadConfig()
                0x08021578                CFileHandler::WriteConfig()
                0x0802158c                CFileHandler::MP3Player()
                0x08021898                CFileHandler::GetUSBRelease(unsigned long)
                0x080218e4                CFileHandler::ReleaseUSB()
                0x08021910                CFileHandler::PlayMP3(char const*)
                0x08021d38                CFileHandler::GetSong()
                0x08021d58                CFileHandler::PlayPause()
                0x08021d98                CFileHandler::SetVolume(unsigned char)
                0x08021dbc                CFileHandler::Mems_Config()
                0x08021ed8                CFileHandler::EXTILine_Config()
                0x08021f7c                EVAL_AUDIO_TransferComplete_CallBack
                0x08021fbc                EVAL_AUDIO_GetSampleCallBack
 .text          0x08021fcc       0x10 ./Audio_MP3/fattime.o
                0x08021fcc                get_fattime
 .text          0x08021fdc      0x1b0 ./CLedHeartBeatSTM32F4Disc.o
                0x08021fdc                CLedHeartBeatSTM32F4Disc::CLedHeartBeatSTM32F4Disc(unsigned long)
                0x08021fdc                CLedHeartBeatSTM32F4Disc::CLedHeartBeatSTM32F4Disc(unsigned long)
                0x08022014                CLedHeartBeatSTM32F4Disc::~CLedHeartBeatSTM32F4Disc()
                0x08022014                CLedHeartBeatSTM32F4Disc::~CLedHeartBeatSTM32F4Disc()
                0x0802204c                CLedHeartBeatSTM32F4Disc::~CLedHeartBeatSTM32F4Disc()
                0x0802206c                CLedHeartBeatSTM32F4Disc::HardwareInit()
                0x080220a4                CLedHeartBeatSTM32F4Disc::Run()
 .text          0x0802218c       0xd4 ./LibraryHacks.o
                0x0802218c                __gnu_cxx::__verbose_terminate_handler()
                0x08022194                __cxa_pure_virtual
                0x0802219c                operator new(unsigned int)
                0x080221b8                operator new[](unsigned int)
                0x080221d4                operator delete(void*)
                0x080221ec                operator delete[](void*)
                0x08022204                _sbrk
 .text          0x08022260      0x1d0 ./main.o
                0x08022260                main
                0x080222ec                vApplicationTickHook
                0x080222f8                vApplicationIdleHook
                0x08022304                vApplicationMallocFailedHook
                0x08022310                vApplicationStackOverflowHook
 .text          0x08022430       0xfc ./stm32f4xx_it.o
                0x08022430                NMI_Handler
                0x0802243c                HardFault_Handler
                0x08022444                MemManage_Handler
                0x0802244c                BusFault_Handler
                0x08022454                UsageFault_Handler
                0x0802245c                DebugMon_Handler
                0x08022468                EXTI1_IRQHandler
                0x080224bc                EXTI0_IRQHandler
                0x08022518                OTG_FS_IRQHandler
 .text          0x0802252c      0x160 ./syscalls.o
                0x0802252c                _exit
                0x08022538                _read_r
                0x08022558                _write_r
                0x08022578                _lseek_r
                0x080225a0                _close_r
                0x080225c4                _fstat_r
                0x08022604                _isatty_r
                0x08022620                _kill_r
                0x08022644                _getpid_r
                0x08022664                __malloc_lock
                0x08022678                __malloc_unlock
 .text          0x0802268c      0x3e8 ./system_stm32f4xx.o
                0x0802268c                SystemInit
                0x08022720                SystemCoreClockUpdate
 .text          0x08022a74      0x178 ./ustime.o
                0x08022a74                get_us_time
                0x08022b00                delay_us
                0x08022b5c                delay_ms
                0x08022b7c                init_us_timer
 .text          0x08022bec      0x370 d:/elektronik/ides/chibistudio/tools/gnu tools arm embedded/4.6 2012q2/bin/../lib/gcc/arm-none-eabi/4.6.2/armv7e-m\libgcc.a(_arm_addsubdf3.o)
                0x08022bec                __aeabi_drsub
                0x08022bf4                __aeabi_dsub
                0x08022bf4                __subdf3
                0x08022bf8                __aeabi_dadd
                0x08022bf8                __adddf3
                0x08022e70                __floatunsidf
                0x08022e70                __aeabi_ui2d
                0x08022e90                __floatsidf
                0x08022e90                __aeabi_i2d
                0x08022eb4                __aeabi_f2d
                0x08022eb4                __extendsfdf2
                0x08022ef0                __floatundidf
                0x08022ef0                __aeabi_ul2d
                0x08022f00                __floatdidf
                0x08022f00                __aeabi_l2d
 .text          0x08022f5c      0x424 d:/elektronik/ides/chibistudio/tools/gnu tools arm embedded/4.6 2012q2/bin/../lib/gcc/arm-none-eabi/4.6.2/armv7e-m\libgcc.a(_arm_muldivdf3.o)
                0x08022f5c                __aeabi_dmul
                0x08022f5c                __muldf3
                0x080231b0                __divdf3
                0x080231b0                __aeabi_ddiv
 .text          0x08023380      0x110 d:/elektronik/ides/chibistudio/tools/gnu tools arm embedded/4.6 2012q2/bin/../lib/gcc/arm-none-eabi/4.6.2/armv7e-m\libgcc.a(_arm_cmpdf2.o)
                0x08023380                __gtdf2
                0x08023380                __gedf2
                0x08023388                __ltdf2
                0x08023388                __ledf2
                0x08023390                __nedf2
                0x08023390                __eqdf2
                0x08023390                __cmpdf2
                0x0802340c                __aeabi_cdrcmple
                0x0802341c                __aeabi_cdcmpeq
                0x0802341c                __aeabi_cdcmple
                0x0802342c                __aeabi_dcmpeq
                0x08023440                __aeabi_dcmplt
                0x08023454                __aeabi_dcmple
                0x08023468                __aeabi_dcmpge
                0x0802347c                __aeabi_dcmpgt
 .text          0x08023490       0x50 d:/elektronik/ides/chibistudio/tools/gnu tools arm embedded/4.6 2012q2/bin/../lib/gcc/arm-none-eabi/4.6.2/armv7e-m\libgcc.a(_arm_fixdfsi.o)
                0x08023490                __aeabi_d2iz
                0x08023490                __fixdfsi
 .text          0x080234e0       0x2c d:/elektronik/ides/chibistudio/tools/gnu tools arm embedded/4.6 2012q2/bin/../lib/gcc/arm-none-eabi/4.6.2/armv7e-m\libgcc.a(_aeabi_uldivmod.o)
                0x080234e0                __aeabi_uldivmod
 .text          0x0802350c       0x58 d:/elektronik/ides/chibistudio/tools/gnu tools arm embedded/4.6 2012q2/bin/../lib/gcc/arm-none-eabi/4.6.2/armv7e-m\libgcc.a(bpabi.o)
                0x0802350c                __gnu_ldivmod_helper
                0x08023538                __gnu_uldivmod_helper
 .text          0x08023564      0xb54 d:/elektronik/ides/chibistudio/tools/gnu tools arm embedded/4.6 2012q2/bin/../lib/gcc/arm-none-eabi/4.6.2/armv7e-m\libgcc.a(unwind-arm.o)
                0x0802380c                _Unwind_VRS_Get
                0x0802384c                _Unwind_VRS_Set
                0x08023bac                __aeabi_unwind_cpp_pr2
                0x08023bb0                __aeabi_unwind_cpp_pr1
                0x08023bb4                __aeabi_unwind_cpp_pr0
                0x08023bb8                _Unwind_VRS_Pop
                0x08023f6c                _Unwind_GetCFA
                0x08023f70                __gnu_Unwind_RaiseException
                0x08023fd0                __gnu_Unwind_ForcedUnwind
                0x08023fe4                __gnu_Unwind_Resume
                0x08024020                __gnu_Unwind_Resume_or_Rethrow
                0x08024030                _Unwind_Complete
                0x08024034                _Unwind_DeleteException
                0x08024044                __gnu_Unwind_Backtrace
 .text          0x080240b8      0x1ac d:/elektronik/ides/chibistudio/tools/gnu tools arm embedded/4.6 2012q2/bin/../lib/gcc/arm-none-eabi/4.6.2/armv7e-m\libgcc.a(libunwind.o)
                0x080240b8                __restore_core_regs
                0x080240b8                restore_core_regs
                0x080240d0                __gnu_Unwind_Restore_VFP
                0x080240d8                __gnu_Unwind_Save_VFP
                0x080240e0                __gnu_Unwind_Restore_VFP_D
                0x080240e8                __gnu_Unwind_Save_VFP_D
                0x080240f0                __gnu_Unwind_Restore_VFP_D_16_to_31
                0x080240f8                __gnu_Unwind_Save_VFP_D_16_to_31
                0x08024100                __gnu_Unwind_Restore_WMMXD
                0x08024144                __gnu_Unwind_Save_WMMXD
                0x08024188                __gnu_Unwind_Restore_WMMXC
                0x0802419c                __gnu_Unwind_Save_WMMXC
                0x080241b0                ___Unwind_RaiseException
                0x080241b0                _Unwind_RaiseException
                0x080241d4                _Unwind_Resume
                0x080241d4                ___Unwind_Resume
                0x080241f8                _Unwind_Resume_or_Rethrow
                0x080241f8                ___Unwind_Resume_or_Rethrow
                0x0802421c                _Unwind_ForcedUnwind
                0x0802421c                ___Unwind_ForcedUnwind
                0x08024240                ___Unwind_Backtrace
                0x08024240                _Unwind_Backtrace
 .text          0x08024264      0x374 d:/elektronik/ides/chibistudio/tools/gnu tools arm embedded/4.6 2012q2/bin/../lib/gcc/arm-none-eabi/4.6.2/armv7e-m\libgcc.a(pr-support.o)
                0x080242b8                __gnu_unwind_execute
                0x08024580                __gnu_unwind_frame
                0x080245a8                _Unwind_GetRegionStart
                0x080245b4                _Unwind_GetLanguageSpecificData
                0x080245c8                _Unwind_GetDataRelBase
                0x080245d0                _Unwind_GetTextRelBase
 .text          0x080245d8        0x4 d:/elektronik/ides/chibistudio/tools/gnu tools arm embedded/4.6 2012q2/bin/../lib/gcc/arm-none-eabi/4.6.2/armv7e-m\libgcc.a(_dvmd_tls.o)
                0x080245d8                __aeabi_idiv0
                0x080245d8                __aeabi_ldiv0
 .text          0x080245dc      0x2c8 d:/elektronik/ides/chibistudio/tools/gnu tools arm embedded/4.6 2012q2/bin/../lib/gcc/arm-none-eabi/4.6.2/armv7e-m\libgcc.a(_divdi3.o)
                0x080245dc                __divdi3
 .text          0x080248a4      0x298 d:/elektronik/ides/chibistudio/tools/gnu tools arm embedded/4.6 2012q2/bin/../lib/gcc/arm-none-eabi/4.6.2/armv7e-m\libgcc.a(_udivdi3.o)
                0x080248a4                __udivdi3
 *(.text*)
 .text._ZNK5CTask7IsValidEv
                0x08024b3c       0x24 ./Menue/CMenue.o
                0x08024b3c                CTask::IsValid() const
 .text._ZN5CTask6DetachEv
                0x08024b60       0x24 ./Menue/CMenue.o
                0x08024b60                CTask::Detach()
 .text._ZN12AManagedTask8OnCreateEPKctm
                0x08024b84       0x20 ./Menue/CMenue.o
                0x08024b84                AManagedTask::OnCreate(char const*, unsigned short, unsigned long)
 .text._ZN5CTask13EnterCriticalEv
                0x08024ba4        0xc ./FreeRTOS_EC/Source/AManagedTask.o
                0x08024ba4                CTask::EnterCritical()
 .text._ZN5CTask12ExitCriticalEv
                0x08024bb0        0xc ./FreeRTOS_EC/Source/AManagedTask.o
                0x08024bb0                CTask::ExitCritical()
 .text._ZN12AManagedTask12HardwareInitEv
                0x08024bbc       0x18 ./FreeRTOS_EC/Source/AManagedTask.o
                0x08024bbc                AManagedTask::HardwareInit()
 .text._ZN9CFreeRTOS15SuspendAllTasksEv
                0x08024bd4        0xc ./FreeRTOS_EC/Source/AManagedTask.o
                0x08024bd4                CFreeRTOS::SuspendAllTasks()
 .text._ZN9CFreeRTOS14ResumeAllTasksEv
                0x08024be0       0x10 ./FreeRTOS_EC/Source/AManagedTask.o
                0x08024be0                CFreeRTOS::ResumeAllTasks()
 .text._ZN12IFreeRTOSObjC2Ev
                0x08024bf0       0x20 ./FreeRTOS_EC/Source/ASyncObject.o
                0x08024bf0                IFreeRTOSObj::IFreeRTOSObj()
                0x08024bf0                IFreeRTOSObj::IFreeRTOSObj()
 .text._ZN12CFileHandler15GetUSBConnectedEv
                0x08024c10       0x20 ./Audio_MP3/CFileHandler.o
                0x08024c10                CFileHandler::GetUSBConnected()
 .text._ZN9CFreeRTOS14StartSchedulerEv
                0x08024c30        0xc ./main.o
                0x08024c30                CFreeRTOS::StartScheduler()
 .text.Reset_Handler
                0x08024c3c       0x58 ./startup_stm32f4xx.o
                0x08024c3c                Reset_Handler
 .text.Default_Handler
                0x08024c94        0x2 ./startup_stm32f4xx.o
                0x08024c94                RTC_Alarm_IRQHandler
                0x08024c94                HASH_RNG_IRQHandler
                0x08024c94                EXTI2_IRQHandler
                0x08024c94                TIM8_CC_IRQHandler
                0x08024c94                TIM1_CC_IRQHandler
                0x08024c94                DMA2_Stream5_IRQHandler
                0x08024c94                DMA1_Stream5_IRQHandler
                0x08024c94                PVD_IRQHandler
                0x08024c94                SDIO_IRQHandler
                0x08024c94                TAMP_STAMP_IRQHandler
                0x08024c94                CAN2_RX1_IRQHandler
                0x08024c94                EXTI3_IRQHandler
                0x08024c94                TIM8_TRG_COM_TIM14_IRQHandler
                0x08024c94                TIM1_UP_TIM10_IRQHandler
                0x08024c94                TIM8_UP_TIM13_IRQHandler
                0x08024c94                I2C3_ER_IRQHandler
                0x08024c94                I2C2_EV_IRQHandler
                0x08024c94                DMA1_Stream2_IRQHandler
                0x08024c94                CAN1_RX0_IRQHandler
                0x08024c94                FPU_IRQHandler
                0x08024c94                OTG_HS_WKUP_IRQHandler
                0x08024c94                CAN2_SCE_IRQHandler
                0x08024c94                DMA2_Stream2_IRQHandler
                0x08024c94                SPI1_IRQHandler
                0x08024c94                TIM6_DAC_IRQHandler
                0x08024c94                TIM1_BRK_TIM9_IRQHandler
                0x08024c94                DCMI_IRQHandler
                0x08024c94                CAN2_RX0_IRQHandler
                0x08024c94                DMA2_Stream3_IRQHandler
                0x08024c94                USART6_IRQHandler
                0x08024c94                USART3_IRQHandler
                0x08024c94                CRYP_IRQHandler
                0x08024c94                CAN1_RX1_IRQHandler
                0x08024c94                UART5_IRQHandler
                0x08024c94                DMA2_Stream0_IRQHandler
                0x08024c94                TIM4_IRQHandler
                0x08024c94                I2C1_EV_IRQHandler
                0x08024c94                DMA1_Stream6_IRQHandler
                0x08024c94                DMA1_Stream1_IRQHandler
                0x08024c94                UART4_IRQHandler
                0x08024c94                TIM3_IRQHandler
                0x08024c94                RCC_IRQHandler
                0x08024c94                TIM8_BRK_TIM12_IRQHandler
                0x08024c94                Default_Handler
                0x08024c94                EXTI15_10_IRQHandler
                0x08024c94                ADC_IRQHandler
                0x08024c94                TIM7_IRQHandler
                0x08024c94                CAN2_TX_IRQHandler
                0x08024c94                DMA2_Stream7_IRQHandler
                0x08024c94                I2C3_EV_IRQHandler
                0x08024c94                EXTI9_5_IRQHandler
                0x08024c94                RTC_WKUP_IRQHandler
                0x08024c94                ETH_WKUP_IRQHandler
                0x08024c94                SPI2_IRQHandler
                0x08024c94                OTG_HS_EP1_IN_IRQHandler
                0x08024c94                CAN1_TX_IRQHandler
                0x08024c94                EXTI4_IRQHandler
                0x08024c94                FSMC_IRQHandler
                0x08024c94                ETH_IRQHandler
                0x08024c94                OTG_HS_EP1_OUT_IRQHandler
                0x08024c94                WWDG_IRQHandler
                0x08024c94                TIM2_IRQHandler
                0x08024c94                OTG_FS_WKUP_IRQHandler
                0x08024c94                TIM1_TRG_COM_TIM11_IRQHandler
                0x08024c94                OTG_HS_IRQHandler
                0x08024c94                USART2_IRQHandler
                0x08024c94                I2C2_ER_IRQHandler
                0x08024c94                DMA2_Stream1_IRQHandler
                0x08024c94                CAN1_SCE_IRQHandler
                0x08024c94                FLASH_IRQHandler
                0x08024c94                DMA2_Stream4_IRQHandler
                0x08024c94                USART1_IRQHandler
                0x08024c94                DMA1_Stream4_IRQHandler
                0x08024c94                I2C1_ER_IRQHandler
                0x08024c94                DMA2_Stream6_IRQHandler
                0x08024c94                DMA1_Stream3_IRQHandler
 *fill*         0x08024c96        0x2 00
 .text.__aeabi_atexit
                0x08024c98        0xc d:/elektronik/ides/chibistudio/tools/gnu tools arm embedded/4.6 2012q2/bin/../lib/gcc/arm-none-eabi/4.6.2/../../../../arm-none-eabi/lib/armv7e-m\libstdc++.a(atexit_arm.o)
                0x08024c98                __aeabi_atexit
 .text.__assert_func
                0x08024ca4       0x3c d:/elektronik/ides/chibistudio/tools/gnu tools arm embedded/4.6 2012q2/bin/../lib/gcc/arm-none-eabi/4.6.2/../../../../arm-none-eabi/lib/armv7e-m\libg.a(lib_a-assert.o)
                0x08024ca4                __assert_func
 .text.atexit   0x08024ce0        0xc d:/elektronik/ides/chibistudio/tools/gnu tools arm embedded/4.6 2012q2/bin/../lib/gcc/arm-none-eabi/4.6.2/../../../../arm-none-eabi/lib/armv7e-m\libg.a(lib_a-atexit.o)
                0x08024ce0                atexit
 .text.__cxa_atexit
                0x08024cec       0x14 d:/elektronik/ides/chibistudio/tools/gnu tools arm embedded/4.6 2012q2/bin/../lib/gcc/arm-none-eabi/4.6.2/../../../../arm-none-eabi/lib/armv7e-m\libg.a(lib_a-cxa_atexit.o)
                0x08024cec                __cxa_atexit
 .text.__libc_fini_array
                0x08024d00       0x2c d:/elektronik/ides/chibistudio/tools/gnu tools arm embedded/4.6 2012q2/bin/../lib/gcc/arm-none-eabi/4.6.2/../../../../arm-none-eabi/lib/armv7e-m\libg.a(lib_a-fini.o)
                0x08024d00                __libc_fini_array
 .text.fiprintf
                0x08024d2c       0x2c d:/elektronik/ides/chibistudio/tools/gnu tools arm embedded/4.6 2012q2/bin/../lib/gcc/arm-none-eabi/4.6.2/../../../../arm-none-eabi/lib/armv7e-m\libg.a(lib_a-fiprintf.o)
                0x08024d2c                fiprintf
 .text.gmtime   0x08024d58       0x10 d:/elektronik/ides/chibistudio/tools/gnu tools arm embedded/4.6 2012q2/bin/../lib/gcc/arm-none-eabi/4.6.2/../../../../arm-none-eabi/lib/armv7e-m\libg.a(lib_a-gmtime.o)
                0x08024d58                gmtime
 .text.gmtime_r
                0x08024d68        0x8 d:/elektronik/ides/chibistudio/tools/gnu tools arm embedded/4.6 2012q2/bin/../lib/gcc/arm-none-eabi/4.6.2/../../../../arm-none-eabi/lib/armv7e-m\libg.a(lib_a-gmtime_r.o)
                0x08024d68                gmtime_r
 .text.__libc_init_array
                0x08024d70       0x48 d:/elektronik/ides/chibistudio/tools/gnu tools arm embedded/4.6 2012q2/bin/../lib/gcc/arm-none-eabi/4.6.2/../../../../arm-none-eabi/lib/armv7e-m\libg.a(lib_a-init.o)
                0x08024d70                __libc_init_array
 .text.malloc   0x08024db8       0x10 d:/elektronik/ides/chibistudio/tools/gnu tools arm embedded/4.6 2012q2/bin/../lib/gcc/arm-none-eabi/4.6.2/../../../../arm-none-eabi/lib/armv7e-m\libg.a(lib_a-malloc.o)
                0x08024db8                malloc
 .text.free     0x08024dc8       0x10 d:/elektronik/ides/chibistudio/tools/gnu tools arm embedded/4.6 2012q2/bin/../lib/gcc/arm-none-eabi/4.6.2/../../../../arm-none-eabi/lib/armv7e-m\libg.a(lib_a-malloc.o)
                0x08024dc8                free
 .text._malloc_r
                0x08024dd8      0x540 d:/elektronik/ides/chibistudio/tools/gnu tools arm embedded/4.6 2012q2/bin/../lib/gcc/arm-none-eabi/4.6.2/../../../../arm-none-eabi/lib/armv7e-m\libg.a(lib_a-mallocr.o)
                0x08024dd8                _malloc_r
 .text.memcpy   0x08025318       0x84 d:/elektronik/ides/chibistudio/tools/gnu tools arm embedded/4.6 2012q2/bin/../lib/gcc/arm-none-eabi/4.6.2/../../../../arm-none-eabi/lib/armv7e-m\libg.a(lib_a-memcpy.o)
                0x08025318                memcpy
 .text.memmove  0x0802539c       0xb0 d:/elektronik/ides/chibistudio/tools/gnu tools arm embedded/4.6 2012q2/bin/../lib/gcc/arm-none-eabi/4.6.2/../../../../arm-none-eabi/lib/armv7e-m\libg.a(lib_a-memmove.o)
                0x0802539c                memmove
 .text.memset   0x0802544c       0x90 d:/elektronik/ides/chibistudio/tools/gnu tools arm embedded/4.6 2012q2/bin/../lib/gcc/arm-none-eabi/4.6.2/../../../../arm-none-eabi/lib/armv7e-m\libg.a(lib_a-memset.o)
                0x0802544c                memset
 .text.validate_structure
                0x080254dc      0x220 d:/elektronik/ides/chibistudio/tools/gnu tools arm embedded/4.6 2012q2/bin/../lib/gcc/arm-none-eabi/4.6.2/../../../../arm-none-eabi/lib/armv7e-m\libg.a(lib_a-mktime.o)
 .text.mktime   0x080256fc      0x2c4 d:/elektronik/ides/chibistudio/tools/gnu tools arm embedded/4.6 2012q2/bin/../lib/gcc/arm-none-eabi/4.6.2/../../../../arm-none-eabi/lib/armv7e-m\libg.a(lib_a-mktime.o)
                0x080256fc                mktime
 .text.__tzcalc_limits
                0x080259c0      0x180 d:/elektronik/ides/chibistudio/tools/gnu tools arm embedded/4.6 2012q2/bin/../lib/gcc/arm-none-eabi/4.6.2/../../../../arm-none-eabi/lib/armv7e-m\libg.a(lib_a-mktm_r.o)
                0x080259c0                __tzcalc_limits
 .text._mktm_r  0x08025b40      0x3ac d:/elektronik/ides/chibistudio/tools/gnu tools arm embedded/4.6 2012q2/bin/../lib/gcc/arm-none-eabi/4.6.2/../../../../arm-none-eabi/lib/armv7e-m\libg.a(lib_a-mktm_r.o)
                0x08025b40                _mktm_r
 .text._sbrk_r  0x08025eec       0x24 d:/elektronik/ides/chibistudio/tools/gnu tools arm embedded/4.6 2012q2/bin/../lib/gcc/arm-none-eabi/4.6.2/../../../../arm-none-eabi/lib/armv7e-m\libg.a(lib_a-sbrkr.o)
                0x08025eec                _sbrk_r
 .text.sprintf  0x08025f10       0x50 d:/elektronik/ides/chibistudio/tools/gnu tools arm embedded/4.6 2012q2/bin/../lib/gcc/arm-none-eabi/4.6.2/../../../../arm-none-eabi/lib/armv7e-m\libg.a(lib_a-sprintf.o)
                0x08025f10                sprintf
 .text.strcat   0x08025f60       0x4c d:/elektronik/ides/chibistudio/tools/gnu tools arm embedded/4.6 2012q2/bin/../lib/gcc/arm-none-eabi/4.6.2/../../../../arm-none-eabi/lib/armv7e-m\libg.a(lib_a-strcat.o)
                0x08025f60                strcat
 .text.strcpy   0x08025fac       0xbc d:/elektronik/ides/chibistudio/tools/gnu tools arm embedded/4.6 2012q2/bin/../lib/gcc/arm-none-eabi/4.6.2/../../../../arm-none-eabi/lib/armv7e-m\libg.a(lib_a-strcpy.o)
                0x08025fac                strcpy
 .text.iso_year_adjust
                0x08026068       0xe0 d:/elektronik/ides/chibistudio/tools/gnu tools arm embedded/4.6 2012q2/bin/../lib/gcc/arm-none-eabi/4.6.2/../../../../arm-none-eabi/lib/armv7e-m\libg.a(lib_a-strftime.o)
 .text.strftime
                0x08026148      0xc14 d:/elektronik/ides/chibistudio/tools/gnu tools arm embedded/4.6 2012q2/bin/../lib/gcc/arm-none-eabi/4.6.2/../../../../arm-none-eabi/lib/armv7e-m\libg.a(lib_a-strftime.o)
                0x08026148                strftime
 .text.strlen   0x08026d5c       0x60 d:/elektronik/ides/chibistudio/tools/gnu tools arm embedded/4.6 2012q2/bin/../lib/gcc/arm-none-eabi/4.6.2/../../../../arm-none-eabi/lib/armv7e-m\libg.a(lib_a-strlen.o)
                0x08026d5c                strlen
 .text.strncpy  0x08026dbc       0x68 d:/elektronik/ides/chibistudio/tools/gnu tools arm embedded/4.6 2012q2/bin/../lib/gcc/arm-none-eabi/4.6.2/../../../../arm-none-eabi/lib/armv7e-m\libg.a(lib_a-strncpy.o)
                0x08026dbc                strncpy
 .text._strtoul_r
                0x08026e24      0x130 d:/elektronik/ides/chibistudio/tools/gnu tools arm embedded/4.6 2012q2/bin/../lib/gcc/arm-none-eabi/4.6.2/../../../../arm-none-eabi/lib/armv7e-m\libg.a(lib_a-strtoul.o)
                0x08026e24                _strtoul_r
 .text.strtoul  0x08026f54       0x1c d:/elektronik/ides/chibistudio/tools/gnu tools arm embedded/4.6 2012q2/bin/../lib/gcc/arm-none-eabi/4.6.2/../../../../arm-none-eabi/lib/armv7e-m\libg.a(lib_a-strtoul.o)
                0x08026f54                strtoul
 .text._svfprintf_r
                0x08026f70     0x141c d:/elektronik/ides/chibistudio/tools/gnu tools arm embedded/4.6 2012q2/bin/../lib/gcc/arm-none-eabi/4.6.2/../../../../arm-none-eabi/lib/armv7e-m\libg.a(lib_a-svfprintf.o)
                0x08026f70                _svfprintf_r
 .text.__get_current_time_locale
                0x0802838c       0x24 d:/elektronik/ides/chibistudio/tools/gnu tools arm embedded/4.6 2012q2/bin/../lib/gcc/arm-none-eabi/4.6.2/../../../../arm-none-eabi/lib/armv7e-m\libg.a(lib_a-timelocal.o)
                0x0802838c                __get_current_time_locale
 .text.toupper  0x080283b0       0x18 d:/elektronik/ides/chibistudio/tools/gnu tools arm embedded/4.6 2012q2/bin/../lib/gcc/arm-none-eabi/4.6.2/../../../../arm-none-eabi/lib/armv7e-m\libg.a(lib_a-toupper.o)
                0x080283b0                toupper
 .text.__tz_lock
                0x080283c8        0x4 d:/elektronik/ides/chibistudio/tools/gnu tools arm embedded/4.6 2012q2/bin/../lib/gcc/arm-none-eabi/4.6.2/../../../../arm-none-eabi/lib/armv7e-m\libg.a(lib_a-tzlock.o)
                0x080283c8                __tz_lock
 .text.__tz_unlock
                0x080283cc        0x4 d:/elektronik/ides/chibistudio/tools/gnu tools arm embedded/4.6 2012q2/bin/../lib/gcc/arm-none-eabi/4.6.2/../../../../arm-none-eabi/lib/armv7e-m\libg.a(lib_a-tzlock.o)
                0x080283cc                __tz_unlock
 .text.__sprint_r
                0x080283d0       0x80 d:/elektronik/ides/chibistudio/tools/gnu tools arm embedded/4.6 2012q2/bin/../lib/gcc/arm-none-eabi/4.6.2/../../../../arm-none-eabi/lib/armv7e-m\libg.a(lib_a-vfiprintf.o)
                0x080283d0                __sprint_r
 .text._vfiprintf_r
                0x08028450      0xbd8 d:/elektronik/ides/chibistudio/tools/gnu tools arm embedded/4.6 2012q2/bin/../lib/gcc/arm-none-eabi/4.6.2/../../../../arm-none-eabi/lib/armv7e-m\libg.a(lib_a-vfiprintf.o)
                0x08028450                _vfiprintf_r
 .text.__swsetup_r
                0x08029028       0xbc d:/elektronik/ides/chibistudio/tools/gnu tools arm embedded/4.6 2012q2/bin/../lib/gcc/arm-none-eabi/4.6.2/../../../../arm-none-eabi/lib/armv7e-m\libg.a(lib_a-wsetup.o)
                0x08029028                __swsetup_r
 .text.__register_exitproc
                0x080290e4       0xac d:/elektronik/ides/chibistudio/tools/gnu tools arm embedded/4.6 2012q2/bin/../lib/gcc/arm-none-eabi/4.6.2/../../../../arm-none-eabi/lib/armv7e-m\libg.a(lib_a-__atexit.o)
                0x080290e4                __register_exitproc
 .text.startup.register_fini
                0x08029190       0x14 d:/elektronik/ides/chibistudio/tools/gnu tools arm embedded/4.6 2012q2/bin/../lib/gcc/arm-none-eabi/4.6.2/../../../../arm-none-eabi/lib/armv7e-m\libg.a(lib_a-__call_atexit.o)
 .text.abort    0x080291a4       0x10 d:/elektronik/ides/chibistudio/tools/gnu tools arm embedded/4.6 2012q2/bin/../lib/gcc/arm-none-eabi/4.6.2/../../../../arm-none-eabi/lib/armv7e-m\libg.a(lib_a-abort.o)
                0x080291a4                abort
 .text.abs      0x080291b4        0x8 d:/elektronik/ides/chibistudio/tools/gnu tools arm embedded/4.6 2012q2/bin/../lib/gcc/arm-none-eabi/4.6.2/../../../../arm-none-eabi/lib/armv7e-m\libg.a(lib_a-abs.o)
                0x080291b4                abs
 .text.div      0x080291bc       0x2c d:/elektronik/ides/chibistudio/tools/gnu tools arm embedded/4.6 2012q2/bin/../lib/gcc/arm-none-eabi/4.6.2/../../../../arm-none-eabi/lib/armv7e-m\libg.a(lib_a-div.o)
                0x080291bc                div
 .text.quorem   0x080291e8      0x14c d:/elektronik/ides/chibistudio/tools/gnu tools arm embedded/4.6 2012q2/bin/../lib/gcc/arm-none-eabi/4.6.2/../../../../arm-none-eabi/lib/armv7e-m\libg.a(lib_a-dtoa.o)
 *fill*         0x08029334        0x4 00
 .text._dtoa_r  0x08029338      0xe60 d:/elektronik/ides/chibistudio/tools/gnu tools arm embedded/4.6 2012q2/bin/../lib/gcc/arm-none-eabi/4.6.2/../../../../arm-none-eabi/lib/armv7e-m\libg.a(lib_a-dtoa.o)
                0x08029338                _dtoa_r
 .text._fflush_r
                0x0802a198      0x16c d:/elektronik/ides/chibistudio/tools/gnu tools arm embedded/4.6 2012q2/bin/../lib/gcc/arm-none-eabi/4.6.2/../../../../arm-none-eabi/lib/armv7e-m\libg.a(lib_a-fflush.o)
                0x0802a198                _fflush_r
 .text._cleanup_r
                0x0802a304        0xc d:/elektronik/ides/chibistudio/tools/gnu tools arm embedded/4.6 2012q2/bin/../lib/gcc/arm-none-eabi/4.6.2/../../../../arm-none-eabi/lib/armv7e-m\libg.a(lib_a-findfp.o)
                0x0802a304                _cleanup_r
 .text.std.isra.0
                0x0802a310       0x50 d:/elektronik/ides/chibistudio/tools/gnu tools arm embedded/4.6 2012q2/bin/../lib/gcc/arm-none-eabi/4.6.2/../../../../arm-none-eabi/lib/armv7e-m\libg.a(lib_a-findfp.o)
 .text.__sinit  0x0802a360       0x48 d:/elektronik/ides/chibistudio/tools/gnu tools arm embedded/4.6 2012q2/bin/../lib/gcc/arm-none-eabi/4.6.2/../../../../arm-none-eabi/lib/armv7e-m\libg.a(lib_a-findfp.o)
                0x0802a360                __sinit
 .text.__sfp_lock_acquire
                0x0802a3a8        0x4 d:/elektronik/ides/chibistudio/tools/gnu tools arm embedded/4.6 2012q2/bin/../lib/gcc/arm-none-eabi/4.6.2/../../../../arm-none-eabi/lib/armv7e-m\libg.a(lib_a-findfp.o)
                0x0802a3a8                __sfp_lock_acquire
 .text.__sfp_lock_release
                0x0802a3ac        0x4 d:/elektronik/ides/chibistudio/tools/gnu tools arm embedded/4.6 2012q2/bin/../lib/gcc/arm-none-eabi/4.6.2/../../../../arm-none-eabi/lib/armv7e-m\libg.a(lib_a-findfp.o)
                0x0802a3ac                __sfp_lock_release
 .text._fputwc_r
                0x0802a3b0       0xd0 d:/elektronik/ides/chibistudio/tools/gnu tools arm embedded/4.6 2012q2/bin/../lib/gcc/arm-none-eabi/4.6.2/../../../../arm-none-eabi/lib/armv7e-m\libg.a(lib_a-fputwc.o)
                0x0802a3b0                _fputwc_r
 .text._malloc_trim_r
                0x0802a480       0xa0 d:/elektronik/ides/chibistudio/tools/gnu tools arm embedded/4.6 2012q2/bin/../lib/gcc/arm-none-eabi/4.6.2/../../../../arm-none-eabi/lib/armv7e-m\libg.a(lib_a-freer.o)
                0x0802a480                _malloc_trim_r
 .text._free_r  0x0802a520      0x190 d:/elektronik/ides/chibistudio/tools/gnu tools arm embedded/4.6 2012q2/bin/../lib/gcc/arm-none-eabi/4.6.2/../../../../arm-none-eabi/lib/armv7e-m\libg.a(lib_a-freer.o)
                0x0802a520                _free_r
 .text.__sfvwrite_r
                0x0802a6b0      0x2f8 d:/elektronik/ides/chibistudio/tools/gnu tools arm embedded/4.6 2012q2/bin/../lib/gcc/arm-none-eabi/4.6.2/../../../../arm-none-eabi/lib/armv7e-m\libg.a(lib_a-fvwrite.o)
                0x0802a6b0                __sfvwrite_r
 .text._fwalk   0x0802a9a8       0x54 d:/elektronik/ides/chibistudio/tools/gnu tools arm embedded/4.6 2012q2/bin/../lib/gcc/arm-none-eabi/4.6.2/../../../../arm-none-eabi/lib/armv7e-m\libg.a(lib_a-fwalk.o)
                0x0802a9a8                _fwalk
 .text.__gettzinfo
                0x0802a9fc        0xc d:/elektronik/ides/chibistudio/tools/gnu tools arm embedded/4.6 2012q2/bin/../lib/gcc/arm-none-eabi/4.6.2/../../../../arm-none-eabi/lib/armv7e-m\libg.a(lib_a-gettzinfo.o)
                0x0802a9fc                __gettzinfo
 .text.labs     0x0802aa08        0x8 d:/elektronik/ides/chibistudio/tools/gnu tools arm embedded/4.6 2012q2/bin/../lib/gcc/arm-none-eabi/4.6.2/../../../../arm-none-eabi/lib/armv7e-m\libg.a(lib_a-labs.o)
                0x0802aa08                labs
 .text.__locale_charset
                0x0802aa10        0xc d:/elektronik/ides/chibistudio/tools/gnu tools arm embedded/4.6 2012q2/bin/../lib/gcc/arm-none-eabi/4.6.2/../../../../arm-none-eabi/lib/armv7e-m\libg.a(lib_a-locale.o)
                0x0802aa10                __locale_charset
 .text.__locale_mb_cur_max
                0x0802aa1c        0xc d:/elektronik/ides/chibistudio/tools/gnu tools arm embedded/4.6 2012q2/bin/../lib/gcc/arm-none-eabi/4.6.2/../../../../arm-none-eabi/lib/armv7e-m\libg.a(lib_a-locale.o)
                0x0802aa1c                __locale_mb_cur_max
 .text._localeconv_r
                0x0802aa28        0xc d:/elektronik/ides/chibistudio/tools/gnu tools arm embedded/4.6 2012q2/bin/../lib/gcc/arm-none-eabi/4.6.2/../../../../arm-none-eabi/lib/armv7e-m\libg.a(lib_a-locale.o)
                0x0802aa28                _localeconv_r
 .text.__smakebuf_r
                0x0802aa34       0xe0 d:/elektronik/ides/chibistudio/tools/gnu tools arm embedded/4.6 2012q2/bin/../lib/gcc/arm-none-eabi/4.6.2/../../../../arm-none-eabi/lib/armv7e-m\libg.a(lib_a-makebuf.o)
                0x0802aa34                __smakebuf_r
 .text.memchr   0x0802ab14       0x84 d:/elektronik/ides/chibistudio/tools/gnu tools arm embedded/4.6 2012q2/bin/../lib/gcc/arm-none-eabi/4.6.2/../../../../arm-none-eabi/lib/armv7e-m\libg.a(lib_a-memchr.o)
                0x0802ab14                memchr
 .text._Balloc  0x0802ab98       0x4c d:/elektronik/ides/chibistudio/tools/gnu tools arm embedded/4.6 2012q2/bin/../lib/gcc/arm-none-eabi/4.6.2/../../../../arm-none-eabi/lib/armv7e-m\libg.a(lib_a-mprec.o)
                0x0802ab98                _Balloc
 .text._Bfree   0x0802abe4       0x14 d:/elektronik/ides/chibistudio/tools/gnu tools arm embedded/4.6 2012q2/bin/../lib/gcc/arm-none-eabi/4.6.2/../../../../arm-none-eabi/lib/armv7e-m\libg.a(lib_a-mprec.o)
                0x0802abe4                _Bfree
 .text.__multadd
                0x0802abf8       0x84 d:/elektronik/ides/chibistudio/tools/gnu tools arm embedded/4.6 2012q2/bin/../lib/gcc/arm-none-eabi/4.6.2/../../../../arm-none-eabi/lib/armv7e-m\libg.a(lib_a-mprec.o)
                0x0802abf8                __multadd
 .text.__hi0bits
                0x0802ac7c       0x3c d:/elektronik/ides/chibistudio/tools/gnu tools arm embedded/4.6 2012q2/bin/../lib/gcc/arm-none-eabi/4.6.2/../../../../arm-none-eabi/lib/armv7e-m\libg.a(lib_a-mprec.o)
                0x0802ac7c                __hi0bits
 .text.__lo0bits
                0x0802acb8       0x5c d:/elektronik/ides/chibistudio/tools/gnu tools arm embedded/4.6 2012q2/bin/../lib/gcc/arm-none-eabi/4.6.2/../../../../arm-none-eabi/lib/armv7e-m\libg.a(lib_a-mprec.o)
                0x0802acb8                __lo0bits
 .text.__i2b    0x0802ad14       0x14 d:/elektronik/ides/chibistudio/tools/gnu tools arm embedded/4.6 2012q2/bin/../lib/gcc/arm-none-eabi/4.6.2/../../../../arm-none-eabi/lib/armv7e-m\libg.a(lib_a-mprec.o)
                0x0802ad14                __i2b
 .text.__multiply
                0x0802ad28      0x144 d:/elektronik/ides/chibistudio/tools/gnu tools arm embedded/4.6 2012q2/bin/../lib/gcc/arm-none-eabi/4.6.2/../../../../arm-none-eabi/lib/armv7e-m\libg.a(lib_a-mprec.o)
                0x0802ad28                __multiply
 .text.__pow5mult
                0x0802ae6c       0x98 d:/elektronik/ides/chibistudio/tools/gnu tools arm embedded/4.6 2012q2/bin/../lib/gcc/arm-none-eabi/4.6.2/../../../../arm-none-eabi/lib/armv7e-m\libg.a(lib_a-mprec.o)
                0x0802ae6c                __pow5mult
 .text.__lshift
                0x0802af04       0xc0 d:/elektronik/ides/chibistudio/tools/gnu tools arm embedded/4.6 2012q2/bin/../lib/gcc/arm-none-eabi/4.6.2/../../../../arm-none-eabi/lib/armv7e-m\libg.a(lib_a-mprec.o)
                0x0802af04                __lshift
 .text.__mcmp   0x0802afc4       0x3c d:/elektronik/ides/chibistudio/tools/gnu tools arm embedded/4.6 2012q2/bin/../lib/gcc/arm-none-eabi/4.6.2/../../../../arm-none-eabi/lib/armv7e-m\libg.a(lib_a-mprec.o)
                0x0802afc4                __mcmp
 .text.__mdiff  0x0802b000       0xd8 d:/elektronik/ides/chibistudio/tools/gnu tools arm embedded/4.6 2012q2/bin/../lib/gcc/arm-none-eabi/4.6.2/../../../../arm-none-eabi/lib/armv7e-m\libg.a(lib_a-mprec.o)
                0x0802b000                __mdiff