Archive member included because of file (symbol)

d:/elektronik/ides/eclipse/yagarto/bin/../lib/gcc/arm-none-eabi/4.6.2/../../../../arm-none-eabi/lib/thumb/v7m\libstdc++.a(atexit_arm.o)
                              ./main.o (__aeabi_atexit)
d:/elektronik/ides/eclipse/yagarto/bin/../lib/gcc/arm-none-eabi/4.6.2/../../../../arm-none-eabi/lib/thumb/v7m\libstdc++.a(del_op.o)
                              ./Menue/CMenue.o (operator delete(void*))
d:/elektronik/ides/eclipse/yagarto/bin/../lib/gcc/arm-none-eabi/4.6.2/../../../../arm-none-eabi/lib/thumb/v7m\libstdc++.a(pure.o)
                              ./GraphicLCD/CGraphicLCD.o (__cxa_pure_virtual)
d:/elektronik/ides/eclipse/yagarto/bin/../lib/gcc/arm-none-eabi/4.6.2/../../../../arm-none-eabi/lib/thumb/v7m\libstdc++.a(eh_terminate.o)
                              d:/elektronik/ides/eclipse/yagarto/bin/../lib/gcc/arm-none-eabi/4.6.2/../../../../arm-none-eabi/lib/thumb/v7m\libstdc++.a(pure.o) (std::terminate())
d:/elektronik/ides/eclipse/yagarto/bin/../lib/gcc/arm-none-eabi/4.6.2/../../../../arm-none-eabi/lib/thumb/v7m\libstdc++.a(eh_term_handler.o)
                              d:/elektronik/ides/eclipse/yagarto/bin/../lib/gcc/arm-none-eabi/4.6.2/../../../../arm-none-eabi/lib/thumb/v7m\libstdc++.a(eh_terminate.o) (__cxxabiv1::__terminate_handler)
d:/elektronik/ides/eclipse/yagarto/bin/../lib/gcc/arm-none-eabi/4.6.2/../../../../arm-none-eabi/lib/thumb/v7m\libstdc++.a(eh_unex_handler.o)
                              d:/elektronik/ides/eclipse/yagarto/bin/../lib/gcc/arm-none-eabi/4.6.2/../../../../arm-none-eabi/lib/thumb/v7m\libstdc++.a(eh_terminate.o) (__cxxabiv1::__unexpected_handler)
d:/elektronik/ides/eclipse/yagarto/bin/../lib/gcc/arm-none-eabi/4.6.2/../../../../arm-none-eabi/lib/thumb/v7m\libstdc++.a(vterminate.o)
                              d:/elektronik/ides/eclipse/yagarto/bin/../lib/gcc/arm-none-eabi/4.6.2/../../../../arm-none-eabi/lib/thumb/v7m\libstdc++.a(eh_term_handler.o) (__gnu_cxx::__verbose_terminate_handler())
d:/elektronik/ides/eclipse/yagarto/bin/../lib/gcc/arm-none-eabi/4.6.2/../../../../arm-none-eabi/lib/thumb/v7m\libstdc++.a(cp-demangle.o)
                              d:/elektronik/ides/eclipse/yagarto/bin/../lib/gcc/arm-none-eabi/4.6.2/../../../../arm-none-eabi/lib/thumb/v7m\libstdc++.a(vterminate.o) (__cxa_demangle)
d:/elektronik/ides/eclipse/yagarto/bin/../lib/gcc/arm-none-eabi/4.6.2/../../../../arm-none-eabi/lib/thumb/v7m\libstdc++.a(eh_arm.o)
                              d:/elektronik/ides/eclipse/yagarto/bin/../lib/gcc/arm-none-eabi/4.6.2/../../../../arm-none-eabi/lib/thumb/v7m\libstdc++.a(eh_terminate.o) (__cxa_end_cleanup)
d:/elektronik/ides/eclipse/yagarto/bin/../lib/gcc/arm-none-eabi/4.6.2/../../../../arm-none-eabi/lib/thumb/v7m\libstdc++.a(eh_aux_runtime.o)
                              d:/elektronik/ides/eclipse/yagarto/bin/../lib/gcc/arm-none-eabi/4.6.2/../../../../arm-none-eabi/lib/thumb/v7m\libstdc++.a(eh_arm.o) (__cxa_bad_typeid)
d:/elektronik/ides/eclipse/yagarto/bin/../lib/gcc/arm-none-eabi/4.6.2/../../../../arm-none-eabi/lib/thumb/v7m\libstdc++.a(eh_call.o)
                              d:/elektronik/ides/eclipse/yagarto/bin/../lib/gcc/arm-none-eabi/4.6.2/../../../../arm-none-eabi/lib/thumb/v7m\libstdc++.a(eh_terminate.o) (__cxa_call_unexpected)
d:/elektronik/ides/eclipse/yagarto/bin/../lib/gcc/arm-none-eabi/4.6.2/../../../../arm-none-eabi/lib/thumb/v7m\libstdc++.a(eh_catch.o)
                              d:/elektronik/ides/eclipse/yagarto/bin/../lib/gcc/arm-none-eabi/4.6.2/../../../../arm-none-eabi/lib/thumb/v7m\libstdc++.a(eh_terminate.o) (__cxa_begin_catch)
d:/elektronik/ides/eclipse/yagarto/bin/../lib/gcc/arm-none-eabi/4.6.2/../../../../arm-none-eabi/lib/thumb/v7m\libstdc++.a(eh_exception.o)
                              d:/elektronik/ides/eclipse/yagarto/bin/../lib/gcc/arm-none-eabi/4.6.2/../../../../arm-none-eabi/lib/thumb/v7m\libstdc++.a(vterminate.o) (typeinfo for std::exception)
d:/elektronik/ides/eclipse/yagarto/bin/../lib/gcc/arm-none-eabi/4.6.2/../../../../arm-none-eabi/lib/thumb/v7m\libstdc++.a(eh_globals.o)
                              d:/elektronik/ides/eclipse/yagarto/bin/../lib/gcc/arm-none-eabi/4.6.2/../../../../arm-none-eabi/lib/thumb/v7m\libstdc++.a(eh_call.o) (__cxa_get_globals_fast)
d:/elektronik/ides/eclipse/yagarto/bin/../lib/gcc/arm-none-eabi/4.6.2/../../../../arm-none-eabi/lib/thumb/v7m\libstdc++.a(eh_personality.o)
                              d:/elektronik/ides/eclipse/yagarto/bin/../lib/gcc/arm-none-eabi/4.6.2/../../../../arm-none-eabi/lib/thumb/v7m\libstdc++.a(eh_terminate.o) (__gxx_personality_v0)
d:/elektronik/ides/eclipse/yagarto/bin/../lib/gcc/arm-none-eabi/4.6.2/../../../../arm-none-eabi/lib/thumb/v7m\libstdc++.a(eh_throw.o)
                              d:/elektronik/ides/eclipse/yagarto/bin/../lib/gcc/arm-none-eabi/4.6.2/../../../../arm-none-eabi/lib/thumb/v7m\libstdc++.a(eh_aux_runtime.o) (__cxa_throw)
[...]
Memory Configuration

Name             Origin             Length             Attributes
FLASH            0x08000000         0x00100000         xr
RAM              0x20000000         0x00020000         xrw
MEMORY_B1        0x60000000         0x00000000         xr
*default*        0x00000000         0xffffffff

Linker script and memory map

LOAD d:/elektronik/ides/eclipse/yagarto/bin/../lib/gcc/arm-none-eabi/4.6.2/thumb/v7m/crti.o
LOAD d:/elektronik/ides/eclipse/yagarto/bin/../lib/gcc/arm-none-eabi/4.6.2/thumb/v7m/crtbegin.o
LOAD d:/elektronik/ides/eclipse/yagarto/bin/../lib/gcc/arm-none-eabi/4.6.2/../../../../arm-none-eabi/lib/thumb/v7m/crt0.o
LOAD ./STM32F4xx_StdPeriph_Driver/src/misc.o
LOAD ./STM32F4xx_StdPeriph_Driver/src/stm32f4xx_adc.o
LOAD ./STM32F4xx_StdPeriph_Driver/src/stm32f4xx_can.o
LOAD ./STM32F4xx_StdPeriph_Driver/src/stm32f4xx_crc.o
LOAD ./STM32F4xx_StdPeriph_Driver/src/stm32f4xx_cryp.o
LOAD ./STM32F4xx_StdPeriph_Driver/src/stm32f4xx_cryp_aes.o
LOAD ./STM32F4xx_StdPeriph_Driver/src/stm32f4xx_cryp_des.o
LOAD ./STM32F4xx_StdPeriph_Driver/src/stm32f4xx_cryp_tdes.o
LOAD ./STM32F4xx_StdPeriph_Driver/src/stm32f4xx_dac.o
LOAD ./STM32F4xx_StdPeriph_Driver/src/stm32f4xx_dbgmcu.o
LOAD ./STM32F4xx_StdPeriph_Driver/src/stm32f4xx_dcmi.o
LOAD ./STM32F4xx_StdPeriph_Driver/src/stm32f4xx_dma.o
LOAD ./STM32F4xx_StdPeriph_Driver/src/stm32f4xx_exti.o
LOAD ./STM32F4xx_StdPeriph_Driver/src/stm32f4xx_flash.o
LOAD ./STM32F4xx_StdPeriph_Driver/src/stm32f4xx_fsmc.o
LOAD ./STM32F4xx_StdPeriph_Driver/src/stm32f4xx_gpio.o
LOAD ./STM32F4xx_StdPeriph_Driver/src/stm32f4xx_hash.o
LOAD ./STM32F4xx_StdPeriph_Driver/src/stm32f4xx_hash_md5.o
LOAD ./STM32F4xx_StdPeriph_Driver/src/stm32f4xx_hash_sha1.o
LOAD ./STM32F4xx_StdPeriph_Driver/src/stm32f4xx_i2c.o
LOAD ./STM32F4xx_StdPeriph_Driver/src/stm32f4xx_iwdg.o
LOAD ./STM32F4xx_StdPeriph_Driver/src/stm32f4xx_pwr.o
LOAD ./STM32F4xx_StdPeriph_Driver/src/stm32f4xx_rcc.o
LOAD ./STM32F4xx_StdPeriph_Driver/src/stm32f4xx_rng.o
LOAD ./STM32F4xx_StdPeriph_Driver/src/stm32f4xx_rtc.o
LOAD ./STM32F4xx_StdPeriph_Driver/src/stm32f4xx_sdio.o
LOAD ./STM32F4xx_StdPeriph_Driver/src/stm32f4xx_spi.o
LOAD ./STM32F4xx_StdPeriph_Driver/src/stm32f4xx_syscfg.o
LOAD ./STM32F4xx_StdPeriph_Driver/src/stm32f4xx_tim.o
LOAD ./STM32F4xx_StdPeriph_Driver/src/stm32f4xx_usart.o
LOAD ./STM32F4xx_StdPeriph_Driver/src/stm32f4xx_wwdg.o
LOAD ./STM32F4-Discovery/stm32f4_discovery.o
LOAD ./STM32F4-Discovery/stm32f4_discovery_audio_codec.o
LOAD ./STM32F4-Discovery/stm32f4_discovery_lis302dl.o
LOAD ./Menue/CMenue.o
LOAD ./GraphicLCD/CGraphicLCD.o
LOAD ./GraphicLCD/CT6963CDriver.o
LOAD ./GraphicLCD/CT6963GPIOInterface.o
LOAD ./GraphicLCD/SansSerif12.o
LOAD ./FreeRTOS_EC/Source/AManagedTask.o
LOAD ./FreeRTOS_EC/Source/ASyncObject.o
LOAD ./FreeRTOS_EC/Source/ATimer.o
LOAD ./FreeRTOS_EC/Source/CBinarySemaphore.o
LOAD ./FreeRTOS_EC/Source/CCountingSemaphore.o
LOAD ./FreeRTOS_EC/Source/CFreeRTOS.o
LOAD ./FreeRTOS_EC/Source/CMessageTask.o
LOAD ./FreeRTOS_EC/Source/CMutex.o
LOAD ./FreeRTOS_EC/Source/CQueue.o
LOAD ./FreeRTOS_EC/Source/CRecursiveMutex.o
LOAD ./FreeRTOS_EC/Source/CTask.o
LOAD ./FreeRTOS/Source/portable/GCC/ARM_CM4F/port.o
LOAD ./FreeRTOS/Source/croutine.o
LOAD ./FreeRTOS/Source/list.o
LOAD ./FreeRTOS/Source/queue.o
LOAD ./FreeRTOS/Source/tasks.o
LOAD ./FreeRTOS/Source/timers.o
LOAD ./Fatfs/FatFs/src/option/syscall.o
LOAD ./Fatfs/FatFs/src/diskio.o
LOAD ./Fatfs/FatFs/src/ff.o
LOAD ./Fatfs/CFileHandler.o
LOAD ./Fatfs/fattime.o
LOAD ./Fatfs/stm32f4_sdio.o
LOAD ./CLedHeartBeatSTM32F4Disc.o
LOAD ./main.o
LOAD ./startup_stm32f4xx.o
LOAD ./stm32f4xx_it.o
LOAD ./syscalls.o
LOAD ./system_stm32f4xx.o
LOAD ./ustime.o
LOAD d:/elektronik/ides/eclipse/yagarto/bin/../lib/gcc/arm-none-eabi/4.6.2/../../../../arm-none-eabi/lib/thumb/v7m\libstdc++.a
LOAD d:/elektronik/ides/eclipse/yagarto/bin/../lib/gcc/arm-none-eabi/4.6.2/../../../../arm-none-eabi/lib/thumb/v7m\libm.a
START GROUP
LOAD d:/elektronik/ides/eclipse/yagarto/bin/../lib/gcc/arm-none-eabi/4.6.2/thumb/v7m\libgcc.a
LOAD d:/elektronik/ides/eclipse/yagarto/bin/../lib/gcc/arm-none-eabi/4.6.2/../../../../arm-none-eabi/lib/thumb/v7m\libg.a
LOAD d:/elektronik/ides/eclipse/yagarto/bin/../lib/gcc/arm-none-eabi/4.6.2/../../../../arm-none-eabi/lib/thumb/v7m\libc.a
END GROUP
LOAD d:/elektronik/ides/eclipse/yagarto/bin/../lib/gcc/arm-none-eabi/4.6.2/thumb/v7m/crtend.o
LOAD d:/elektronik/ides/eclipse/yagarto/bin/../lib/gcc/arm-none-eabi/4.6.2/thumb/v7m/crtn.o
                0x20020000                _estack = 0x20020000
                0x00000000                _Min_Heap_Size = 0x0
                0x00000400                _Min_Stack_Size = 0x400

.isr_vector     0x08000000      0x188
                0x08000000                . = ALIGN (0x4)
 *(.isr_vector)
 .isr_vector    0x08000000      0x188 ./startup_stm32f4xx.o
                0x08000000                g_pfnVectors
                0x08000188                . = ALIGN (0x4)

.text           0x08000188    0x307e8
                0x08000188                . = ALIGN (0x4)
 *(.text)
 .text          0x08000188        0x0 d:/elektronik/ides/eclipse/yagarto/bin/../lib/gcc/arm-none-eabi/4.6.2/thumb/v7m/crti.o
 .text          0x08000188       0x54 d:/elektronik/ides/eclipse/yagarto/bin/../lib/gcc/arm-none-eabi/4.6.2/thumb/v7m/crtbegin.o
 .text          0x080001dc       0x70 d:/elektronik/ides/eclipse/yagarto/bin/../lib/gcc/arm-none-eabi/4.6.2/../../../../arm-none-eabi/lib/thumb/v7m/crt0.o
                0x080001dc                _start
                0x080001dc                start
                0x080001dc                _mainCRTStartup
 .text          0x0800024c        0x0 ./STM32F4xx_StdPeriph_Driver/src/misc.o
 .text          0x0800024c        0x0 ./STM32F4xx_StdPeriph_Driver/src/stm32f4xx_adc.o
 .text          0x0800024c        0x0 ./STM32F4xx_StdPeriph_Driver/src/stm32f4xx_can.o
 .text          0x0800024c        0x0 ./STM32F4xx_StdPeriph_Driver/src/stm32f4xx_crc.o
 .text          0x0800024c        0x0 ./STM32F4xx_StdPeriph_Driver/src/stm32f4xx_cryp.o
 .text          0x0800024c        0x0 ./STM32F4xx_StdPeriph_Driver/src/stm32f4xx_cryp_aes.o
 .text          0x0800024c        0x0 ./STM32F4xx_StdPeriph_Driver/src/stm32f4xx_cryp_des.o
 .text          0x0800024c        0x0 ./STM32F4xx_StdPeriph_Driver/src/stm32f4xx_cryp_tdes.o
 .text          0x0800024c        0x0 ./STM32F4xx_StdPeriph_Driver/src/stm32f4xx_dac.o
 .text          0x0800024c        0x0 ./STM32F4xx_StdPeriph_Driver/src/stm32f4xx_dbgmcu.o
 .text          0x0800024c        0x0 ./STM32F4xx_StdPeriph_Driver/src/stm32f4xx_dcmi.o
 .text          0x0800024c        0x0 ./STM32F4xx_StdPeriph_Driver/src/stm32f4xx_dma.o
 .text          0x0800024c        0x0 ./STM32F4xx_StdPeriph_Driver/src/stm32f4xx_exti.o
 .text          0x0800024c        0x0 ./STM32F4xx_StdPeriph_Driver/src/stm32f4xx_flash.o
 .text          0x0800024c        0x0 ./STM32F4xx_StdPeriph_Driver/src/stm32f4xx_fsmc.o
 .text          0x0800024c        0x0 ./STM32F4xx_StdPeriph_Driver/src/stm32f4xx_gpio.o
 .text          0x0800024c        0x0 ./STM32F4xx_StdPeriph_Driver/src/stm32f4xx_hash.o
 .text          0x0800024c        0x0 ./STM32F4xx_StdPeriph_Driver/src/stm32f4xx_hash_md5.o
 .text          0x0800024c        0x0 ./STM32F4xx_StdPeriph_Driver/src/stm32f4xx_hash_sha1.o
 .text          0x0800024c        0x0 ./STM32F4xx_StdPeriph_Driver/src/stm32f4xx_i2c.o
 .text          0x0800024c        0x0 ./STM32F4xx_StdPeriph_Driver/src/stm32f4xx_iwdg.o
 .text          0x0800024c        0x0 ./STM32F4xx_StdPeriph_Driver/src/stm32f4xx_pwr.o
 .text          0x0800024c        0x0 ./STM32F4xx_StdPeriph_Driver/src/stm32f4xx_rcc.o
 .text          0x0800024c        0x0 ./STM32F4xx_StdPeriph_Driver/src/stm32f4xx_rng.o
 .text          0x0800024c        0x0 ./STM32F4xx_StdPeriph_Driver/src/stm32f4xx_rtc.o
 .text          0x0800024c        0x0 ./STM32F4xx_StdPeriph_Driver/src/stm32f4xx_sdio.o
 .text          0x0800024c        0x0 ./STM32F4xx_StdPeriph_Driver/src/stm32f4xx_spi.o
 .text          0x0800024c        0x0 ./STM32F4xx_StdPeriph_Driver/src/stm32f4xx_syscfg.o
 .text          0x0800024c        0x0 ./STM32F4xx_StdPeriph_Driver/src/stm32f4xx_tim.o
 .text          0x0800024c        0x0 ./STM32F4xx_StdPeriph_Driver/src/stm32f4xx_usart.o
 .text          0x0800024c        0x0 ./STM32F4xx_StdPeriph_Driver/src/stm32f4xx_wwdg.o
 .text          0x0800024c        0x0 ./STM32F4-Discovery/stm32f4_discovery.o
 .text          0x0800024c        0x0 ./STM32F4-Discovery/stm32f4_discovery_audio_codec.o
 .text          0x0800024c        0x0 ./STM32F4-Discovery/stm32f4_discovery_lis302dl.o
 .text          0x0800024c        0x0 ./Menue/CMenue.o
 .text          0x0800024c        0x0 ./GraphicLCD/CGraphicLCD.o
 .text          0x0800024c        0x0 ./GraphicLCD/CT6963CDriver.o
 .text          0x0800024c        0x0 ./GraphicLCD/CT6963GPIOInterface.o
 .text          0x0800024c        0x0 ./GraphicLCD/SansSerif12.o
 .text          0x0800024c        0x0 ./FreeRTOS_EC/Source/AManagedTask.o
 .text          0x0800024c        0x0 ./FreeRTOS_EC/Source/ASyncObject.o
 .text          0x0800024c        0x0 ./FreeRTOS_EC/Source/ATimer.o
 .text          0x0800024c        0x0 ./FreeRTOS_EC/Source/CBinarySemaphore.o
 .text          0x0800024c        0x0 ./FreeRTOS_EC/Source/CCountingSemaphore.o
 .text          0x0800024c        0x0 ./FreeRTOS_EC/Source/CFreeRTOS.o
 .text          0x0800024c        0x0 ./FreeRTOS_EC/Source/CMessageTask.o
 .text          0x0800024c        0x0 ./FreeRTOS_EC/Source/CMutex.o
 .text          0x0800024c        0x0 ./FreeRTOS_EC/Source/CQueue.o
 .text          0x0800024c        0x0 ./FreeRTOS_EC/Source/CRecursiveMutex.o
 .text          0x0800024c        0x0 ./FreeRTOS_EC/Source/CTask.o
 .text          0x0800024c        0x0 ./FreeRTOS/Source/portable/GCC/ARM_CM4F/port.o
 .text          0x0800024c        0x0 ./FreeRTOS/Source/croutine.o
 .text          0x0800024c        0x0 ./FreeRTOS/Source/list.o
 .text          0x0800024c        0x0 ./FreeRTOS/Source/queue.o
 .text          0x0800024c        0x0 ./FreeRTOS/Source/tasks.o
 .text          0x0800024c        0x0 ./FreeRTOS/Source/timers.o
 .text          0x0800024c        0x0 ./Fatfs/FatFs/src/option/syscall.o
 .text          0x0800024c        0x0 ./Fatfs/FatFs/src/diskio.o
 .text          0x0800024c        0x0 ./Fatfs/FatFs/src/ff.o
 .text          0x0800024c        0x0 ./Fatfs/CFileHandler.o
 .text          0x0800024c        0x0 ./Fatfs/fattime.o
 .text          0x0800024c        0x0 ./Fatfs/stm32f4_sdio.o
 .text          0x0800024c        0x0 ./CLedHeartBeatSTM32F4Disc.o
 .text          0x0800024c        0x0 ./main.o
 .text          0x0800024c       0x14 ./startup_stm32f4xx.o
 .text          0x08000260        0x0 ./stm32f4xx_it.o
 .text          0x08000260        0x0 ./syscalls.o
 .text          0x08000260        0x0 ./system_stm32f4xx.o
 .text          0x08000260        0x0 ./ustime.o
 .text          0x08000260        0x0 d:/elektronik/ides/eclipse/yagarto/bin/../lib/gcc/arm-none-eabi/4.6.2/../../../../arm-none-eabi/lib/thumb/v7m\libstdc++.a(atexit_arm.o)
 .text          0x08000260        0x0 d:/elektronik/ides/eclipse/yagarto/bin/../lib/gcc/arm-none-eabi/4.6.2/../../../../arm-none-eabi/lib/thumb/v7m\libstdc++.a(del_op.o)
 .text          0x08000260        0x0 d:/elektronik/ides/eclipse/yagarto/bin/../lib/gcc/arm-none-eabi/4.6.2/../../../../arm-none-eabi/lib/thumb/v7m\libstdc++.a(pure.o)
 .text          0x08000260        0x0 d:/elektronik/ides/eclipse/yagarto/bin/../lib/gcc/arm-none-eabi/4.6.2/../../../../arm-none-eabi/lib/thumb/v7m\libstdc++.a(eh_terminate.o)
 .text          0x08000260        0x0 d:/elektronik/ides/eclipse/yagarto/bin/../lib/gcc/arm-none-eabi/4.6.2/../../../../arm-none-eabi/lib/thumb/v7m\libstdc++.a(eh_term_handler.o)
 .text          0x08000260        0x0 d:/elektronik/ides/eclipse/yagarto/bin/../lib/gcc/arm-none-eabi/4.6.2/../../../../arm-none-eabi/lib/thumb/v7m\libstdc++.a(eh_unex_handler.o)
 .text          0x08000260        0x0 d:/elektronik/ides/eclipse/yagarto/bin/../lib/gcc/arm-none-eabi/4.6.2/../../../../arm-none-eabi/lib/thumb/v7m\libstdc++.a(vterminate.o)
 .text          0x08000260     0x58f8 d:/elektronik/ides/eclipse/yagarto/bin/../lib/gcc/arm-none-eabi/4.6.2/../../../../arm-none-eabi/lib/thumb/v7m\libstdc++.a(cp-demangle.o)
                0x08005a28                __cxa_demangle
                0x08005b0c                __gcclibcxx_demangle_callback
 .text          0x08005b58        0x0 d:/elektronik/ides/eclipse/yagarto/bin/../lib/gcc/arm-none-eabi/4.6.2/../../../../arm-none-eabi/lib/thumb/v7m\libstdc++.a(eh_arm.o)
 .text          0x08005b58        0x0 d:/elektronik/ides/eclipse/yagarto/bin/../lib/gcc/arm-none-eabi/4.6.2/../../../../arm-none-eabi/lib/thumb/v7m\libstdc++.a(eh_aux_runtime.o)
 .text          0x08005b58        0x0 d:/elektronik/ides/eclipse/yagarto/bin/../lib/gcc/arm-none-eabi/4.6.2/../../../../arm-none-eabi/lib/thumb/v7m\libstdc++.a(eh_call.o)
 .text          0x08005b58        0x0 d:/elektronik/ides/eclipse/yagarto/bin/../lib/gcc/arm-none-eabi/4.6.2/../../../../arm-none-eabi/lib/thumb/v7m\libstdc++.a(eh_catch.o)
 .text          0x08005b58        0x0 d:/elektronik/ides/eclipse/yagarto/bin/../lib/gcc/arm-none-eabi/4.6.2/../../../../arm-none-eabi/lib/thumb/v7m\libstdc++.a(eh_exception.o)
 .text          0x08005b58        0x0 d:/elektronik/ides/eclipse/yagarto/bin/../lib/gcc/arm-none-eabi/4.6.2/../../../../arm-none-eabi/lib/thumb/v7m\libstdc++.a(eh_globals.o)
 .text          0x08005b58        0x0 d:/elektronik/ides/eclipse/yagarto/bin/../lib/gcc/arm-none-eabi/4.6.2/../../../../arm-none-eabi/lib/thumb/v7m\libstdc++.a(eh_personality.o)
 .text          0x08005b58        0x0 d:/elektronik/ides/eclipse/yagarto/bin/../lib/gcc/arm-none-eabi/4.6.2/../../../../arm-none-eabi/lib/thumb/v7m\libstdc++.a(eh_throw.o)
 .text          0x08005b58        0x0 d:/elektronik/ides/eclipse/yagarto/bin/../lib/gcc/arm-none-eabi/4.6.2/../../../../arm-none-eabi/lib/thumb/v7m\libstdc++.a(eh_type.o)
 .text          0x08005b58        0x0 d:/elektronik/ides/eclipse/yagarto/bin/../lib/gcc/arm-none-eabi/4.6.2/../../../../arm-none-eabi/lib/thumb/v7m\libstdc++.a(fundamental_type_info.o)
 .text          0x08005b58        0x0 d:/elektronik/ides/eclipse/yagarto/bin/../lib/gcc/arm-none-eabi/4.6.2/../../../../arm-none-eabi/lib/thumb/v7m\libstdc++.a(pointer_type_info.o)
 .text          0x08005b58        0x0 d:/elektronik/ides/eclipse/yagarto/bin/../lib/gcc/arm-none-eabi/4.6.2/../../../../arm-none-eabi/lib/thumb/v7m\libstdc++.a(si_class_type_info.o)
 .text          0x08005b58        0x0 d:/elektronik/ides/eclipse/yagarto/bin/../lib/gcc/arm-none-eabi/4.6.2/../../../../arm-none-eabi/lib/thumb/v7m\libstdc++.a(tinfo.o)
 .text          0x08005b58        0x0 d:/elektronik/ides/eclipse/yagarto/bin/../lib/gcc/arm-none-eabi/4.6.2/../../../../arm-none-eabi/lib/thumb/v7m\libstdc++.a(bad_cast.o)
 .text          0x08005b58        0x0 d:/elektronik/ides/eclipse/yagarto/bin/../lib/gcc/arm-none-eabi/4.6.2/../../../../arm-none-eabi/lib/thumb/v7m\libstdc++.a(bad_typeid.o)
 .text          0x08005b58        0x0 d:/elektronik/ides/eclipse/yagarto/bin/../lib/gcc/arm-none-eabi/4.6.2/../../../../arm-none-eabi/lib/thumb/v7m\libstdc++.a(class_type_info.o)
 .text          0x08005b58        0x0 d:/elektronik/ides/eclipse/yagarto/bin/../lib/gcc/arm-none-eabi/4.6.2/../../../../arm-none-eabi/lib/thumb/v7m\libstdc++.a(eh_alloc.o)
 .text          0x08005b58        0x0 d:/elektronik/ides/eclipse/yagarto/bin/../lib/gcc/arm-none-eabi/4.6.2/../../../../arm-none-eabi/lib/thumb/v7m\libstdc++.a(pbase_type_info.o)
 .text          0x08005b58      0xa10 d:/elektronik/ides/eclipse/yagarto/bin/../lib/gcc/arm-none-eabi/4.6.2/thumb/v7m\libgcc.a(unwind-arm.o)
                0x08005e14                _Unwind_VRS_Get
                0x08005e60                _Unwind_VRS_Set
                0x08006174                __aeabi_unwind_cpp_pr2
                0x08006178                __aeabi_unwind_cpp_pr1
                0x0800617c                __aeabi_unwind_cpp_pr0
                0x08006180                _Unwind_VRS_Pop
                0x08006410                _Unwind_GetCFA
                0x08006414                __gnu_Unwind_RaiseException
                0x08006474                __gnu_Unwind_ForcedUnwind
                0x08006488                __gnu_Unwind_Resume
                0x080064c4                __gnu_Unwind_Resume_or_Rethrow
                0x080064d4                _Unwind_Complete
                0x080064d8                _Unwind_DeleteException
                0x080064e8                __gnu_Unwind_Backtrace
 .text          0x08006568      0x1ac d:/elektronik/ides/eclipse/yagarto/bin/../lib/gcc/arm-none-eabi/4.6.2/thumb/v7m\libgcc.a(libunwind.o)
                0x08006568                __restore_core_regs
                0x08006568                restore_core_regs
                0x08006580                __gnu_Unwind_Restore_VFP
                0x08006588                __gnu_Unwind_Save_VFP
                0x08006590                __gnu_Unwind_Restore_VFP_D
                0x08006598                __gnu_Unwind_Save_VFP_D
                0x080065a0                __gnu_Unwind_Restore_VFP_D_16_to_31
                0x080065a8                __gnu_Unwind_Save_VFP_D_16_to_31
                0x080065b0                __gnu_Unwind_Restore_WMMXD
                0x080065f4                __gnu_Unwind_Save_WMMXD
                0x08006638                __gnu_Unwind_Restore_WMMXC
                0x0800664c                __gnu_Unwind_Save_WMMXC
                0x08006660                ___Unwind_RaiseException
                0x08006660                _Unwind_RaiseException
                0x08006684                _Unwind_Resume
                0x08006684                ___Unwind_Resume
                0x080066a8                _Unwind_Resume_or_Rethrow
                0x080066a8                ___Unwind_Resume_or_Rethrow
                0x080066cc                _Unwind_ForcedUnwind
                0x080066cc                ___Unwind_ForcedUnwind
                0x080066f0                ___Unwind_Backtrace
                0x080066f0                _Unwind_Backtrace
 .text          0x08006714      0x3d4 d:/elektronik/ides/eclipse/yagarto/bin/../lib/gcc/arm-none-eabi/4.6.2/thumb/v7m\libgcc.a(pr-support.o)
                0x08006768                __gnu_unwind_execute
                0x08006a8c                __gnu_unwind_frame
                0x08006ab8                _Unwind_GetRegionStart
                0x08006ac4                _Unwind_GetLanguageSpecificData
                0x08006ad8                _Unwind_GetDataRelBase
                0x08006ae0                _Unwind_GetTextRelBase
 .text          0x08006ae8       0x10 d:/elektronik/ides/eclipse/yagarto/bin/../lib/gcc/arm-none-eabi/4.6.2/../../../../arm-none-eabi/lib/thumb/v7m\libg.a(lib_a-abort.o)
                0x08006ae8                abort
 .text          0x08006af8       0x48 d:/elektronik/ides/eclipse/yagarto/bin/../lib/gcc/arm-none-eabi/4.6.2/../../../../arm-none-eabi/lib/thumb/v7m\libg.a(lib_a-assert.o)
                0x08006af8                __assert_func
                0x08006b34                __assert
 .text          0x08006b40        0xc d:/elektronik/ides/eclipse/yagarto/bin/../lib/gcc/arm-none-eabi/4.6.2/../../../../arm-none-eabi/lib/thumb/v7m\libg.a(lib_a-atexit.o)
                0x08006b40                atexit
 .text          0x08006b4c       0x14 d:/elektronik/ides/eclipse/yagarto/bin/../lib/gcc/arm-none-eabi/4.6.2/../../../../arm-none-eabi/lib/thumb/v7m\libg.a(lib_a-cxa_atexit.o)
                0x08006b4c                __cxa_atexit
 .text          0x08006b60       0x20 d:/elektronik/ides/eclipse/yagarto/bin/../lib/gcc/arm-none-eabi/4.6.2/../../../../arm-none-eabi/lib/thumb/v7m\libg.a(lib_a-exit.o)
                0x08006b60                exit
 .text          0x08006b80       0x2c d:/elektronik/ides/eclipse/yagarto/bin/../lib/gcc/arm-none-eabi/4.6.2/../../../../arm-none-eabi/lib/thumb/v7m\libg.a(lib_a-fini.o)
                0x08006b80                __libc_fini_array
 .text          0x08006bac       0x4c d:/elektronik/ides/eclipse/yagarto/bin/../lib/gcc/arm-none-eabi/4.6.2/../../../../arm-none-eabi/lib/thumb/v7m\libg.a(lib_a-fiprintf.o)
                0x08006bac                _fiprintf_r
                0x08006bcc                fiprintf
 .text          0x08006bf8       0x4c d:/elektronik/ides/eclipse/yagarto/bin/../lib/gcc/arm-none-eabi/4.6.2/../../../../arm-none-eabi/lib/thumb/v7m\libg.a(lib_a-fputc.o)
                0x08006bf8                _fputc_r
                0x08006c1c                fputc
 .text          0x08006c44       0x60 d:/elektronik/ides/eclipse/yagarto/bin/../lib/gcc/arm-none-eabi/4.6.2/../../../../arm-none-eabi/lib/thumb/v7m\libg.a(lib_a-fputs.o)
                0x08006c44                _fputs_r
                0x08006c94                fputs
 .text          0x08006ca4      0x334 d:/elektronik/ides/eclipse/yagarto/bin/../lib/gcc/arm-none-eabi/4.6.2/../../../../arm-none-eabi/lib/thumb/v7m\libg.a(lib_a-fvwrite.o)
                0x08006ca4                __sfvwrite_r
 .text          0x08006fd8       0x94 d:/elektronik/ides/eclipse/yagarto/bin/../lib/gcc/arm-none-eabi/4.6.2/../../../../arm-none-eabi/lib/thumb/v7m\libg.a(lib_a-fwrite.o)
                0x08006fd8                _fwrite_r
                0x08007044                fwrite
 .text          0x0800706c        0x0 d:/elektronik/ides/eclipse/yagarto/bin/../lib/gcc/arm-none-eabi/4.6.2/../../../../arm-none-eabi/lib/thumb/v7m\libg.a(lib_a-impure.o)
 .text          0x0800706c       0x48 d:/elektronik/ides/eclipse/yagarto/bin/../lib/gcc/arm-none-eabi/4.6.2/../../../../arm-none-eabi/lib/thumb/v7m\libg.a(lib_a-init.o)
                0x0800706c                __libc_init_array
 .text          0x080070b4       0x20 d:/elektronik/ides/eclipse/yagarto/bin/../lib/gcc/arm-none-eabi/4.6.2/../../../../arm-none-eabi/lib/thumb/v7m\libg.a(lib_a-malloc.o)
                0x080070b4                malloc
                0x080070c4                free
 .text          0x080070d4      0x564 d:/elektronik/ides/eclipse/yagarto/bin/../lib/gcc/arm-none-eabi/4.6.2/../../../../arm-none-eabi/lib/thumb/v7m\libg.a(lib_a-mallocr.o)
                0x080070d4                _malloc_r
 .text          0x08007638       0x88 d:/elektronik/ides/eclipse/yagarto/bin/../lib/gcc/arm-none-eabi/4.6.2/../../../../arm-none-eabi/lib/thumb/v7m\libg.a(lib_a-memchr.o)
                0x08007638                memchr
 .text          0x080076c0       0x60 d:/elektronik/ides/eclipse/yagarto/bin/../lib/gcc/arm-none-eabi/4.6.2/../../../../arm-none-eabi/lib/thumb/v7m\libg.a(lib_a-memcmp.o)
                0x080076c0                memcmp
 .text          0x08007720       0x84 d:/elektronik/ides/eclipse/yagarto/bin/../lib/gcc/arm-none-eabi/4.6.2/../../../../arm-none-eabi/lib/thumb/v7m\libg.a(lib_a-memcpy.o)
                0x08007720                memcpy
 .text          0x080077a4       0xc8 d:/elektronik/ides/eclipse/yagarto/bin/../lib/gcc/arm-none-eabi/4.6.2/../../../../arm-none-eabi/lib/thumb/v7m\libg.a(lib_a-memmove.o)
                0x080077a4                memmove
 .text          0x0800786c       0x94 d:/elektronik/ides/eclipse/yagarto/bin/../lib/gcc/arm-none-eabi/4.6.2/../../../../arm-none-eabi/lib/thumb/v7m\libg.a(lib_a-memset.o)
                0x0800786c                memset
 .text          0x08007900       0xc8 d:/elektronik/ides/eclipse/yagarto/bin/../lib/gcc/arm-none-eabi/4.6.2/../../../../arm-none-eabi/lib/thumb/v7m\libg.a(lib_a-putc.o)
                0x08007900                _putc_r
                0x08007960                putc
 .text          0x080079c8       0x14 d:/elektronik/ides/eclipse/yagarto/bin/../lib/gcc/arm-none-eabi/4.6.2/../../../../arm-none-eabi/lib/thumb/v7m\libg.a(lib_a-realloc.o)
                0x080079c8                realloc
 .text          0x080079dc      0x410 d:/elektronik/ides/eclipse/yagarto/bin/../lib/gcc/arm-none-eabi/4.6.2/../../../../arm-none-eabi/lib/thumb/v7m\libg.a(lib_a-reallocr.o)
                0x080079dc                _realloc_r
 .text          0x08007dec      0x158 d:/elektronik/ides/eclipse/yagarto/bin/../lib/gcc/arm-none-eabi/4.6.2/../../../../arm-none-eabi/lib/thumb/v7m\libg.a(lib_a-signal.o)
                0x08007dec                _init_signal_r
                0x08007e20                _signal_r
                0x08007e60                _raise_r
                0x08007eb8                __sigtramp_r
                0x08007f08                raise
                0x08007f18                signal
                0x08007f28                _init_signal
                0x08007f34                __sigtramp
 .text          0x08007f44       0x94 d:/elektronik/ides/eclipse/yagarto/bin/../lib/gcc/arm-none-eabi/4.6.2/../../../../arm-none-eabi/lib/thumb/v7m\libg.a(lib_a-sprintf.o)
                0x08007f44                _sprintf_r
                0x08007f88                sprintf
 .text          0x08007fd8       0x50 d:/elektronik/ides/eclipse/yagarto/bin/../lib/gcc/arm-none-eabi/4.6.2/../../../../arm-none-eabi/lib/thumb/v7m\libg.a(lib_a-strcat.o)
                0x08007fd8                strcat
 .text          0x08008028      0x1dc d:/elektronik/ides/eclipse/yagarto/bin/../lib/gcc/arm-none-eabi/4.6.2/../../../../arm-none-eabi/lib/thumb/v7m\libg.a(lib_a-strcmp.o)
                0x08008028                strcmp
 .text          0x08008204       0xbc d:/elektronik/ides/eclipse/yagarto/bin/../lib/gcc/arm-none-eabi/4.6.2/../../../../arm-none-eabi/lib/thumb/v7m\libg.a(lib_a-strcpy.o)
                0x08008204                strcpy
 .text          0x080082c0       0x60 d:/elektronik/ides/eclipse/yagarto/bin/../lib/gcc/arm-none-eabi/4.6.2/../../../../arm-none-eabi/lib/thumb/v7m\libg.a(lib_a-strlen.o)
                0x080082c0                strlen
 .text          0x08008320       0xa8 d:/elektronik/ides/eclipse/yagarto/bin/../lib/gcc/arm-none-eabi/4.6.2/../../../../arm-none-eabi/lib/thumb/v7m\libg.a(lib_a-strncmp.o)
                0x08008320                strncmp
 .text          0x080083c8       0x70 d:/elektronik/ides/eclipse/yagarto/bin/../lib/gcc/arm-none-eabi/4.6.2/../../../../arm-none-eabi/lib/thumb/v7m\libg.a(lib_a-strncpy.o)
                0x080083c8                strncpy
 .text          0x08008438     0x1314 d:/elektronik/ides/eclipse/yagarto/bin/../lib/gcc/arm-none-eabi/4.6.2/../../../../arm-none-eabi/lib/thumb/v7m\libg.a(lib_a-svfprintf.o)
                0x08008438                _svfprintf_r
 .text          0x0800974c       0x1c d:/elektronik/ides/eclipse/yagarto/bin/../lib/gcc/arm-none-eabi/4.6.2/../../../../arm-none-eabi/lib/thumb/v7m\libg.a(lib_a-syswrite.o)
                0x0800974c                write
 .text          0x08009768      0xb54 d:/elektronik/ides/eclipse/yagarto/bin/../lib/gcc/arm-none-eabi/4.6.2/../../../../arm-none-eabi/lib/thumb/v7m\libg.a(lib_a-vfiprintf.o)
                0x08009768                __sprint_r
                0x080097e8                _vfiprintf_r
                0x0800a2a0                vfiprintf
 .text          0x0800a2bc       0xc8 d:/elektronik/ides/eclipse/yagarto/bin/../lib/gcc/arm-none-eabi/4.6.2/../../../../arm-none-eabi/lib/thumb/v7m\libg.a(lib_a-wbuf.o)
                0x0800a2bc                __swbuf_r
                0x0800a374                __swbuf
 .text          0x0800a384       0xb8 d:/elektronik/ides/eclipse/yagarto/bin/../lib/gcc/arm-none-eabi/4.6.2/../../../../arm-none-eabi/lib/thumb/v7m\libg.a(lib_a-wsetup.o)
                0x0800a384                __swsetup_r
 .text          0x0800a43c       0xb0 d:/elektronik/ides/eclipse/yagarto/bin/../lib/gcc/arm-none-eabi/4.6.2/../../../../arm-none-eabi/lib/thumb/v7m\libg.a(lib_a-__atexit.o)
                0x0800a43c                __register_exitproc
 .text          0x0800a4ec       0xd8 d:/elektronik/ides/eclipse/yagarto/bin/../lib/gcc/arm-none-eabi/4.6.2/../../../../arm-none-eabi/lib/thumb/v7m\libg.a(lib_a-__call_atexit.o)
                0x0800a4ec                __call_exitprocs
 *fill*         0x0800a5c4        0x4 00
 .text          0x0800a5c8     0x1040 d:/elektronik/ides/eclipse/yagarto/bin/../lib/gcc/arm-none-eabi/4.6.2/../../../../arm-none-eabi/lib/thumb/v7m\libg.a(lib_a-dtoa.o)
                0x0800a70c                _dtoa_r
 .text          0x0800b608      0x1a4 d:/elektronik/ides/eclipse/yagarto/bin/../lib/gcc/arm-none-eabi/4.6.2/../../../../arm-none-eabi/lib/thumb/v7m\libg.a(lib_a-fflush.o)
                0x0800b608                _fflush_r
                0x0800b78c                fflush
 .text          0x0800b7ac      0x1c4 d:/elektronik/ides/eclipse/yagarto/bin/../lib/gcc/arm-none-eabi/4.6.2/../../../../arm-none-eabi/lib/thumb/v7m\libg.a(lib_a-findfp.o)
                0x0800b7b4                _cleanup_r
                0x0800b814                __sfmoreglue
                0x0800b840                _cleanup
                0x0800b84c                __sinit
                0x0800b894                __sfp
                0x0800b930                __sfp_lock_acquire
                0x0800b934                __sfp_lock_release
                0x0800b938                __sinit_lock_acquire
                0x0800b93c                __sinit_lock_release
                0x0800b940                __fp_lock_all
                0x0800b958                __fp_unlock_all
 .text          0x0800b970      0x104 d:/elektronik/ides/eclipse/yagarto/bin/../lib/gcc/arm-none-eabi/4.6.2/../../../../arm-none-eabi/lib/thumb/v7m\libg.a(lib_a-fputwc.o)
                0x0800b970                _fputwc_r
                0x0800ba50                fputwc
 .text          0x0800ba74      0x224 d:/elektronik/ides/eclipse/yagarto/bin/../lib/gcc/arm-none-eabi/4.6.2/../../../../arm-none-eabi/lib/thumb/v7m\libg.a(lib_a-freer.o)
                0x0800ba74                _malloc_trim_r
                0x0800bb14                _free_r
 .text          0x0800bc98       0xa0 d:/elektronik/ides/eclipse/yagarto/bin/../lib/gcc/arm-none-eabi/4.6.2/../../../../arm-none-eabi/lib/thumb/v7m\libg.a(lib_a-fwalk.o)
                0x0800bc98                _fwalk
                0x0800bce4                _fwalk_reent
 .text          0x0800bd38       0x88 d:/elektronik/ides/eclipse/yagarto/bin/../lib/gcc/arm-none-eabi/4.6.2/../../../../arm-none-eabi/lib/thumb/v7m\libg.a(lib_a-locale.o)
                0x0800bd38                _setlocale_r
                0x0800bd7c                __locale_charset
                0x0800bd88                __locale_mb_cur_max
                0x0800bd94                __locale_msgcharset
                0x0800bd9c                __locale_cjk_lang
                0x0800bda0                _localeconv_r
                0x0800bda8                setlocale
                0x0800bdb8                localeconv
 .text          0x0800bdc0       0xe4 d:/elektronik/ides/eclipse/yagarto/bin/../lib/gcc/arm-none-eabi/4.6.2/../../../../arm-none-eabi/lib/thumb/v7m\libg.a(lib_a-makebuf.o)
                0x0800bdc0                __smakebuf_r
 .text          0x0800bea4      0x8c8 d:/elektronik/ides/eclipse/yagarto/bin/../lib/gcc/arm-none-eabi/4.6.2/../../../../arm-none-eabi/lib/thumb/v7m\libg.a(lib_a-mprec.o)
                0x0800bea4                _Balloc
                0x0800bef0                _Bfree
                0x0800bf04                __multadd
                0x0800bf88                __s2b
                0x0800c01c                __hi0bits
                0x0800c058                __lo0bits
                0x0800c0b4                __i2b
                0x0800c0c8                __multiply
                0x0800c200                __pow5mult
                0x0800c298                __lshift
                0x0800c358                __mcmp
                0x0800c398                __mdiff
                0x0800c47c                __ulp
                0x0800c4c0                __b2d
                0x0800c56c                __d2b
                0x0800c634                __ratio
                0x0800c690                _mprec_log10
                0x0800c6c4                __copybits
                0x0800c70c                __any_on
 .text          0x0800c76c       0x90 d:/elektronik/ides/eclipse/yagarto/bin/../lib/gcc/arm-none-eabi/4.6.2/../../../../arm-none-eabi/lib/thumb/v7m\libg.a(lib_a-s_fpclassify.o)
                0x0800c76c                __fpclassifyd
 .text          0x0800c7fc       0x8c d:/elektronik/ides/eclipse/yagarto/bin/../lib/gcc/arm-none-eabi/4.6.2/../../../../arm-none-eabi/lib/thumb/v7m\libg.a(lib_a-stdio.o)
                0x0800c7fc                __sread
                0x0800c820                __seofread
                0x0800c824                __swrite
                0x0800c85c                __sseek
                0x0800c880                __sclose
 .text          0x0800c888      0xa00 d:/elektronik/ides/eclipse/yagarto/bin/../lib/gcc/arm-none-eabi/4.6.2/../../../../arm-none-eabi/lib/thumb/v7m\libg.a(lib_a-svfiprintf.o)
                0x0800c888                __ssprint_r
                0x0800c9a0                _svfiprintf_r
 .text          0x0800d288       0xac d:/elektronik/ides/eclipse/yagarto/bin/../lib/gcc/arm-none-eabi/4.6.2/../../../../arm-none-eabi/lib/thumb/v7m\libg.a(lib_a-wcrtomb.o)
                0x0800d288                _wcrtomb_r
                0x0800d2d4                wcrtomb
 .text          0x0800d334       0x4c d:/elektronik/ides/eclipse/yagarto/bin/../lib/gcc/arm-none-eabi/4.6.2/../../../../arm-none-eabi/lib/thumb/v7m\libg.a(lib_a-wctomb_r.o)
                0x0800d334                __ascii_wctomb
                0x0800d350                _wctomb_r
 .text          0x0800d380       0x60 d:/elektronik/ides/eclipse/yagarto/bin/../lib/gcc/arm-none-eabi/4.6.2/../../../../arm-none-eabi/lib/thumb/v7m\libg.a(lib_a-callocr.o)
                0x0800d380                _calloc_r
 .text          0x0800d3e0       0x9c d:/elektronik/ides/eclipse/yagarto/bin/../lib/gcc/arm-none-eabi/4.6.2/../../../../arm-none-eabi/lib/thumb/v7m\libg.a(lib_a-fclose.o)
                0x0800d3e0                _fclose_r
                0x0800d46c                fclose
 *fill*         0x0800d47c        0x4 00
 .text          0x0800d480      0x278 d:/elektronik/ides/eclipse/yagarto/bin/../lib/gcc/arm-none-eabi/4.6.2/thumb/v7m\libgcc.a(_udivsi3.o)
                0x0800d480                __aeabi_uidiv
                0x0800d480                __udivsi3
                0x0800d6dc                __aeabi_uidivmod
 .text          0x0800d6f8        0x4 d:/elektronik/ides/eclipse/yagarto/bin/../lib/gcc/arm-none-eabi/4.6.2/thumb/v7m\libgcc.a(_dvmd_tls.o)
                0x0800d6f8                __aeabi_idiv0
                0x0800d6f8                __aeabi_ldiv0
 .text          0x0800d6fc      0x370 d:/elektronik/ides/eclipse/yagarto/bin/../lib/gcc/arm-none-eabi/4.6.2/thumb/v7m\libgcc.a(_arm_addsubdf3.o)
                0x0800d6fc                __aeabi_drsub
                0x0800d704                __aeabi_dsub
                0x0800d704                __subdf3
                0x0800d708                __aeabi_dadd
                0x0800d708                __adddf3
                0x0800d980                __floatunsidf
                0x0800d980                __aeabi_ui2d
                0x0800d9a0                __floatsidf
                0x0800d9a0                __aeabi_i2d
                0x0800d9c4                __aeabi_f2d
                0x0800d9c4                __extendsfdf2
                0x0800da00                __floatundidf
                0x0800da00                __aeabi_ul2d
                0x0800da10                __floatdidf
                0x0800da10                __aeabi_l2d
 .text          0x0800da6c      0x424 d:/elektronik/ides/eclipse/yagarto/bin/../lib/gcc/arm-none-eabi/4.6.2/thumb/v7m\libgcc.a(_arm_muldivdf3.o)
                0x0800da6c                __aeabi_dmul
                0x0800da6c                __muldf3
                0x0800dcc0                __divdf3
                0x0800dcc0                __aeabi_ddiv
 .text          0x0800de90      0x110 d:/elektronik/ides/eclipse/yagarto/bin/../lib/gcc/arm-none-eabi/4.6.2/thumb/v7m\libgcc.a(_arm_cmpdf2.o)
                0x0800de90                __gtdf2
                0x0800de90                __gedf2
                0x0800de98                __ltdf2
                0x0800de98                __ledf2
                0x0800dea0                __nedf2
                0x0800dea0                __eqdf2
                0x0800dea0                __cmpdf2
                0x0800df1c                __aeabi_cdrcmple
                0x0800df2c                __aeabi_cdcmpeq
                0x0800df2c                __aeabi_cdcmple
                0x0800df3c                __aeabi_dcmpeq
                0x0800df50                __aeabi_dcmplt
                0x0800df64                __aeabi_dcmple
                0x0800df78                __aeabi_dcmpge
                0x0800df8c                __aeabi_dcmpgt
 .text          0x0800dfa0       0x50 d:/elektronik/ides/eclipse/yagarto/bin/../lib/gcc/arm-none-eabi/4.6.2/thumb/v7m\libgcc.a(_arm_fixdfsi.o)
                0x0800dfa0                __aeabi_d2iz
                0x0800dfa0                __fixdfsi
 .text          0x0800dff0        0x0 d:/elektronik/ides/eclipse/yagarto/bin/../lib/gcc/arm-none-eabi/4.6.2/thumb/v7m/crtend.o
 .text          0x0800dff0        0x0 d:/elektronik/ides/eclipse/yagarto/bin/../lib/gcc/arm-none-eabi/4.6.2/thumb/v7m/crtn.o
 *(.text*)
 .text.NVIC_PriorityGroupConfig
                0x0800dff0       0x28 ./STM32F4xx_StdPeriph_Driver/src/misc.o
                0x0800dff0                NVIC_PriorityGroupConfig
 .text.NVIC_Init
                0x0800e018       0xe4 ./STM32F4xx_StdPeriph_Driver/src/misc.o
                0x0800e018                NVIC_Init
 .text.NVIC_SetVectorTable
                0x0800e0fc       0x2c ./STM32F4xx_StdPeriph_Driver/src/misc.o
                0x0800e0fc                NVIC_SetVectorTable
 .text.NVIC_SystemLPConfig
                0x0800e128       0x58 ./STM32F4xx_StdPeriph_Driver/src/misc.o
                0x0800e128                NVIC_SystemLPConfig
 .text.SysTick_CLKSourceConfig
                0x0800e180       0x4c ./STM32F4xx_StdPeriph_Driver/src/misc.o
                0x0800e180                SysTick_CLKSourceConfig
 .text.ADC_DeInit
                0x0800e1cc       0x20 ./STM32F4xx_StdPeriph_Driver/src/stm32f4xx_adc.o
                0x0800e1cc                ADC_DeInit
 .text.ADC_Init
                0x0800e1ec       0xb8 ./STM32F4xx_StdPeriph_Driver/src/stm32f4xx_adc.o
                0x0800e1ec                ADC_Init
 .text.ADC_StructInit
                0x0800e2a4       0x4c ./STM32F4xx_StdPeriph_Driver/src/stm32f4xx_adc.o
                0x0800e2a4                ADC_StructInit
 .text.ADC_CommonInit
                0x0800e2f0       0x5c ./STM32F4xx_StdPeriph_Driver/src/stm32f4xx_adc.o
                0x0800e2f0                ADC_CommonInit
 .text.ADC_CommonStructInit
                0x0800e34c       0x34 ./STM32F4xx_StdPeriph_Driver/src/stm32f4xx_adc.o
                0x0800e34c                ADC_CommonStructInit
 .text.ADC_Cmd  0x0800e380       0x38 ./STM32F4xx_StdPeriph_Driver/src/stm32f4xx_adc.o
                0x0800e380                ADC_Cmd
 .text.ADC_AnalogWatchdogCmd
                0x0800e3b8       0x3c ./STM32F4xx_StdPeriph_Driver/src/stm32f4xx_adc.o
                0x0800e3b8                ADC_AnalogWatchdogCmd
 .text.ADC_AnalogWatchdogThresholdsConfig
                0x0800e3f4       0x28 ./STM32F4xx_StdPeriph_Driver/src/stm32f4xx_adc.o
                0x0800e3f4                ADC_AnalogWatchdogThresholdsConfig
 .text.ADC_AnalogWatchdogSingleChannelConfig
                0x0800e41c       0x38 ./STM32F4xx_StdPeriph_Driver/src/stm32f4xx_adc.o
                0x0800e41c                ADC_AnalogWatchdogSingleChannelConfig
 .text.ADC_TempSensorVrefintCmd
                0x0800e454       0x4c ./STM32F4xx_StdPeriph_Driver/src/stm32f4xx_adc.o
                0x0800e454                ADC_TempSensorVrefintCmd
 .text.ADC_VBATCmd
                0x0800e4a0       0x4c ./STM32F4xx_StdPeriph_Driver/src/stm32f4xx_adc.o
                0x0800e4a0                ADC_VBATCmd
 .text.ADC_RegularChannelConfig
                0x0800e4ec      0x1bc ./STM32F4xx_StdPeriph_Driver/src/stm32f4xx_adc.o
                0x0800e4ec                ADC_RegularChannelConfig
 .text.ADC_SoftwareStartConv
                0x0800e6a8       0x20 ./STM32F4xx_StdPeriph_Driver/src/stm32f4xx_adc.o
                0x0800e6a8                ADC_SoftwareStartConv
 .text.ADC_GetSoftwareStartConvStatus
                0x0800e6c8       0x38 ./STM32F4xx_StdPeriph_Driver/src/stm32f4xx_adc.o
                0x0800e6c8                ADC_GetSoftwareStartConvStatus
 .text.ADC_EOCOnEachRegularChannelCmd
                0x0800e700       0x38 ./STM32F4xx_StdPeriph_Driver/src/stm32f4xx_adc.o
                0x0800e700                ADC_EOCOnEachRegularChannelCmd
 .text.ADC_ContinuousModeCmd
                0x0800e738       0x38 ./STM32F4xx_StdPeriph_Driver/src/stm32f4xx_adc.o
                0x0800e738                ADC_ContinuousModeCmd
 .text.ADC_DiscModeChannelCountConfig
                0x0800e770       0x4c ./STM32F4xx_StdPeriph_Driver/src/stm32f4xx_adc.o
                0x0800e770                ADC_DiscModeChannelCountConfig
 .text.ADC_DiscModeCmd
                0x0800e7bc       0x38 ./STM32F4xx_StdPeriph_Driver/src/stm32f4xx_adc.o
                0x0800e7bc                ADC_DiscModeCmd
 .text.ADC_GetConversionValue
                0x0800e7f4       0x1c ./STM32F4xx_StdPeriph_Driver/src/stm32f4xx_adc.o
                0x0800e7f4                ADC_GetConversionValue
 .text.ADC_GetMultiModeConversionValue
                0x0800e810       0x18 ./STM32F4xx_StdPeriph_Driver/src/stm32f4xx_adc.o
                0x0800e810                ADC_GetMultiModeConversionValue
 .text.ADC_DMACmd
                0x0800e828       0x38 ./STM32F4xx_StdPeriph_Driver/src/stm32f4xx_adc.o
                0x0800e828                ADC_DMACmd
 .text.ADC_DMARequestAfterLastTransferCmd
                0x0800e860       0x38 ./STM32F4xx_StdPeriph_Driver/src/stm32f4xx_adc.o
                0x0800e860                ADC_DMARequestAfterLastTransferCmd
 .text.ADC_MultiModeDMARequestAfterLastTransferCmd
                0x0800e898       0x4c ./STM32F4xx_StdPeriph_Driver/src/stm32f4xx_adc.o
                0x0800e898                ADC_MultiModeDMARequestAfterLastTransferCmd
 .text.ADC_InjectedChannelConfig
                0x0800e8e4      0x144 ./STM32F4xx_StdPeriph_Driver/src/stm32f4xx_adc.o
                0x0800e8e4                ADC_InjectedChannelConfig
 .text.ADC_InjectedSequencerLengthConfig
                0x0800ea28       0x4c ./STM32F4xx_StdPeriph_Driver/src/stm32f4xx_adc.o
                0x0800ea28                ADC_InjectedSequencerLengthConfig
 .text.ADC_SetInjectedOffset
                0x0800ea74       0x34 ./STM32F4xx_StdPeriph_Driver/src/stm32f4xx_adc.o
                0x0800ea74                ADC_SetInjectedOffset
 .text.ADC_ExternalTrigInjectedConvConfig
                0x0800eaa8       0x38 ./STM32F4xx_StdPeriph_Driver/src/stm32f4xx_adc.o
                0x0800eaa8                ADC_ExternalTrigInjectedConvConfig
 .text.ADC_ExternalTrigInjectedConvEdgeConfig
                0x0800eae0       0x38 ./STM32F4xx_StdPeriph_Driver/src/stm32f4xx_adc.o
                0x0800eae0                ADC_ExternalTrigInjectedConvEdgeConfig
 .text.ADC_SoftwareStartInjectedConv
                0x0800eb18       0x20 ./STM32F4xx_StdPeriph_Driver/src/stm32f4xx_adc.o
                0x0800eb18                ADC_SoftwareStartInjectedConv
 .text.ADC_GetSoftwareStartInjectedConvCmdStatus
                0x0800eb38       0x38 ./STM32F4xx_StdPeriph_Driver/src/stm32f4xx_adc.o
                0x0800eb38                ADC_GetSoftwareStartInjectedConvCmdStatus
 .text.ADC_AutoInjectedConvCmd
                0x0800eb70       0x38 ./STM32F4xx_StdPeriph_Driver/src/stm32f4xx_adc.o
                0x0800eb70                ADC_AutoInjectedConvCmd
 .text.ADC_InjectedDiscModeCmd
                0x0800eba8       0x38 ./STM32F4xx_StdPeriph_Driver/src/stm32f4xx_adc.o
                0x0800eba8                ADC_InjectedDiscModeCmd
 .text.ADC_GetInjectedConversionValue
                0x0800ebe0       0x34 ./STM32F4xx_StdPeriph_Driver/src/stm32f4xx_adc.o
                0x0800ebe0                ADC_GetInjectedConversionValue
 .text.ADC_ITConfig
                0x0800ec14       0x5c ./STM32F4xx_StdPeriph_Driver/src/stm32f4xx_adc.o
                0x0800ec14                ADC_ITConfig
 .text.ADC_GetFlagStatus
                0x0800ec70       0x3c ./STM32F4xx_StdPeriph_Driver/src/stm32f4xx_adc.o
                0x0800ec70                ADC_GetFlagStatus
 .text.ADC_ClearFlag
                0x0800ecac       0x20 ./STM32F4xx_StdPeriph_Driver/src/stm32f4xx_adc.o
                0x0800ecac                ADC_ClearFlag
 .text.ADC_GetITStatus
                0x0800eccc       0x70 ./STM32F4xx_StdPeriph_Driver/src/stm32f4xx_adc.o
                0x0800eccc                ADC_GetITStatus
 .text.ADC_ClearITPendingBit
                0x0800ed3c       0x30 ./STM32F4xx_StdPeriph_Driver/src/stm32f4xx_adc.o
                0x0800ed3c                ADC_ClearITPendingBit
 .text.CAN_DeInit
                0x0800ed6c       0x50 ./STM32F4xx_StdPeriph_Driver/src/stm32f4xx_can.o
                0x0800ed6c                CAN_DeInit
 .text.CAN_Init
                0x0800edbc      0x1c0 ./STM32F4xx_StdPeriph_Driver/src/stm32f4xx_can.o
                0x0800edbc                CAN_Init
 .text.CAN_FilterInit
                0x0800ef7c      0x220 ./STM32F4xx_StdPeriph_Driver/src/stm32f4xx_can.o
                0x0800ef7c                CAN_FilterInit
 .text.CAN_StructInit
                0x0800f19c       0x6c ./STM32F4xx_StdPeriph_Driver/src/stm32f4xx_can.o
                0x0800f19c                CAN_StructInit
 .text.CAN_SlaveStartBank
                0x0800f208       0x90 ./STM32F4xx_StdPeriph_Driver/src/stm32f4xx_can.o
                0x0800f208                CAN_SlaveStartBank
 .text.CAN_DBGFreeze
                0x0800f298       0x38 ./STM32F4xx_StdPeriph_Driver/src/stm32f4xx_can.o
                0x0800f298                CAN_DBGFreeze
 .text.CAN_TTComModeCmd
                0x0800f2d0       0x98 ./STM32F4xx_StdPeriph_Driver/src/stm32f4xx_can.o
                0x0800f2d0                CAN_TTComModeCmd
 .text.CAN_Transmit
                0x0800f368      0x1e4 ./STM32F4xx_StdPeriph_Driver/src/stm32f4xx_can.o
                0x0800f368                CAN_Transmit
 .text.CAN_TransmitStatus
                0x0800f54c      0x114 ./STM32F4xx_StdPeriph_Driver/src/stm32f4xx_can.o
                0x0800f54c                CAN_TransmitStatus
 .text.CAN_CancelTransmit
                0x0800f660       0x50 ./STM32F4xx_StdPeriph_Driver/src/stm32f4xx_can.o
                0x0800f660                CAN_CancelTransmit
 .text.CAN_Receive
                0x0800f6b0      0x1a8 ./STM32F4xx_StdPeriph_Driver/src/stm32f4xx_can.o
                0x0800f6b0                CAN_Receive
 .text.CAN_FIFORelease
                0x0800f858       0x38 ./STM32F4xx_StdPeriph_Driver/src/stm32f4xx_can.o
                0x0800f858                CAN_FIFORelease
 .text.CAN_MessagePending
                0x0800f890       0x50 ./STM32F4xx_StdPeriph_Driver/src/stm32f4xx_can.o
                0x0800f890                CAN_MessagePending
 .text.CAN_OperatingModeRequest
                0x0800f8e0      0x114 ./STM32F4xx_StdPeriph_Driver/src/stm32f4xx_can.o
                0x0800f8e0                CAN_OperatingModeRequest
 .text.CAN_Sleep
                0x0800f9f4       0x40 ./STM32F4xx_StdPeriph_Driver/src/stm32f4xx_can.o
                0x0800f9f4                CAN_Sleep
 .text.CAN_WakeUp
                0x0800fa34       0x5c ./STM32F4xx_StdPeriph_Driver/src/stm32f4xx_can.o
                0x0800fa34                CAN_WakeUp
 .text.CAN_GetLastErrorCode
                0x0800fa90       0x28 ./STM32F4xx_StdPeriph_Driver/src/stm32f4xx_can.o
                0x0800fa90                CAN_GetLastErrorCode
 .text.CAN_GetReceiveErrorCounter
                0x0800fab8       0x28 ./STM32F4xx_StdPeriph_Driver/src/stm32f4xx_can.o
                0x0800fab8                CAN_GetReceiveErrorCounter
 .text.CAN_GetLSBTransmitErrorCounter
                0x0800fae0       0x2c ./STM32F4xx_StdPeriph_Driver/src/stm32f4xx_can.o
                0x0800fae0                CAN_GetLSBTransmitErrorCounter
 .text.CAN_ITConfig
                0x0800fb0c       0x40 ./STM32F4xx_StdPeriph_Driver/src/stm32f4xx_can.o
                0x0800fb0c                CAN_ITConfig
 .text.CAN_GetFlagStatus
                0x0800fb4c      0x104 ./STM32F4xx_StdPeriph_Driver/src/stm32f4xx_can.o
                0x0800fb4c                CAN_GetFlagStatus
 .text.CAN_ClearFlag
                0x0800fc50       0x7c ./STM32F4xx_StdPeriph_Driver/src/stm32f4xx_can.o
                0x0800fc50                CAN_ClearFlag
 .text.CAN_GetITStatus
                0x0800fccc      0x1bc ./STM32F4xx_StdPeriph_Driver/src/stm32f4xx_can.o
                0x0800fccc                CAN_GetITStatus
 .text.CAN_ClearITPendingBit
                0x0800fe88       0xfc ./STM32F4xx_StdPeriph_Driver/src/stm32f4xx_can.o
                0x0800fe88                CAN_ClearITPendingBit
 .text.CheckITStatus
                0x0800ff84       0x38 ./STM32F4xx_StdPeriph_Driver/src/stm32f4xx_can.o
 .text.CRC_ResetDR
                0x0800ffbc       0x18 ./STM32F4xx_StdPeriph_Driver/src/stm32f4xx_crc.o
                0x0800ffbc                CRC_ResetDR
 .text.CRC_CalcCRC
                0x0800ffd4       0x2c ./STM32F4xx_StdPeriph_Driver/src/stm32f4xx_crc.o
                0x0800ffd4                CRC_CalcCRC
 .text.CRC_CalcBlockCRC
                0x08010000       0x54 ./STM32F4xx_StdPeriph_Driver/src/stm32f4xx_crc.o
                0x08010000                CRC_CalcBlockCRC
 .text.CRC_GetCRC
                0x08010054       0x18 ./STM32F4xx_StdPeriph_Driver/src/stm32f4xx_crc.o
                0x08010054                CRC_GetCRC
 .text.CRC_SetIDRegister
                0x0801006c       0x20 ./STM32F4xx_StdPeriph_Driver/src/stm32f4xx_crc.o
                0x0801006c                CRC_SetIDRegister
 .text.CRC_GetIDRegister
                0x0801008c       0x18 ./STM32F4xx_StdPeriph_Driver/src/stm32f4xx_crc.o
                0x0801008c                CRC_GetIDRegister
 .text.CRYP_DeInit
                0x080100a4       0x20 ./STM32F4xx_StdPeriph_Driver/src/stm32f4xx_cryp.o
                0x080100a4                CRYP_DeInit
 .text.CRYP_Init
                0x080100c4      0x104 ./STM32F4xx_StdPeriph_Driver/src/stm32f4xx_cryp.o
                0x080100c4                CRYP_Init
 .text.CRYP_StructInit
                0x080101c8       0x34 ./STM32F4xx_StdPeriph_Driver/src/stm32f4xx_cryp.o
                0x080101c8                CRYP_StructInit
 .text.CRYP_KeyInit
                0x080101fc       0x84 ./STM32F4xx_StdPeriph_Driver/src/stm32f4xx_cryp.o
                0x080101fc                CRYP_KeyInit
 .text.CRYP_KeyStructInit
                0x08010280       0x54 ./STM32F4xx_StdPeriph_Driver/src/stm32f4xx_cryp.o
                0x08010280                CRYP_KeyStructInit
 .text.CRYP_IVInit
                0x080102d4       0x4c ./STM32F4xx_StdPeriph_Driver/src/stm32f4xx_cryp.o
                0x080102d4                CRYP_IVInit
 .text.CRYP_IVStructInit
                0x08010320       0x34 ./STM32F4xx_StdPeriph_Driver/src/stm32f4xx_cryp.o
                0x08010320                CRYP_IVStructInit
 .text.CRYP_FIFOFlush
                0x08010354       0x24 ./STM32F4xx_StdPeriph_Driver/src/stm32f4xx_cryp.o
                0x08010354                CRYP_FIFOFlush
 .text.CRYP_Cmd
                0x08010378       0x4c ./STM32F4xx_StdPeriph_Driver/src/stm32f4xx_cryp.o
                0x08010378                CRYP_Cmd
 .text.CRYP_DataIn
                0x080103c4       0x20 ./STM32F4xx_StdPeriph_Driver/src/stm32f4xx_cryp.o
                0x080103c4                CRYP_DataIn
 .text.CRYP_DataOut
                0x080103e4       0x18 ./STM32F4xx_StdPeriph_Driver/src/stm32f4xx_cryp.o
                0x080103e4                CRYP_DataOut
 .text.CRYP_SaveContext
                0x080103fc      0x170 ./STM32F4xx_StdPeriph_Driver/src/stm32f4xx_cryp.o
                0x080103fc                CRYP_SaveContext
 .text.CRYP_RestoreContext
                0x0801056c       0xe0 ./STM32F4xx_StdPeriph_Driver/src/stm32f4xx_cryp.o
                0x0801056c                CRYP_RestoreContext
 .text.CRYP_DMACmd
                0x0801064c       0x5c ./STM32F4xx_StdPeriph_Driver/src/stm32f4xx_cryp.o
                0x0801064c                CRYP_DMACmd
 .text.CRYP_ITConfig
                0x080106a8       0x5c ./STM32F4xx_StdPeriph_Driver/src/stm32f4xx_cryp.o
                0x080106a8                CRYP_ITConfig
 .text.CRYP_GetITStatus
                0x08010704       0x40 ./STM32F4xx_StdPeriph_Driver/src/stm32f4xx_cryp.o
                0x08010704                CRYP_GetITStatus
 .text.CRYP_GetFlagStatus
                0x08010744       0x60 ./STM32F4xx_StdPeriph_Driver/src/stm32f4xx_cryp.o
                0x08010744                CRYP_GetFlagStatus
 .text.CRYP_AES_ECB
                0x080107a4      0x4b0 ./STM32F4xx_StdPeriph_Driver/src/stm32f4xx_cryp_aes.o
                0x080107a4                CRYP_AES_ECB
 .text.CRYP_AES_CBC
                0x08010c54      0x5cc ./STM32F4xx_StdPeriph_Driver/src/stm32f4xx_cryp_aes.o
                0x08010c54                CRYP_AES_CBC
 .text.CRYP_AES_CTR
                0x08011220      0x550 ./STM32F4xx_StdPeriph_Driver/src/stm32f4xx_cryp_aes.o
                0x08011220                CRYP_AES_CTR
 .text.CRYP_DES_ECB
                0x08011770      0x160 ./STM32F4xx_StdPeriph_Driver/src/stm32f4xx_cryp_des.o
                0x08011770                CRYP_DES_ECB
 .text.CRYP_DES_CBC
                0x080118d0      0x1b0 ./STM32F4xx_StdPeriph_Driver/src/stm32f4xx_cryp_des.o
                0x080118d0                CRYP_DES_CBC
 .text.CRYP_TDES_ECB
                0x08011a80      0x1d0 ./STM32F4xx_StdPeriph_Driver/src/stm32f4xx_cryp_tdes.o
                0x08011a80                CRYP_TDES_ECB
 .text.CRYP_TDES_CBC
                0x08011c50      0x268 ./STM32F4xx_StdPeriph_Driver/src/stm32f4xx_cryp_tdes.o
                0x08011c50                CRYP_TDES_CBC
 .text.DAC_DeInit
                0x08011eb8       0x20 ./STM32F4xx_StdPeriph_Driver/src/stm32f4xx_dac.o
                0x08011eb8                DAC_DeInit
 .text.DAC_Init
                0x08011ed8       0x74 ./STM32F4xx_StdPeriph_Driver/src/stm32f4xx_dac.o
                0x08011ed8                DAC_Init
 .text.DAC_StructInit
                0x08011f4c       0x34 ./STM32F4xx_StdPeriph_Driver/src/stm32f4xx_dac.o
                0x08011f4c                DAC_StructInit
 .text.DAC_Cmd  0x08011f80       0x68 ./STM32F4xx_StdPeriph_Driver/src/stm32f4xx_dac.o
                0x08011f80                DAC_Cmd
 .text.DAC_SoftwareTriggerCmd
                0x08011fe8       0x70 ./STM32F4xx_StdPeriph_Driver/src/stm32f4xx_dac.o
                0x08011fe8                DAC_SoftwareTriggerCmd
 .text.DAC_DualSoftwareTriggerCmd
                0x08012058       0x4c ./STM32F4xx_StdPeriph_Driver/src/stm32f4xx_dac.o
                0x08012058                DAC_DualSoftwareTriggerCmd
 .text.DAC_WaveGenerationCmd
                0x080120a4       0x64 ./STM32F4xx_StdPeriph_Driver/src/stm32f4xx_dac.o
                0x080120a4                DAC_WaveGenerationCmd
 .text.DAC_SetChannel1Data
                0x08012108       0x38 ./STM32F4xx_StdPeriph_Driver/src/stm32f4xx_dac.o
                0x08012108                DAC_SetChannel1Data
 .text.DAC_SetChannel2Data
                0x08012140       0x38 ./STM32F4xx_StdPeriph_Driver/src/stm32f4xx_dac.o
                0x08012140                DAC_SetChannel2Data
 .text.DAC_SetDualChannelData
                0x08012178       0x64 ./STM32F4xx_StdPeriph_Driver/src/stm32f4xx_dac.o
                0x08012178                DAC_SetDualChannelData
 .text.DAC_GetDataOutputValue
                0x080121dc       0x3c ./STM32F4xx_StdPeriph_Driver/src/stm32f4xx_dac.o
                0x080121dc                DAC_GetDataOutputValue
 .text.DAC_DMACmd
                0x08012218       0x68 ./STM32F4xx_StdPeriph_Driver/src/stm32f4xx_dac.o
                0x08012218                DAC_DMACmd
 .text.DAC_ITConfig
                0x08012280       0x64 ./STM32F4xx_StdPeriph_Driver/src/stm32f4xx_dac.o
                0x08012280                DAC_ITConfig
 .text.DAC_GetFlagStatus
                0x080122e4       0x48 ./STM32F4xx_StdPeriph_Driver/src/stm32f4xx_dac.o
                0x080122e4                DAC_GetFlagStatus
 .text.DAC_ClearFlag
                0x0801232c       0x28 ./STM32F4xx_StdPeriph_Driver/src/stm32f4xx_dac.o
                0x0801232c                DAC_ClearFlag
 .text.DAC_GetITStatus
                0x08012354       0x6c ./STM32F4xx_StdPeriph_Driver/src/stm32f4xx_dac.o
                0x08012354                DAC_GetITStatus
 .text.DAC_ClearITPendingBit
                0x080123c0       0x28 ./STM32F4xx_StdPeriph_Driver/src/stm32f4xx_dac.o
                0x080123c0                DAC_ClearITPendingBit
 .text.DBGMCU_GetREVID
                0x080123e8       0x1c ./STM32F4xx_StdPeriph_Driver/src/stm32f4xx_dbgmcu.o
                0x080123e8                DBGMCU_GetREVID
 .text.DBGMCU_GetDEVID
                0x08012404       0x20 ./STM32F4xx_StdPeriph_Driver/src/stm32f4xx_dbgmcu.o
                0x08012404                DBGMCU_GetDEVID
 .text.DBGMCU_Config
                0x08012424       0x58 ./STM32F4xx_StdPeriph_Driver/src/stm32f4xx_dbgmcu.o
                0x08012424                DBGMCU_Config
 .text.DBGMCU_APB1PeriphConfig
                0x0801247c       0x58 ./STM32F4xx_StdPeriph_Driver/src/stm32f4xx_dbgmcu.o
                0x0801247c                DBGMCU_APB1PeriphConfig
 .text.DBGMCU_APB2PeriphConfig
                0x080124d4       0x58 ./STM32F4xx_StdPeriph_Driver/src/stm32f4xx_dbgmcu.o
                0x080124d4                DBGMCU_APB2PeriphConfig
 .text.DCMI_DeInit
                0x0801252c       0x6c ./STM32F4xx_StdPeriph_Driver/src/stm32f4xx_dcmi.o
                0x0801252c                DCMI_DeInit
 .text.DCMI_Init
                0x08012598       0x94 ./STM32F4xx_StdPeriph_Driver/src/stm32f4xx_dcmi.o
                0x08012598                DCMI_Init
 .text.DCMI_StructInit
                0x0801262c       0x4c ./STM32F4xx_StdPeriph_Driver/src/stm32f4xx_dcmi.o
                0x0801262c                DCMI_StructInit
 .text.DCMI_CROPConfig
                0x08012678       0x48 ./STM32F4xx_StdPeriph_Driver/src/stm32f4xx_dcmi.o
                0x08012678                DCMI_CROPConfig
 .text.DCMI_CROPCmd
                0x080126c0       0x4c ./STM32F4xx_StdPeriph_Driver/src/stm32f4xx_dcmi.o
                0x080126c0                DCMI_CROPCmd
 .text.DCMI_SetEmbeddedSynchroCodes
                0x0801270c       0x40 ./STM32F4xx_StdPeriph_Driver/src/stm32f4xx_dcmi.o
                0x0801270c                DCMI_SetEmbeddedSynchroCodes
 .text.DCMI_JPEGCmd
                0x0801274c       0x4c ./STM32F4xx_StdPeriph_Driver/src/stm32f4xx_dcmi.o
                0x0801274c                DCMI_JPEGCmd
 .text.DCMI_Cmd
                0x08012798       0x4c ./STM32F4xx_StdPeriph_Driver/src/stm32f4xx_dcmi.o
                0x08012798                DCMI_Cmd
 .text.DCMI_CaptureCmd
                0x080127e4       0x4c ./STM32F4xx_StdPeriph_Driver/src/stm32f4xx_dcmi.o
                0x080127e4                DCMI_CaptureCmd
 .text.DCMI_ReadData
                0x08012830       0x18 ./STM32F4xx_StdPeriph_Driver/src/stm32f4xx_dcmi.o
                0x08012830                DCMI_ReadData
 .text.DCMI_ITConfig
                0x08012848       0x5c ./STM32F4xx_StdPeriph_Driver/src/stm32f4xx_dcmi.o
                0x08012848                DCMI_ITConfig
 .text.DCMI_GetFlagStatus
                0x080128a4       0x7c ./STM32F4xx_StdPeriph_Driver/src/stm32f4xx_dcmi.o
                0x080128a4                DCMI_GetFlagStatus
 .text.DCMI_ClearFlag
                0x08012920       0x20 ./STM32F4xx_StdPeriph_Driver/src/stm32f4xx_dcmi.o
                0x08012920                DCMI_ClearFlag
 .text.DCMI_GetITStatus
                0x08012940       0x4c ./STM32F4xx_StdPeriph_Driver/src/stm32f4xx_dcmi.o
                0x08012940                DCMI_GetITStatus
 .text.DCMI_ClearITPendingBit
                0x0801298c       0x20 ./STM32F4xx_StdPeriph_Driver/src/stm32f4xx_dcmi.o
                0x0801298c                DCMI_ClearITPendingBit
 .text.DMA_DeInit
                0x080129ac      0x244 ./STM32F4xx_StdPeriph_Driver/src/stm32f4xx_dma.o
                0x080129ac                DMA_DeInit
 .text.DMA_Init
                0x08012bf0       0xb0 ./STM32F4xx_StdPeriph_Driver/src/stm32f4xx_dma.o
                0x08012bf0                DMA_Init
 .text.DMA_StructInit
                0x08012ca0       0x8c ./STM32F4xx_StdPeriph_Driver/src/stm32f4xx_dma.o
                0x08012ca0                DMA_StructInit
 .text.DMA_Cmd  0x08012d2c       0x38 ./STM32F4xx_StdPeriph_Driver/src/stm32f4xx_dma.o
                0x08012d2c                DMA_Cmd
 .text.DMA_PeriphIncOffsetSizeConfig
                0x08012d64       0x34 ./STM32F4xx_StdPeriph_Driver/src/stm32f4xx_dma.o
                0x08012d64                DMA_PeriphIncOffsetSizeConfig
 .text.DMA_FlowControllerConfig
                0x08012d98       0x34 ./STM32F4xx_StdPeriph_Driver/src/stm32f4xx_dma.o
                0x08012d98                DMA_FlowControllerConfig
 .text.DMA_SetCurrDataCounter
                0x08012dcc       0x1c ./STM32F4xx_StdPeriph_Driver/src/stm32f4xx_dma.o
                0x08012dcc                DMA_SetCurrDataCounter
 .text.DMA_GetCurrDataCounter
                0x08012de8       0x1c ./STM32F4xx_StdPeriph_Driver/src/stm32f4xx_dma.o
                0x08012de8                DMA_GetCurrDataCounter
 .text.DMA_DoubleBufferModeConfig
                0x08012e04       0x3c ./STM32F4xx_StdPeriph_Driver/src/stm32f4xx_dma.o
                0x08012e04                DMA_DoubleBufferModeConfig
 .text.DMA_DoubleBufferModeCmd
                0x08012e40       0x38 ./STM32F4xx_StdPeriph_Driver/src/stm32f4xx_dma.o
                0x08012e40                DMA_DoubleBufferModeCmd
 .text.DMA_MemoryTargetConfig
                0x08012e78       0x2c ./STM32F4xx_StdPeriph_Driver/src/stm32f4xx_dma.o
                0x08012e78                DMA_MemoryTargetConfig
 .text.DMA_GetCurrentMemoryTarget
                0x08012ea4       0x38 ./STM32F4xx_StdPeriph_Driver/src/stm32f4xx_dma.o
                0x08012ea4                DMA_GetCurrentMemoryTarget
 .text.DMA_GetCmdStatus
                0x08012edc       0x38 ./STM32F4xx_StdPeriph_Driver/src/stm32f4xx_dma.o
                0x08012edc                DMA_GetCmdStatus
 .text.DMA_GetFIFOStatus
                0x08012f14       0x28 ./STM32F4xx_StdPeriph_Driver/src/stm32f4xx_dma.o
                0x08012f14                DMA_GetFIFOStatus
 .text.DMA_GetFlagStatus
                0x08012f3c       0x88 ./STM32F4xx_StdPeriph_Driver/src/stm32f4xx_dma.o
                0x08012f3c                DMA_GetFlagStatus
 .text.DMA_ClearFlag
                0x08012fc4       0x64 ./STM32F4xx_StdPeriph_Driver/src/stm32f4xx_dma.o
                0x08012fc4                DMA_ClearFlag
 .text.DMA_ITConfig
                0x08013028       0x78 ./STM32F4xx_StdPeriph_Driver/src/stm32f4xx_dma.o
                0x08013028                DMA_ITConfig
 .text.DMA_GetITStatus
                0x080130a0       0xc8 ./STM32F4xx_StdPeriph_Driver/src/stm32f4xx_dma.o
                0x080130a0                DMA_GetITStatus
 .text.DMA_ClearITPendingBit
                0x08013168       0x64 ./STM32F4xx_StdPeriph_Driver/src/stm32f4xx_dma.o
                0x08013168                DMA_ClearITPendingBit
 .text.EXTI_DeInit
                0x080131cc       0x54 ./STM32F4xx_StdPeriph_Driver/src/stm32f4xx_exti.o
                0x080131cc                EXTI_DeInit
 .text.EXTI_Init
                0x08013220      0x144 ./STM32F4xx_StdPeriph_Driver/src/stm32f4xx_exti.o
                0x08013220                EXTI_Init
 .text.EXTI_StructInit
                0x08013364       0x34 ./STM32F4xx_StdPeriph_Driver/src/stm32f4xx_exti.o
                0x08013364                EXTI_StructInit
 .text.EXTI_GenerateSWInterrupt
                0x08013398       0x2c ./STM32F4xx_StdPeriph_Driver/src/stm32f4xx_exti.o
                0x08013398                EXTI_GenerateSWInterrupt
 .text.EXTI_GetFlagStatus
                0x080133c4       0x40 ./STM32F4xx_StdPeriph_Driver/src/stm32f4xx_exti.o
                0x080133c4                EXTI_GetFlagStatus
 .text.EXTI_ClearFlag
                0x08013404       0x20 ./STM32F4xx_StdPeriph_Driver/src/stm32f4xx_exti.o
                0x08013404                EXTI_ClearFlag
 .text.EXTI_GetITStatus
                0x08013424       0x5c ./STM32F4xx_StdPeriph_Driver/src/stm32f4xx_exti.o
                0x08013424                EXTI_GetITStatus
 .text.EXTI_ClearITPendingBit
                0x08013480       0x20 ./STM32F4xx_StdPeriph_Driver/src/stm32f4xx_exti.o
                0x08013480                EXTI_ClearITPendingBit
 .text.FLASH_SetLatency
                0x080134a0       0x20 ./STM32F4xx_StdPeriph_Driver/src/stm32f4xx_flash.o
                0x080134a0                FLASH_SetLatency
 .text.FLASH_PrefetchBufferCmd
                0x080134c0       0x4c ./STM32F4xx_StdPeriph_Driver/src/stm32f4xx_flash.o
                0x080134c0                FLASH_PrefetchBufferCmd
 .text.FLASH_InstructionCacheCmd
                0x0801350c       0x4c ./STM32F4xx_StdPeriph_Driver/src/stm32f4xx_flash.o
                0x0801350c                FLASH_InstructionCacheCmd
 .text.FLASH_DataCacheCmd
                0x08013558       0x4c ./STM32F4xx_StdPeriph_Driver/src/stm32f4xx_flash.o
                0x08013558                FLASH_DataCacheCmd
 .text.FLASH_InstructionCacheReset
                0x080135a4       0x24 ./STM32F4xx_StdPeriph_Driver/src/stm32f4xx_flash.o
                0x080135a4                FLASH_InstructionCacheReset
 .text.FLASH_DataCacheReset
                0x080135c8       0x24 ./STM32F4xx_StdPeriph_Driver/src/stm32f4xx_flash.o
                0x080135c8                FLASH_DataCacheReset
 .text.FLASH_Unlock
                0x080135ec       0x3c ./STM32F4xx_StdPeriph_Driver/src/stm32f4xx_flash.o
                0x080135ec                FLASH_Unlock
 .text.FLASH_Lock
                0x08013628       0x24 ./STM32F4xx_StdPeriph_Driver/src/stm32f4xx_flash.o
                0x08013628                FLASH_Lock
 .text.FLASH_EraseSector
                0x0801364c      0x11c ./STM32F4xx_StdPeriph_Driver/src/stm32f4xx_flash.o
                0x0801364c                FLASH_EraseSector
 .text.FLASH_EraseAllSectors
                0x08013768       0xe4 ./STM32F4xx_StdPeriph_Driver/src/stm32f4xx_flash.o
                0x08013768                FLASH_EraseAllSectors
 .text.FLASH_ProgramDoubleWord
                0x0801384c       0xa0 ./STM32F4xx_StdPeriph_Driver/src/stm32f4xx_flash.o
                0x0801384c                FLASH_ProgramDoubleWord
 .text.FLASH_ProgramWord
                0x080138ec       0x98 ./STM32F4xx_StdPeriph_Driver/src/stm32f4xx_flash.o
                0x080138ec                FLASH_ProgramWord
 .text.FLASH_ProgramHalfWord
                0x08013984       0x9c ./STM32F4xx_StdPeriph_Driver/src/stm32f4xx_flash.o
                0x08013984                FLASH_ProgramHalfWord
 .text.FLASH_ProgramByte
                0x08013a20       0x98 ./STM32F4xx_StdPeriph_Driver/src/stm32f4xx_flash.o
                0x08013a20                FLASH_ProgramByte
 .text.FLASH_OB_Unlock
                0x08013ab8       0x44 ./STM32F4xx_StdPeriph_Driver/src/stm32f4xx_flash.o
                0x08013ab8                FLASH_OB_Unlock
 .text.FLASH_OB_Lock
                0x08013afc       0x24 ./STM32F4xx_StdPeriph_Driver/src/stm32f4xx_flash.o
                0x08013afc                FLASH_OB_Lock
 .text.FLASH_OB_WRPConfig
                0x08013b20       0x74 ./STM32F4xx_StdPeriph_Driver/src/stm32f4xx_flash.o
                0x08013b20                FLASH_OB_WRPConfig
 .text.FLASH_OB_RDPConfig
                0x08013b94       0x34 ./STM32F4xx_StdPeriph_Driver/src/stm32f4xx_flash.o
                0x08013b94                FLASH_OB_RDPConfig
 .text.FLASH_OB_UserConfig
                0x08013bc8       0x64 ./STM32F4xx_StdPeriph_Driver/src/stm32f4xx_flash.o
                0x08013bc8                FLASH_OB_UserConfig
 .text.FLASH_OB_BORConfig
                0x08013c2c       0x4c ./STM32F4xx_StdPeriph_Driver/src/stm32f4xx_flash.o
                0x08013c2c                FLASH_OB_BORConfig
 .text.FLASH_OB_Launch
                0x08013c78       0x3c ./STM32F4xx_StdPeriph_Driver/src/stm32f4xx_flash.o
                0x08013c78                FLASH_OB_Launch
 .text.FLASH_OB_GetUser
                0x08013cb4       0x1c ./STM32F4xx_StdPeriph_Driver/src/stm32f4xx_flash.o
                0x08013cb4                FLASH_OB_GetUser
 .text.FLASH_OB_GetWRP
                0x08013cd0       0x18 ./STM32F4xx_StdPeriph_Driver/src/stm32f4xx_flash.o
                0x08013cd0                FLASH_OB_GetWRP
 .text.FLASH_OB_GetRDP
                0x08013ce8       0x38 ./STM32F4xx_StdPeriph_Driver/src/stm32f4xx_flash.o
                0x08013ce8                FLASH_OB_GetRDP
 .text.FLASH_OB_GetBOR
                0x08013d20       0x20 ./STM32F4xx_StdPeriph_Driver/src/stm32f4xx_flash.o
                0x08013d20                FLASH_OB_GetBOR
 .text.FLASH_ITConfig
                0x08013d40       0x58 ./STM32F4xx_StdPeriph_Driver/src/stm32f4xx_flash.o
                0x08013d40                FLASH_ITConfig
 .text.FLASH_GetFlagStatus
                0x08013d98       0x40 ./STM32F4xx_StdPeriph_Driver/src/stm32f4xx_flash.o
                0x08013d98                FLASH_GetFlagStatus
 .text.FLASH_ClearFlag
                0x08013dd8       0x20 ./STM32F4xx_StdPeriph_Driver/src/stm32f4xx_flash.o
                0x08013dd8                FLASH_ClearFlag
 .text.FLASH_GetStatus
                0x08013df8       0x88 ./STM32F4xx_StdPeriph_Driver/src/stm32f4xx_flash.o
                0x08013df8                FLASH_GetStatus
 .text.FLASH_WaitForLastOperation
                0x08013e80       0x34 ./STM32F4xx_StdPeriph_Driver/src/stm32f4xx_flash.o
                0x08013e80                FLASH_WaitForLastOperation
 .text.FSMC_NORSRAMDeInit
                0x08013eb4       0x5c ./STM32F4xx_StdPeriph_Driver/src/stm32f4xx_fsmc.o
                0x08013eb4                FSMC_NORSRAMDeInit
 .text.FSMC_NORSRAMInit
                0x08013f10      0x150 ./STM32F4xx_StdPeriph_Driver/src/stm32f4xx_fsmc.o
                0x08013f10                FSMC_NORSRAMInit
 .text.FSMC_NORSRAMStructInit
                0x08014060      0x108 ./STM32F4xx_StdPeriph_Driver/src/stm32f4xx_fsmc.o
                0x08014060                FSMC_NORSRAMStructInit
 .text.FSMC_NORSRAMCmd
                0x08014168       0x58 ./STM32F4xx_StdPeriph_Driver/src/stm32f4xx_fsmc.o
                0x08014168                FSMC_NORSRAMCmd
 .text.FSMC_NANDDeInit
                0x080141c0       0x8c ./STM32F4xx_StdPeriph_Driver/src/stm32f4xx_fsmc.o
                0x080141c0                FSMC_NANDDeInit
 .text.FSMC_NANDInit
                0x0801424c      0x100 ./STM32F4xx_StdPeriph_Driver/src/stm32f4xx_fsmc.o
                0x0801424c                FSMC_NANDInit
 .text.FSMC_NANDStructInit
                0x0801434c       0x9c ./STM32F4xx_StdPeriph_Driver/src/stm32f4xx_fsmc.o
                0x0801434c                FSMC_NANDStructInit
 .text.FSMC_NANDCmd
                0x080143e8       0xa0 ./STM32F4xx_StdPeriph_Driver/src/stm32f4xx_fsmc.o
                0x080143e8                FSMC_NANDCmd
 .text.FSMC_NANDECCCmd
                0x08014488       0xa0 ./STM32F4xx_StdPeriph_Driver/src/stm32f4xx_fsmc.o
                0x08014488                FSMC_NANDECCCmd
 .text.FSMC_GetECC
                0x08014528       0x3c ./STM32F4xx_StdPeriph_Driver/src/stm32f4xx_fsmc.o
                0x08014528                FSMC_GetECC
 .text.FSMC_PCCARDDeInit
                0x08014564       0x50 ./STM32F4xx_StdPeriph_Driver/src/stm32f4xx_fsmc.o
                0x08014564                FSMC_PCCARDDeInit
 .text.FSMC_PCCARDInit
                0x080145b4       0xd4 ./STM32F4xx_StdPeriph_Driver/src/stm32f4xx_fsmc.o
                0x080145b4                FSMC_PCCARDInit
 .text.FSMC_PCCARDStructInit
                0x08014688       0xa4 ./STM32F4xx_StdPeriph_Driver/src/stm32f4xx_fsmc.o
                0x08014688                FSMC_PCCARDStructInit
 .text.FSMC_PCCARDCmd
                0x0801472c       0x54 ./STM32F4xx_StdPeriph_Driver/src/stm32f4xx_fsmc.o
                0x0801472c                FSMC_PCCARDCmd
 .text.FSMC_ITConfig
                0x08014780       0xec ./STM32F4xx_StdPeriph_Driver/src/stm32f4xx_fsmc.o
                0x08014780                FSMC_ITConfig
 .text.FSMC_GetFlagStatus
                0x0801486c       0x74 ./STM32F4xx_StdPeriph_Driver/src/stm32f4xx_fsmc.o
                0x0801486c                FSMC_GetFlagStatus
 .text.FSMC_ClearFlag
                0x080148e0       0x80 ./STM32F4xx_StdPeriph_Driver/src/stm32f4xx_fsmc.o
                0x080148e0                FSMC_ClearFlag
 .text.FSMC_GetITStatus
                0x08014960       0x94 ./STM32F4xx_StdPeriph_Driver/src/stm32f4xx_fsmc.o
                0x08014960                FSMC_GetITStatus
 .text.FSMC_ClearITPendingBit
                0x080149f4       0x8c ./STM32F4xx_StdPeriph_Driver/src/stm32f4xx_fsmc.o
                0x080149f4                FSMC_ClearITPendingBit
 .text.GPIO_DeInit
                0x08014a80      0x178 ./STM32F4xx_StdPeriph_Driver/src/stm32f4xx_gpio.o
                0x08014a80                GPIO_DeInit
 .text.GPIO_Init
                0x08014bf8      0x154 ./STM32F4xx_StdPeriph_Driver/src/stm32f4xx_gpio.o
                0x08014bf8                GPIO_Init
 .text.GPIO_StructInit
                0x08014d4c       0x3c ./STM32F4xx_StdPeriph_Driver/src/stm32f4xx_gpio.o
                0x08014d4c                GPIO_StructInit
 .text.GPIO_PinLockConfig
                0x08014d88       0x44 ./STM32F4xx_StdPeriph_Driver/src/stm32f4xx_gpio.o
                0x08014d88                GPIO_PinLockConfig
 .text.GPIO_ReadInputDataBit
                0x08014dcc       0x3c ./STM32F4xx_StdPeriph_Driver/src/stm32f4xx_gpio.o
                0x08014dcc                GPIO_ReadInputDataBit
 .text.GPIO_ReadInputData
                0x08014e08       0x1c ./STM32F4xx_StdPeriph_Driver/src/stm32f4xx_gpio.o
                0x08014e08                GPIO_ReadInputData
 .text.GPIO_ReadOutputDataBit
                0x08014e24       0x3c ./STM32F4xx_StdPeriph_Driver/src/stm32f4xx_gpio.o
                0x08014e24                GPIO_ReadOutputDataBit
 .text.GPIO_ReadOutputData
                0x08014e60       0x1c ./STM32F4xx_StdPeriph_Driver/src/stm32f4xx_gpio.o
                0x08014e60                GPIO_ReadOutputData
 .text.GPIO_SetBits
                0x08014e7c       0x1c ./STM32F4xx_StdPeriph_Driver/src/stm32f4xx_gpio.o
                0x08014e7c                GPIO_SetBits
 .text.GPIO_ResetBits
                0x08014e98       0x1c ./STM32F4xx_StdPeriph_Driver/src/stm32f4xx_gpio.o
                0x08014e98                GPIO_ResetBits
 .text.GPIO_WriteBit
                0x08014eb4       0x30 ./STM32F4xx_StdPeriph_Driver/src/stm32f4xx_gpio.o
                0x08014eb4                GPIO_WriteBit
 .text.GPIO_Write
                0x08014ee4       0x1c ./STM32F4xx_StdPeriph_Driver/src/stm32f4xx_gpio.o
                0x08014ee4                GPIO_Write
 .text.GPIO_ToggleBits
                0x08014f00       0x24 ./STM32F4xx_StdPeriph_Driver/src/stm32f4xx_gpio.o
                0x08014f00                GPIO_ToggleBits
 .text.GPIO_PinAFConfig
                0x08014f24       0xac ./STM32F4xx_StdPeriph_Driver/src/stm32f4xx_gpio.o
                0x08014f24                GPIO_PinAFConfig
 .text.HASH_DeInit
                0x08014fd0       0x20 ./STM32F4xx_StdPeriph_Driver/src/stm32f4xx_hash.o
                0x08014fd0                HASH_DeInit
 .text.HASH_Init
                0x08014ff0       0xa8 ./STM32F4xx_StdPeriph_Driver/src/stm32f4xx_hash.o
                0x08014ff0                HASH_Init
 .text.HASH_StructInit
                0x08015098       0x34 ./STM32F4xx_StdPeriph_Driver/src/stm32f4xx_hash.o
                0x08015098                HASH_StructInit
 .text.HASH_Reset
                0x080150cc       0x24 ./STM32F4xx_StdPeriph_Driver/src/stm32f4xx_hash.o
                0x080150cc                HASH_Reset
 .text.HASH_SetLastWordValidBitsNbr
                0x080150f0       0x48 ./STM32F4xx_StdPeriph_Driver/src/stm32f4xx_hash.o
                0x080150f0                HASH_SetLastWordValidBitsNbr
 .text.HASH_DataIn
                0x08015138       0x20 ./STM32F4xx_StdPeriph_Driver/src/stm32f4xx_hash.o
                0x08015138                HASH_DataIn
 .text.HASH_GetInFIFOWordsNbr
                0x08015158       0x20 ./STM32F4xx_StdPeriph_Driver/src/stm32f4xx_hash.o
                0x08015158                HASH_GetInFIFOWordsNbr
 .text.HASH_GetDigest
                0x08015178       0x64 ./STM32F4xx_StdPeriph_Driver/src/stm32f4xx_hash.o
                0x08015178                HASH_GetDigest
 .text.HASH_StartDigest
                0x080151dc       0x24 ./STM32F4xx_StdPeriph_Driver/src/stm32f4xx_hash.o
                0x080151dc                HASH_StartDigest
 .text.HASH_SaveContext
                0x08015200       0x84 ./STM32F4xx_StdPeriph_Driver/src/stm32f4xx_hash.o
                0x08015200                HASH_SaveContext
 .text.HASH_RestoreContext
                0x08015284       0x94 ./STM32F4xx_StdPeriph_Driver/src/stm32f4xx_hash.o
                0x08015284                HASH_RestoreContext
 .text.HASH_DMACmd
                0x08015318       0x4c ./STM32F4xx_StdPeriph_Driver/src/stm32f4xx_hash.o
                0x08015318                HASH_DMACmd
 .text.HASH_ITConfig
                0x08015364       0x5c ./STM32F4xx_StdPeriph_Driver/src/stm32f4xx_hash.o
                0x08015364                HASH_ITConfig
 .text.HASH_GetFlagStatus
                0x080153c0       0x60 ./STM32F4xx_StdPeriph_Driver/src/stm32f4xx_hash.o
                0x080153c0                HASH_GetFlagStatus
 .text.HASH_ClearFlag
                0x08015420       0x24 ./STM32F4xx_StdPeriph_Driver/src/stm32f4xx_hash.o
                0x08015420                HASH_ClearFlag
 .text.HASH_GetITStatus
                0x08015444       0x58 ./STM32F4xx_StdPeriph_Driver/src/stm32f4xx_hash.o
                0x08015444                HASH_GetITStatus
 .text.HASH_ClearITPendingBit
                0x0801549c       0x28 ./STM32F4xx_StdPeriph_Driver/src/stm32f4xx_hash.o
                0x0801549c                HASH_ClearITPendingBit
 .text.HASH_MD5
                0x080154c4      0x140 ./STM32F4xx_StdPeriph_Driver/src/stm32f4xx_hash_md5.o
                0x080154c4                HASH_MD5
 .text.HMAC_MD5
                0x08015604      0x258 ./STM32F4xx_StdPeriph_Driver/src/stm32f4xx_hash_md5.o
                0x08015604                HMAC_MD5
 .text.HASH_SHA1
                0x0801585c      0x158 ./STM32F4xx_StdPeriph_Driver/src/stm32f4xx_hash_sha1.o
                0x0801585c                HASH_SHA1
 .text.HMAC_SHA1
                0x080159b4      0x270 ./STM32F4xx_StdPeriph_Driver/src/stm32f4xx_hash_sha1.o
                0x080159b4                HMAC_SHA1
 .text.I2C_DeInit
                0x08015c24       0x88 ./STM32F4xx_StdPeriph_Driver/src/stm32f4xx_i2c.o
                0x08015c24                I2C_DeInit
 .text.I2C_Init
                0x08015cac      0x1ac ./STM32F4xx_StdPeriph_Driver/src/stm32f4xx_i2c.o
                0x08015cac                I2C_Init
 .text.I2C_StructInit
                0x08015e58       0x44 ./STM32F4xx_StdPeriph_Driver/src/stm32f4xx_i2c.o
                0x08015e58                I2C_StructInit
 .text.I2C_Cmd  0x08015e9c       0x40 ./STM32F4xx_StdPeriph_Driver/src/stm32f4xx_i2c.o
                0x08015e9c                I2C_Cmd
 .text.I2C_GenerateSTART
                0x08015edc       0x40 ./STM32F4xx_StdPeriph_Driver/src/stm32f4xx_i2c.o
                0x08015edc                I2C_GenerateSTART
 .text.I2C_GenerateSTOP
                0x08015f1c       0x40 ./STM32F4xx_StdPeriph_Driver/src/stm32f4xx_i2c.o
                0x08015f1c                I2C_GenerateSTOP
 .text.I2C_Send7bitAddress
                0x08015f5c       0x3c ./STM32F4xx_StdPeriph_Driver/src/stm32f4xx_i2c.o
                0x08015f5c                I2C_Send7bitAddress
 .text.I2C_AcknowledgeConfig
                0x08015f98       0x40 ./STM32F4xx_StdPeriph_Driver/src/stm32f4xx_i2c.o
                0x08015f98                I2C_AcknowledgeConfig
 .text.I2C_OwnAddress2Config
                0x08015fd8       0x44 ./STM32F4xx_StdPeriph_Driver/src/stm32f4xx_i2c.o
                0x08015fd8                I2C_OwnAddress2Config
 .text.I2C_DualAddressCmd
                0x0801601c       0x40 ./STM32F4xx_StdPeriph_Driver/src/stm32f4xx_i2c.o
                0x0801601c                I2C_DualAddressCmd
 .text.I2C_GeneralCallCmd
                0x0801605c       0x40 ./STM32F4xx_StdPeriph_Driver/src/stm32f4xx_i2c.o
                0x0801605c                I2C_GeneralCallCmd
 .text.I2C_SoftwareResetCmd
                0x0801609c       0x48 ./STM32F4xx_StdPeriph_Driver/src/stm32f4xx_i2c.o
                0x0801609c                I2C_SoftwareResetCmd
 .text.I2C_StretchClockCmd
                0x080160e4       0x40 ./STM32F4xx_StdPeriph_Driver/src/stm32f4xx_i2c.o
                0x080160e4                I2C_StretchClockCmd
 .text.I2C_FastModeDutyCycleConfig
                0x08016124       0x40 ./STM32F4xx_StdPeriph_Driver/src/stm32f4xx_i2c.o
                0x08016124                I2C_FastModeDutyCycleConfig
 .text.I2C_NACKPositionConfig
                0x08016164       0x40 ./STM32F4xx_StdPeriph_Driver/src/stm32f4xx_i2c.o
                0x08016164                I2C_NACKPositionConfig
 .text.I2C_SMBusAlertConfig
                0x080161a4       0x40 ./STM32F4xx_StdPeriph_Driver/src/stm32f4xx_i2c.o
                0x080161a4                I2C_SMBusAlertConfig
 .text.I2C_ARPCmd
                0x080161e4       0x40 ./STM32F4xx_StdPeriph_Driver/src/stm32f4xx_i2c.o
                0x080161e4                I2C_ARPCmd
 .text.I2C_SendData
                0x08016224       0x20 ./STM32F4xx_StdPeriph_Driver/src/stm32f4xx_i2c.o
                0x08016224                I2C_SendData
 .text.I2C_ReceiveData
                0x08016244       0x1c ./STM32F4xx_StdPeriph_Driver/src/stm32f4xx_i2c.o
                0x08016244                I2C_ReceiveData
 .text.I2C_TransmitPEC
                0x08016260       0x40 ./STM32F4xx_StdPeriph_Driver/src/stm32f4xx_i2c.o
                0x08016260                I2C_TransmitPEC
 .text.I2C_PECPositionConfig
                0x080162a0       0x40 ./STM32F4xx_StdPeriph_Driver/src/stm32f4xx_i2c.o
                0x080162a0                I2C_PECPositionConfig
 .text.I2C_CalculatePEC
                0x080162e0       0x40 ./STM32F4xx_StdPeriph_Driver/src/stm32f4xx_i2c.o
                0x080162e0                I2C_CalculatePEC
 .text.I2C_GetPEC
                0x08016320       0x24 ./STM32F4xx_StdPeriph_Driver/src/stm32f4xx_i2c.o
                0x08016320                I2C_GetPEC
 .text.I2C_DMACmd
                0x08016344       0x40 ./STM32F4xx_StdPeriph_Driver/src/stm32f4xx_i2c.o
                0x08016344                I2C_DMACmd
 .text.I2C_DMALastTransferCmd
                0x08016384       0x40 ./STM32F4xx_StdPeriph_Driver/src/stm32f4xx_i2c.o
                0x08016384                I2C_DMALastTransferCmd
 .text.I2C_ReadRegister
                0x080163c4       0x30 ./STM32F4xx_StdPeriph_Driver/src/stm32f4xx_i2c.o
                0x080163c4                I2C_ReadRegister
 .text.I2C_ITConfig
                0x080163f4       0x48 ./STM32F4xx_StdPeriph_Driver/src/stm32f4xx_i2c.o
                0x080163f4                I2C_ITConfig
 .text.I2C_CheckEvent
                0x0801643c       0x70 ./STM32F4xx_StdPeriph_Driver/src/stm32f4xx_i2c.o
                0x0801643c                I2C_CheckEvent
 .text.I2C_GetLastEvent
                0x080164ac       0x4c ./STM32F4xx_StdPeriph_Driver/src/stm32f4xx_i2c.o
                0x080164ac                I2C_GetLastEvent
 .text.I2C_GetFlagStatus
                0x080164f8       0x78 ./STM32F4xx_StdPeriph_Driver/src/stm32f4xx_i2c.o
                0x080164f8                I2C_GetFlagStatus
 .text.I2C_ClearFlag
                0x08016570       0x30 ./STM32F4xx_StdPeriph_Driver/src/stm32f4xx_i2c.o
                0x08016570                I2C_ClearFlag
 .text.I2C_GetITStatus
                0x080165a0       0x64 ./STM32F4xx_StdPeriph_Driver/src/stm32f4xx_i2c.o
                0x080165a0                I2C_GetITStatus
 .text.I2C_ClearITPendingBit
                0x08016604       0x30 ./STM32F4xx_StdPeriph_Driver/src/stm32f4xx_i2c.o
                0x08016604                I2C_ClearITPendingBit
 .text.IWDG_WriteAccessCmd
                0x08016634       0x20 ./STM32F4xx_StdPeriph_Driver/src/stm32f4xx_iwdg.o
                0x08016634                IWDG_WriteAccessCmd
 .text.IWDG_SetPrescaler
                0x08016654       0x20 ./STM32F4xx_StdPeriph_Driver/src/stm32f4xx_iwdg.o
                0x08016654                IWDG_SetPrescaler
 .text.IWDG_SetReload
                0x08016674       0x20 ./STM32F4xx_StdPeriph_Driver/src/stm32f4xx_iwdg.o
                0x08016674                IWDG_SetReload
 .text.IWDG_ReloadCounter
                0x08016694       0x18 ./STM32F4xx_StdPeriph_Driver/src/stm32f4xx_iwdg.o
                0x08016694                IWDG_ReloadCounter
 .text.IWDG_Enable
                0x080166ac       0x18 ./STM32F4xx_StdPeriph_Driver/src/stm32f4xx_iwdg.o
                0x080166ac                IWDG_Enable
 .text.IWDG_GetFlagStatus
                0x080166c4       0x40 ./STM32F4xx_StdPeriph_Driver/src/stm32f4xx_iwdg.o
                0x080166c4                IWDG_GetFlagStatus
 .text.PWR_DeInit
                0x08016704       0x20 ./STM32F4xx_StdPeriph_Driver/src/stm32f4xx_pwr.o
                0x08016704                PWR_DeInit
 .text.PWR_BackupAccessCmd
                0x08016724       0x20 ./STM32F4xx_StdPeriph_Driver/src/stm32f4xx_pwr.o
                0x08016724                PWR_BackupAccessCmd
 .text.PWR_PVDLevelConfig
                0x08016744       0x40 ./STM32F4xx_StdPeriph_Driver/src/stm32f4xx_pwr.o
                0x08016744                PWR_PVDLevelConfig
 .text.PWR_PVDCmd
                0x08016784       0x20 ./STM32F4xx_StdPeriph_Driver/src/stm32f4xx_pwr.o
                0x08016784                PWR_PVDCmd
 .text.PWR_WakeUpPinCmd
                0x080167a4       0x20 ./STM32F4xx_StdPeriph_Driver/src/stm32f4xx_pwr.o
                0x080167a4                PWR_WakeUpPinCmd
 .text.PWR_BackupRegulatorCmd
                0x080167c4       0x20 ./STM32F4xx_StdPeriph_Driver/src/stm32f4xx_pwr.o
                0x080167c4                PWR_BackupRegulatorCmd
 .text.PWR_MainRegulatorModeConfig
                0x080167e4       0x4c ./STM32F4xx_StdPeriph_Driver/src/stm32f4xx_pwr.o
                0x080167e4                PWR_MainRegulatorModeConfig
 .text.PWR_FlashPowerDownCmd
                0x08016830       0x20 ./STM32F4xx_StdPeriph_Driver/src/stm32f4xx_pwr.o
                0x08016830                PWR_FlashPowerDownCmd
 .text.PWR_EnterSTOPMode
                0x08016850       0x80 ./STM32F4xx_StdPeriph_Driver/src/stm32f4xx_pwr.o
                0x08016850                PWR_EnterSTOPMode
 .text.PWR_EnterSTANDBYMode
                0x080168d0       0x54 ./STM32F4xx_StdPeriph_Driver/src/stm32f4xx_pwr.o
                0x080168d0                PWR_EnterSTANDBYMode
 .text.PWR_GetFlagStatus
                0x08016924       0x40 ./STM32F4xx_StdPeriph_Driver/src/stm32f4xx_pwr.o
                0x08016924                PWR_GetFlagStatus
 .text.PWR_ClearFlag
                0x08016964       0x30 ./STM32F4xx_StdPeriph_Driver/src/stm32f4xx_pwr.o
                0x08016964                PWR_ClearFlag
 .text.RCC_DeInit
                0x08016994       0x84 ./STM32F4xx_StdPeriph_Driver/src/stm32f4xx_rcc.o
                0x08016994                RCC_DeInit
 .text.RCC_HSEConfig
                0x08016a18       0x30 ./STM32F4xx_StdPeriph_Driver/src/stm32f4xx_rcc.o
                0x08016a18                RCC_HSEConfig
 .text.RCC_WaitForHSEStartUp
                0x08016a48       0x64 ./STM32F4xx_StdPeriph_Driver/src/stm32f4xx_rcc.o
                0x08016a48                RCC_WaitForHSEStartUp
 .text.RCC_AdjustHSICalibrationValue
                0x08016aac       0x48 ./STM32F4xx_StdPeriph_Driver/src/stm32f4xx_rcc.o
                0x08016aac                RCC_AdjustHSICalibrationValue
 .text.RCC_HSICmd
                0x08016af4       0x20 ./STM32F4xx_StdPeriph_Driver/src/stm32f4xx_rcc.o
                0x08016af4                RCC_HSICmd
 .text.RCC_LSEConfig
                0x08016b14       0x60 ./STM32F4xx_StdPeriph_Driver/src/stm32f4xx_rcc.o
                0x08016b14                RCC_LSEConfig
 .text.RCC_LSICmd
                0x08016b74       0x20 ./STM32F4xx_StdPeriph_Driver/src/stm32f4xx_rcc.o
                0x08016b74                RCC_LSICmd
 .text.RCC_PLLConfig
                0x08016b94       0x48 ./STM32F4xx_StdPeriph_Driver/src/stm32f4xx_rcc.o
                0x08016b94                RCC_PLLConfig
 .text.RCC_PLLCmd
                0x08016bdc       0x20 ./STM32F4xx_StdPeriph_Driver/src/stm32f4xx_rcc.o
                0x08016bdc                RCC_PLLCmd
 .text.RCC_PLLI2SConfig
                0x08016bfc       0x30 ./STM32F4xx_StdPeriph_Driver/src/stm32f4xx_rcc.o
                0x08016bfc                RCC_PLLI2SConfig
 .text.RCC_PLLI2SCmd
                0x08016c2c       0x20 ./STM32F4xx_StdPeriph_Driver/src/stm32f4xx_rcc.o
                0x08016c2c                RCC_PLLI2SCmd
 .text.RCC_ClockSecuritySystemCmd
                0x08016c4c       0x20 ./STM32F4xx_StdPeriph_Driver/src/stm32f4xx_rcc.o
                0x08016c4c                RCC_ClockSecuritySystemCmd
 .text.RCC_MCO1Config
                0x08016c6c       0x48 ./STM32F4xx_StdPeriph_Driver/src/stm32f4xx_rcc.o
                0x08016c6c                RCC_MCO1Config
 .text.RCC_MCO2Config
                0x08016cb4       0x48 ./STM32F4xx_StdPeriph_Driver/src/stm32f4xx_rcc.o
                0x08016cb4                RCC_MCO2Config
 .text.RCC_SYSCLKConfig
                0x08016cfc       0x40 ./STM32F4xx_StdPeriph_Driver/src/stm32f4xx_rcc.o
                0x08016cfc                RCC_SYSCLKConfig
 .text.RCC_GetSYSCLKSource
                0x08016d3c       0x20 ./STM32F4xx_StdPeriph_Driver/src/stm32f4xx_rcc.o
                0x08016d3c                RCC_GetSYSCLKSource
 .text.RCC_HCLKConfig
                0x08016d5c       0x40 ./STM32F4xx_StdPeriph_Driver/src/stm32f4xx_rcc.o
                0x08016d5c                RCC_HCLKConfig
 .text.RCC_PCLK1Config
                0x08016d9c       0x40 ./STM32F4xx_StdPeriph_Driver/src/stm32f4xx_rcc.o
                0x08016d9c                RCC_PCLK1Config
 .text.RCC_PCLK2Config
                0x08016ddc       0x44 ./STM32F4xx_StdPeriph_Driver/src/stm32f4xx_rcc.o
                0x08016ddc                RCC_PCLK2Config
 .text.RCC_GetClocksFreq
                0x08016e20      0x1d0 ./STM32F4xx_StdPeriph_Driver/src/stm32f4xx_rcc.o
                0x08016e20                RCC_GetClocksFreq
 .text.RCC_RTCCLKConfig
                0x08016ff0       0x78 ./STM32F4xx_StdPeriph_Driver/src/stm32f4xx_rcc.o
                0x08016ff0                RCC_RTCCLKConfig
 .text.RCC_RTCCLKCmd
                0x08017068       0x20 ./STM32F4xx_StdPeriph_Driver/src/stm32f4xx_rcc.o
                0x08017068                RCC_RTCCLKCmd
 .text.RCC_BackupResetCmd
                0x08017088       0x20 ./STM32F4xx_StdPeriph_Driver/src/stm32f4xx_rcc.o
                0x08017088                RCC_BackupResetCmd
 .text.RCC_I2SCLKConfig
                0x080170a8       0x20 ./STM32F4xx_StdPeriph_Driver/src/stm32f4xx_rcc.o
                0x080170a8                RCC_I2SCLKConfig
 .text.RCC_AHB1PeriphClockCmd
                0x080170c8       0x58 ./STM32F4xx_StdPeriph_Driver/src/stm32f4xx_rcc.o
                0x080170c8                RCC_AHB1PeriphClockCmd
 .text.RCC_AHB2PeriphClockCmd
                0x08017120       0x58 ./STM32F4xx_StdPeriph_Driver/src/stm32f4xx_rcc.o
                0x08017120                RCC_AHB2PeriphClockCmd
 .text.RCC_AHB3PeriphClockCmd
                0x08017178       0x58 ./STM32F4xx_StdPeriph_Driver/src/stm32f4xx_rcc.o
                0x08017178                RCC_AHB3PeriphClockCmd
 .text.RCC_APB1PeriphClockCmd
                0x080171d0       0x58 ./STM32F4xx_StdPeriph_Driver/src/stm32f4xx_rcc.o
                0x080171d0                RCC_APB1PeriphClockCmd
 .text.RCC_APB2PeriphClockCmd