Archive member included because of file (symbol)

e:/elektronik/toolchain/yagarto/bin/../lib/gcc/arm-none-eabi/4.6.2/../../../../arm-none-eabi/lib/thumb/v7m\libstdc++.a(atexit_arm.o)
                              ./main.o (__aeabi_atexit)
e:/elektronik/toolchain/yagarto/bin/../lib/gcc/arm-none-eabi/4.6.2/../../../../arm-none-eabi/lib/thumb/v7m\libstdc++.a(del_op.o)
                              ./Menue/CMenue.o (operator delete(void*))
e:/elektronik/toolchain/yagarto/bin/../lib/gcc/arm-none-eabi/4.6.2/../../../../arm-none-eabi/lib/thumb/v7m\libstdc++.a(pure.o)
                              ./GraphicLCD/CGraphicLCD.o (__cxa_pure_virtual)
e:/elektronik/toolchain/yagarto/bin/../lib/gcc/arm-none-eabi/4.6.2/../../../../arm-none-eabi/lib/thumb/v7m\libstdc++.a(eh_terminate.o)
                              e:/elektronik/toolchain/yagarto/bin/../lib/gcc/arm-none-eabi/4.6.2/../../../../arm-none-eabi/lib/thumb/v7m\libstdc++.a(pure.o) (std::terminate())
e:/elektronik/toolchain/yagarto/bin/../lib/gcc/arm-none-eabi/4.6.2/../../../../arm-none-eabi/lib/thumb/v7m\libstdc++.a(eh_term_handler.o)
                              e:/elektronik/toolchain/yagarto/bin/../lib/gcc/arm-none-eabi/4.6.2/../../../../arm-none-eabi/lib/thumb/v7m\libstdc++.a(eh_terminate.o) (__cxxabiv1::__terminate_handler)
e:/elektronik/toolchain/yagarto/bin/../lib/gcc/arm-none-eabi/4.6.2/../../../../arm-none-eabi/lib/thumb/v7m\libstdc++.a(eh_unex_handler.o)
                              e:/elektronik/toolchain/yagarto/bin/../lib/gcc/arm-none-eabi/4.6.2/../../../../arm-none-eabi/lib/thumb/v7m\libstdc++.a(eh_terminate.o) (__cxxabiv1::__unexpected_handler)
e:/elektronik/toolchain/yagarto/bin/../lib/gcc/arm-none-eabi/4.6.2/../../../../arm-none-eabi/lib/thumb/v7m\libstdc++.a(vterminate.o)
                              e:/elektronik/toolchain/yagarto/bin/../lib/gcc/arm-none-eabi/4.6.2/../../../../arm-none-eabi/lib/thumb/v7m\libstdc++.a(eh_term_handler.o) (__gnu_cxx::__verbose_terminate_handler())
e:/elektronik/toolchain/yagarto/bin/../lib/gcc/arm-none-eabi/4.6.2/../../../../arm-none-eabi/lib/thumb/v7m\libstdc++.a(cp-demangle.o)
                              e:/elektronik/toolchain/yagarto/bin/../lib/gcc/arm-none-eabi/4.6.2/../../../../arm-none-eabi/lib/thumb/v7m\libstdc++.a(vterminate.o) (__cxa_demangle)
e:/elektronik/toolchain/yagarto/bin/../lib/gcc/arm-none-eabi/4.6.2/../../../../arm-none-eabi/lib/thumb/v7m\libstdc++.a(eh_arm.o)
                              e:/elektronik/toolchain/yagarto/bin/../lib/gcc/arm-none-eabi/4.6.2/../../../../arm-none-eabi/lib/thumb/v7m\libstdc++.a(eh_terminate.o) (__cxa_end_cleanup)
e:/elektronik/toolchain/yagarto/bin/../lib/gcc/arm-none-eabi/4.6.2/../../../../arm-none-eabi/lib/thumb/v7m\libstdc++.a(eh_aux_runtime.o)
                              e:/elektronik/toolchain/yagarto/bin/../lib/gcc/arm-none-eabi/4.6.2/../../../../arm-none-eabi/lib/thumb/v7m\libstdc++.a(eh_arm.o) (__cxa_bad_typeid)
e:/elektronik/toolchain/yagarto/bin/../lib/gcc/arm-none-eabi/4.6.2/../../../../arm-none-eabi/lib/thumb/v7m\libstdc++.a(eh_call.o)
                              e:/elektronik/toolchain/yagarto/bin/../lib/gcc/arm-none-eabi/4.6.2/../../../../arm-none-eabi/lib/thumb/v7m\libstdc++.a(eh_terminate.o) (__cxa_call_unexpected)
e:/elektronik/toolchain/yagarto/bin/../lib/gcc/arm-none-eabi/4.6.2/../../../../arm-none-eabi/lib/thumb/v7m\libstdc++.a(eh_catch.o)
                              e:/elektronik/toolchain/yagarto/bin/../lib/gcc/arm-none-eabi/4.6.2/../../../../arm-none-eabi/lib/thumb/v7m\libstdc++.a(eh_terminate.o) (__cxa_begin_catch)
e:/elektronik/toolchain/yagarto/bin/../lib/gcc/arm-none-eabi/4.6.2/../../../../arm-none-eabi/lib/thumb/v7m\libstdc++.a(eh_exception.o)
                              e:/elektronik/toolchain/yagarto/bin/../lib/gcc/arm-none-eabi/4.6.2/../../../../arm-none-eabi/lib/thumb/v7m\libstdc++.a(vterminate.o) (typeinfo for std::exception)
e:/elektronik/toolchain/yagarto/bin/../lib/gcc/arm-none-eabi/4.6.2/../../../../arm-none-eabi/lib/thumb/v7m\libstdc++.a(eh_globals.o)
                              e:/elektronik/toolchain/yagarto/bin/../lib/gcc/arm-none-eabi/4.6.2/../../../../arm-none-eabi/lib/thumb/v7m\libstdc++.a(eh_call.o) (__cxa_get_globals_fast)
e:/elektronik/toolchain/yagarto/bin/../lib/gcc/arm-none-eabi/4.6.2/../../../../arm-none-eabi/lib/thumb/v7m\libstdc++.a(eh_personality.o)
                              e:/elektronik/toolchain/yagarto/bin/../lib/gcc/arm-none-eabi/4.6.2/../../../../arm-none-eabi/lib/thumb/v7m\libstdc++.a(eh_terminate.o) (__gxx_personality_v0)
e:/elektronik/toolchain/yagarto/bin/../lib/gcc/arm-none-eabi/4.6.2/../../../../arm-none-eabi/lib/thumb/v7m\libstdc++.a(eh_throw.o)
                              e:/elektronik/toolchain/yagarto/bin/../lib/gcc/arm-none-eabi/4.6.2/../../../../arm-none-eabi/lib/thumb/v7m\libstdc++.a(eh_aux_runtime.o) (__cxa_throw)
[...]
Memory Configuration

Name             Origin             Length             Attributes
FLASH            0x08000000         0x00100000         xr
RAM              0x20000000         0x00020000         xrw
MEMORY_B1        0x60000000         0x00000000         xr
*default*        0x00000000         0xffffffff

Linker script and memory map

LOAD e:/elektronik/toolchain/yagarto/bin/../lib/gcc/arm-none-eabi/4.6.2/thumb/v7m/crti.o
LOAD e:/elektronik/toolchain/yagarto/bin/../lib/gcc/arm-none-eabi/4.6.2/thumb/v7m/crtbegin.o
LOAD e:/elektronik/toolchain/yagarto/bin/../lib/gcc/arm-none-eabi/4.6.2/../../../../arm-none-eabi/lib/thumb/v7m/crt0.o
LOAD ./STM32_USB_OTG_Driver/src/usb_core.o
LOAD ./STM32_USB_OTG_Driver/src/usb_hcd.o
LOAD ./STM32_USB_OTG_Driver/src/usb_hcd_int.o
LOAD ./STM32_USB_HOST_Library/Core/src/usbh_core.o
LOAD ./STM32_USB_HOST_Library/Core/src/usbh_hcs.o
LOAD ./STM32_USB_HOST_Library/Core/src/usbh_ioreq.o
LOAD ./STM32_USB_HOST_Library/Core/src/usbh_stdreq.o
LOAD ./STM32_USB_HOST_Library/Class/MSC/src/usbh_msc_bot.o
LOAD ./STM32_USB_HOST_Library/Class/MSC/src/usbh_msc_core.o
LOAD ./STM32_USB_HOST_Library/Class/MSC/src/usbh_msc_fatfs.o
LOAD ./STM32_USB_HOST_Library/Class/MSC/src/usbh_msc_scsi.o
LOAD ./STM32F4xx_StdPeriph_Driver/src/misc.o
LOAD ./STM32F4xx_StdPeriph_Driver/src/stm32f4xx_adc.o
LOAD ./STM32F4xx_StdPeriph_Driver/src/stm32f4xx_dac.o
LOAD ./STM32F4xx_StdPeriph_Driver/src/stm32f4xx_dbgmcu.o
LOAD ./STM32F4xx_StdPeriph_Driver/src/stm32f4xx_dma.o
LOAD ./STM32F4xx_StdPeriph_Driver/src/stm32f4xx_exti.o
LOAD ./STM32F4xx_StdPeriph_Driver/src/stm32f4xx_flash.o
LOAD ./STM32F4xx_StdPeriph_Driver/src/stm32f4xx_fsmc.o
LOAD ./STM32F4xx_StdPeriph_Driver/src/stm32f4xx_gpio.o
LOAD ./STM32F4xx_StdPeriph_Driver/src/stm32f4xx_i2c.o
LOAD ./STM32F4xx_StdPeriph_Driver/src/stm32f4xx_iwdg.o
LOAD ./STM32F4xx_StdPeriph_Driver/src/stm32f4xx_pwr.o
LOAD ./STM32F4xx_StdPeriph_Driver/src/stm32f4xx_rcc.o
LOAD ./STM32F4xx_StdPeriph_Driver/src/stm32f4xx_rng.o
LOAD ./STM32F4xx_StdPeriph_Driver/src/stm32f4xx_rtc.o
LOAD ./STM32F4xx_StdPeriph_Driver/src/stm32f4xx_sdio.o
LOAD ./STM32F4xx_StdPeriph_Driver/src/stm32f4xx_spi.o
LOAD ./STM32F4xx_StdPeriph_Driver/src/stm32f4xx_syscfg.o
LOAD ./STM32F4xx_StdPeriph_Driver/src/stm32f4xx_tim.o
LOAD ./STM32F4xx_StdPeriph_Driver/src/stm32f4xx_usart.o
LOAD ./STM32F4xx_StdPeriph_Driver/src/stm32f4xx_wwdg.o
LOAD ./STM32F4-Discovery/stm32f4_discovery.o
LOAD ./STM32F4-Discovery/stm32f4_discovery_audio_codec.o
LOAD ./STM32F4-Discovery/stm32f4_discovery_lis302dl.o
LOAD ./Menue/CMenue.o
LOAD ./HelixMP3/real/bitstream.o
LOAD ./HelixMP3/real/buffers.o
LOAD ./HelixMP3/real/dct32.o
LOAD ./HelixMP3/real/dequant.o
LOAD ./HelixMP3/real/dqchan.o
LOAD ./HelixMP3/real/huffman.o
LOAD ./HelixMP3/real/hufftabs.o
LOAD ./HelixMP3/real/imdct.o
LOAD ./HelixMP3/real/polyphase.o
LOAD ./HelixMP3/real/scalfact.o
LOAD ./HelixMP3/real/stproc.o
LOAD ./HelixMP3/real/subband.o
LOAD ./HelixMP3/real/trigtabs.o
LOAD ./HelixMP3/mp3dec.o
LOAD ./HelixMP3/mp3tabs.o
LOAD ./GraphicLCD/CGraphicLCD.o
LOAD ./GraphicLCD/CT6963CDriver.o
LOAD ./GraphicLCD/CT6963GPIOInterface.o
LOAD ./GraphicLCD/SansSerif12.o
LOAD ./GraphicLCD/SansSerif26.o
LOAD ./FreeRTOS_EC/Source/AManagedTask.o
LOAD ./FreeRTOS_EC/Source/ASyncObject.o
LOAD ./FreeRTOS_EC/Source/ATimer.o
LOAD ./FreeRTOS_EC/Source/CBinarySemaphore.o
LOAD ./FreeRTOS_EC/Source/CCountingSemaphore.o
LOAD ./FreeRTOS_EC/Source/CFreeRTOS.o
LOAD ./FreeRTOS_EC/Source/CMessageTask.o
LOAD ./FreeRTOS_EC/Source/CMutex.o
LOAD ./FreeRTOS_EC/Source/CQueue.o
LOAD ./FreeRTOS_EC/Source/CRecursiveMutex.o
LOAD ./FreeRTOS_EC/Source/CTask.o
LOAD ./FreeRTOS/Source/portable/GCC/ARM_CM4F/port.o
LOAD ./FreeRTOS/Source/croutine.o
LOAD ./FreeRTOS/Source/list.o
LOAD ./FreeRTOS/Source/queue.o
LOAD ./FreeRTOS/Source/tasks.o
LOAD ./FreeRTOS/Source/timers.o
LOAD ./Audio_MP3/USB_MSC/usb_bsp.o
LOAD ./Audio_MP3/USB_MSC/usbh_usr.o
LOAD ./Audio_MP3/FatFs/src/option/syscall.o
LOAD ./Audio_MP3/FatFs/src/ff.o
LOAD ./Audio_MP3/CFileHandler.o
LOAD ./Audio_MP3/fattime.o
LOAD ./Audio_MP3/waveplayer.o
LOAD ./CLedHeartBeatSTM32F4Disc.o
LOAD ./main.o
LOAD ./startup_stm32f4xx.o
LOAD ./stm32f4xx_it.o
LOAD ./syscalls.o
LOAD ./system_stm32f4xx.o
LOAD ./ustime.o
LOAD e:/elektronik/toolchain/yagarto/bin/../lib/gcc/arm-none-eabi/4.6.2/../../../../arm-none-eabi/lib/thumb/v7m\libstdc++.a
LOAD e:/elektronik/toolchain/yagarto/bin/../lib/gcc/arm-none-eabi/4.6.2/../../../../arm-none-eabi/lib/thumb/v7m\libm.a
START GROUP
LOAD e:/elektronik/toolchain/yagarto/bin/../lib/gcc/arm-none-eabi/4.6.2/thumb/v7m\libgcc.a
LOAD e:/elektronik/toolchain/yagarto/bin/../lib/gcc/arm-none-eabi/4.6.2/../../../../arm-none-eabi/lib/thumb/v7m\libg.a
LOAD e:/elektronik/toolchain/yagarto/bin/../lib/gcc/arm-none-eabi/4.6.2/../../../../arm-none-eabi/lib/thumb/v7m\libc.a
END GROUP
LOAD e:/elektronik/toolchain/yagarto/bin/../lib/gcc/arm-none-eabi/4.6.2/thumb/v7m/crtend.o
LOAD e:/elektronik/toolchain/yagarto/bin/../lib/gcc/arm-none-eabi/4.6.2/thumb/v7m/crtn.o
                0x20020000                _estack = 0x20020000
                0x00000000                _Min_Heap_Size = 0x0
                0x00000400                _Min_Stack_Size = 0x400

.isr_vector     0x08000000      0x188
                0x08000000                . = ALIGN (0x4)
 *(.isr_vector)
 .isr_vector    0x08000000      0x188 ./startup_stm32f4xx.o
                0x08000000                g_pfnVectors
                0x08000188                . = ALIGN (0x4)

.text           0x08000188    0x22bc4
                0x08000188                . = ALIGN (0x4)
 *(.text)
 .text          0x08000188       0x54 e:/elektronik/toolchain/yagarto/bin/../lib/gcc/arm-none-eabi/4.6.2/thumb/v7m/crtbegin.o
 .text          0x080001dc     0x58f8 e:/elektronik/toolchain/yagarto/bin/../lib/gcc/arm-none-eabi/4.6.2/../../../../arm-none-eabi/lib/thumb/v7m\libstdc++.a(cp-demangle.o)
                0x080059a4                __cxa_demangle
                0x08005a88                __gcclibcxx_demangle_callback
 .text          0x08005ad4      0xa10 e:/elektronik/toolchain/yagarto/bin/../lib/gcc/arm-none-eabi/4.6.2/thumb/v7m\libgcc.a(unwind-arm.o)
                0x08005d90                _Unwind_VRS_Get
                0x08005ddc                _Unwind_VRS_Set
                0x080060f0                __aeabi_unwind_cpp_pr2
                0x080060f4                __aeabi_unwind_cpp_pr1
                0x080060f8                __aeabi_unwind_cpp_pr0
                0x080060fc                _Unwind_VRS_Pop
                0x0800638c                _Unwind_GetCFA
                0x08006390                __gnu_Unwind_RaiseException
                0x080063f0                __gnu_Unwind_ForcedUnwind
                0x08006404                __gnu_Unwind_Resume
                0x08006440                __gnu_Unwind_Resume_or_Rethrow
                0x08006450                _Unwind_Complete
                0x08006454                _Unwind_DeleteException
                0x08006464                __gnu_Unwind_Backtrace
 .text          0x080064e4      0x1ac e:/elektronik/toolchain/yagarto/bin/../lib/gcc/arm-none-eabi/4.6.2/thumb/v7m\libgcc.a(libunwind.o)
                0x080064e4                __restore_core_regs
                0x080064e4                restore_core_regs
                0x080064fc                __gnu_Unwind_Restore_VFP
                0x08006504                __gnu_Unwind_Save_VFP
                0x0800650c                __gnu_Unwind_Restore_VFP_D
                0x08006514                __gnu_Unwind_Save_VFP_D
                0x0800651c                __gnu_Unwind_Restore_VFP_D_16_to_31
                0x08006524                __gnu_Unwind_Save_VFP_D_16_to_31
                0x0800652c                __gnu_Unwind_Restore_WMMXD
                0x08006570                __gnu_Unwind_Save_WMMXD
                0x080065b4                __gnu_Unwind_Restore_WMMXC
                0x080065c8                __gnu_Unwind_Save_WMMXC
                0x080065dc                ___Unwind_RaiseException
                0x080065dc                _Unwind_RaiseException
                0x08006600                _Unwind_Resume
                0x08006600                ___Unwind_Resume
                0x08006624                _Unwind_Resume_or_Rethrow
                0x08006624                ___Unwind_Resume_or_Rethrow
                0x08006648                _Unwind_ForcedUnwind
                0x08006648                ___Unwind_ForcedUnwind
                0x0800666c                ___Unwind_Backtrace
                0x0800666c                _Unwind_Backtrace
 .text          0x08006690      0x3d4 e:/elektronik/toolchain/yagarto/bin/../lib/gcc/arm-none-eabi/4.6.2/thumb/v7m\libgcc.a(pr-support.o)
                0x080066e4                __gnu_unwind_execute
                0x08006a08                __gnu_unwind_frame
                0x08006a34                _Unwind_GetRegionStart
                0x08006a40                _Unwind_GetLanguageSpecificData
                0x08006a54                _Unwind_GetDataRelBase
                0x08006a5c                _Unwind_GetTextRelBase
 .text          0x08006a64       0x10 e:/elektronik/toolchain/yagarto/bin/../lib/gcc/arm-none-eabi/4.6.2/../../../../arm-none-eabi/lib/thumb/v7m\libg.a(lib_a-abort.o)
                0x08006a64                abort
 .text          0x08006a74       0x48 e:/elektronik/toolchain/yagarto/bin/../lib/gcc/arm-none-eabi/4.6.2/../../../../arm-none-eabi/lib/thumb/v7m\libg.a(lib_a-assert.o)
                0x08006a74                __assert_func
                0x08006ab0                __assert
 .text          0x08006abc       0x14 e:/elektronik/toolchain/yagarto/bin/../lib/gcc/arm-none-eabi/4.6.2/../../../../arm-none-eabi/lib/thumb/v7m\libg.a(lib_a-cxa_atexit.o)
                0x08006abc                __cxa_atexit
 .text          0x08006ad0       0x4c e:/elektronik/toolchain/yagarto/bin/../lib/gcc/arm-none-eabi/4.6.2/../../../../arm-none-eabi/lib/thumb/v7m\libg.a(lib_a-fiprintf.o)
                0x08006ad0                _fiprintf_r
                0x08006af0                fiprintf
 .text          0x08006b1c       0x4c e:/elektronik/toolchain/yagarto/bin/../lib/gcc/arm-none-eabi/4.6.2/../../../../arm-none-eabi/lib/thumb/v7m\libg.a(lib_a-fputc.o)
                0x08006b1c                _fputc_r
                0x08006b40                fputc
 .text          0x08006b68       0x60 e:/elektronik/toolchain/yagarto/bin/../lib/gcc/arm-none-eabi/4.6.2/../../../../arm-none-eabi/lib/thumb/v7m\libg.a(lib_a-fputs.o)
                0x08006b68                _fputs_r
                0x08006bb8                fputs
 .text          0x08006bc8      0x334 e:/elektronik/toolchain/yagarto/bin/../lib/gcc/arm-none-eabi/4.6.2/../../../../arm-none-eabi/lib/thumb/v7m\libg.a(lib_a-fvwrite.o)
                0x08006bc8                __sfvwrite_r
 .text          0x08006efc       0x94 e:/elektronik/toolchain/yagarto/bin/../lib/gcc/arm-none-eabi/4.6.2/../../../../arm-none-eabi/lib/thumb/v7m\libg.a(lib_a-fwrite.o)
                0x08006efc                _fwrite_r
                0x08006f68                fwrite
 .text          0x08006f90       0x48 e:/elektronik/toolchain/yagarto/bin/../lib/gcc/arm-none-eabi/4.6.2/../../../../arm-none-eabi/lib/thumb/v7m\libg.a(lib_a-init.o)
                0x08006f90                __libc_init_array
 .text          0x08006fd8       0x20 e:/elektronik/toolchain/yagarto/bin/../lib/gcc/arm-none-eabi/4.6.2/../../../../arm-none-eabi/lib/thumb/v7m\libg.a(lib_a-malloc.o)
                0x08006fd8                malloc
                0x08006fe8                free
 .text          0x08006ff8      0x564 e:/elektronik/toolchain/yagarto/bin/../lib/gcc/arm-none-eabi/4.6.2/../../../../arm-none-eabi/lib/thumb/v7m\libg.a(lib_a-mallocr.o)
                0x08006ff8                _malloc_r
 .text          0x0800755c       0x88 e:/elektronik/toolchain/yagarto/bin/../lib/gcc/arm-none-eabi/4.6.2/../../../../arm-none-eabi/lib/thumb/v7m\libg.a(lib_a-memchr.o)
                0x0800755c                memchr
 .text          0x080075e4       0x60 e:/elektronik/toolchain/yagarto/bin/../lib/gcc/arm-none-eabi/4.6.2/../../../../arm-none-eabi/lib/thumb/v7m\libg.a(lib_a-memcmp.o)
                0x080075e4                memcmp
 .text          0x08007644       0x84 e:/elektronik/toolchain/yagarto/bin/../lib/gcc/arm-none-eabi/4.6.2/../../../../arm-none-eabi/lib/thumb/v7m\libg.a(lib_a-memcpy.o)
                0x08007644                memcpy
 .text          0x080076c8       0xc8 e:/elektronik/toolchain/yagarto/bin/../lib/gcc/arm-none-eabi/4.6.2/../../../../arm-none-eabi/lib/thumb/v7m\libg.a(lib_a-memmove.o)
                0x080076c8                memmove
 .text          0x08007790       0x94 e:/elektronik/toolchain/yagarto/bin/../lib/gcc/arm-none-eabi/4.6.2/../../../../arm-none-eabi/lib/thumb/v7m\libg.a(lib_a-memset.o)
                0x08007790                memset
 .text          0x08007824       0xc8 e:/elektronik/toolchain/yagarto/bin/../lib/gcc/arm-none-eabi/4.6.2/../../../../arm-none-eabi/lib/thumb/v7m\libg.a(lib_a-putc.o)
                0x08007824                _putc_r
                0x08007884                putc
 .text          0x080078ec       0x14 e:/elektronik/toolchain/yagarto/bin/../lib/gcc/arm-none-eabi/4.6.2/../../../../arm-none-eabi/lib/thumb/v7m\libg.a(lib_a-realloc.o)
                0x080078ec                realloc
 .text          0x08007900      0x410 e:/elektronik/toolchain/yagarto/bin/../lib/gcc/arm-none-eabi/4.6.2/../../../../arm-none-eabi/lib/thumb/v7m\libg.a(lib_a-reallocr.o)
                0x08007900                _realloc_r
 .text          0x08007d10      0x158 e:/elektronik/toolchain/yagarto/bin/../lib/gcc/arm-none-eabi/4.6.2/../../../../arm-none-eabi/lib/thumb/v7m\libg.a(lib_a-signal.o)
                0x08007d10                _init_signal_r
                0x08007d44                _signal_r
                0x08007d84                _raise_r
                0x08007ddc                __sigtramp_r
                0x08007e2c                raise
                0x08007e3c                signal
                0x08007e4c                _init_signal
                0x08007e58                __sigtramp
 .text          0x08007e68       0x94 e:/elektronik/toolchain/yagarto/bin/../lib/gcc/arm-none-eabi/4.6.2/../../../../arm-none-eabi/lib/thumb/v7m\libg.a(lib_a-sprintf.o)
                0x08007e68                _sprintf_r
                0x08007eac                sprintf
 .text          0x08007efc      0x1dc e:/elektronik/toolchain/yagarto/bin/../lib/gcc/arm-none-eabi/4.6.2/../../../../arm-none-eabi/lib/thumb/v7m\libg.a(lib_a-strcmp.o)
                0x08007efc                strcmp
 .text          0x080080d8       0xbc e:/elektronik/toolchain/yagarto/bin/../lib/gcc/arm-none-eabi/4.6.2/../../../../arm-none-eabi/lib/thumb/v7m\libg.a(lib_a-strcpy.o)
                0x080080d8                strcpy
 .text          0x08008194       0x60 e:/elektronik/toolchain/yagarto/bin/../lib/gcc/arm-none-eabi/4.6.2/../../../../arm-none-eabi/lib/thumb/v7m\libg.a(lib_a-strlen.o)
                0x08008194                strlen
 .text          0x080081f4       0xa8 e:/elektronik/toolchain/yagarto/bin/../lib/gcc/arm-none-eabi/4.6.2/../../../../arm-none-eabi/lib/thumb/v7m\libg.a(lib_a-strncmp.o)
                0x080081f4                strncmp
 .text          0x0800829c     0x1314 e:/elektronik/toolchain/yagarto/bin/../lib/gcc/arm-none-eabi/4.6.2/../../../../arm-none-eabi/lib/thumb/v7m\libg.a(lib_a-svfprintf.o)
                0x0800829c                _svfprintf_r
 .text          0x080095b0       0x1c e:/elektronik/toolchain/yagarto/bin/../lib/gcc/arm-none-eabi/4.6.2/../../../../arm-none-eabi/lib/thumb/v7m\libg.a(lib_a-syswrite.o)
                0x080095b0                write
 .text          0x080095cc      0xb54 e:/elektronik/toolchain/yagarto/bin/../lib/gcc/arm-none-eabi/4.6.2/../../../../arm-none-eabi/lib/thumb/v7m\libg.a(lib_a-vfiprintf.o)
                0x080095cc                __sprint_r
                0x0800964c                _vfiprintf_r
                0x0800a104                vfiprintf
 .text          0x0800a120       0xc8 e:/elektronik/toolchain/yagarto/bin/../lib/gcc/arm-none-eabi/4.6.2/../../../../arm-none-eabi/lib/thumb/v7m\libg.a(lib_a-wbuf.o)
                0x0800a120                __swbuf_r
                0x0800a1d8                __swbuf
 .text          0x0800a1e8       0xb8 e:/elektronik/toolchain/yagarto/bin/../lib/gcc/arm-none-eabi/4.6.2/../../../../arm-none-eabi/lib/thumb/v7m\libg.a(lib_a-wsetup.o)
                0x0800a1e8                __swsetup_r
 .text          0x0800a2a0       0xb0 e:/elektronik/toolchain/yagarto/bin/../lib/gcc/arm-none-eabi/4.6.2/../../../../arm-none-eabi/lib/thumb/v7m\libg.a(lib_a-__atexit.o)
                0x0800a2a0                __register_exitproc
 .text          0x0800a350     0x1040 e:/elektronik/toolchain/yagarto/bin/../lib/gcc/arm-none-eabi/4.6.2/../../../../arm-none-eabi/lib/thumb/v7m\libg.a(lib_a-dtoa.o)
                0x0800a494                _dtoa_r
 .text          0x0800b390      0x1a4 e:/elektronik/toolchain/yagarto/bin/../lib/gcc/arm-none-eabi/4.6.2/../../../../arm-none-eabi/lib/thumb/v7m\libg.a(lib_a-fflush.o)
                0x0800b390                _fflush_r
                0x0800b514                fflush
 .text          0x0800b534      0x1c4 e:/elektronik/toolchain/yagarto/bin/../lib/gcc/arm-none-eabi/4.6.2/../../../../arm-none-eabi/lib/thumb/v7m\libg.a(lib_a-findfp.o)
                0x0800b53c                _cleanup_r
                0x0800b59c                __sfmoreglue
                0x0800b5c8                _cleanup
                0x0800b5d4                __sinit
                0x0800b61c                __sfp
                0x0800b6b8                __sfp_lock_acquire
                0x0800b6bc                __sfp_lock_release
                0x0800b6c0                __sinit_lock_acquire
                0x0800b6c4                __sinit_lock_release
                0x0800b6c8                __fp_lock_all
                0x0800b6e0                __fp_unlock_all
 .text          0x0800b6f8      0x104 e:/elektronik/toolchain/yagarto/bin/../lib/gcc/arm-none-eabi/4.6.2/../../../../arm-none-eabi/lib/thumb/v7m\libg.a(lib_a-fputwc.o)
                0x0800b6f8                _fputwc_r
                0x0800b7d8                fputwc
 .text          0x0800b7fc      0x224 e:/elektronik/toolchain/yagarto/bin/../lib/gcc/arm-none-eabi/4.6.2/../../../../arm-none-eabi/lib/thumb/v7m\libg.a(lib_a-freer.o)
                0x0800b7fc                _malloc_trim_r
                0x0800b89c                _free_r
 .text          0x0800ba20       0xa0 e:/elektronik/toolchain/yagarto/bin/../lib/gcc/arm-none-eabi/4.6.2/../../../../arm-none-eabi/lib/thumb/v7m\libg.a(lib_a-fwalk.o)
                0x0800ba20                _fwalk
                0x0800ba6c                _fwalk_reent
 .text          0x0800bac0       0x88 e:/elektronik/toolchain/yagarto/bin/../lib/gcc/arm-none-eabi/4.6.2/../../../../arm-none-eabi/lib/thumb/v7m\libg.a(lib_a-locale.o)
                0x0800bac0                _setlocale_r
                0x0800bb04                __locale_charset
                0x0800bb10                __locale_mb_cur_max
                0x0800bb1c                __locale_msgcharset
                0x0800bb24                __locale_cjk_lang
                0x0800bb28                _localeconv_r
                0x0800bb30                setlocale
                0x0800bb40                localeconv
 .text          0x0800bb48       0xe4 e:/elektronik/toolchain/yagarto/bin/../lib/gcc/arm-none-eabi/4.6.2/../../../../arm-none-eabi/lib/thumb/v7m\libg.a(lib_a-makebuf.o)
                0x0800bb48                __smakebuf_r
 .text          0x0800bc2c      0x8c8 e:/elektronik/toolchain/yagarto/bin/../lib/gcc/arm-none-eabi/4.6.2/../../../../arm-none-eabi/lib/thumb/v7m\libg.a(lib_a-mprec.o)
                0x0800bc2c                _Balloc
                0x0800bc78                _Bfree
                0x0800bc8c                __multadd
                0x0800bd10                __s2b
                0x0800bda4                __hi0bits
                0x0800bde0                __lo0bits
                0x0800be3c                __i2b
                0x0800be50                __multiply
                0x0800bf88                __pow5mult
                0x0800c020                __lshift
                0x0800c0e0                __mcmp
                0x0800c120                __mdiff
                0x0800c204                __ulp
                0x0800c248                __b2d
                0x0800c2f4                __d2b
                0x0800c3bc                __ratio
                0x0800c418                _mprec_log10
                0x0800c44c                __copybits
                0x0800c494                __any_on
 .text          0x0800c4f4       0x90 e:/elektronik/toolchain/yagarto/bin/../lib/gcc/arm-none-eabi/4.6.2/../../../../arm-none-eabi/lib/thumb/v7m\libg.a(lib_a-s_fpclassify.o)
                0x0800c4f4                __fpclassifyd
 .text          0x0800c584       0x8c e:/elektronik/toolchain/yagarto/bin/../lib/gcc/arm-none-eabi/4.6.2/../../../../arm-none-eabi/lib/thumb/v7m\libg.a(lib_a-stdio.o)
                0x0800c584                __sread
                0x0800c5a8                __seofread
                0x0800c5ac                __swrite
                0x0800c5e4                __sseek
                0x0800c608                __sclose
 .text          0x0800c610      0xa00 e:/elektronik/toolchain/yagarto/bin/../lib/gcc/arm-none-eabi/4.6.2/../../../../arm-none-eabi/lib/thumb/v7m\libg.a(lib_a-svfiprintf.o)
                0x0800c610                __ssprint_r
                0x0800c728                _svfiprintf_r
 .text          0x0800d010       0xac e:/elektronik/toolchain/yagarto/bin/../lib/gcc/arm-none-eabi/4.6.2/../../../../arm-none-eabi/lib/thumb/v7m\libg.a(lib_a-wcrtomb.o)
                0x0800d010                _wcrtomb_r
                0x0800d05c                wcrtomb
 .text          0x0800d0bc       0x4c e:/elektronik/toolchain/yagarto/bin/../lib/gcc/arm-none-eabi/4.6.2/../../../../arm-none-eabi/lib/thumb/v7m\libg.a(lib_a-wctomb_r.o)
                0x0800d0bc                __ascii_wctomb
                0x0800d0d8                _wctomb_r
 .text          0x0800d108       0x60 e:/elektronik/toolchain/yagarto/bin/../lib/gcc/arm-none-eabi/4.6.2/../../../../arm-none-eabi/lib/thumb/v7m\libg.a(lib_a-callocr.o)
                0x0800d108                _calloc_r
 .text          0x0800d168       0x9c e:/elektronik/toolchain/yagarto/bin/../lib/gcc/arm-none-eabi/4.6.2/../../../../arm-none-eabi/lib/thumb/v7m\libg.a(lib_a-fclose.o)
                0x0800d168                _fclose_r
                0x0800d1f4                fclose
 *fill*         0x0800d204        0x4 00
 .text          0x0800d208      0x278 e:/elektronik/toolchain/yagarto/bin/../lib/gcc/arm-none-eabi/4.6.2/thumb/v7m\libgcc.a(_udivsi3.o)
                0x0800d208                __aeabi_uidiv
                0x0800d208                __udivsi3
                0x0800d464                __aeabi_uidivmod
 .text          0x0800d480        0x4 e:/elektronik/toolchain/yagarto/bin/../lib/gcc/arm-none-eabi/4.6.2/thumb/v7m\libgcc.a(_dvmd_tls.o)
                0x0800d480                __aeabi_idiv0
                0x0800d480                __aeabi_ldiv0
 .text          0x0800d484      0x370 e:/elektronik/toolchain/yagarto/bin/../lib/gcc/arm-none-eabi/4.6.2/thumb/v7m\libgcc.a(_arm_addsubdf3.o)
                0x0800d484                __aeabi_drsub
                0x0800d48c                __aeabi_dsub
                0x0800d48c                __subdf3
                0x0800d490                __aeabi_dadd
                0x0800d490                __adddf3
                0x0800d708                __floatunsidf
                0x0800d708                __aeabi_ui2d
                0x0800d728                __floatsidf
                0x0800d728                __aeabi_i2d
                0x0800d74c                __aeabi_f2d
                0x0800d74c                __extendsfdf2
                0x0800d788                __floatundidf
                0x0800d788                __aeabi_ul2d
                0x0800d798                __floatdidf
                0x0800d798                __aeabi_l2d
 .text          0x0800d7f4      0x424 e:/elektronik/toolchain/yagarto/bin/../lib/gcc/arm-none-eabi/4.6.2/thumb/v7m\libgcc.a(_arm_muldivdf3.o)
                0x0800d7f4                __aeabi_dmul
                0x0800d7f4                __muldf3
                0x0800da48                __divdf3
                0x0800da48                __aeabi_ddiv
 .text          0x0800dc18      0x110 e:/elektronik/toolchain/yagarto/bin/../lib/gcc/arm-none-eabi/4.6.2/thumb/v7m\libgcc.a(_arm_cmpdf2.o)
                0x0800dc18                __gtdf2
                0x0800dc18                __gedf2
                0x0800dc20                __ltdf2
                0x0800dc20                __ledf2
                0x0800dc28                __nedf2
                0x0800dc28                __eqdf2
                0x0800dc28                __cmpdf2
                0x0800dca4                __aeabi_cdrcmple
                0x0800dcb4                __aeabi_cdcmpeq
                0x0800dcb4                __aeabi_cdcmple
                0x0800dcc4                __aeabi_dcmpeq
                0x0800dcd8                __aeabi_dcmplt
                0x0800dcec                __aeabi_dcmple
                0x0800dd00                __aeabi_dcmpge
                0x0800dd14                __aeabi_dcmpgt
 .text          0x0800dd28       0x50 e:/elektronik/toolchain/yagarto/bin/../lib/gcc/arm-none-eabi/4.6.2/thumb/v7m\libgcc.a(_arm_fixdfsi.o)
                0x0800dd28                __aeabi_d2iz
                0x0800dd28                __fixdfsi
 *(.text*)
 .text.USB_OTG_EnableCommonInt
                0x0800dd78       0x44 ./STM32_USB_OTG_Driver/src/usb_core.o
 .text.USB_OTG_CoreReset
                0x0800ddbc       0xa8 ./STM32_USB_OTG_Driver/src/usb_core.o
 .text.USB_OTG_WritePacket
                0x0800de64       0x88 ./STM32_USB_OTG_Driver/src/usb_core.o
                0x0800de64                USB_OTG_WritePacket
 .text.USB_OTG_ReadPacket
                0x0800deec       0x68 ./STM32_USB_OTG_Driver/src/usb_core.o
                0x0800deec                USB_OTG_ReadPacket
 .text.USB_OTG_SelectCore
                0x0800df54      0x1c4 ./STM32_USB_OTG_Driver/src/usb_core.o
                0x0800df54                USB_OTG_SelectCore
 .text.USB_OTG_CoreInit
                0x0800e118      0x200 ./STM32_USB_OTG_Driver/src/usb_core.o
                0x0800e118                USB_OTG_CoreInit
 .text.USB_OTG_EnableGlobalInt
                0x0800e318       0x3c ./STM32_USB_OTG_Driver/src/usb_core.o
                0x0800e318                USB_OTG_EnableGlobalInt
 .text.USB_OTG_DisableGlobalInt
                0x0800e354       0x40 ./STM32_USB_OTG_Driver/src/usb_core.o
                0x0800e354                USB_OTG_DisableGlobalInt
 .text.USB_OTG_FlushTxFifo
                0x0800e394       0x80 ./STM32_USB_OTG_Driver/src/usb_core.o
                0x0800e394                USB_OTG_FlushTxFifo
 .text.USB_OTG_FlushRxFifo
                0x0800e414       0x6c ./STM32_USB_OTG_Driver/src/usb_core.o
                0x0800e414                USB_OTG_FlushRxFifo
 .text.USB_OTG_SetCurrentMode
                0x0800e480       0x64 ./STM32_USB_OTG_Driver/src/usb_core.o
                0x0800e480                USB_OTG_SetCurrentMode
 .text.USB_OTG_GetMode
                0x0800e4e4       0x20 ./STM32_USB_OTG_Driver/src/usb_core.o
                0x0800e4e4                USB_OTG_GetMode
 .text.USB_OTG_IsHostMode
                0x0800e504       0x24 ./STM32_USB_OTG_Driver/src/usb_core.o
                0x0800e504                USB_OTG_IsHostMode
 .text.USB_OTG_ReadCoreItr
                0x0800e528       0x30 ./STM32_USB_OTG_Driver/src/usb_core.o
                0x0800e528                USB_OTG_ReadCoreItr
 .text.USB_OTG_CoreInitHost
                0x0800e558      0x148 ./STM32_USB_OTG_Driver/src/usb_core.o
                0x0800e558                USB_OTG_CoreInitHost
 .text.USB_OTG_IsEvenFrame
                0x0800e6a0       0x28 ./STM32_USB_OTG_Driver/src/usb_core.o
                0x0800e6a0                USB_OTG_IsEvenFrame
 .text.USB_OTG_DriveVbus
                0x0800e6c8       0x80 ./STM32_USB_OTG_Driver/src/usb_core.o
                0x0800e6c8                USB_OTG_DriveVbus
 .text.USB_OTG_EnableHostInt
                0x0800e748       0x8c ./STM32_USB_OTG_Driver/src/usb_core.o
                0x0800e748                USB_OTG_EnableHostInt
 .text.USB_OTG_InitFSLSPClkSel
                0x0800e7d4       0x38 ./STM32_USB_OTG_Driver/src/usb_core.o
                0x0800e7d4                USB_OTG_InitFSLSPClkSel
 .text.USB_OTG_ReadHPRT0
                0x0800e80c       0x40 ./STM32_USB_OTG_Driver/src/usb_core.o
                0x0800e80c                USB_OTG_ReadHPRT0
 .text.USB_OTG_ReadHostAllChannels_intr
                0x0800e84c       0x1c ./STM32_USB_OTG_Driver/src/usb_core.o
                0x0800e84c                USB_OTG_ReadHostAllChannels_intr
 .text.USB_OTG_ResetPort
                0x0800e868       0x54 ./STM32_USB_OTG_Driver/src/usb_core.o
                0x0800e868                USB_OTG_ResetPort
 .text.USB_OTG_HC_Init
                0x0800e8bc      0x2d8 ./STM32_USB_OTG_Driver/src/usb_core.o
                0x0800e8bc                USB_OTG_HC_Init
 .text.USB_OTG_HC_StartXfer
                0x0800eb94      0x310 ./STM32_USB_OTG_Driver/src/usb_core.o
                0x0800eb94                USB_OTG_HC_StartXfer
 .text.USB_OTG_HC_Halt
                0x0800eea4       0xac ./STM32_USB_OTG_Driver/src/usb_core.o
                0x0800eea4                USB_OTG_HC_Halt
 .text.USB_OTG_HC_DoPing
                0x0800ef50       0x88 ./STM32_USB_OTG_Driver/src/usb_core.o
                0x0800ef50                USB_OTG_HC_DoPing
 .text.HCD_Init
                0x0800efd8       0xa8 ./STM32_USB_OTG_Driver/src/usb_hcd.o
                0x0800efd8                HCD_Init
 .text.HCD_GetCurrentSpeed
                0x0800f080       0x28 ./STM32_USB_OTG_Driver/src/usb_hcd.o
                0x0800f080                HCD_GetCurrentSpeed
 .text.HCD_ResetPort
                0x0800f0a8       0x1c ./STM32_USB_OTG_Driver/src/usb_hcd.o
                0x0800f0a8                HCD_ResetPort
 .text.HCD_IsDeviceConnected
                0x0800f0c4       0x1c ./STM32_USB_OTG_Driver/src/usb_hcd.o
                0x0800f0c4                HCD_IsDeviceConnected
 .text.HCD_GetCurrentFrame
                0x0800f0e0       0x24 ./STM32_USB_OTG_Driver/src/usb_hcd.o
                0x0800f0e0                HCD_GetCurrentFrame
 .text.HCD_GetURB_State
                0x0800f104       0x24 ./STM32_USB_OTG_Driver/src/usb_hcd.o
                0x0800f104                HCD_GetURB_State
 .text.HCD_GetXferCnt
                0x0800f128       0x24 ./STM32_USB_OTG_Driver/src/usb_hcd.o
                0x0800f128                HCD_GetXferCnt
 .text.HCD_SubmitRequest
                0x0800f14c       0x44 ./STM32_USB_OTG_Driver/src/usb_hcd.o
                0x0800f14c                HCD_SubmitRequest
 .text.USBH_OTG_ISR_Handler
                0x0800f190      0x114 ./STM32_USB_OTG_Driver/src/usb_hcd_int.o
                0x0800f190                USBH_OTG_ISR_Handler
 .text.USB_OTG_USBH_handle_hc_ISR
                0x0800f2a4       0x9c ./STM32_USB_OTG_Driver/src/usb_hcd_int.o
 .text.USB_OTG_USBH_handle_sof_ISR
                0x0800f340       0x30 ./STM32_USB_OTG_Driver/src/usb_hcd_int.o
 .text.USB_OTG_USBH_handle_Disconnect_ISR
                0x0800f370       0x44 ./STM32_USB_OTG_Driver/src/usb_hcd_int.o
 .text.USB_OTG_USBH_handle_nptxfempty_ISR
                0x0800f3b4      0x1b0 ./STM32_USB_OTG_Driver/src/usb_hcd_int.o
 .text.USB_OTG_USBH_handle_ptxfempty_ISR
                0x0800f564      0x1b0 ./STM32_USB_OTG_Driver/src/usb_hcd_int.o
 .text.USB_OTG_USBH_handle_port_ISR
                0x0800f714      0x180 ./STM32_USB_OTG_Driver/src/usb_hcd_int.o
 .text.USB_OTG_USBH_handle_hc_n_Out_ISR
                0x0800f894      0x560 ./STM32_USB_OTG_Driver/src/usb_hcd_int.o
 .text.USB_OTG_USBH_handle_hc_n_In_ISR
                0x0800fdf4      0x60c ./STM32_USB_OTG_Driver/src/usb_hcd_int.o
 .text.USB_OTG_USBH_handle_rx_qlvl_ISR
                0x08010400      0x1cc ./STM32_USB_OTG_Driver/src/usb_hcd_int.o
 .text.USB_OTG_USBH_handle_IncompletePeriodicXfer_ISR
                0x080105cc       0x54 ./STM32_USB_OTG_Driver/src/usb_hcd_int.o
 .text.USBH_Connect
                0x08010620       0x30 ./STM32_USB_HOST_Library/Core/src/usbh_core.o
                0x08010620                USBH_Connect
 .text.USBH_Disconnect
                0x08010650       0x30 ./STM32_USB_HOST_Library/Core/src/usbh_core.o
                0x08010650                USBH_Disconnect
 .text.USBH_Init
                0x08010680       0x7c ./STM32_USB_HOST_Library/Core/src/usbh_core.o
                0x08010680                USBH_Init
 .text.USBH_DeInit
                0x080106fc       0x74 ./STM32_USB_HOST_Library/Core/src/usbh_core.o
                0x080106fc                USBH_DeInit
 .text.USBH_Process
                0x08010770      0x294 ./STM32_USB_HOST_Library/Core/src/usbh_core.o
                0x08010770                USBH_Process
 .text.USBH_ErrorHandle
                0x08010a04       0x4c ./STM32_USB_HOST_Library/Core/src/usbh_core.o
                0x08010a04                USBH_ErrorHandle
 .text.USBH_HandleEnum
                0x08010a50      0x338 ./STM32_USB_HOST_Library/Core/src/usbh_core.o
 .text.USBH_HandleControl
                0x08010d88      0x3ac ./STM32_USB_HOST_Library/Core/src/usbh_core.o
                0x08010d88                USBH_HandleControl
 .text.USBH_Open_Channel
                0x08011134      0x108 ./STM32_USB_HOST_Library/Core/src/usbh_hcs.o
                0x08011134                USBH_Open_Channel
 .text.USBH_Modify_Channel
                0x0801123c       0x9c ./STM32_USB_HOST_Library/Core/src/usbh_hcs.o
                0x0801123c                USBH_Modify_Channel
 .text.USBH_Alloc_Channel
                0x080112d8       0x4c ./STM32_USB_HOST_Library/Core/src/usbh_hcs.o
                0x080112d8                USBH_Alloc_Channel
 .text.USBH_Free_Channel
                0x08011324       0x4c ./STM32_USB_HOST_Library/Core/src/usbh_hcs.o
                0x08011324                USBH_Free_Channel
 .text.USBH_DeAllocate_AllChannel
                0x08011370       0x44 ./STM32_USB_HOST_Library/Core/src/usbh_hcs.o
                0x08011370                USBH_DeAllocate_AllChannel
 .text.USBH_GetFreeChannel
                0x080113b4       0x54 ./STM32_USB_HOST_Library/Core/src/usbh_hcs.o
 .text.USBH_CtlReq
                0x08011408       0xa8 ./STM32_USB_HOST_Library/Core/src/usbh_ioreq.o
                0x08011408                USBH_CtlReq
 .text.USBH_CtlSendSetup
                0x080114b0       0x7c ./STM32_USB_HOST_Library/Core/src/usbh_ioreq.o
                0x080114b0                USBH_CtlSendSetup
 .text.USBH_CtlSendData
                0x0801152c       0xc4 ./STM32_USB_HOST_Library/Core/src/usbh_ioreq.o
                0x0801152c                USBH_CtlSendData
 .text.USBH_CtlReceiveData
                0x080115f0       0x7c ./STM32_USB_HOST_Library/Core/src/usbh_ioreq.o
                0x080115f0                USBH_CtlReceiveData
 .text.USBH_BulkSendData
                0x0801166c       0xa8 ./STM32_USB_HOST_Library/Core/src/usbh_ioreq.o
                0x0801166c                USBH_BulkSendData
 .text.USBH_BulkReceiveData
                0x08011714       0xa8 ./STM32_USB_HOST_Library/Core/src/usbh_ioreq.o
                0x08011714                USBH_BulkReceiveData
 .text.USBH_SubmitSetupRequest
                0x080117bc       0x44 ./STM32_USB_HOST_Library/Core/src/usbh_ioreq.o
 .text.USBH_Get_DevDesc
                0x08011800       0x5c ./STM32_USB_HOST_Library/Core/src/usbh_stdreq.o
                0x08011800                USBH_Get_DevDesc
 .text.USBH_Get_CfgDesc
                0x0801185c       0x60 ./STM32_USB_HOST_Library/Core/src/usbh_stdreq.o
                0x0801185c                USBH_Get_CfgDesc
 .text.USBH_Get_StringDesc
                0x080118bc       0x5c ./STM32_USB_HOST_Library/Core/src/usbh_stdreq.o
                0x080118bc                USBH_Get_StringDesc
 .text.USBH_GetDescriptor
                0x08011918       0x64 ./STM32_USB_HOST_Library/Core/src/usbh_stdreq.o
                0x08011918                USBH_GetDescriptor
 .text.USBH_SetAddress
                0x0801197c       0x54 ./STM32_USB_HOST_Library/Core/src/usbh_stdreq.o
                0x0801197c                USBH_SetAddress
 .text.USBH_SetCfg
                0x080119d0       0x50 ./STM32_USB_HOST_Library/Core/src/usbh_stdreq.o
                0x080119d0                USBH_SetCfg
 .text.USBH_ClrFeature
                0x08011a20       0x84 ./STM32_USB_HOST_Library/Core/src/usbh_stdreq.o
                0x08011a20                USBH_ClrFeature
 .text.USBH_ParseDevDesc
                0x08011aa4       0xf0 ./STM32_USB_HOST_Library/Core/src/usbh_stdreq.o
 .text.USBH_ParseCfgDesc
                0x08011b94      0x164 ./STM32_USB_HOST_Library/Core/src/usbh_stdreq.o
 .text.USBH_ParseInterfaceDesc
                0x08011cf8       0x5c ./STM32_USB_HOST_Library/Core/src/usbh_stdreq.o
 .text.USBH_ParseEPDesc
                0x08011d54       0x5c ./STM32_USB_HOST_Library/Core/src/usbh_stdreq.o
 .text.USBH_ParseStringDesc
                0x08011db0       0x74 ./STM32_USB_HOST_Library/Core/src/usbh_stdreq.o
 .text.USBH_GetNextDesc
                0x08011e24       0x34 ./STM32_USB_HOST_Library/Core/src/usbh_stdreq.o
 .text.USBH_MSC_Init
                0x08011e58       0x78 ./STM32_USB_HOST_Library/Class/MSC/src/usbh_msc_bot.o
                0x08011e58                USBH_MSC_Init
 .text.USBH_MSC_HandleBOTXfer
                0x08011ed0      0x5e4 ./STM32_USB_HOST_Library/Class/MSC/src/usbh_msc_bot.o
                0x08011ed0                USBH_MSC_HandleBOTXfer
 .text.USBH_MSC_BOT_Abort
                0x080124b4       0xa0 ./STM32_USB_HOST_Library/Class/MSC/src/usbh_msc_bot.o
                0x080124b4                USBH_MSC_BOT_Abort
 .text.USBH_MSC_DecodeCSW
                0x08012554       0xd4 ./STM32_USB_HOST_Library/Class/MSC/src/usbh_msc_bot.o
                0x08012554                USBH_MSC_DecodeCSW
 .text.USBH_MSC_InterfaceInit
                0x08012628      0x180 ./STM32_USB_HOST_Library/Class/MSC/src/usbh_msc_core.o
 .text.USBH_MSC_InterfaceDeInit
                0x080127a8       0x94 ./STM32_USB_HOST_Library/Class/MSC/src/usbh_msc_core.o
 .text.USBH_MSC_ClassRequest
                0x0801283c       0x2c ./STM32_USB_HOST_Library/Class/MSC/src/usbh_msc_core.o
 .text.USBH_MSC_Handle
                0x08012868      0x2f4 ./STM32_USB_HOST_Library/Class/MSC/src/usbh_msc_core.o
 .text.USBH_MSC_BOTReset
                0x08012b5c       0x50 ./STM32_USB_HOST_Library/Class/MSC/src/usbh_msc_core.o
 .text.USBH_MSC_GETMaxLUN
                0x08012bac       0x50 ./STM32_USB_HOST_Library/Class/MSC/src/usbh_msc_core.o
 .text.USBH_MSC_ErrorHandle
                0x08012bfc       0x84 ./STM32_USB_HOST_Library/Class/MSC/src/usbh_msc_core.o
                0x08012bfc                USBH_MSC_ErrorHandle
 .text.disk_initialize
                0x08012c80       0x50 ./STM32_USB_HOST_Library/Class/MSC/src/usbh_msc_fatfs.o
                0x08012c80                disk_initialize
 .text.disk_status
                0x08012cd0       0x30 ./STM32_USB_HOST_Library/Class/MSC/src/usbh_msc_fatfs.o
                0x08012cd0                disk_status
 .text.disk_read
                0x08012d00       0xbc ./STM32_USB_HOST_Library/Class/MSC/src/usbh_msc_fatfs.o
                0x08012d00                disk_read
 .text.disk_write
                0x08012dbc       0xd8 ./STM32_USB_HOST_Library/Class/MSC/src/usbh_msc_fatfs.o
                0x08012dbc                disk_write
 .text.USBH_MSC_TestUnitReady
                0x08012e94      0x17c ./STM32_USB_HOST_Library/Class/MSC/src/usbh_msc_scsi.o
                0x08012e94                USBH_MSC_TestUnitReady
 .text.USBH_MSC_ReadCapacity10
                0x08013010      0x1dc ./STM32_USB_HOST_Library/Class/MSC/src/usbh_msc_scsi.o
                0x08013010                USBH_MSC_ReadCapacity10
 .text.USBH_MSC_ModeSense6
                0x080131ec      0x1b8 ./STM32_USB_HOST_Library/Class/MSC/src/usbh_msc_scsi.o
                0x080131ec                USBH_MSC_ModeSense6
 .text.USBH_MSC_RequestSense
                0x080133a4      0x1e4 ./STM32_USB_HOST_Library/Class/MSC/src/usbh_msc_scsi.o
                0x080133a4                USBH_MSC_RequestSense
 .text.USBH_MSC_Write10
                0x08013588      0x1c4 ./STM32_USB_HOST_Library/Class/MSC/src/usbh_msc_scsi.o
                0x08013588                USBH_MSC_Write10
 .text.USBH_MSC_Read10
                0x0801374c      0x204 ./STM32_USB_HOST_Library/Class/MSC/src/usbh_msc_scsi.o
                0x0801374c                USBH_MSC_Read10
 .text.NVIC_PriorityGroupConfig
                0x08013950       0x28 ./STM32F4xx_StdPeriph_Driver/src/misc.o
                0x08013950                NVIC_PriorityGroupConfig
 .text.NVIC_Init
                0x08013978       0xe4 ./STM32F4xx_StdPeriph_Driver/src/misc.o
                0x08013978                NVIC_Init
 .text.DAC_Init
                0x08013a5c       0x74 ./STM32F4xx_StdPeriph_Driver/src/stm32f4xx_dac.o
                0x08013a5c                DAC_Init
 .text.DAC_Cmd  0x08013ad0       0x68 ./STM32F4xx_StdPeriph_Driver/src/stm32f4xx_dac.o
                0x08013ad0                DAC_Cmd
 .text.DAC_SetChannel1Data
                0x08013b38       0x38 ./STM32F4xx_StdPeriph_Driver/src/stm32f4xx_dac.o
                0x08013b38                DAC_SetChannel1Data
 .text.DMA_DeInit
                0x08013b70      0x244 ./STM32F4xx_StdPeriph_Driver/src/stm32f4xx_dma.o
                0x08013b70                DMA_DeInit
 .text.DMA_Init
                0x08013db4       0xb0 ./STM32F4xx_StdPeriph_Driver/src/stm32f4xx_dma.o
                0x08013db4                DMA_Init
 .text.DMA_Cmd  0x08013e64       0x38 ./STM32F4xx_StdPeriph_Driver/src/stm32f4xx_dma.o
                0x08013e64                DMA_Cmd
 .text.DMA_GetCmdStatus
                0x08013e9c       0x38 ./STM32F4xx_StdPeriph_Driver/src/stm32f4xx_dma.o
                0x08013e9c                DMA_GetCmdStatus
 .text.DMA_GetFlagStatus
                0x08013ed4       0x88 ./STM32F4xx_StdPeriph_Driver/src/stm32f4xx_dma.o
                0x08013ed4                DMA_GetFlagStatus
 .text.DMA_ClearFlag
                0x08013f5c       0x64 ./STM32F4xx_StdPeriph_Driver/src/stm32f4xx_dma.o
                0x08013f5c                DMA_ClearFlag
 .text.DMA_ITConfig
                0x08013fc0       0x78 ./STM32F4xx_StdPeriph_Driver/src/stm32f4xx_dma.o
                0x08013fc0                DMA_ITConfig
 .text.EXTI_Init
                0x08014038      0x144 ./STM32F4xx_StdPeriph_Driver/src/stm32f4xx_exti.o
                0x08014038                EXTI_Init
 .text.EXTI_GetITStatus
                0x0801417c       0x5c ./STM32F4xx_StdPeriph_Driver/src/stm32f4xx_exti.o
                0x0801417c                EXTI_GetITStatus
 .text.EXTI_ClearITPendingBit
                0x080141d8       0x20 ./STM32F4xx_StdPeriph_Driver/src/stm32f4xx_exti.o
                0x080141d8                EXTI_ClearITPendingBit
 .text.GPIO_Init
                0x080141f8      0x154 ./STM32F4xx_StdPeriph_Driver/src/stm32f4xx_gpio.o
                0x080141f8                GPIO_Init
 .text.GPIO_ReadInputData
                0x0801434c       0x1c ./STM32F4xx_StdPeriph_Driver/src/stm32f4xx_gpio.o
                0x0801434c                GPIO_ReadInputData
 .text.GPIO_SetBits
                0x08014368       0x1c ./STM32F4xx_StdPeriph_Driver/src/stm32f4xx_gpio.o
                0x08014368                GPIO_SetBits
 .text.GPIO_ResetBits
                0x08014384       0x1c ./STM32F4xx_StdPeriph_Driver/src/stm32f4xx_gpio.o
                0x08014384                GPIO_ResetBits
 .text.GPIO_WriteBit
                0x080143a0       0x30 ./STM32F4xx_StdPeriph_Driver/src/stm32f4xx_gpio.o
                0x080143a0                GPIO_WriteBit
 .text.GPIO_PinAFConfig
                0x080143d0       0xac ./STM32F4xx_StdPeriph_Driver/src/stm32f4xx_gpio.o
                0x080143d0                GPIO_PinAFConfig
 .text.I2C_DeInit
                0x0801447c       0x88 ./STM32F4xx_StdPeriph_Driver/src/stm32f4xx_i2c.o
                0x0801447c                I2C_DeInit
 .text.I2C_Init
                0x08014504      0x1ac ./STM32F4xx_StdPeriph_Driver/src/stm32f4xx_i2c.o
                0x08014504                I2C_Init
 .text.I2C_Cmd  0x080146b0       0x40 ./STM32F4xx_StdPeriph_Driver/src/stm32f4xx_i2c.o
                0x080146b0                I2C_Cmd
 .text.I2C_GenerateSTART
                0x080146f0       0x40 ./STM32F4xx_StdPeriph_Driver/src/stm32f4xx_i2c.o
                0x080146f0                I2C_GenerateSTART
 .text.I2C_GenerateSTOP
                0x08014730       0x40 ./STM32F4xx_StdPeriph_Driver/src/stm32f4xx_i2c.o
                0x08014730                I2C_GenerateSTOP
 .text.I2C_Send7bitAddress
                0x08014770       0x3c ./STM32F4xx_StdPeriph_Driver/src/stm32f4xx_i2c.o
                0x08014770                I2C_Send7bitAddress
 .text.I2C_AcknowledgeConfig
                0x080147ac       0x40 ./STM32F4xx_StdPeriph_Driver/src/stm32f4xx_i2c.o
                0x080147ac                I2C_AcknowledgeConfig
 .text.I2C_SendData
                0x080147ec       0x20 ./STM32F4xx_StdPeriph_Driver/src/stm32f4xx_i2c.o
                0x080147ec                I2C_SendData
 .text.I2C_ReceiveData
                0x0801480c       0x1c ./STM32F4xx_StdPeriph_Driver/src/stm32f4xx_i2c.o
                0x0801480c                I2C_ReceiveData
 .text.I2C_CheckEvent
                0x08014828       0x70 ./STM32F4xx_StdPeriph_Driver/src/stm32f4xx_i2c.o
                0x08014828                I2C_CheckEvent
 .text.I2C_GetFlagStatus
                0x08014898       0x78 ./STM32F4xx_StdPeriph_Driver/src/stm32f4xx_i2c.o
                0x08014898                I2C_GetFlagStatus
 .text.I2C_ClearFlag
                0x08014910       0x30 ./STM32F4xx_StdPeriph_Driver/src/stm32f4xx_i2c.o
                0x08014910                I2C_ClearFlag
 .text.RCC_GetClocksFreq
                0x08014940      0x1d0 ./STM32F4xx_StdPeriph_Driver/src/stm32f4xx_rcc.o
                0x08014940                RCC_GetClocksFreq
 .text.RCC_AHB1PeriphClockCmd
                0x08014b10       0x58 ./STM32F4xx_StdPeriph_Driver/src/stm32f4xx_rcc.o
                0x08014b10                RCC_AHB1PeriphClockCmd
 .text.RCC_AHB2PeriphClockCmd
                0x08014b68       0x58 ./STM32F4xx_StdPeriph_Driver/src/stm32f4xx_rcc.o
                0x08014b68                RCC_AHB2PeriphClockCmd
 .text.RCC_APB1PeriphClockCmd
                0x08014bc0       0x58 ./STM32F4xx_StdPeriph_Driver/src/stm32f4xx_rcc.o
                0x08014bc0                RCC_APB1PeriphClockCmd
 .text.RCC_APB2PeriphClockCmd
                0x08014c18       0x58 ./STM32F4xx_StdPeriph_Driver/src/stm32f4xx_rcc.o
                0x08014c18                RCC_APB2PeriphClockCmd
 .text.RCC_APB1PeriphResetCmd
                0x08014c70       0x58 ./STM32F4xx_StdPeriph_Driver/src/stm32f4xx_rcc.o
                0x08014c70                RCC_APB1PeriphResetCmd
 .text.RCC_APB2PeriphResetCmd
                0x08014cc8       0x58 ./STM32F4xx_StdPeriph_Driver/src/stm32f4xx_rcc.o
                0x08014cc8                RCC_APB2PeriphResetCmd
 .text.SPI_I2S_DeInit
                0x08014d20       0x88 ./STM32F4xx_StdPeriph_Driver/src/stm32f4xx_spi.o
                0x08014d20                SPI_I2S_DeInit
 .text.SPI_Init
                0x08014da8       0x88 ./STM32F4xx_StdPeriph_Driver/src/stm32f4xx_spi.o
                0x08014da8                SPI_Init
 .text.I2S_Init
                0x08014e30      0x214 ./STM32F4xx_StdPeriph_Driver/src/stm32f4xx_spi.o
                0x08014e30                I2S_Init
 .text.SPI_Cmd  0x08015044       0x40 ./STM32F4xx_StdPeriph_Driver/src/stm32f4xx_spi.o
                0x08015044                SPI_Cmd
 .text.I2S_Cmd  0x08015084       0x40 ./STM32F4xx_StdPeriph_Driver/src/stm32f4xx_spi.o
                0x08015084                I2S_Cmd
 .text.SPI_I2S_ReceiveData
                0x080150c4       0x1c ./STM32F4xx_StdPeriph_Driver/src/stm32f4xx_spi.o
                0x080150c4                SPI_I2S_ReceiveData
 .text.SPI_I2S_SendData
                0x080150e0       0x1c ./STM32F4xx_StdPeriph_Driver/src/stm32f4xx_spi.o
                0x080150e0                SPI_I2S_SendData
 .text.SPI_I2S_DMACmd
                0x080150fc       0x48 ./STM32F4xx_StdPeriph_Driver/src/stm32f4xx_spi.o
                0x080150fc                SPI_I2S_DMACmd
 .text.SPI_I2S_ITConfig
                0x08015144       0x6c ./STM32F4xx_StdPeriph_Driver/src/stm32f4xx_spi.o
                0x08015144                SPI_I2S_ITConfig
 .text.SPI_I2S_GetFlagStatus
                0x080151b0       0x40 ./STM32F4xx_StdPeriph_Driver/src/stm32f4xx_spi.o
                0x080151b0                SPI_I2S_GetFlagStatus
 .text.SYSCFG_EXTILineConfig
                0x080151f0       0xb4 ./STM32F4xx_StdPeriph_Driver/src/stm32f4xx_syscfg.o
                0x080151f0                SYSCFG_EXTILineConfig
 .text.TIM_ITConfig
                0x080152a4       0x48 ./STM32F4xx_StdPeriph_Driver/src/stm32f4xx_tim.o
                0x080152a4                TIM_ITConfig
 .text.STM_EVAL_LEDInit
                0x080152ec       0x6c ./STM32F4-Discovery/stm32f4_discovery.o
                0x080152ec                STM_EVAL_LEDInit
 .text.STM_EVAL_LEDOn
                0x08015358       0x34 ./STM32F4-Discovery/stm32f4_discovery.o
                0x08015358                STM_EVAL_LEDOn
 .text.STM_EVAL_LEDOff
                0x0801538c       0x34 ./STM32F4-Discovery/stm32f4_discovery.o
                0x0801538c                STM_EVAL_LEDOff
 .text.STM_EVAL_LEDToggle
                0x080153c0       0x48 ./STM32F4-Discovery/stm32f4_discovery.o
                0x080153c0                STM_EVAL_LEDToggle
 .text.EVAL_AUDIO_SetAudioInterface
                0x08015408      0x170 ./STM32F4-Discovery/stm32f4_discovery_audio_codec.o
                0x08015408                EVAL_AUDIO_SetAudioInterface
 .text.EVAL_AUDIO_Init
                0x08015578       0x68 ./STM32F4-Discovery/stm32f4_discovery_audio_codec.o
                0x08015578                EVAL_AUDIO_Init
 .text.EVAL_AUDIO_PauseResume
                0x080155e0       0x34 ./STM32F4-Discovery/stm32f4_discovery_audio_codec.o
                0x080155e0                EVAL_AUDIO_PauseResume
 .text.EVAL_AUDIO_Stop
                0x08015614       0x40 ./STM32F4-Discovery/stm32f4_discovery_audio_codec.o
                0x08015614                EVAL_AUDIO_Stop
 .text.Audio_MAL_IRQHandler
                0x08015654      0x180 ./STM32F4-Discovery/stm32f4_discovery_audio_codec.o
 .text.DMA1_Stream7_IRQHandler
                0x080157d4        0xc ./STM32F4-Discovery/stm32f4_discovery_audio_codec.o
                0x080157d4                DMA1_Stream7_IRQHandler
 .text.DMA1_Stream0_IRQHandler
                0x080157e0        0xc ./STM32F4-Discovery/stm32f4_discovery_audio_codec.o
                0x080157e0                DMA1_Stream0_IRQHandler
 .text.SPI3_IRQHandler
                0x080157ec       0x50 ./STM32F4-Discovery/stm32f4_discovery_audio_codec.o
                0x080157ec                SPI3_IRQHandler
 .text.Codec_Init
                0x0801583c      0x1a8 ./STM32F4-Discovery/stm32f4_discovery_audio_codec.o
 .text.Codec_PauseResume
                0x080159e4       0x88 ./STM32F4-Discovery/stm32f4_discovery_audio_codec.o
 .text.Codec_Stop
                0x08015a6c       0x70 ./STM32F4-Discovery/stm32f4_discovery_audio_codec.o
 .text.Codec_VolumeCtrl
                0x08015adc       0x8c ./STM32F4-Discovery/stm32f4_discovery_audio_codec.o
 .text.Codec_Mute
                0x08015b68       0x54 ./STM32F4-Discovery/stm32f4_discovery_audio_codec.o
 .text.Codec_Reset
                0x08015bbc       0x38 ./STM32F4-Discovery/stm32f4_discovery_audio_codec.o
 .text.Codec_WriteRegister
                0x08015bf4      0x23c ./STM32F4-Discovery/stm32f4_discovery_audio_codec.o
 .text.Codec_ReadRegister
                0x08015e30      0x388 ./STM32F4-Discovery/stm32f4_discovery_audio_codec.o
 .text.Codec_CtrlInterface_Init
                0x080161b8       0x70 ./STM32F4-Discovery/stm32f4_discovery_audio_codec.o
 .text.Codec_AudioInterface_Init
                0x08016228       0xa4 ./STM32F4-Discovery/stm32f4_discovery_audio_codec.o
 .text.Codec_GPIO_Init
                0x080162cc      0x1ac ./STM32F4-Discovery/stm32f4_discovery_audio_codec.o
 .text.Delay    0x08016478       0x24 ./STM32F4-Discovery/stm32f4_discovery_audio_codec.o
 .text.Audio_MAL_Init
                0x0801649c      0x1ec ./STM32F4-Discovery/stm32f4_discovery_audio_codec.o
 .text.Audio_MAL_Play
                0x08016688       0xd4 ./STM32F4-Discovery/stm32f4_discovery_audio_codec.o
                0x08016688                Audio_MAL_Play
 .text.Audio_MAL_PauseResume
                0x0801675c       0x90 ./STM32F4-Discovery/stm32f4_discovery_audio_codec.o
 .text.Audio_MAL_Stop
                0x080167ec       0x6c ./STM32F4-Discovery/stm32f4_discovery_audio_codec.o
 .text.DAC_Config
                0x08016858       0x78 ./STM32F4-Discovery/stm32f4_discovery_audio_codec.o
                0x08016858                DAC_Config
 .text.LIS302DL_Init
                0x080168d0       0x54 ./STM32F4-Discovery/stm32f4_discovery_lis302dl.o
                0x080168d0                LIS302DL_Init
 .text.LIS302DL_InterruptConfig
                0x08016924       0x50 ./STM32F4-Discovery/stm32f4_discovery_lis302dl.o
                0x08016924                LIS302DL_InterruptConfig
 .text.LIS302DL_Write
                0x08016974       0x70 ./STM32F4-Discovery/stm32f4_discovery_lis302dl.o
                0x08016974                LIS302DL_Write
 .text.LIS302DL_Read
                0x080169e4       0x80 ./STM32F4-Discovery/stm32f4_discovery_lis302dl.o
                0x080169e4                LIS302DL_Read
 .text.LIS302DL_LowLevel_Init
                0x08016a64      0x1cc ./STM32F4-Discovery/stm32f4_discovery_lis302dl.o
 .text.LIS302DL_SendByte
                0x08016c30       0xe4 ./STM32F4-Discovery/stm32f4_discovery_lis302dl.o
 .text._ZNK5CTask7IsValidEv
                0x08016d14       0x24 ./Menue/CMenue.o
                0x08016d14                CTask::IsValid() const
 .text._ZN5CTask6DetachEv
                0x08016d38       0x24 ./Menue/CMenue.o
                0x08016d38                CTask::Detach()
 .text._ZN12AManagedTask8OnCreateEPKctm
                0x08016d5c       0x20 ./Menue/CMenue.o
                0x08016d5c                AManagedTask::OnCreate(char const*, unsigned short, unsigned long)
 .text._ZN6CMenueC2EP11CGraphicLCD
                0x08016d7c       0x30 ./Menue/CMenue.o
                0x08016d7c                CMenue::CMenue(CGraphicLCD*)
                0x08016d7c                CMenue::CMenue(CGraphicLCD*)
 .text._ZN6CMenueD2Ev
                0x08016dac       0x38 ./Menue/CMenue.o
                0x08016dac                CMenue::~CMenue()
                0x08016dac                CMenue::~CMenue()
 .text._ZN6CMenueD0Ev
                0x08016de4       0x20 ./Menue/CMenue.o
                0x08016de4                CMenue::~CMenue()
 .text._ZN6CMenue12HardwareInitEv
                0x08016e04       0x18 ./Menue/CMenue.o
                0x08016e04                CMenue::HardwareInit()
 .text._ZN6CMenue3RunEv
                0x08016e1c      0x1fc ./Menue/CMenue.o
                0x08016e1c                CMenue::Run()
 .text.ClearBuffer
                0x08017018       0x3c ./HelixMP3/real/buffers.o
                0x08017018                ClearBuffer
 .text.xmp3_AllocateBuffers
                0x08017054      0x11c ./HelixMP3/real/buffers.o
                0x08017054                xmp3_AllocateBuffers
 .text.MP3InitDecoder
                0x08017170       0x1c ./HelixMP3/mp3dec.o
                0x08017170                MP3InitDecoder
 .text._ZN11CGraphicLCDC2Ev
                0x0801718c       0x28 ./GraphicLCD/CGraphicLCD.o
                0x0801718c                CGraphicLCD::CGraphicLCD()
                0x0801718c                CGraphicLCD::CGraphicLCD()
 .text._ZN11CGraphicLCDD2Ev
                0x080171b4       0x34 ./GraphicLCD/CGraphicLCD.o
                0x080171b4                CGraphicLCD::~CGraphicLCD()
                0x080171b4                CGraphicLCD::~CGraphicLCD()
 .text._ZN11CGraphicLCDD0Ev
                0x080171e8       0x20 ./GraphicLCD/CGraphicLCD.o
                0x080171e8                CGraphicLCD::~CGraphicLCD()
 .text._ZN11CGraphicLCD7InverseEv
                0x08017208       0x18 ./GraphicLCD/CGraphicLCD.o
                0x08017208                CGraphicLCD::Inverse()
 .text._ZN11CGraphicLCD7InverseEb
                0x08017220       0x1c ./GraphicLCD/CGraphicLCD.o
                0x08017220                CGraphicLCD::Inverse(bool)
 .text._ZN13CT6963CDriverC2Ev
                0x0801723c       0x28 ./GraphicLCD/CT6963CDriver.o
                0x0801723c                CT6963CDriver::CT6963CDriver()
                0x0801723c                CT6963CDriver::CT6963CDriver()
 .text._ZN13CT6963CDriverD2Ev
                0x08017264       0x38 ./GraphicLCD/CT6963CDriver.o
                0x08017264                CT6963CDriver::~CT6963CDriver()
                0x08017264                CT6963CDriver::~CT6963CDriver()
 .text._ZN13CT6963CDriverD0Ev
                0x0801729c       0x20 ./GraphicLCD/CT6963CDriver.o
                0x0801729c                CT6963CDriver::~CT6963CDriver()
 .text._ZN13CT6963CDriver4InitEv
                0x080172bc      0x160 ./GraphicLCD/CT6963CDriver.o
                0x080172bc                CT6963CDriver::Init()
 .text._ZN13CT6963CDriver17SetAddressPointerEj
                0x0801741c       0x58 ./GraphicLCD/CT6963CDriver.o
                0x0801741c                CT6963CDriver::SetAddressPointer(unsigned int)
 .text._ZN13CT6963CDriver8TextGoToEhh
                0x08017474       0x34 ./GraphicLCD/CT6963CDriver.o
                0x08017474                CT6963CDriver::TextGoTo(unsigned char, unsigned char)
 .text._ZN13CT6963CDriver11GraphicGoToEhh
                0x080174a8       0x40 ./GraphicLCD/CT6963CDriver.o
                0x080174a8                CT6963CDriver::GraphicGoTo(unsigned char, unsigned char)
 .text._ZN13CT6963CDriver5ClearEv
                0x080174e8       0x9c ./GraphicLCD/CT6963CDriver.o
                0x080174e8                CT6963CDriver::Clear()
 .text._ZN13CT6963CDriver16WriteDisplayDataEh
                0x08017584       0x38 ./GraphicLCD/CT6963CDriver.o
                0x08017584                CT6963CDriver::WriteDisplayData(unsigned char)
 .text._ZN13CT6963CDriver9WriteCharEc
                0x080175bc       0x24 ./GraphicLCD/CT6963CDriver.o
                0x080175bc                CT6963CDriver::WriteChar(char)
 .text._ZN13CT6963CDriver11WriteStringEPKcRK5tFontjj
                0x080175e0      0x19c ./GraphicLCD/CT6963CDriver.o
                0x080175e0                CT6963CDriver::WriteString(char const*, tFont const&, unsigned int, unsigned int)
 .text._ZN13CT6963CDriver8SetPixelEhh
                0x0801777c       0x88 ./GraphicLCD/CT6963CDriver.o
                0x0801777c                CT6963CDriver::SetPixel(unsigned char, unsigned char)
 .text._ZN13CT6963CDriver4LineEjjjj
                0x08017804      0x150 ./GraphicLCD/CT6963CDriver.o
                0x08017804                CT6963CDriver::Line(unsigned int, unsigned int, unsigned int, unsigned int)
 .text._ZN13CT6963CDriver6WindowEjjjj
                0x08017954      0x348 ./GraphicLCD/CT6963CDriver.o
                0x08017954                CT6963CDriver::Window(unsigned int, unsigned int, unsigned int, unsigned int)
 .text._ZN13CT6963CDriver9RectangleEjjjjb
                0x08017c9c      0x144 ./GraphicLCD/CT6963CDriver.o
                0x08017c9c                CT6963CDriver::Rectangle(unsigned int, unsigned int, unsigned int, unsigned int, bool)
 .text._ZN13CT6963CDriver11SectorClearEjjjj
                0x08017de0       0x60 ./GraphicLCD/CT6963CDriver.o
                0x08017de0                CT6963CDriver::SectorClear(unsigned int, unsigned int, unsigned int, unsigned int)
 .text._ZN13CT6963CDriver6CircleEhhh
                0x08017e40      0x184 ./GraphicLCD/CT6963CDriver.o
                0x08017e40                CT6963CDriver::Circle(unsigned char, unsigned char, unsigned char)
 .text._ZN13CT6963CDriver6BitmapEPhhhhh
                0x08017fc4       0xd4 ./GraphicLCD/CT6963CDriver.o
                0x08017fc4                CT6963CDriver::Bitmap(unsigned char*, unsigned char, unsigned char, unsigned char, unsigned char)
 .text._ZN21CT6963_GPIO_InterfaceC2Ev
                0x08018098       0x28 ./GraphicLCD/CT6963GPIOInterface.o
                0x08018098                CT6963_GPIO_Interface::CT6963_GPIO_Interface()
                0x08018098                CT6963_GPIO_Interface::CT6963_GPIO_Interface()
 .text._ZN21CT6963_GPIO_InterfaceD2Ev
                0x080180c0       0x38 ./GraphicLCD/CT6963GPIOInterface.o
                0x080180c0                CT6963_GPIO_Interface::~CT6963_GPIO_Interface()
                0x080180c0                CT6963_GPIO_Interface::~CT6963_GPIO_Interface()
 .text._ZN21CT6963_GPIO_InterfaceD0Ev
                0x080180f8       0x20 ./GraphicLCD/CT6963GPIOInterface.o
                0x080180f8                CT6963_GPIO_Interface::~CT6963_GPIO_Interface()
 .text._Z11CheckStatusv
                0x08018118       0xbc ./GraphicLCD/CT6963GPIOInterface.o
                0x08018118                CheckStatus()
 .text._ZN21CT6963_GPIO_Interface12HardwareInitEv
                0x080181d4       0xc0 ./GraphicLCD/CT6963GPIOInterface.o
                0x080181d4                CT6963_GPIO_Interface::HardwareInit()
 .text._ZN21CT6963_GPIO_Interface5ResetEv
                0x08018294       0x38 ./GraphicLCD/CT6963GPIOInterface.o
                0x08018294                CT6963_GPIO_Interface::Reset()
 .text._ZN21CT6963_GPIO_Interface12WriteCommandEh
                0x080182cc       0xac ./GraphicLCD/CT6963GPIOInterface.o
                0x080182cc                CT6963_GPIO_Interface::WriteCommand(unsigned char)
 .text._ZN21CT6963_GPIO_Interface9WriteDataEh
                0x08018378       0xcc ./GraphicLCD/CT6963GPIOInterface.o
                0x08018378                CT6963_GPIO_Interface::WriteData(unsigned char)
 .text._ZN21CT6963_GPIO_Interface8ReadDataEv
                0x08018444       0xe4 ./GraphicLCD/CT6963GPIOInterface.o
                0x08018444                CT6963_GPIO_Interface::ReadData()
 .text._ZN5CTask13EnterCriticalEv
                0x08018528        0xc ./FreeRTOS_EC/Source/AManagedTask.o
                0x08018528                CTask::EnterCritical()
 .text._ZN5CTask12ExitCriticalEv
                0x08018534        0xc ./FreeRTOS_EC/Source/AManagedTask.o
                0x08018534                CTask::ExitCritical()
 .text._ZN12AManagedTask12HardwareInitEv
                0x08018540       0x18 ./FreeRTOS_EC/Source/AManagedTask.o
                0x08018540                AManagedTask::HardwareInit()
 .text._ZN9CFreeRTOS15SuspendAllTasksEv
                0x08018558        0xc ./FreeRTOS_EC/Source/AManagedTask.o
                0x08018558                CFreeRTOS::SuspendAllTasks()
 .text._ZN9CFreeRTOS14ResumeAllTasksEv
                0x08018564       0x10 ./FreeRTOS_EC/Source/AManagedTask.o
                0x08018564                CFreeRTOS::ResumeAllTasks()
 .text._ZN12AManagedTaskC2Ev
                0x08018574       0x38 ./FreeRTOS_EC/Source/AManagedTask.o
                0x08018574                AManagedTask::AManagedTask()
                0x08018574                AManagedTask::AManagedTask()
 .text._ZN12AManagedTaskD2Ev
                0x080185ac       0x40 ./FreeRTOS_EC/Source/AManagedTask.o
                0x080185ac                AManagedTask::~AManagedTask()
                0x080185ac                AManagedTask::~AManagedTask()
 .text._ZN12AManagedTaskD0Ev
                0x080185ec       0x20 ./FreeRTOS_EC/Source/AManagedTask.o
                0x080185ec                AManagedTask::~AManagedTask()
 .text._ZN12AManagedTask16AddToManagedTaskEPS_
                0x0801860c       0x50 ./FreeRTOS_EC/Source/AManagedTask.o
                0x0801860c                AManagedTask::AddToManagedTask(AManagedTask*)
 .text._ZN12AManagedTask21RemoveFromManagedTaskEPS_
                0x0801865c       0x88 ./FreeRTOS_EC/Source/AManagedTask.o
                0x0801865c                AManagedTask::RemoveFromManagedTask(AManagedTask*)
 .text._ZN12IFreeRTOSObjC2Ev
                0x080186e4       0x20 ./FreeRTOS_EC/Source/ASyncObject.o
                0x080186e4                IFreeRTOSObj::IFreeRTOSObj()
                0x080186e4                IFreeRTOSObj::IFreeRTOSObj()
 .text._ZN5CTaskC2Ev
                0x08018704       0x30 ./FreeRTOS_EC/Source/CTask.o
                0x08018704                CTask::CTask()
                0x08018704                CTask::CTask()
 .text._ZN5CTaskD2Ev
                0x08018734       0x44 ./FreeRTOS_EC/Source/CTask.o
                0x08018734                CTask::~CTask()
                0x08018734                CTask::~CTask()
 .text._ZN5CTaskD0Ev
                0x08018778       0x20 ./FreeRTOS_EC/Source/CTask.o
                0x08018778                CTask::~CTask()
 .text._ZN5CTask6AttachEPv
                0x08018798       0x54 ./FreeRTOS_EC/Source/CTask.o
                0x08018798                CTask::Attach(void*)
 .text._ZN5CTask6DeleteEv
                0x080187ec       0x2c ./FreeRTOS_EC/Source/CTask.o
                0x080187ec                CTask::Delete()
 .text.SVC_Handler
                0x08018818       0x20 ./FreeRTOS/Source/portable/GCC/ARM_CM4F/port.o
                0x08018818                SVC_Handler
 .text.vPortYieldFromISR
                0x08018838       0x18 ./FreeRTOS/Source/portable/GCC/ARM_CM4F/port.o
                0x08018838                vPortYieldFromISR
 .text.vPortEnterCritical
                0x08018850       0x2c ./FreeRTOS/Source/portable/GCC/ARM_CM4F/port.o
                0x08018850                vPortEnterCritical
 .text.vPortExitCritical
                0x0801887c       0x38 ./FreeRTOS/Source/portable/GCC/ARM_CM4F/port.o
                0x0801887c                vPortExitCritical
 .text.PendSV_Handler
                0x080188b4       0x58 ./FreeRTOS/Source/portable/GCC/ARM_CM4F/port.o
                0x080188b4                PendSV_Handler
 .text.SysTick_Handler
                0x0801890c       0x38 ./FreeRTOS/Source/portable/GCC/ARM_CM4F/port.o
                0x0801890c                SysTick_Handler
 .text.vListInsertEnd
                0x08018944       0x54 ./FreeRTOS/Source/list.o
                0x08018944                vListInsertEnd
 .text.vListInsert
                0x08018998       0x78 ./FreeRTOS/Source/list.o
                0x08018998                vListInsert
 .text.vListRemove
                0x08018a10       0x54 ./FreeRTOS/Source/list.o
                0x08018a10                vListRemove
 .text.vTaskDelete
                0x08018a64       0xc0 ./FreeRTOS/Source/tasks.o
                0x08018a64                vTaskDelete
 .text.vTaskDelay
                0x08018b24       0x5c ./FreeRTOS/Source/tasks.o
                0x08018b24                vTaskDelay
 .text.vTaskSuspendAll
                0x08018b80       0x24 ./FreeRTOS/Source/tasks.o
                0x08018b80                vTaskSuspendAll
 .text.xTaskResumeAll
                0x08018ba4      0x154 ./FreeRTOS/Source/tasks.o
                0x08018ba4                xTaskResumeAll
 .text.vTaskIncrementTick
                0x08018cf8      0x1b8 ./FreeRTOS/Source/tasks.o
                0x08018cf8                vTaskIncrementTick
 .text.vTaskSwitchContext
                0x08018eb0      0x140 ./FreeRTOS/Source/tasks.o
                0x08018eb0                vTaskSwitchContext
 .text.prvAddCurrentTaskToDelayedList
                0x08018ff0       0x8c ./FreeRTOS/Source/tasks.o
 .text.USB_OTG_BSP_Init
                0x0801907c       0xe0 ./Audio_MP3/USB_MSC/usb_bsp.o
                0x0801907c                USB_OTG_BSP_Init
 .text.USB_OTG_BSP_EnableInterrupt
                0x0801915c       0x5c ./Audio_MP3/USB_MSC/usb_bsp.o
                0x0801915c                USB_OTG_BSP_EnableInterrupt
 .text.USB_OTG_BSP_DriveVBUS
                0x080191b8       0x3c ./Audio_MP3/USB_MSC/usb_bsp.o
                0x080191b8                USB_OTG_BSP_DriveVBUS
 .text.USB_OTG_BSP_ConfigVBUS
                0x080191f4       0x64 ./Audio_MP3/USB_MSC/usb_bsp.o
                0x080191f4                USB_OTG_BSP_ConfigVBUS
 .text.USB_OTG_BSP_uDelay
                0x08019258       0x58 ./Audio_MP3/USB_MSC/usb_bsp.o
                0x08019258                USB_OTG_BSP_uDelay
 .text.USB_OTG_BSP_mDelay
                0x080192b0       0x20 ./Audio_MP3/USB_MSC/usb_bsp.o
                0x080192b0                USB_OTG_BSP_mDelay
 .text.USBH_USR_Init
                0x080192d0        0xc ./Audio_MP3/USB_MSC/usbh_usr.o
                0x080192d0                USBH_USR_Init
 .text.USBH_USR_DeviceAttached
                0x080192dc       0x18 ./Audio_MP3/USB_MSC/usbh_usr.o
                0x080192dc                USBH_USR_DeviceAttached
 .text.USBH_USR_UnrecoveredError
                0x080192f4        0xc ./Audio_MP3/USB_MSC/usbh_usr.o
                0x080192f4                USBH_USR_UnrecoveredError
 .text.USBH_USR_DeviceDisconnected
                0x08019300       0x48 ./Audio_MP3/USB_MSC/usbh_usr.o
                0x08019300                USBH_USR_DeviceDisconnected
 .text.USBH_USR_ResetDevice
                0x08019348        0xc ./Audio_MP3/USB_MSC/usbh_usr.o
                0x08019348                USBH_USR_ResetDevice
 .text.USBH_USR_DeviceSpeedDetected
                0x08019354       0x14 ./Audio_MP3/USB_MSC/usbh_usr.o
                0x08019354                USBH_USR_DeviceSpeedDetected
 .text.USBH_USR_Device_DescAvailable
                0x08019368       0x14 ./Audio_MP3/USB_MSC/usbh_usr.o
                0x08019368                USBH_USR_Device_DescAvailable
 .text.USBH_USR_DeviceAddressAssigned
                0x0801937c        0xc ./Audio_MP3/USB_MSC/usbh_usr.o
                0x0801937c                USBH_USR_DeviceAddressAssigned
 .text.USBH_USR_Configuration_DescAvailable
                0x08019388       0x18 ./Audio_MP3/USB_MSC/usbh_usr.o
                0x08019388                USBH_USR_Configuration_DescAvailable
 .text.USBH_USR_Manufacturer_String
                0x080193a0       0x14 ./Audio_MP3/USB_MSC/usbh_usr.o
                0x080193a0                USBH_USR_Manufacturer_String
 .text.USBH_USR_Product_String
                0x080193b4       0x14 ./Audio_MP3/USB_MSC/usbh_usr.o
                0x080193b4                USBH_USR_Product_String
 .text.USBH_USR_SerialNum_String
                0x080193c8       0x14 ./Audio_MP3/USB_MSC/usbh_usr.o
                0x080193c8                USBH_USR_SerialNum_String
 .text.USBH_USR_EnumerationDone
                0x080193dc       0x14 ./Audio_MP3/USB_MSC/usbh_usr.o
                0x080193dc                USBH_USR_EnumerationDone
 .text.USBH_USR_DeviceNotSupported
                0x080193f0        0xc ./Audio_MP3/USB_MSC/usbh_usr.o
                0x080193f0                USBH_USR_DeviceNotSupported
 .text.USBH_USR_UserInput
                0x080193fc       0x10 ./Audio_MP3/USB_MSC/usbh_usr.o
                0x080193fc                USBH_USR_UserInput
 .text.USBH_USR_OverCurrentDetected
                0x0801940c        0xc ./Audio_MP3/USB_MSC/usbh_usr.o
                0x0801940c                USBH_USR_OverCurrentDetected
 .text.USBH_USR_MSC_Application
                0x08019418       0x7c ./Audio_MP3/USB_MSC/usbh_usr.o
                0x08019418                USBH_USR_MSC_Application
 .text.COMMAND_AudioExecuteApplication
                0x08019494       0x20 ./Audio_MP3/USB_MSC/usbh_usr.o
                0x08019494                COMMAND_AudioExecuteApplication
 .text.USBH_USR_DeInit
                0x080194b4       0x18 ./Audio_MP3/USB_MSC/usbh_usr.o
                0x080194b4                USBH_USR_DeInit
 .text.mem_cpy  0x080194cc       0x50 ./Audio_MP3/FatFs/src/ff.o
 .text.mem_set  0x0801951c       0x44 ./Audio_MP3/FatFs/src/ff.o
 .text.mem_cmp  0x08019560       0x70 ./Audio_MP3/FatFs/src/ff.o
 .text.chk_chr  0x080195d0       0x38 ./Audio_MP3/FatFs/src/ff.o
 .text.move_window
                0x08019608       0xd4 ./Audio_MP3/FatFs/src/ff.o
 .text.get_fat  0x080196dc      0x1f4 ./Audio_MP3/FatFs/src/ff.o
 .text.put_fat  0x080198d0      0x274 ./Audio_MP3/FatFs/src/ff.o
 .text.remove_chain
                0x08019b44       0xb0 ./Audio_MP3/FatFs/src/ff.o
 .text.create_chain
                0x08019bf4      0x120 ./Audio_MP3/FatFs/src/ff.o
 .text.clust2sect
                0x08019d14       0x44 ./Audio_MP3/FatFs/src/ff.o
 .text.dir_seek
                0x08019d58      0x118 ./Audio_MP3/FatFs/src/ff.o
 .text.dir_next
                0x08019e70      0x1e4 ./Audio_MP3/FatFs/src/ff.o
 .text.dir_find
                0x0801a054       0xa4 ./Audio_MP3/FatFs/src/ff.o
 .text.dir_register
                0x0801a0f8       0xd4 ./Audio_MP3/FatFs/src/ff.o
 .text.create_name
                0x0801a1cc      0x210 ./Audio_MP3/FatFs/src/ff.o
 .text.follow_path
                0x0801a3dc      0x11c ./Audio_MP3/FatFs/src/ff.o
 .text.check_fs
                0x0801a4f8       0xbc ./Audio_MP3/FatFs/src/ff.o
 .text.auto_mount
                0x0801a5b4      0x520 ./Audio_MP3/FatFs/src/ff.o
 .text.validate
                0x0801aad4       0x54 ./Audio_MP3/FatFs/src/ff.o
 .text.f_mount  0x0801ab28       0x64 ./Audio_MP3/FatFs/src/ff.o
                0x0801ab28                f_mount
 .text.f_open   0x0801ab8c      0x364 ./Audio_MP3/FatFs/src/ff.o
                0x0801ab8c                f_open
 .text.f_read   0x0801aef0      0x314 ./Audio_MP3/FatFs/src/ff.o
                0x0801aef0                f_read
 .text.f_lseek  0x0801b204      0x30c ./Audio_MP3/FatFs/src/ff.o
                0x0801b204                f_lseek
 .text.f_opendir
                0x0801b510       0xdc ./Audio_MP3/FatFs/src/ff.o
                0x0801b510                f_opendir
 .text._ZN12CFileHandlerC2Ev
                0x0801b5ec       0x30 ./Audio_MP3/CFileHandler.o
                0x0801b5ec                CFileHandler::CFileHandler()
                0x0801b5ec                CFileHandler::CFileHandler()
 .text._ZN12CFileHandlerD2Ev
                0x0801b61c       0x38 ./Audio_MP3/CFileHandler.o
                0x0801b61c                CFileHandler::~CFileHandler()
                0x0801b61c                CFileHandler::~CFileHandler()
 .text._ZN12CFileHandlerD0Ev
                0x0801b654       0x20 ./Audio_MP3/CFileHandler.o
                0x0801b654                CFileHandler::~CFileHandler()
 .text._ZN12CFileHandler12HardwareInitEv
                0x0801b674       0x18 ./Audio_MP3/CFileHandler.o
                0x0801b674                CFileHandler::HardwareInit()
 .text._ZN12CFileHandler3RunEv
                0x0801b68c       0x48 ./Audio_MP3/CFileHandler.o
                0x0801b68c                CFileHandler::Run()
 .text.get_fattime
                0x0801b6d4       0x10 ./Audio_MP3/fattime.o
                0x0801b6d4                get_fattime
 .text.WavePlayBack
                0x0801b6e4      0x2a0 ./Audio_MP3/waveplayer.o
                0x0801b6e4                WavePlayBack
 .text.WavePlayerPauseResume
                0x0801b984       0x1c ./Audio_MP3/waveplayer.o
                0x0801b984                WavePlayerPauseResume
 .text.WavePlayerStop
                0x0801b9a0       0x10 ./Audio_MP3/waveplayer.o
                0x0801b9a0                WavePlayerStop
 .text.WavePlayerInit
                0x0801b9b0       0x40 ./Audio_MP3/waveplayer.o
                0x0801b9b0                WavePlayerInit
 .text.LIS302DL_TIMEOUT_UserCallback
                0x0801b9f0        0x8 ./Audio_MP3/waveplayer.o
                0x0801b9f0                LIS302DL_TIMEOUT_UserCallback
 .text.EVAL_AUDIO_TransferComplete_CallBack
                0x0801b9f8       0x68 ./Audio_MP3/waveplayer.o
                0x0801b9f8                EVAL_AUDIO_TransferComplete_CallBack
 .text.EVAL_AUDIO_GetSampleCallBack
                0x0801ba60       0x10 ./Audio_MP3/waveplayer.o
                0x0801ba60                EVAL_AUDIO_GetSampleCallBack
 .text.Codec_TIMEOUT_UserCallback
                0x0801ba70       0x10 ./Audio_MP3/waveplayer.o
                0x0801ba70                Codec_TIMEOUT_UserCallback
 .text.Delay    0x0801ba80       0x30 ./Audio_MP3/waveplayer.o
                0x0801ba80                Delay
 .text.WavePlayerStart
                0x0801bab0      0x120 ./Audio_MP3/waveplayer.o
                0x0801bab0                WavePlayerStart
 .text.WavePlayer_CallBack
                0x0801bbd0       0x8c ./Audio_MP3/waveplayer.o
                0x0801bbd0                WavePlayer_CallBack
 .text.WavePlayer_WaveParsing
                0x0801bc5c      0x358 ./Audio_MP3/waveplayer.o
 .text.ReadUnit
                0x0801bfb4       0x74 ./Audio_MP3/waveplayer.o
                0x0801bfb4                ReadUnit
 .text.Mems_Config
                0x0801c028      0x118 ./Audio_MP3/waveplayer.o
 .text.EXTILine_Config
                0x0801c140       0xa4 ./Audio_MP3/waveplayer.o
 .text._ZN24CLedHeartBeatSTM32F4DiscC2Em
                0x0801c1e4       0x38 ./CLedHeartBeatSTM32F4Disc.o
                0x0801c1e4                CLedHeartBeatSTM32F4Disc::CLedHeartBeatSTM32F4Disc(unsigned long)
                0x0801c1e4                CLedHeartBeatSTM32F4Disc::CLedHeartBeatSTM32F4Disc(unsigned long)
 .text._ZN24CLedHeartBeatSTM32F4DiscD2Ev
                0x0801c21c       0x38 ./CLedHeartBeatSTM32F4Disc.o
                0x0801c21c                CLedHeartBeatSTM32F4Disc::~CLedHeartBeatSTM32F4Disc()
                0x0801c21c                CLedHeartBeatSTM32F4Disc::~CLedHeartBeatSTM32F4Disc()
 .text._ZN24CLedHeartBeatSTM32F4DiscD0Ev
                0x0801c254       0x20 ./CLedHeartBeatSTM32F4Disc.o
                0x0801c254                CLedHeartBeatSTM32F4Disc::~CLedHeartBeatSTM32F4Disc()
 .text._ZN24CLedHeartBeatSTM32F4Disc12HardwareInitEv
                0x0801c274       0x38 ./CLedHeartBeatSTM32F4Disc.o
                0x0801c274                CLedHeartBeatSTM32F4Disc::HardwareInit()
 .text._ZN24CLedHeartBeatSTM32F4Disc3RunEv
                0x0801c2ac       0xe8 ./CLedHeartBeatSTM32F4Disc.o
                0x0801c2ac                CLedHeartBeatSTM32F4Disc::Run()
 .text.main     0x0801c394       0x1c ./main.o
                0x0801c394                main
 .text.vApplicationStackOverflowHook
                0x0801c3b0        0xc ./main.o
                0x0801c3b0                vApplicationStackOverflowHook
 .text._Z41__static_initialization_and_destruction_0ii
                0x0801c3bc       0xd8 ./main.o
 .text._GLOBAL__sub_I_g_LedTast
                0x0801c494       0x14 ./main.o
 .text.Reset_Handler
                0x0801c4a8       0x58 ./startup_stm32f4xx.o
                0x0801c4a8                Reset_Handler
 .text.Default_Handler
                0x0801c500        0x2 ./startup_stm32f4xx.o
                0x0801c500                RTC_Alarm_IRQHandler
                0x0801c500                HASH_RNG_IRQHandler
                0x0801c500                EXTI2_IRQHandler
                0x0801c500                TIM8_CC_IRQHandler
                0x0801c500                TIM1_CC_IRQHandler
                0x0801c500                DMA2_Stream5_IRQHandler
                0x0801c500                DMA1_Stream5_IRQHandler
                0x0801c500                PVD_IRQHandler
                0x0801c500                SDIO_IRQHandler
                0x0801c500                TAMP_STAMP_IRQHandler
                0x0801c500                CAN2_RX1_IRQHandler
                0x0801c500                EXTI3_IRQHandler
                0x0801c500                TIM8_TRG_COM_TIM14_IRQHandler
                0x0801c500                TIM1_UP_TIM10_IRQHandler
                0x0801c500                TIM8_UP_TIM13_IRQHandler
                0x0801c500                I2C3_ER_IRQHandler
                0x0801c500                I2C2_EV_IRQHandler
                0x0801c500                DMA1_Stream2_IRQHandler
                0x0801c500                CAN1_RX0_IRQHandler
                0x0801c500                FPU_IRQHandler
                0x0801c500                OTG_HS_WKUP_IRQHandler
                0x0801c500                CAN2_SCE_IRQHandler
                0x0801c500                DMA2_Stream2_IRQHandler
                0x0801c500                SPI1_IRQHandler
                0x0801c500                TIM6_DAC_IRQHandler
                0x0801c500                TIM1_BRK_TIM9_IRQHandler
                0x0801c500                DCMI_IRQHandler
                0x0801c500                CAN2_RX0_IRQHandler
                0x0801c500                DMA2_Stream3_IRQHandler
                0x0801c500                USART6_IRQHandler
                0x0801c500                USART3_IRQHandler
                0x0801c500                CRYP_IRQHandler
                0x0801c500                CAN1_RX1_IRQHandler
                0x0801c500                UART5_IRQHandler
                0x0801c500                DMA2_Stream0_IRQHandler
                0x0801c500                TIM4_IRQHandler
                0x0801c500                I2C1_EV_IRQHandler
                0x0801c500                DMA1_Stream6_IRQHandler
                0x0801c500                DMA1_Stream1_IRQHandler
                0x0801c500                UART4_IRQHandler
                0x0801c500                TIM3_IRQHandler
                0x0801c500                RCC_IRQHandler
                0x0801c500                TIM8_BRK_TIM12_IRQHandler
                0x0801c500                Default_Handler
                0x0801c500                EXTI15_10_IRQHandler
                0x0801c500                ADC_IRQHandler
                0x0801c500                TIM7_IRQHandler
                0x0801c500                CAN2_TX_IRQHandler
                0x0801c500                TIM5_IRQHandler
                0x0801c500                DMA2_Stream7_IRQHandler
                0x0801c500                I2C3_EV_IRQHandler
                0x0801c500                EXTI9_5_IRQHandler
                0x0801c500                RTC_WKUP_IRQHandler
                0x0801c500                ETH_WKUP_IRQHandler
                0x0801c500                SPI2_IRQHandler
                0x0801c500                OTG_HS_EP1_IN_IRQHandler
                0x0801c500                CAN1_TX_IRQHandler
                0x0801c500                EXTI4_IRQHandler
                0x0801c500                FSMC_IRQHandler
                0x0801c500                ETH_IRQHandler
                0x0801c500                OTG_HS_EP1_OUT_IRQHandler
                0x0801c500                WWDG_IRQHandler
                0x0801c500                TIM2_IRQHandler
                0x0801c500                OTG_FS_WKUP_IRQHandler
                0x0801c500                TIM1_TRG_COM_TIM11_IRQHandler
                0x0801c500                OTG_HS_IRQHandler
                0x0801c500                USART2_IRQHandler
                0x0801c500                I2C2_ER_IRQHandler
                0x0801c500                DMA2_Stream1_IRQHandler
                0x0801c500                CAN1_SCE_IRQHandler
                0x0801c500                FLASH_IRQHandler
                0x0801c500                DMA2_Stream4_IRQHandler
                0x0801c500                USART1_IRQHandler
                0x0801c500                DMA1_Stream4_IRQHandler
                0x0801c500                I2C1_ER_IRQHandler
                0x0801c500                DMA2_Stream6_IRQHandler
                0x0801c500                DMA1_Stream3_IRQHandler
 *fill*         0x0801c502        0x2 00
 .text.NMI_Handler
                0x0801c504        0xc ./stm32f4xx_it.o
                0x0801c504                NMI_Handler
 .text.HardFault_Handler
                0x0801c510        0x8 ./stm32f4xx_it.o
                0x0801c510                HardFault_Handler
 .text.MemManage_Handler
                0x0801c518        0x8 ./stm32f4xx_it.o
                0x0801c518                MemManage_Handler
 .text.BusFault_Handler
                0x0801c520        0x8 ./stm32f4xx_it.o
                0x0801c520                BusFault_Handler
 .text.UsageFault_Handler
                0x0801c528        0x8 ./stm32f4xx_it.o
                0x0801c528                UsageFault_Handler
 .text.DebugMon_Handler
                0x0801c530        0xc ./stm32f4xx_it.o
                0x0801c530                DebugMon_Handler
 .text.EXTI1_IRQHandler
                0x0801c53c       0x1c ./stm32f4xx_it.o
                0x0801c53c                EXTI1_IRQHandler
 .text.EXTI0_IRQHandler
                0x0801c558       0x18 ./stm32f4xx_it.o
                0x0801c558                EXTI0_IRQHandler
 .text.OTG_FS_IRQHandler
                0x0801c570       0x14 ./stm32f4xx_it.o
                0x0801c570                OTG_FS_IRQHandler
 .text._exit    0x0801c584        0xc ./syscalls.o
                0x0801c584                _exit
 .text._read_r  0x0801c590       0x20 ./syscalls.o
                0x0801c590                _read_r
 .text._write_r
                0x0801c5b0       0x20 ./syscalls.o
                0x0801c5b0                _write_r
 .text._lseek_r
                0x0801c5d0       0x28 ./syscalls.o
                0x0801c5d0                _lseek_r
 .text._close_r
                0x0801c5f8       0x24 ./syscalls.o
                0x0801c5f8                _close_r
 .text._fstat_r
                0x0801c61c       0x40 ./syscalls.o
                0x0801c61c                _fstat_r
 .text._isatty_r
                0x0801c65c       0x1c ./syscalls.o
                0x0801c65c                _isatty_r
 .text._sbrk_r  0x0801c678       0x90 ./syscalls.o
                0x0801c678                _sbrk_r
 .text._kill_r  0x0801c708       0x24 ./syscalls.o
                0x0801c708                _kill_r
 .text._getpid_r
                0x0801c72c       0x20 ./syscalls.o
                0x0801c72c                _getpid_r
 .text.__malloc_lock
                0x0801c74c       0x14 ./syscalls.o
                0x0801c74c                __malloc_lock
 .text.__malloc_unlock
                0x0801c760       0x14 ./syscalls.o
                0x0801c760                __malloc_unlock
 .text.SystemInit
                0x0801c774       0x94 ./system_stm32f4xx.o
                0x0801c774                SystemInit
 .text.SetSysClock
                0x0801c808      0x1e0 ./system_stm32f4xx.o
 .text.get_us_time
                0x0801c9e8       0x8c ./ustime.o
                0x0801c9e8                get_us_time
 .text.delay_us
                0x0801ca74       0x5c ./ustime.o
                0x0801ca74                delay_us
 .text.init_us_timer
                0x0801cad0       0x70 ./ustime.o
                0x0801cad0                init_us_timer
 .text.__aeabi_atexit
                0x0801cb40        0xc e:/elektronik/toolchain/yagarto/bin/../lib/gcc/arm-none-eabi/4.6.2/../../../../arm-none-eabi/lib/thumb/v7m\libstdc++.a(atexit_arm.o)
                0x0801cb40                __aeabi_atexit
 .text._ZdlPv   0x0801cb4c        0x8 e:/elektronik/toolchain/yagarto/bin/../lib/gcc/arm-none-eabi/4.6.2/../../../../arm-none-eabi/lib/thumb/v7m\libstdc++.a(del_op.o)
                0x0801cb4c                operator delete(void*)
 .text.__cxa_pure_virtual
                0x0801cb54       0x18 e:/elektronik/toolchain/yagarto/bin/../lib/gcc/arm-none-eabi/4.6.2/../../../../arm-none-eabi/lib/thumb/v7m\libstdc++.a(pure.o)
                0x0801cb54                __cxa_pure_virtual
 .text._ZN10__cxxabiv111__terminateEPFvvE
                0x0801cb6c       0x28 e:/elektronik/toolchain/yagarto/bin/../lib/gcc/arm-none-eabi/4.6.2/../../../../arm-none-eabi/lib/thumb/v7m\libstdc++.a(eh_terminate.o)
                0x0801cb6c                __cxxabiv1::__terminate(void (*)())
 .text._ZSt9terminatev
                0x0801cb94       0x10 e:/elektronik/toolchain/yagarto/bin/../lib/gcc/arm-none-eabi/4.6.2/../../../../arm-none-eabi/lib/thumb/v7m\libstdc++.a(eh_terminate.o)
                0x0801cb94                std::terminate()
 .text._ZN10__cxxabiv112__unexpectedEPFvvE
                0x0801cba4        0x8 e:/elektronik/toolchain/yagarto/bin/../lib/gcc/arm-none-eabi/4.6.2/../../../../arm-none-eabi/lib/thumb/v7m\libstdc++.a(eh_terminate.o)
                0x0801cba4                __cxxabiv1::__unexpected(void (*)())
 .text._ZSt10unexpectedv
                0x0801cbac       0x14 e:/elektronik/toolchain/yagarto/bin/../lib/gcc/arm-none-eabi/4.6.2/../../../../arm-none-eabi/lib/thumb/v7m\libstdc++.a(eh_terminate.o)
                0x0801cbac                std::unexpected()
 .text._ZN9__gnu_cxx27__verbose_terminate_handlerEv
                0x0801cbc0      0x118 e:/elektronik/toolchain/yagarto/bin/../lib/gcc/arm-none-eabi/4.6.2/../../../../arm-none-eabi/lib/thumb/v7m\libstdc++.a(vterminate.o)
                0x0801cbc0                __gnu_cxx::__verbose_terminate_handler()
 .text.__cxa_end_cleanup
                0x0801ccd8        0xc e:/elektronik/toolchain/yagarto/bin/../lib/gcc/arm-none-eabi/4.6.2/../../../../arm-none-eabi/lib/thumb/v7m\libstdc++.a(eh_arm.o)
                0x0801ccd8                __cxa_end_cleanup
 .text.__cxa_type_match
                0x0801cce4       0xe4 e:/elektronik/toolchain/yagarto/bin/../lib/gcc/arm-none-eabi/4.6.2/../../../../arm-none-eabi/lib/thumb/v7m\libstdc++.a(eh_arm.o)
                0x0801cce4                __cxa_type_match
 .text.__cxa_begin_cleanup
                0x0801cdc8       0x68 e:/elektronik/toolchain/yagarto/bin/../lib/gcc/arm-none-eabi/4.6.2/../../../../arm-none-eabi/lib/thumb/v7m\libstdc++.a(eh_arm.o)
                0x0801cdc8                __cxa_begin_cleanup
 .text.__gnu_end_cleanup
                0x0801ce30       0x74 e:/elektronik/toolchain/yagarto/bin/../lib/gcc/arm-none-eabi/4.6.2/../../../../arm-none-eabi/lib/thumb/v7m\libstdc++.a(eh_arm.o)
                0x0801ce30                __gnu_end_cleanup
 .text.__cxa_bad_typeid
                0x0801cea4       0x24 e:/elektronik/toolchain/yagarto/bin/../lib/gcc/arm-none-eabi/4.6.2/../../../../arm-none-eabi/lib/thumb/v7m\libstdc++.a(eh_aux_runtime.o)
                0x0801cea4                __cxa_bad_typeid
 .text.__cxa_call_terminate
                0x0801cec8       0x48 e:/elektronik/toolchain/yagarto/bin/../lib/gcc/arm-none-eabi/4.6.2/../../../../arm-none-eabi/lib/thumb/v7m\libstdc++.a(eh_call.o)
                0x0801cec8                __cxa_call_terminate
 .text.__cxa_call_unexpected
                0x0801cf10      0x11c e:/elektronik/toolchain/yagarto/bin/../lib/gcc/arm-none-eabi/4.6.2/../../../../arm-none-eabi/lib/thumb/v7m\libstdc++.a(eh_call.o)
                0x0801cf10                __cxa_call_unexpected
 .text.__cxa_begin_catch
                0x0801d02c       0x88 e:/elektronik/toolchain/yagarto/bin/../lib/gcc/arm-none-eabi/4.6.2/../../../../arm-none-eabi/lib/thumb/v7m\libstdc++.a(eh_catch.o)
                0x0801d02c                __cxa_begin_catch
 .text.__cxa_end_catch
                0x0801d0b4       0x90 e:/elektronik/toolchain/yagarto/bin/../lib/gcc/arm-none-eabi/4.6.2/../../../../arm-none-eabi/lib/thumb/v7m\libstdc++.a(eh_catch.o)
                0x0801d0b4                __cxa_end_catch
 .text._ZNSt9exceptionD2Ev
                0x0801d144        0xc e:/elektronik/toolchain/yagarto/bin/../lib/gcc/arm-none-eabi/4.6.2/../../../../arm-none-eabi/lib/thumb/v7m\libstdc++.a(eh_exception.o)
                0x0801d144                std::exception::~exception()
                0x0801d144                std::exception::~exception()
 .text._ZNSt13bad_exceptionD2Ev
                0x0801d150        0xc e:/elektronik/toolchain/yagarto/bin/../lib/gcc/arm-none-eabi/4.6.2/../../../../arm-none-eabi/lib/thumb/v7m\libstdc++.a(eh_exception.o)
                0x0801d150                std::bad_exception::~bad_exception()
                0x0801d150                std::bad_exception::~bad_exception()
 .text._ZNKSt9exception4whatEv