Archive member included because of file (symbol)

d:/elektronik/ides/eclipse/yagarto/bin/../lib/gcc/arm-none-eabi/4.6.2/../../../../arm-none-eabi/lib/thumb/v7m\libg.a(lib_a-malloc.o)
                              ./FreeRTOS/Source/croutine.o (malloc)
d:/elektronik/ides/eclipse/yagarto/bin/../lib/gcc/arm-none-eabi/4.6.2/../../../../arm-none-eabi/lib/thumb/v7m\libg.a(lib_a-mallocr.o)
                              d:/elektronik/ides/eclipse/yagarto/bin/../lib/gcc/arm-none-eabi/4.6.2/../../../../arm-none-eabi/lib/thumb/v7m\libg.a(lib_a-malloc.o) (_malloc_r)
d:/elektronik/ides/eclipse/yagarto/bin/../lib/gcc/arm-none-eabi/4.6.2/../../../../arm-none-eabi/lib/thumb/v7m\libg.a(lib_a-memcpy.o)
                              ./FreeRTOS/Source/queue.o (memcpy)
d:/elektronik/ides/eclipse/yagarto/bin/../lib/gcc/arm-none-eabi/4.6.2/../../../../arm-none-eabi/lib/thumb/v7m\libg.a(lib_a-memset.o)
                              ./FreeRTOS/Source/tasks.o (memset)
d:/elektronik/ides/eclipse/yagarto/bin/../lib/gcc/arm-none-eabi/4.6.2/../../../../arm-none-eabi/lib/thumb/v7m\libg.a(lib_a-sprintf.o)
                              ./FreeRTOS/Source/tasks.o (sprintf)
d:/elektronik/ides/eclipse/yagarto/bin/../lib/gcc/arm-none-eabi/4.6.2/../../../../arm-none-eabi/lib/thumb/v7m\libg.a(lib_a-strcat.o)
                              ./FreeRTOS/Source/tasks.o (strcat)
d:/elektronik/ides/eclipse/yagarto/bin/../lib/gcc/arm-none-eabi/4.6.2/../../../../arm-none-eabi/lib/thumb/v7m\libg.a(lib_a-strcpy.o)
                              d:/elektronik/ides/eclipse/yagarto/bin/../lib/gcc/arm-none-eabi/4.6.2/../../../../arm-none-eabi/lib/thumb/v7m\libg.a(lib_a-strcat.o) (strcpy)
d:/elektronik/ides/eclipse/yagarto/bin/../lib/gcc/arm-none-eabi/4.6.2/../../../../arm-none-eabi/lib/thumb/v7m\libg.a(lib_a-strncpy.o)
                              ./FreeRTOS/Source/tasks.o (strncpy)
d:/elektronik/ides/eclipse/yagarto/bin/../lib/gcc/arm-none-eabi/4.6.2/../../../../arm-none-eabi/lib/thumb/v7m\libg.a(lib_a-svfprintf.o)
                              d:/elektronik/ides/eclipse/yagarto/bin/../lib/gcc/arm-none-eabi/4.6.2/../../../../arm-none-eabi/lib/thumb/v7m\libg.a(lib_a-sprintf.o) (_svfprintf_r)
d:/elektronik/ides/eclipse/yagarto/bin/../lib/gcc/arm-none-eabi/4.6.2/../../../../arm-none-eabi/lib/thumb/v7m\libg.a(lib_a-dtoa.o)
                              d:/elektronik/ides/eclipse/yagarto/bin/../lib/gcc/arm-none-eabi/4.6.2/../../../../arm-none-eabi/lib/thumb/v7m\libg.a(lib_a-svfprintf.o) (_dtoa_r)
d:/elektronik/ides/eclipse/yagarto/bin/../lib/gcc/arm-none-eabi/4.6.2/../../../../arm-none-eabi/lib/thumb/v7m\libg.a(lib_a-freer.o)
                              d:/elektronik/ides/eclipse/yagarto/bin/../lib/gcc/arm-none-eabi/4.6.2/../../../../arm-none-eabi/lib/thumb/v7m\libg.a(lib_a-malloc.o) (_free_r)
d:/elektronik/ides/eclipse/yagarto/bin/../lib/gcc/arm-none-eabi/4.6.2/../../../../arm-none-eabi/lib/thumb/v7m\libg.a(lib_a-impure.o)
                              d:/elektronik/ides/eclipse/yagarto/bin/../lib/gcc/arm-none-eabi/4.6.2/../../../../arm-none-eabi/lib/thumb/v7m\libg.a(lib_a-malloc.o) (_impure_ptr)
d:/elektronik/ides/eclipse/yagarto/bin/../lib/gcc/arm-none-eabi/4.6.2/../../../../arm-none-eabi/lib/thumb/v7m\libg.a(lib_a-locale.o)
                              d:/elektronik/ides/eclipse/yagarto/bin/../lib/gcc/arm-none-eabi/4.6.2/../../../../arm-none-eabi/lib/thumb/v7m\libg.a(lib_a-svfprintf.o) (_localeconv_r)
d:/elektronik/ides/eclipse/yagarto/bin/../lib/gcc/arm-none-eabi/4.6.2/../../../../arm-none-eabi/lib/thumb/v7m\libg.a(lib_a-memchr.o)
                              d:/elektronik/ides/eclipse/yagarto/bin/../lib/gcc/arm-none-eabi/4.6.2/../../../../arm-none-eabi/lib/thumb/v7m\libg.a(lib_a-svfprintf.o) (memchr)
d:/elektronik/ides/eclipse/yagarto/bin/../lib/gcc/arm-none-eabi/4.6.2/../../../../arm-none-eabi/lib/thumb/v7m\libg.a(lib_a-mprec.o)
                              d:/elektronik/ides/eclipse/yagarto/bin/../lib/gcc/arm-none-eabi/4.6.2/../../../../arm-none-eabi/lib/thumb/v7m\libg.a(lib_a-dtoa.o) (_Balloc)
d:/elektronik/ides/eclipse/yagarto/bin/../lib/gcc/arm-none-eabi/4.6.2/../../../../arm-none-eabi/lib/thumb/v7m\libg.a(lib_a-s_fpclassify.o)
                              d:/elektronik/ides/eclipse/yagarto/bin/../lib/gcc/arm-none-eabi/4.6.2/../../../../arm-none-eabi/lib/thumb/v7m\libg.a(lib_a-svfprintf.o) (__fpclassifyd)
d:/elektronik/ides/eclipse/yagarto/bin/../lib/gcc/arm-none-eabi/4.6.2/../../../../arm-none-eabi/lib/thumb/v7m\libg.a(lib_a-strcmp.o)
                              d:/elektronik/ides/eclipse/yagarto/bin/../lib/gcc/arm-none-eabi/4.6.2/../../../../arm-none-eabi/lib/thumb/v7m\libg.a(lib_a-locale.o) (strcmp)
d:/elektronik/ides/eclipse/yagarto/bin/../lib/gcc/arm-none-eabi/4.6.2/../../../../arm-none-eabi/lib/thumb/v7m\libg.a(lib_a-strlen.o)
                              d:/elektronik/ides/eclipse/yagarto/bin/../lib/gcc/arm-none-eabi/4.6.2/../../../../arm-none-eabi/lib/thumb/v7m\libg.a(lib_a-svfprintf.o) (strlen)
[...]
Memory Configuration

Name             Origin             Length             Attributes
flash            0x08000000         0x00100000
ram              0x20000000         0x0001c000
ethram           0x2001c000         0x00004000
ccmram           0x10000000         0x00010000
*default*        0x00000000         0xffffffff

Linker script and memory map

LOAD ./STM32F4xx_StdPeriph_Driver/src/misc.o
LOAD ./STM32F4xx_StdPeriph_Driver/src/stm32f4xx_adc.o
LOAD ./STM32F4xx_StdPeriph_Driver/src/stm32f4xx_can.o
LOAD ./STM32F4xx_StdPeriph_Driver/src/stm32f4xx_crc.o
LOAD ./STM32F4xx_StdPeriph_Driver/src/stm32f4xx_cryp.o
LOAD ./STM32F4xx_StdPeriph_Driver/src/stm32f4xx_cryp_aes.o
LOAD ./STM32F4xx_StdPeriph_Driver/src/stm32f4xx_cryp_des.o
LOAD ./STM32F4xx_StdPeriph_Driver/src/stm32f4xx_cryp_tdes.o
LOAD ./STM32F4xx_StdPeriph_Driver/src/stm32f4xx_dac.o
LOAD ./STM32F4xx_StdPeriph_Driver/src/stm32f4xx_dbgmcu.o
LOAD ./STM32F4xx_StdPeriph_Driver/src/stm32f4xx_dcmi.o
LOAD ./STM32F4xx_StdPeriph_Driver/src/stm32f4xx_dma.o
LOAD ./STM32F4xx_StdPeriph_Driver/src/stm32f4xx_exti.o
LOAD ./STM32F4xx_StdPeriph_Driver/src/stm32f4xx_flash.o
LOAD ./STM32F4xx_StdPeriph_Driver/src/stm32f4xx_fsmc.o
LOAD ./STM32F4xx_StdPeriph_Driver/src/stm32f4xx_gpio.o
LOAD ./STM32F4xx_StdPeriph_Driver/src/stm32f4xx_hash.o
LOAD ./STM32F4xx_StdPeriph_Driver/src/stm32f4xx_hash_md5.o
LOAD ./STM32F4xx_StdPeriph_Driver/src/stm32f4xx_hash_sha1.o
LOAD ./STM32F4xx_StdPeriph_Driver/src/stm32f4xx_i2c.o
LOAD ./STM32F4xx_StdPeriph_Driver/src/stm32f4xx_iwdg.o
LOAD ./STM32F4xx_StdPeriph_Driver/src/stm32f4xx_pwr.o
LOAD ./STM32F4xx_StdPeriph_Driver/src/stm32f4xx_rcc.o
LOAD ./STM32F4xx_StdPeriph_Driver/src/stm32f4xx_rng.o
LOAD ./STM32F4xx_StdPeriph_Driver/src/stm32f4xx_rtc.o
LOAD ./STM32F4xx_StdPeriph_Driver/src/stm32f4xx_sdio.o
LOAD ./STM32F4xx_StdPeriph_Driver/src/stm32f4xx_spi.o
LOAD ./STM32F4xx_StdPeriph_Driver/src/stm32f4xx_syscfg.o
LOAD ./STM32F4xx_StdPeriph_Driver/src/stm32f4xx_tim.o
LOAD ./STM32F4xx_StdPeriph_Driver/src/stm32f4xx_usart.o
LOAD ./STM32F4xx_StdPeriph_Driver/src/stm32f4xx_wwdg.o
LOAD ./STM32F4-Discovery/stm32f4_discovery.o
LOAD ./FreeRTOS/Source/portable/GCC/ARM_CM4F/port.o
LOAD ./FreeRTOS/Source/croutine.o
LOAD ./FreeRTOS/Source/list.o
LOAD ./FreeRTOS/Source/queue.o
LOAD ./FreeRTOS/Source/tasks.o
LOAD ./FreeRTOS/Source/timers.o
LOAD ./main.o
LOAD ./stm32f4xx_it.o
LOAD ./syscalls.o
LOAD ./system_stm32f4xx.o
LOAD ./ustime.o
LOAD d:/elektronik/ides/eclipse/yagarto/bin/../lib/gcc/arm-none-eabi/4.6.2/../../../../arm-none-eabi/lib/thumb/v7m\libstdc++.a
LOAD d:/elektronik/ides/eclipse/yagarto/bin/../lib/gcc/arm-none-eabi/4.6.2/../../../../arm-none-eabi/lib/thumb/v7m\libm.a
START GROUP
LOAD d:/elektronik/ides/eclipse/yagarto/bin/../lib/gcc/arm-none-eabi/4.6.2/thumb/v7m\libgcc.a
LOAD d:/elektronik/ides/eclipse/yagarto/bin/../lib/gcc/arm-none-eabi/4.6.2/../../../../arm-none-eabi/lib/thumb/v7m\libg.a
LOAD d:/elektronik/ides/eclipse/yagarto/bin/../lib/gcc/arm-none-eabi/4.6.2/../../../../arm-none-eabi/lib/thumb/v7m\libc.a
END GROUP
                0x00000400                __main_stack_size__ = 0x400
                0x00000400                __process_stack_size__ = 0x400
                0x20000000                __ram_start__ = ORIGIN (ram)
                0x0001c000                __ram_size__ = 0x1c000
                0x2001c000                __ram_end__ = (__ram_start__ + __ram_size__)
                0x00000000                . = 0x0
                0x00000000                _text = .

startup
 *(vectors)

constructors    0x08000000        0x0
                0x08000000                PROVIDE (__init_array_start, .)
 *(SORT(.init_array.*))
 *(.init_array)
                0x08000000                PROVIDE (__init_array_end, .)

destructors     0x08000000        0x0
                0x08000000                PROVIDE (__fini_array_start, .)
 *(.fini_array)
 *(SORT(.fini_array.*))
                0x08000000                PROVIDE (__fini_array_end, .)

.text           0x08000000        0x0
 *(.text.startup.*)
 *(.text)
 *(.text.*)
 *(.rodata)
 *(.rodata.*)
 *(.glue_7t)
 .glue_7t       0x00000000        0x0 linker stubs
 *(.glue_7)
 .glue_7        0x00000000        0x0 linker stubs
 *(.gcc*)

.vfp11_veneer   0x08000000        0x0
 .vfp11_veneer  0x00000000        0x0 linker stubs

.v4_bx          0x08000000        0x0
 .v4_bx         0x00000000        0x0 linker stubs

.ARM.extab
 *(.ARM.extab* .gnu.linkonce.armextab.*)

.ARM.exidx      0x08000000        0x0
                0x08000000                PROVIDE (__exidx_start, .)
 *(.ARM.exidx* .gnu.linkonce.armexidx.*)
                0x08000000                PROVIDE (__exidx_end, .)

.eh_frame_hdr
 *(.eh_frame_hdr)

.eh_frame
 *(.eh_frame)

.textalign      0x08000000        0x0
                0x08000000                . = ALIGN (0x8)
                0x08000000                _etext = .
                0x00000000                _textdata = _etext

.stacks         0x10000000      0x800
                0x10000000                . = ALIGN (0x8)
                0x10000000                __main_stack_base__ = .
                0x10000400                . = (. + __main_stack_size__)
 *fill*         0x10000000      0x400 00
                0x10000400                . = ALIGN (0x8)
                0x10000400                __main_stack_end__ = .
                0x10000400                __process_stack_base__ = .
                0x10000400                __main_thread_stack_base__ = .
                0x10000800                . = (. + __process_stack_size__)
 *fill*         0x10000400      0x400 00
                0x10000800                . = ALIGN (0x8)
                0x10000800                __process_stack_end__ = .
                0x10000800                __main_thread_stack_end__ = .

.ccm            0x10000800        0x0
                0x10000800                PROVIDE (_cmm_start, .)
                0x10000800                . = ALIGN (0x4)
 *(.bss.mainthread.*)
                0x10000800                . = ALIGN (0x4)
 *(.bss._idle_thread_wa)
                0x10000800                . = ALIGN (0x4)
 *(.bss.rlist)
                0x10000800                . = ALIGN (0x4)
 *(.bss.vtlist)
                0x10000800                . = ALIGN (0x4)
 *(.bss.endmem)
                0x10000800                . = ALIGN (0x4)
 *(.bss.nextmem)
                0x10000800                . = ALIGN (0x4)
 *(.bss.default_heap)
                0x10000800                . = ALIGN (0x4)
                0x10000800                PROVIDE (_cmmend, .)

.data           0x20000000        0x0 load address 0x08000000
                0x20000000                . = ALIGN (0x4)
                0x20000000                PROVIDE (_data, .)
 *(.data)
                0x20000000                . = ALIGN (0x4)
 *(.data.*)
                0x20000000                . = ALIGN (0x4)
 *(.ramtext)
                0x20000000                . = ALIGN (0x4)
                0x20000000                PROVIDE (_edata, .)

.bss            0x20000000        0x0 load address 0x08000000
                0x20000000                . = ALIGN (0x4)
                0x20000000                PROVIDE (_bss_start, .)
 *(.bss)
                0x20000000                . = ALIGN (0x4)
 *(.bss.*)
                0x20000000                . = ALIGN (0x4)
 *(COMMON)
                0x20000000                . = ALIGN (0x4)
                0x20000000                PROVIDE (_bss_end, .)
                0x20000000                PROVIDE (end, .)
                0x20000000                _end = .
                0x10000800                __heap_base__ = _end
                0x2001c000                __heap_end__ = __ram_end__
OUTPUT(ThunderCryer.elf elf32-littlearm)

.debug_info     0x00000000    0x1f401
 .debug_info    0x00000000      0x59c ./STM32F4xx_StdPeriph_Driver/src/misc.o
 .debug_info    0x0000059c      0xce6 ./STM32F4xx_StdPeriph_Driver/src/stm32f4xx_adc.o
 .debug_info    0x00001282      0xc80 ./STM32F4xx_StdPeriph_Driver/src/stm32f4xx_can.o
 .debug_info    0x00001f02      0x20f ./STM32F4xx_StdPeriph_Driver/src/stm32f4xx_crc.o
 .debug_info    0x00002111      0x798 ./STM32F4xx_StdPeriph_Driver/src/stm32f4xx_cryp.o
 .debug_info    0x000028a9     0x1175 ./STM32F4xx_StdPeriph_Driver/src/stm32f4xx_cryp_aes.o
 .debug_info    0x00003a1e      0x57d ./STM32F4xx_StdPeriph_Driver/src/stm32f4xx_cryp_des.o
 .debug_info    0x00003f9b      0x6fd ./STM32F4xx_StdPeriph_Driver/src/stm32f4xx_cryp_tdes.o
 .debug_info    0x00004698      0x68f ./STM32F4xx_StdPeriph_Driver/src/stm32f4xx_dac.o
 .debug_info    0x00004d27      0x1f2 ./STM32F4xx_StdPeriph_Driver/src/stm32f4xx_dbgmcu.o
 .debug_info    0x00004f19      0x595 ./STM32F4xx_StdPeriph_Driver/src/stm32f4xx_dcmi.o
 .debug_info    0x000054ae      0x793 ./STM32F4xx_StdPeriph_Driver/src/stm32f4xx_dma.o
 .debug_info    0x00005c41      0x376 ./STM32F4xx_StdPeriph_Driver/src/stm32f4xx_exti.o
 .debug_info    0x00005fb7      0x7b6 ./STM32F4xx_StdPeriph_Driver/src/stm32f4xx_flash.o
 .debug_info    0x0000676d      0x9a5 ./STM32F4xx_StdPeriph_Driver/src/stm32f4xx_fsmc.o
 .debug_info    0x00007112      0x633 ./STM32F4xx_StdPeriph_Driver/src/stm32f4xx_gpio.o
 .debug_info    0x00007745      0x588 ./STM32F4xx_StdPeriph_Driver/src/stm32f4xx_hash.o
 .debug_info    0x00007ccd      0x507 ./STM32F4xx_StdPeriph_Driver/src/stm32f4xx_hash_md5.o
 .debug_info    0x000081d4      0x568 ./STM32F4xx_StdPeriph_Driver/src/stm32f4xx_hash_sha1.o
 .debug_info    0x0000873c      0xb71 ./STM32F4xx_StdPeriph_Driver/src/stm32f4xx_i2c.o
 .debug_info    0x000092ad      0x20c ./STM32F4xx_StdPeriph_Driver/src/stm32f4xx_iwdg.o
 .debug_info    0x000094b9      0x53b ./STM32F4xx_StdPeriph_Driver/src/stm32f4xx_pwr.o
 .debug_info    0x000099f4      0xd15 ./STM32F4xx_StdPeriph_Driver/src/stm32f4xx_rcc.o
 .debug_info    0x0000a709      0x296 ./STM32F4xx_StdPeriph_Driver/src/stm32f4xx_rng.o
 .debug_info    0x0000a99f     0x12a2 ./STM32F4xx_StdPeriph_Driver/src/stm32f4xx_rtc.o
 .debug_info    0x0000bc41      0x88e ./STM32F4xx_StdPeriph_Driver/src/stm32f4xx_sdio.o
 .debug_info    0x0000c4cf      0xbc1 ./STM32F4xx_StdPeriph_Driver/src/stm32f4xx_spi.o
 .debug_info    0x0000d090      0x27d ./STM32F4xx_StdPeriph_Driver/src/stm32f4xx_syscfg.o
 .debug_info    0x0000d30d     0x1ec1 ./STM32F4xx_StdPeriph_Driver/src/stm32f4xx_tim.o
 .debug_info    0x0000f1ce      0xa3e ./STM32F4xx_StdPeriph_Driver/src/stm32f4xx_usart.o
 .debug_info    0x0000fc0c      0x25f ./STM32F4xx_StdPeriph_Driver/src/stm32f4xx_wwdg.o
 .debug_info    0x0000fe6b      0x971 ./STM32F4-Discovery/stm32f4_discovery.o
 .debug_info    0x000107dc      0x24e ./FreeRTOS/Source/portable/GCC/ARM_CM4F/port.o
 .debug_info    0x00010a2a      0x54f ./FreeRTOS/Source/croutine.o
 .debug_info    0x00010f79      0x2d4 ./FreeRTOS/Source/list.o
 .debug_info    0x0001124d      0x7e5 ./FreeRTOS/Source/queue.o
 .debug_info    0x00011a32     0x1303 ./FreeRTOS/Source/tasks.o
 .debug_info    0x00012d35       0x9c ./FreeRTOS/Source/timers.o
 .debug_info    0x00012dd1      0x1af ./main.o
 .debug_info    0x00012f80      0x118 ./stm32f4xx_it.o
 .debug_info    0x00013098      0xe94 ./syscalls.o
 .debug_info    0x00013f2c      0x649 ./system_stm32f4xx.o
 .debug_info    0x00014575      0x610 ./ustime.o
 .debug_info    0x00014b85      0x9a5 d:/elektronik/ides/eclipse/yagarto/bin/../lib/gcc/arm-none-eabi/4.6.2/../../../../arm-none-eabi/lib/thumb/v7m\libg.a(lib_a-malloc.o)
 .debug_info    0x0001552a      0xd6b d:/elektronik/ides/eclipse/yagarto/bin/../lib/gcc/arm-none-eabi/4.6.2/../../../../arm-none-eabi/lib/thumb/v7m\libg.a(lib_a-mallocr.o)
 .debug_info    0x00016295      0x130 d:/elektronik/ides/eclipse/yagarto/bin/../lib/gcc/arm-none-eabi/4.6.2/../../../../arm-none-eabi/lib/thumb/v7m\libg.a(lib_a-memcpy.o)
 .debug_info    0x000163c5      0x116 d:/elektronik/ides/eclipse/yagarto/bin/../lib/gcc/arm-none-eabi/4.6.2/../../../../arm-none-eabi/lib/thumb/v7m\libg.a(lib_a-memset.o)
 .debug_info    0x000164db      0xa62 d:/elektronik/ides/eclipse/yagarto/bin/../lib/gcc/arm-none-eabi/4.6.2/../../../../arm-none-eabi/lib/thumb/v7m\libg.a(lib_a-sprintf.o)
 .debug_info    0x00016f3d       0xe6 d:/elektronik/ides/eclipse/yagarto/bin/../lib/gcc/arm-none-eabi/4.6.2/../../../../arm-none-eabi/lib/thumb/v7m\libg.a(lib_a-strcat.o)
 .debug_info    0x00017023       0xb9 d:/elektronik/ides/eclipse/yagarto/bin/../lib/gcc/arm-none-eabi/4.6.2/../../../../arm-none-eabi/lib/thumb/v7m\libg.a(lib_a-strcpy.o)
 .debug_info    0x000170dc      0x125 d:/elektronik/ides/eclipse/yagarto/bin/../lib/gcc/arm-none-eabi/4.6.2/../../../../arm-none-eabi/lib/thumb/v7m\libg.a(lib_a-strncpy.o)
 .debug_info    0x00017201     0x1015 d:/elektronik/ides/eclipse/yagarto/bin/../lib/gcc/arm-none-eabi/4.6.2/../../../../arm-none-eabi/lib/thumb/v7m\libg.a(lib_a-svfprintf.o)
 .debug_info    0x00018216      0xdce d:/elektronik/ides/eclipse/yagarto/bin/../lib/gcc/arm-none-eabi/4.6.2/../../../../arm-none-eabi/lib/thumb/v7m\libg.a(lib_a-dtoa.o)
 .debug_info    0x00018fe4      0xc40 d:/elektronik/ides/eclipse/yagarto/bin/../lib/gcc/arm-none-eabi/4.6.2/../../../../arm-none-eabi/lib/thumb/v7m\libg.a(lib_a-freer.o)
 .debug_info    0x00019c24      0x966 d:/elektronik/ides/eclipse/yagarto/bin/../lib/gcc/arm-none-eabi/4.6.2/../../../../arm-none-eabi/lib/thumb/v7m\libg.a(lib_a-impure.o)
 .debug_info    0x0001a58a      0xc96 d:/elektronik/ides/eclipse/yagarto/bin/../lib/gcc/arm-none-eabi/4.6.2/../../../../arm-none-eabi/lib/thumb/v7m\libg.a(lib_a-locale.o)
 .debug_info    0x0001b220      0x122 d:/elektronik/ides/eclipse/yagarto/bin/../lib/gcc/arm-none-eabi/4.6.2/../../../../arm-none-eabi/lib/thumb/v7m\libg.a(lib_a-memchr.o)
 .debug_info    0x0001b342     0x14d9 d:/elektronik/ides/eclipse/yagarto/bin/../lib/gcc/arm-none-eabi/4.6.2/../../../../arm-none-eabi/lib/thumb/v7m\libg.a(lib_a-mprec.o)
 .debug_info    0x0001c81b      0x143 d:/elektronik/ides/eclipse/yagarto/bin/../lib/gcc/arm-none-eabi/4.6.2/../../../../arm-none-eabi/lib/thumb/v7m\libg.a(lib_a-s_fpclassify.o)
 .debug_info    0x0001c95e       0xe7 d:/elektronik/ides/eclipse/yagarto/bin/../lib/gcc/arm-none-eabi/4.6.2/../../../../arm-none-eabi/lib/thumb/v7m\libg.a(lib_a-strcmp.o)
 .debug_info    0x0001ca45       0xb1 d:/elektronik/ides/eclipse/yagarto/bin/../lib/gcc/arm-none-eabi/4.6.2/../../../../arm-none-eabi/lib/thumb/v7m\libg.a(lib_a-strlen.o)
 .debug_info    0x0001caf6      0xd97 d:/elektronik/ides/eclipse/yagarto/bin/../lib/gcc/arm-none-eabi/4.6.2/../../../../arm-none-eabi/lib/thumb/v7m\libg.a(lib_a-svfiprintf.o)
 .debug_info    0x0001d88d      0xa4e d:/elektronik/ides/eclipse/yagarto/bin/../lib/gcc/arm-none-eabi/4.6.2/../../../../arm-none-eabi/lib/thumb/v7m\libg.a(lib_a-callocr.o)
 .debug_info    0x0001e2db      0x12e d:/elektronik/ides/eclipse/yagarto/bin/../lib/gcc/arm-none-eabi/4.6.2/../../../../arm-none-eabi/lib/thumb/v7m\libg.a(lib_a-memmove.o)
 .debug_info    0x0001e409      0xc0c d:/elektronik/ides/eclipse/yagarto/bin/../lib/gcc/arm-none-eabi/4.6.2/../../../../arm-none-eabi/lib/thumb/v7m\libg.a(lib_a-reallocr.o)
 .debug_info    0x0001f015       0xa8 d:/elektronik/ides/eclipse/yagarto/bin/../lib/gcc/arm-none-eabi/4.6.2/thumb/v7m\libgcc.a(_udivsi3.o)
 .debug_info    0x0001f0bd       0xa8 d:/elektronik/ides/eclipse/yagarto/bin/../lib/gcc/arm-none-eabi/4.6.2/thumb/v7m\libgcc.a(_dvmd_tls.o)
 .debug_info    0x0001f165       0xa7 d:/elektronik/ides/eclipse/yagarto/bin/../lib/gcc/arm-none-eabi/4.6.2/thumb/v7m\libgcc.a(_arm_addsubdf3.o)
 .debug_info    0x0001f20c       0xa7 d:/elektronik/ides/eclipse/yagarto/bin/../lib/gcc/arm-none-eabi/4.6.2/thumb/v7m\libgcc.a(_arm_muldivdf3.o)
 .debug_info    0x0001f2b3       0xa7 d:/elektronik/ides/eclipse/yagarto/bin/../lib/gcc/arm-none-eabi/4.6.2/thumb/v7m\libgcc.a(_arm_cmpdf2.o)
 .debug_info    0x0001f35a       0xa7 d:/elektronik/ides/eclipse/yagarto/bin/../lib/gcc/arm-none-eabi/4.6.2/thumb/v7m\libgcc.a(_arm_fixdfsi.o)

.debug_abbrev   0x00000000     0x64e7
 .debug_abbrev  0x00000000      0x150 ./STM32F4xx_StdPeriph_Driver/src/misc.o
 .debug_abbrev  0x00000150      0x1cc ./STM32F4xx_StdPeriph_Driver/src/stm32f4xx_adc.o
 .debug_abbrev  0x0000031c      0x23e ./STM32F4xx_StdPeriph_Driver/src/stm32f4xx_can.o
 .debug_abbrev  0x0000055a      0x136 ./STM32F4xx_StdPeriph_Driver/src/stm32f4xx_crc.o
 .debug_abbrev  0x00000690      0x1ac ./STM32F4xx_StdPeriph_Driver/src/stm32f4xx_cryp.o
 .debug_abbrev  0x0000083c      0x219 ./STM32F4xx_StdPeriph_Driver/src/stm32f4xx_cryp_aes.o
 .debug_abbrev  0x00000a55      0x17f ./STM32F4xx_StdPeriph_Driver/src/stm32f4xx_cryp_des.o
 .debug_abbrev  0x00000bd4      0x17f ./STM32F4xx_StdPeriph_Driver/src/stm32f4xx_cryp_tdes.o
 .debug_abbrev  0x00000d53      0x1db ./STM32F4xx_StdPeriph_Driver/src/stm32f4xx_dac.o
 .debug_abbrev  0x00000f2e       0xed ./STM32F4xx_StdPeriph_Driver/src/stm32f4xx_dbgmcu.o
 .debug_abbrev  0x0000101b      0x1c2 ./STM32F4xx_StdPeriph_Driver/src/stm32f4xx_dcmi.o
 .debug_abbrev  0x000011dd      0x1a0 ./STM32F4xx_StdPeriph_Driver/src/stm32f4xx_dma.o
 .debug_abbrev  0x0000137d      0x1d1 ./STM32F4xx_StdPeriph_Driver/src/stm32f4xx_exti.o
 .debug_abbrev  0x0000154e      0x222 ./STM32F4xx_StdPeriph_Driver/src/stm32f4xx_flash.o
 .debug_abbrev  0x00001770      0x1b6 ./STM32F4xx_StdPeriph_Driver/src/stm32f4xx_fsmc.o
 .debug_abbrev  0x00001926      0x1d2 ./STM32F4xx_StdPeriph_Driver/src/stm32f4xx_gpio.o
 .debug_abbrev  0x00001af8      0x1f7 ./STM32F4xx_StdPeriph_Driver/src/stm32f4xx_hash.o
 .debug_abbrev  0x00001cef      0x1b1 ./STM32F4xx_StdPeriph_Driver/src/stm32f4xx_hash_md5.o
 .debug_abbrev  0x00001ea0      0x1b1 ./STM32F4xx_StdPeriph_Driver/src/stm32f4xx_hash_sha1.o
 .debug_abbrev  0x00002051      0x198 ./STM32F4xx_StdPeriph_Driver/src/stm32f4xx_i2c.o
 .debug_abbrev  0x000021e9      0x10d ./STM32F4xx_StdPeriph_Driver/src/stm32f4xx_iwdg.o
 .debug_abbrev  0x000022f6      0x197 ./STM32F4xx_StdPeriph_Driver/src/stm32f4xx_pwr.o
 .debug_abbrev  0x0000248d      0x1fa ./STM32F4xx_StdPeriph_Driver/src/stm32f4xx_rcc.o
 .debug_abbrev  0x00002687      0x14a ./STM32F4xx_StdPeriph_Driver/src/stm32f4xx_rng.o
 .debug_abbrev  0x000027d1      0x207 ./STM32F4xx_StdPeriph_Driver/src/stm32f4xx_rtc.o
 .debug_abbrev  0x000029d8      0x1b0 ./STM32F4xx_StdPeriph_Driver/src/stm32f4xx_sdio.o
 .debug_abbrev  0x00002b88      0x1a3 ./STM32F4xx_StdPeriph_Driver/src/stm32f4xx_spi.o
 .debug_abbrev  0x00002d2b      0x154 ./STM32F4xx_StdPeriph_Driver/src/stm32f4xx_syscfg.o
 .debug_abbrev  0x00002e7f      0x241 ./STM32F4xx_StdPeriph_Driver/src/stm32f4xx_tim.o
 .debug_abbrev  0x000030c0      0x1af ./STM32F4xx_StdPeriph_Driver/src/stm32f4xx_usart.o
 .debug_abbrev  0x0000326f      0x14e ./STM32F4xx_StdPeriph_Driver/src/stm32f4xx_wwdg.o
 .debug_abbrev  0x000033bd      0x191 ./STM32F4-Discovery/stm32f4_discovery.o
 .debug_abbrev  0x0000354e      0x154 ./FreeRTOS/Source/portable/GCC/ARM_CM4F/port.o
 .debug_abbrev  0x000036a2      0x211 ./FreeRTOS/Source/croutine.o
 .debug_abbrev  0x000038b3       0xdc ./FreeRTOS/Source/list.o
 .debug_abbrev  0x0000398f      0x1b5 ./FreeRTOS/Source/queue.o
 .debug_abbrev  0x00003b44      0x313 ./FreeRTOS/Source/tasks.o
 .debug_abbrev  0x00003e57       0x51 ./FreeRTOS/Source/timers.o
 .debug_abbrev  0x00003ea8       0xf9 ./main.o
 .debug_abbrev  0x00003fa1       0x68 ./stm32f4xx_it.o
 .debug_abbrev  0x00004009      0x26f ./syscalls.o
 .debug_abbrev  0x00004278      0x170 ./system_stm32f4xx.o
 .debug_abbrev  0x000043e8      0x152 ./ustime.o
 .debug_abbrev  0x0000453a      0x196 d:/elektronik/ides/eclipse/yagarto/bin/../lib/gcc/arm-none-eabi/4.6.2/../../../../arm-none-eabi/lib/thumb/v7m\libg.a(lib_a-malloc.o)
 .debug_abbrev  0x000046d0      0x233 d:/elektronik/ides/eclipse/yagarto/bin/../lib/gcc/arm-none-eabi/4.6.2/../../../../arm-none-eabi/lib/thumb/v7m\libg.a(lib_a-mallocr.o)
 .debug_abbrev  0x00004903       0x99 d:/elektronik/ides/eclipse/yagarto/bin/../lib/gcc/arm-none-eabi/4.6.2/../../../../arm-none-eabi/lib/thumb/v7m\libg.a(lib_a-memcpy.o)
 .debug_abbrev  0x0000499c       0x8d d:/elektronik/ides/eclipse/yagarto/bin/../lib/gcc/arm-none-eabi/4.6.2/../../../../arm-none-eabi/lib/thumb/v7m\libg.a(lib_a-memset.o)
 .debug_abbrev  0x00004a29      0x1c8 d:/elektronik/ides/eclipse/yagarto/bin/../lib/gcc/arm-none-eabi/4.6.2/../../../../arm-none-eabi/lib/thumb/v7m\libg.a(lib_a-sprintf.o)
 .debug_abbrev  0x00004bf1       0x87 d:/elektronik/ides/eclipse/yagarto/bin/../lib/gcc/arm-none-eabi/4.6.2/../../../../arm-none-eabi/lib/thumb/v7m\libg.a(lib_a-strcat.o)
 .debug_abbrev  0x00004c78       0x6f d:/elektronik/ides/eclipse/yagarto/bin/../lib/gcc/arm-none-eabi/4.6.2/../../../../arm-none-eabi/lib/thumb/v7m\libg.a(lib_a-strcpy.o)
 .debug_abbrev  0x00004ce7       0x9c d:/elektronik/ides/eclipse/yagarto/bin/../lib/gcc/arm-none-eabi/4.6.2/../../../../arm-none-eabi/lib/thumb/v7m\libg.a(lib_a-strncpy.o)
 .debug_abbrev  0x00004d83      0x2ea d:/elektronik/ides/eclipse/yagarto/bin/../lib/gcc/arm-none-eabi/4.6.2/../../../../arm-none-eabi/lib/thumb/v7m\libg.a(lib_a-svfprintf.o)
 .debug_abbrev  0x0000506d      0x22b d:/elektronik/ides/eclipse/yagarto/bin/../lib/gcc/arm-none-eabi/4.6.2/../../../../arm-none-eabi/lib/thumb/v7m\libg.a(lib_a-dtoa.o)
 .debug_abbrev  0x00005298      0x1ea d:/elektronik/ides/eclipse/yagarto/bin/../lib/gcc/arm-none-eabi/4.6.2/../../../../arm-none-eabi/lib/thumb/v7m\libg.a(lib_a-freer.o)
 .debug_abbrev  0x00005482      0x166 d:/elektronik/ides/eclipse/yagarto/bin/../lib/gcc/arm-none-eabi/4.6.2/../../../../arm-none-eabi/lib/thumb/v7m\libg.a(lib_a-impure.o)
 .debug_abbrev  0x000055e8      0x25e d:/elektronik/ides/eclipse/yagarto/bin/../lib/gcc/arm-none-eabi/4.6.2/../../../../arm-none-eabi/lib/thumb/v7m\libg.a(lib_a-locale.o)
 .debug_abbrev  0x00005846       0xc4 d:/elektronik/ides/eclipse/yagarto/bin/../lib/gcc/arm-none-eabi/4.6.2/../../../../arm-none-eabi/lib/thumb/v7m\libg.a(lib_a-memchr.o)
 .debug_abbrev  0x0000590a      0x30e d:/elektronik/ides/eclipse/yagarto/bin/../lib/gcc/arm-none-eabi/4.6.2/../../../../arm-none-eabi/lib/thumb/v7m\libg.a(lib_a-mprec.o)
 .debug_abbrev  0x00005c18       0xc5 d:/elektronik/ides/eclipse/yagarto/bin/../lib/gcc/arm-none-eabi/4.6.2/../../../../arm-none-eabi/lib/thumb/v7m\libg.a(lib_a-s_fpclassify.o)
 .debug_abbrev  0x00005cdd       0x86 d:/elektronik/ides/eclipse/yagarto/bin/../lib/gcc/arm-none-eabi/4.6.2/../../../../arm-none-eabi/lib/thumb/v7m\libg.a(lib_a-strcmp.o)
 .debug_abbrev  0x00005d63       0x6d d:/elektronik/ides/eclipse/yagarto/bin/../lib/gcc/arm-none-eabi/4.6.2/../../../../arm-none-eabi/lib/thumb/v7m\libg.a(lib_a-strlen.o)
 .debug_abbrev  0x00005dd0      0x262 d:/elektronik/ides/eclipse/yagarto/bin/../lib/gcc/arm-none-eabi/4.6.2/../../../../arm-none-eabi/lib/thumb/v7m\libg.a(lib_a-svfiprintf.o)
 .debug_abbrev  0x00006032      0x1ba d:/elektronik/ides/eclipse/yagarto/bin/../lib/gcc/arm-none-eabi/4.6.2/../../../../arm-none-eabi/lib/thumb/v7m\libg.a(lib_a-callocr.o)
 .debug_abbrev  0x000061ec       0xa8 d:/elektronik/ides/eclipse/yagarto/bin/../lib/gcc/arm-none-eabi/4.6.2/../../../../arm-none-eabi/lib/thumb/v7m\libg.a(lib_a-memmove.o)
 .debug_abbrev  0x00006294      0x1db d:/elektronik/ides/eclipse/yagarto/bin/../lib/gcc/arm-none-eabi/4.6.2/../../../../arm-none-eabi/lib/thumb/v7m\libg.a(lib_a-reallocr.o)
 .debug_abbrev  0x0000646f       0x14 d:/elektronik/ides/eclipse/yagarto/bin/../lib/gcc/arm-none-eabi/4.6.2/thumb/v7m\libgcc.a(_udivsi3.o)
 .debug_abbrev  0x00006483       0x14 d:/elektronik/ides/eclipse/yagarto/bin/../lib/gcc/arm-none-eabi/4.6.2/thumb/v7m\libgcc.a(_dvmd_tls.o)
 .debug_abbrev  0x00006497       0x14 d:/elektronik/ides/eclipse/yagarto/bin/../lib/gcc/arm-none-eabi/4.6.2/thumb/v7m\libgcc.a(_arm_addsubdf3.o)
 .debug_abbrev  0x000064ab       0x14 d:/elektronik/ides/eclipse/yagarto/bin/../lib/gcc/arm-none-eabi/4.6.2/thumb/v7m\libgcc.a(_arm_muldivdf3.o)
 .debug_abbrev  0x000064bf       0x14 d:/elektronik/ides/eclipse/yagarto/bin/../lib/gcc/arm-none-eabi/4.6.2/thumb/v7m\libgcc.a(_arm_cmpdf2.o)
 .debug_abbrev  0x000064d3       0x14 d:/elektronik/ides/eclipse/yagarto/bin/../lib/gcc/arm-none-eabi/4.6.2/thumb/v7m\libgcc.a(_arm_fixdfsi.o)

.debug_loc      0x00000000    0x14419
 .debug_loc     0x00000000      0x125 ./STM32F4xx_StdPeriph_Driver/src/misc.o
 .debug_loc     0x00000125      0x912 ./STM32F4xx_StdPeriph_Driver/src/stm32f4xx_adc.o
 .debug_loc     0x00000a37      0x5af ./STM32F4xx_StdPeriph_Driver/src/stm32f4xx_can.o
 .debug_loc     0x00000fe6       0x71 ./STM32F4xx_StdPeriph_Driver/src/stm32f4xx_crc.o
 .debug_loc     0x00001057      0x1f7 ./STM32F4xx_StdPeriph_Driver/src/stm32f4xx_cryp.o
 .debug_loc     0x0000124e     0x14d2 ./STM32F4xx_StdPeriph_Driver/src/stm32f4xx_cryp_aes.o
 .debug_loc     0x00002720      0x4c7 ./STM32F4xx_StdPeriph_Driver/src/stm32f4xx_cryp_des.o
 .debug_loc     0x00002be7      0x6cb ./STM32F4xx_StdPeriph_Driver/src/stm32f4xx_cryp_tdes.o
 .debug_loc     0x000032b2      0x3b1 ./STM32F4xx_StdPeriph_Driver/src/stm32f4xx_dac.o
 .debug_loc     0x00003663       0x5a ./STM32F4xx_StdPeriph_Driver/src/stm32f4xx_dbgmcu.o
 .debug_loc     0x000036bd      0x147 ./STM32F4xx_StdPeriph_Driver/src/stm32f4xx_dcmi.o
 .debug_loc     0x00003804      0x339 ./STM32F4xx_StdPeriph_Driver/src/stm32f4xx_dma.o
 .debug_loc     0x00003b3d      0x159 ./STM32F4xx_StdPeriph_Driver/src/stm32f4xx_exti.o
 .debug_loc     0x00003c96      0x5a2 ./STM32F4xx_StdPeriph_Driver/src/stm32f4xx_flash.o
 .debug_loc     0x00004238      0x31c ./STM32F4xx_StdPeriph_Driver/src/stm32f4xx_fsmc.o
 .debug_loc     0x00004554      0x28b ./STM32F4xx_StdPeriph_Driver/src/stm32f4xx_gpio.o
 .debug_loc     0x000047df      0x1c0 ./STM32F4xx_StdPeriph_Driver/src/stm32f4xx_hash.o
 .debug_loc     0x0000499f      0x5a7 ./STM32F4xx_StdPeriph_Driver/src/stm32f4xx_hash_md5.o
 .debug_loc     0x00004f46      0x62d ./STM32F4xx_StdPeriph_Driver/src/stm32f4xx_hash_sha1.o
 .debug_loc     0x00005573      0x65a ./STM32F4xx_StdPeriph_Driver/src/stm32f4xx_i2c.o
 .debug_loc     0x00005bcd       0x3d ./STM32F4xx_StdPeriph_Driver/src/stm32f4xx_iwdg.o
 .debug_loc     0x00005c0a       0xe6 ./STM32F4xx_StdPeriph_Driver/src/stm32f4xx_pwr.o
 .debug_loc     0x00005cf0      0x6ed ./STM32F4xx_StdPeriph_Driver/src/stm32f4xx_rcc.o
 .debug_loc     0x000063dd       0xc0 ./STM32F4xx_StdPeriph_Driver/src/stm32f4xx_rng.o
 .debug_loc     0x0000649d      0xfc5 ./STM32F4xx_StdPeriph_Driver/src/stm32f4xx_rtc.o
 .debug_loc     0x00007462      0x23f ./STM32F4xx_StdPeriph_Driver/src/stm32f4xx_sdio.o
 .debug_loc     0x000076a1      0x4d1 ./STM32F4xx_StdPeriph_Driver/src/stm32f4xx_spi.o
 .debug_loc     0x00007b72       0x9d ./STM32F4xx_StdPeriph_Driver/src/stm32f4xx_syscfg.o
 .debug_loc     0x00007c0f     0x142f ./STM32F4xx_StdPeriph_Driver/src/stm32f4xx_tim.o
 .debug_loc     0x0000903e      0x572 ./STM32F4xx_StdPeriph_Driver/src/stm32f4xx_usart.o
 .debug_loc     0x000095b0      0x10f ./STM32F4xx_StdPeriph_Driver/src/stm32f4xx_wwdg.o
 .debug_loc     0x000096bf       0xf1 ./STM32F4-Discovery/stm32f4_discovery.o
 .debug_loc     0x000097b0       0x88 ./FreeRTOS/Source/portable/GCC/ARM_CM4F/port.o
 .debug_loc     0x00009838      0x1e2 ./FreeRTOS/Source/croutine.o
 .debug_loc     0x00009a1a       0x3f ./FreeRTOS/Source/list.o
 .debug_loc     0x00009a59      0x6c7 ./FreeRTOS/Source/queue.o
 .debug_loc     0x0000a120      0xd6b ./FreeRTOS/Source/tasks.o
 .debug_loc     0x0000ae8b       0xc2 ./main.o
 .debug_loc     0x0000af4d      0x12d ./syscalls.o
 .debug_loc     0x0000b07a      0x130 ./system_stm32f4xx.o
 .debug_loc     0x0000b1aa       0xa4 ./ustime.o
 .debug_loc     0x0000b24e       0x3c d:/elektronik/ides/eclipse/yagarto/bin/../lib/gcc/arm-none-eabi/4.6.2/../../../../arm-none-eabi/lib/thumb/v7m\libg.a(lib_a-malloc.o)
 .debug_loc     0x0000b28a      0x995 d:/elektronik/ides/eclipse/yagarto/bin/../lib/gcc/arm-none-eabi/4.6.2/../../../../arm-none-eabi/lib/thumb/v7m\libg.a(lib_a-mallocr.o)
 .debug_loc     0x0000bc1f      0x1cc d:/elektronik/ides/eclipse/yagarto/bin/../lib/gcc/arm-none-eabi/4.6.2/../../../../arm-none-eabi/lib/thumb/v7m\libg.a(lib_a-memcpy.o)
 .debug_loc     0x0000bdeb      0x1fb d:/elektronik/ides/eclipse/yagarto/bin/../lib/gcc/arm-none-eabi/4.6.2/../../../../arm-none-eabi/lib/thumb/v7m\libg.a(lib_a-memset.o)
 .debug_loc     0x0000bfe6       0xd9 d:/elektronik/ides/eclipse/yagarto/bin/../lib/gcc/arm-none-eabi/4.6.2/../../../../arm-none-eabi/lib/thumb/v7m\libg.a(lib_a-sprintf.o)
 .debug_loc     0x0000c0bf       0xb9 d:/elektronik/ides/eclipse/yagarto/bin/../lib/gcc/arm-none-eabi/4.6.2/../../../../arm-none-eabi/lib/thumb/v7m\libg.a(lib_a-strcat.o)
 .debug_loc     0x0000c178       0x13 d:/elektronik/ides/eclipse/yagarto/bin/../lib/gcc/arm-none-eabi/4.6.2/../../../../arm-none-eabi/lib/thumb/v7m\libg.a(lib_a-strcpy.o)
 .debug_loc     0x0000c18b       0xe3 d:/elektronik/ides/eclipse/yagarto/bin/../lib/gcc/arm-none-eabi/4.6.2/../../../../arm-none-eabi/lib/thumb/v7m\libg.a(lib_a-strncpy.o)
 .debug_loc     0x0000c26e     0x2325 d:/elektronik/ides/eclipse/yagarto/bin/../lib/gcc/arm-none-eabi/4.6.2/../../../../arm-none-eabi/lib/thumb/v7m\libg.a(lib_a-svfprintf.o)
 .debug_loc     0x0000e593     0x1ea0 d:/elektronik/ides/eclipse/yagarto/bin/../lib/gcc/arm-none-eabi/4.6.2/../../../../arm-none-eabi/lib/thumb/v7m\libg.a(lib_a-dtoa.o)
 .debug_loc     0x00010433      0x421 d:/elektronik/ides/eclipse/yagarto/bin/../lib/gcc/arm-none-eabi/4.6.2/../../../../arm-none-eabi/lib/thumb/v7m\libg.a(lib_a-freer.o)
 .debug_loc     0x00010854       0xb3 d:/elektronik/ides/eclipse/yagarto/bin/../lib/gcc/arm-none-eabi/4.6.2/../../../../arm-none-eabi/lib/thumb/v7m\libg.a(lib_a-locale.o)
 .debug_loc     0x00010907      0x13f d:/elektronik/ides/eclipse/yagarto/bin/../lib/gcc/arm-none-eabi/4.6.2/../../../../arm-none-eabi/lib/thumb/v7m\libg.a(lib_a-memchr.o)
 .debug_loc     0x00010a46     0x1799 d:/elektronik/ides/eclipse/yagarto/bin/../lib/gcc/arm-none-eabi/4.6.2/../../../../arm-none-eabi/lib/thumb/v7m\libg.a(lib_a-mprec.o)
 .debug_loc     0x000121df       0xa0 d:/elektronik/ides/eclipse/yagarto/bin/../lib/gcc/arm-none-eabi/4.6.2/../../../../arm-none-eabi/lib/thumb/v7m\libg.a(lib_a-s_fpclassify.o)
 .debug_loc     0x0001227f       0x26 d:/elektronik/ides/eclipse/yagarto/bin/../lib/gcc/arm-none-eabi/4.6.2/../../../../arm-none-eabi/lib/thumb/v7m\libg.a(lib_a-strcmp.o)
 .debug_loc     0x000122a5       0x13 d:/elektronik/ides/eclipse/yagarto/bin/../lib/gcc/arm-none-eabi/4.6.2/../../../../arm-none-eabi/lib/thumb/v7m\libg.a(lib_a-strlen.o)
 .debug_loc     0x000122b8     0x121a d:/elektronik/ides/eclipse/yagarto/bin/../lib/gcc/arm-none-eabi/4.6.2/../../../../arm-none-eabi/lib/thumb/v7m\libg.a(lib_a-svfiprintf.o)
 .debug_loc     0x000134d2      0x16c d:/elektronik/ides/eclipse/yagarto/bin/../lib/gcc/arm-none-eabi/4.6.2/../../../../arm-none-eabi/lib/thumb/v7m\libg.a(lib_a-callocr.o)
 .debug_loc     0x0001363e      0x251 d:/elektronik/ides/eclipse/yagarto/bin/../lib/gcc/arm-none-eabi/4.6.2/../../../../arm-none-eabi/lib/thumb/v7m\libg.a(lib_a-memmove.o)
 .debug_loc     0x0001388f      0xb8a d:/elektronik/ides/eclipse/yagarto/bin/../lib/gcc/arm-none-eabi/4.6.2/../../../../arm-none-eabi/lib/thumb/v7m\libg.a(lib_a-reallocr.o)

.debug_aranges  0x00000000     0x1d28
 .debug_aranges
                0x00000000       0x40 ./STM32F4xx_StdPeriph_Driver/src/misc.o
 .debug_aranges
                0x00000040      0x148 ./STM32F4xx_StdPeriph_Driver/src/stm32f4xx_adc.o
 .debug_aranges
                0x00000188       0xd8 ./STM32F4xx_StdPeriph_Driver/src/stm32f4xx_can.o
 .debug_aranges
                0x00000260       0x48 ./STM32F4xx_StdPeriph_Driver/src/stm32f4xx_crc.o
 .debug_aranges
                0x000002a8       0xa0 ./STM32F4xx_StdPeriph_Driver/src/stm32f4xx_cryp.o
 .debug_aranges
                0x00000348       0x30 ./STM32F4xx_StdPeriph_Driver/src/stm32f4xx_cryp_aes.o
 .debug_aranges
                0x00000378       0x28 ./STM32F4xx_StdPeriph_Driver/src/stm32f4xx_cryp_des.o
 .debug_aranges
                0x000003a0       0x28 ./STM32F4xx_StdPeriph_Driver/src/stm32f4xx_cryp_tdes.o
 .debug_aranges
                0x000003c8       0xa0 ./STM32F4xx_StdPeriph_Driver/src/stm32f4xx_dac.o
 .debug_aranges
                0x00000468       0x40 ./STM32F4xx_StdPeriph_Driver/src/stm32f4xx_dbgmcu.o
 .debug_aranges
                0x000004a8       0x90 ./STM32F4xx_StdPeriph_Driver/src/stm32f4xx_dcmi.o
 .debug_aranges
                0x00000538       0xb0 ./STM32F4xx_StdPeriph_Driver/src/stm32f4xx_dma.o
 .debug_aranges
                0x000005e8       0x58 ./STM32F4xx_StdPeriph_Driver/src/stm32f4xx_exti.o
 .debug_aranges
                0x00000640      0x108 ./STM32F4xx_StdPeriph_Driver/src/stm32f4xx_flash.o
 .debug_aranges
                0x00000748       0xb0 ./STM32F4xx_StdPeriph_Driver/src/stm32f4xx_fsmc.o
 .debug_aranges
                0x000007f8       0x88 ./STM32F4xx_StdPeriph_Driver/src/stm32f4xx_gpio.o
 .debug_aranges
                0x00000880       0xa0 ./STM32F4xx_StdPeriph_Driver/src/stm32f4xx_hash.o
 .debug_aranges
                0x00000920       0x28 ./STM32F4xx_StdPeriph_Driver/src/stm32f4xx_hash_md5.o
 .debug_aranges
                0x00000948       0x28 ./STM32F4xx_StdPeriph_Driver/src/stm32f4xx_hash_sha1.o
 .debug_aranges
                0x00000970      0x120 ./STM32F4xx_StdPeriph_Driver/src/stm32f4xx_i2c.o
 .debug_aranges
                0x00000a90       0x48 ./STM32F4xx_StdPeriph_Driver/src/stm32f4xx_iwdg.o
 .debug_aranges
                0x00000ad8       0x78 ./STM32F4xx_StdPeriph_Driver/src/stm32f4xx_pwr.o
 .debug_aranges
                0x00000b50      0x178 ./STM32F4xx_StdPeriph_Driver/src/stm32f4xx_rcc.o
 .debug_aranges
                0x00000cc8       0x58 ./STM32F4xx_StdPeriph_Driver/src/stm32f4xx_rng.o
 .debug_aranges
                0x00000d20      0x1e0 ./STM32F4xx_StdPeriph_Driver/src/stm32f4xx_rtc.o
 .debug_aranges
                0x00000f00      0x108 ./STM32F4xx_StdPeriph_Driver/src/stm32f4xx_sdio.o
 .debug_aranges
                0x00001008       0xe0 ./STM32F4xx_StdPeriph_Driver/src/stm32f4xx_spi.o
 .debug_aranges
                0x000010e8       0x48 ./STM32F4xx_StdPeriph_Driver/src/stm32f4xx_syscfg.o
 .debug_aranges
                0x00001130      0x2e8 ./STM32F4xx_StdPeriph_Driver/src/stm32f4xx_tim.o
 .debug_aranges
                0x00001418      0x100 ./STM32F4xx_StdPeriph_Driver/src/stm32f4xx_usart.o
 .debug_aranges
                0x00001518       0x58 ./STM32F4xx_StdPeriph_Driver/src/stm32f4xx_wwdg.o
 .debug_aranges
                0x00001570       0x48 ./STM32F4-Discovery/stm32f4_discovery.o
 .debug_aranges
                0x000015b8       0x68 ./FreeRTOS/Source/portable/GCC/ARM_CM4F/port.o
 .debug_aranges
                0x00001620       0x38 ./FreeRTOS/Source/croutine.o
 .debug_aranges
                0x00001658       0x40 ./FreeRTOS/Source/list.o
 .debug_aranges
                0x00001698       0x88 ./FreeRTOS/Source/queue.o
 .debug_aranges
                0x00001720      0x140 ./FreeRTOS/Source/tasks.o
 .debug_aranges
                0x00001860       0x48 ./main.o
 .debug_aranges
                0x000018a8       0x48 ./stm32f4xx_it.o
 .debug_aranges
                0x000018f0       0x78 ./syscalls.o
 .debug_aranges
                0x00001968       0x28 ./system_stm32f4xx.o
 .debug_aranges
                0x00001990       0x38 ./ustime.o
 .debug_aranges
                0x000019c8       0x20 d:/elektronik/ides/eclipse/yagarto/bin/../lib/gcc/arm-none-eabi/4.6.2/../../../../arm-none-eabi/lib/thumb/v7m\libg.a(lib_a-malloc.o)
 .debug_aranges
                0x000019e8       0x20 d:/elektronik/ides/eclipse/yagarto/bin/../lib/gcc/arm-none-eabi/4.6.2/../../../../arm-none-eabi/lib/thumb/v7m\libg.a(lib_a-mallocr.o)
 .debug_aranges
                0x00001a08       0x20 d:/elektronik/ides/eclipse/yagarto/bin/../lib/gcc/arm-none-eabi/4.6.2/../../../../arm-none-eabi/lib/thumb/v7m\libg.a(lib_a-memcpy.o)
 .debug_aranges
                0x00001a28       0x20 d:/elektronik/ides/eclipse/yagarto/bin/../lib/gcc/arm-none-eabi/4.6.2/../../../../arm-none-eabi/lib/thumb/v7m\libg.a(lib_a-memset.o)
 .debug_aranges
                0x00001a48       0x20 d:/elektronik/ides/eclipse/yagarto/bin/../lib/gcc/arm-none-eabi/4.6.2/../../../../arm-none-eabi/lib/thumb/v7m\libg.a(lib_a-sprintf.o)
 .debug_aranges
                0x00001a68       0x20 d:/elektronik/ides/eclipse/yagarto/bin/../lib/gcc/arm-none-eabi/4.6.2/../../../../arm-none-eabi/lib/thumb/v7m\libg.a(lib_a-strcat.o)
 .debug_aranges
                0x00001a88       0x20 d:/elektronik/ides/eclipse/yagarto/bin/../lib/gcc/arm-none-eabi/4.6.2/../../../../arm-none-eabi/lib/thumb/v7m\libg.a(lib_a-strcpy.o)
 .debug_aranges
                0x00001aa8       0x20 d:/elektronik/ides/eclipse/yagarto/bin/../lib/gcc/arm-none-eabi/4.6.2/../../../../arm-none-eabi/lib/thumb/v7m\libg.a(lib_a-strncpy.o)
 .debug_aranges
                0x00001ac8       0x20 d:/elektronik/ides/eclipse/yagarto/bin/../lib/gcc/arm-none-eabi/4.6.2/../../../../arm-none-eabi/lib/thumb/v7m\libg.a(lib_a-svfprintf.o)
 .debug_aranges
                0x00001ae8       0x20 d:/elektronik/ides/eclipse/yagarto/bin/../lib/gcc/arm-none-eabi/4.6.2/../../../../arm-none-eabi/lib/thumb/v7m\libg.a(lib_a-dtoa.o)
 .debug_aranges
                0x00001b08       0x20 d:/elektronik/ides/eclipse/yagarto/bin/../lib/gcc/arm-none-eabi/4.6.2/../../../../arm-none-eabi/lib/thumb/v7m\libg.a(lib_a-freer.o)
 .debug_aranges
                0x00001b28       0x20 d:/elektronik/ides/eclipse/yagarto/bin/../lib/gcc/arm-none-eabi/4.6.2/../../../../arm-none-eabi/lib/thumb/v7m\libg.a(lib_a-locale.o)
 .debug_aranges
                0x00001b48       0x20 d:/elektronik/ides/eclipse/yagarto/bin/../lib/gcc/arm-none-eabi/4.6.2/../../../../arm-none-eabi/lib/thumb/v7m\libg.a(lib_a-memchr.o)
 .debug_aranges
                0x00001b68       0x20 d:/elektronik/ides/eclipse/yagarto/bin/../lib/gcc/arm-none-eabi/4.6.2/../../../../arm-none-eabi/lib/thumb/v7m\libg.a(lib_a-mprec.o)
 .debug_aranges
                0x00001b88       0x20 d:/elektronik/ides/eclipse/yagarto/bin/../lib/gcc/arm-none-eabi/4.6.2/../../../../arm-none-eabi/lib/thumb/v7m\libg.a(lib_a-s_fpclassify.o)
 .debug_aranges
                0x00001ba8       0x20 d:/elektronik/ides/eclipse/yagarto/bin/../lib/gcc/arm-none-eabi/4.6.2/../../../../arm-none-eabi/lib/thumb/v7m\libg.a(lib_a-strcmp.o)
 .debug_aranges
                0x00001bc8       0x20 d:/elektronik/ides/eclipse/yagarto/bin/../lib/gcc/arm-none-eabi/4.6.2/../../../../arm-none-eabi/lib/thumb/v7m\libg.a(lib_a-strlen.o)
 .debug_aranges
                0x00001be8       0x20 d:/elektronik/ides/eclipse/yagarto/bin/../lib/gcc/arm-none-eabi/4.6.2/../../../../arm-none-eabi/lib/thumb/v7m\libg.a(lib_a-svfiprintf.o)
 .debug_aranges
                0x00001c08       0x20 d:/elektronik/ides/eclipse/yagarto/bin/../lib/gcc/arm-none-eabi/4.6.2/../../../../arm-none-eabi/lib/thumb/v7m\libg.a(lib_a-callocr.o)
 .debug_aranges
                0x00001c28       0x20 d:/elektronik/ides/eclipse/yagarto/bin/../lib/gcc/arm-none-eabi/4.6.2/../../../../arm-none-eabi/lib/thumb/v7m\libg.a(lib_a-memmove.o)
 .debug_aranges
                0x00001c48       0x20 d:/elektronik/ides/eclipse/yagarto/bin/../lib/gcc/arm-none-eabi/4.6.2/../../../../arm-none-eabi/lib/thumb/v7m\libg.a(lib_a-reallocr.o)
 .debug_aranges
                0x00001c68       0x20 d:/elektronik/ides/eclipse/yagarto/bin/../lib/gcc/arm-none-eabi/4.6.2/thumb/v7m\libgcc.a(_udivsi3.o)
 .debug_aranges
                0x00001c88       0x20 d:/elektronik/ides/eclipse/yagarto/bin/../lib/gcc/arm-none-eabi/4.6.2/thumb/v7m\libgcc.a(_dvmd_tls.o)
 .debug_aranges
                0x00001ca8       0x20 d:/elektronik/ides/eclipse/yagarto/bin/../lib/gcc/arm-none-eabi/4.6.2/thumb/v7m\libgcc.a(_arm_addsubdf3.o)
 .debug_aranges
                0x00001cc8       0x20 d:/elektronik/ides/eclipse/yagarto/bin/../lib/gcc/arm-none-eabi/4.6.2/thumb/v7m\libgcc.a(_arm_muldivdf3.o)
 .debug_aranges
                0x00001ce8       0x20 d:/elektronik/ides/eclipse/yagarto/bin/../lib/gcc/arm-none-eabi/4.6.2/thumb/v7m\libgcc.a(_arm_cmpdf2.o)
 .debug_aranges
                0x00001d08       0x20 d:/elektronik/ides/eclipse/yagarto/bin/../lib/gcc/arm-none-eabi/4.6.2/thumb/v7m\libgcc.a(_arm_fixdfsi.o)

.debug_ranges   0x00000000     0x1c78
 .debug_ranges  0x00000000       0x30 ./STM32F4xx_StdPeriph_Driver/src/misc.o
 .debug_ranges  0x00000030      0x138 ./STM32F4xx_StdPeriph_Driver/src/stm32f4xx_adc.o
 .debug_ranges  0x00000168       0xc8 ./STM32F4xx_StdPeriph_Driver/src/stm32f4xx_can.o
 .debug_ranges  0x00000230       0x38 ./STM32F4xx_StdPeriph_Driver/src/stm32f4xx_crc.o
 .debug_ranges  0x00000268       0x90 ./STM32F4xx_StdPeriph_Driver/src/stm32f4xx_cryp.o
 .debug_ranges  0x000002f8       0x20 ./STM32F4xx_StdPeriph_Driver/src/stm32f4xx_cryp_aes.o
 .debug_ranges  0x00000318       0x18 ./STM32F4xx_StdPeriph_Driver/src/stm32f4xx_cryp_des.o
 .debug_ranges  0x00000330       0x18 ./STM32F4xx_StdPeriph_Driver/src/stm32f4xx_cryp_tdes.o
 .debug_ranges  0x00000348       0x90 ./STM32F4xx_StdPeriph_Driver/src/stm32f4xx_dac.o
 .debug_ranges  0x000003d8       0x30 ./STM32F4xx_StdPeriph_Driver/src/stm32f4xx_dbgmcu.o
 .debug_ranges  0x00000408       0x80 ./STM32F4xx_StdPeriph_Driver/src/stm32f4xx_dcmi.o
 .debug_ranges  0x00000488       0xa0 ./STM32F4xx_StdPeriph_Driver/src/stm32f4xx_dma.o
 .debug_ranges  0x00000528       0x48 ./STM32F4xx_StdPeriph_Driver/src/stm32f4xx_exti.o
 .debug_ranges  0x00000570       0xf8 ./STM32F4xx_StdPeriph_Driver/src/stm32f4xx_flash.o
 .debug_ranges  0x00000668       0xa0 ./STM32F4xx_StdPeriph_Driver/src/stm32f4xx_fsmc.o
 .debug_ranges  0x00000708       0x78 ./STM32F4xx_StdPeriph_Driver/src/stm32f4xx_gpio.o
 .debug_ranges  0x00000780       0x90 ./STM32F4xx_StdPeriph_Driver/src/stm32f4xx_hash.o
 .debug_ranges  0x00000810       0x18 ./STM32F4xx_StdPeriph_Driver/src/stm32f4xx_hash_md5.o
 .debug_ranges  0x00000828       0x18 ./STM32F4xx_StdPeriph_Driver/src/stm32f4xx_hash_sha1.o
 .debug_ranges  0x00000840      0x110 ./STM32F4xx_StdPeriph_Driver/src/stm32f4xx_i2c.o
 .debug_ranges  0x00000950       0x38 ./STM32F4xx_StdPeriph_Driver/src/stm32f4xx_iwdg.o
 .debug_ranges  0x00000988       0x68 ./STM32F4xx_StdPeriph_Driver/src/stm32f4xx_pwr.o
 .debug_ranges  0x000009f0      0x168 ./STM32F4xx_StdPeriph_Driver/src/stm32f4xx_rcc.o
 .debug_ranges  0x00000b58       0x48 ./STM32F4xx_StdPeriph_Driver/src/stm32f4xx_rng.o
 .debug_ranges  0x00000ba0      0x1d0 ./STM32F4xx_StdPeriph_Driver/src/stm32f4xx_rtc.o
 .debug_ranges  0x00000d70       0xf8 ./STM32F4xx_StdPeriph_Driver/src/stm32f4xx_sdio.o
 .debug_ranges  0x00000e68       0xd0 ./STM32F4xx_StdPeriph_Driver/src/stm32f4xx_spi.o
 .debug_ranges  0x00000f38       0x38 ./STM32F4xx_StdPeriph_Driver/src/stm32f4xx_syscfg.o
 .debug_ranges  0x00000f70      0x348 ./STM32F4xx_StdPeriph_Driver/src/stm32f4xx_tim.o
 .debug_ranges  0x000012b8       0xf0 ./STM32F4xx_StdPeriph_Driver/src/stm32f4xx_usart.o
 .debug_ranges  0x000013a8       0x48 ./STM32F4xx_StdPeriph_Driver/src/stm32f4xx_wwdg.o
 .debug_ranges  0x000013f0       0x38 ./STM32F4-Discovery/stm32f4_discovery.o
 .debug_ranges  0x00001428       0x58 ./FreeRTOS/Source/portable/GCC/ARM_CM4F/port.o
 .debug_ranges  0x00001480       0xc0 ./FreeRTOS/Source/croutine.o
 .debug_ranges  0x00001540       0x30 ./FreeRTOS/Source/list.o
 .debug_ranges  0x00001570       0x78 ./FreeRTOS/Source/queue.o
 .debug_ranges  0x000015e8      0x1f8 ./FreeRTOS/Source/tasks.o
 .debug_ranges  0x000017e0       0x38 ./main.o
 .debug_ranges  0x00001818       0x38 ./stm32f4xx_it.o
 .debug_ranges  0x00001850       0x68 ./syscalls.o
 .debug_ranges  0x000018b8       0x18 ./system_stm32f4xx.o
 .debug_ranges  0x000018d0       0x40 ./ustime.o
 .debug_ranges  0x00001910       0x40 d:/elektronik/ides/eclipse/yagarto/bin/../lib/gcc/arm-none-eabi/4.6.2/../../../../arm-none-eabi/lib/thumb/v7m\libg.a(lib_a-mallocr.o)
 .debug_ranges  0x00001950       0x20 d:/elektronik/ides/eclipse/yagarto/bin/../lib/gcc/arm-none-eabi/4.6.2/../../../../arm-none-eabi/lib/thumb/v7m\libg.a(lib_a-strcat.o)
 .debug_ranges  0x00001970      0x198 d:/elektronik/ides/eclipse/yagarto/bin/../lib/gcc/arm-none-eabi/4.6.2/../../../../arm-none-eabi/lib/thumb/v7m\libg.a(lib_a-svfprintf.o)
 .debug_ranges  0x00001b08       0x40 d:/elektronik/ides/eclipse/yagarto/bin/../lib/gcc/arm-none-eabi/4.6.2/../../../../arm-none-eabi/lib/thumb/v7m\libg.a(lib_a-mprec.o)
 .debug_ranges  0x00001b48       0x48 d:/elektronik/ides/eclipse/yagarto/bin/../lib/gcc/arm-none-eabi/4.6.2/../../../../arm-none-eabi/lib/thumb/v7m\libg.a(lib_a-svfiprintf.o)
 .debug_ranges  0x00001b90       0x18 d:/elektronik/ides/eclipse/yagarto/bin/../lib/gcc/arm-none-eabi/4.6.2/../../../../arm-none-eabi/lib/thumb/v7m\libg.a(lib_a-callocr.o)
 .debug_ranges  0x00001ba8       0xd0 d:/elektronik/ides/eclipse/yagarto/bin/../lib/gcc/arm-none-eabi/4.6.2/../../../../arm-none-eabi/lib/thumb/v7m\libg.a(lib_a-reallocr.o)

.debug_line     0x00000000    0x15cd4
 .debug_line    0x00000000      0x4e0 ./STM32F4xx_StdPeriph_Driver/src/misc.o
 .debug_line    0x000004e0      0x7fd ./STM32F4xx_StdPeriph_Driver/src/stm32f4xx_adc.o
 .debug_line    0x00000cdd      0x7f1 ./STM32F4xx_StdPeriph_Driver/src/stm32f4xx_can.o
 .debug_line    0x000014ce      0x4f0 ./STM32F4xx_StdPeriph_Driver/src/stm32f4xx_crc.o
 .debug_line    0x000019be      0x620 ./STM32F4xx_StdPeriph_Driver/src/stm32f4xx_cryp.o
 .debug_line    0x00001fde      0x8a7 ./STM32F4xx_StdPeriph_Driver/src/stm32f4xx_cryp_aes.o
 .debug_line    0x00002885      0x581 ./STM32F4xx_StdPeriph_Driver/src/stm32f4xx_cryp_des.o
 .debug_line    0x00002e06      0x5e3 ./STM32F4xx_StdPeriph_Driver/src/stm32f4xx_cryp_tdes.o
 .debug_line    0x000033e9      0x5db ./STM32F4xx_StdPeriph_Driver/src/stm32f4xx_dac.o
 .debug_line    0x000039c4      0x4d1 ./STM32F4xx_StdPeriph_Driver/src/stm32f4xx_dbgmcu.o
 .debug_line    0x00003e95      0x5ca ./STM32F4xx_StdPeriph_Driver/src/stm32f4xx_dcmi.o
 .debug_line    0x0000445f      0x664 ./STM32F4xx_StdPeriph_Driver/src/stm32f4xx_dma.o
 .debug_line    0x00004ac3      0x529 ./STM32F4xx_StdPeriph_Driver/src/stm32f4xx_exti.o
 .debug_line    0x00004fec      0x6fa ./STM32F4xx_StdPeriph_Driver/src/stm32f4xx_flash.o
 .debug_line    0x000056e6      0x6e1 ./STM32F4xx_StdPeriph_Driver/src/stm32f4xx_fsmc.o
 .debug_line    0x00005dc7      0x5c3 ./STM32F4xx_StdPeriph_Driver/src/stm32f4xx_gpio.o
 .debug_line    0x0000638a      0x5ea ./STM32F4xx_StdPeriph_Driver/src/stm32f4xx_hash.o
 .debug_line    0x00006974      0x5da ./STM32F4xx_StdPeriph_Driver/src/stm32f4xx_hash_md5.o
 .debug_line    0x00006f4e      0x5ef ./STM32F4xx_StdPeriph_Driver/src/stm32f4xx_hash_sha1.o
 .debug_line    0x0000753d      0x789 ./STM32F4xx_StdPeriph_Driver/src/stm32f4xx_i2c.o
 .debug_line    0x00007cc6      0x4df ./STM32F4xx_StdPeriph_Driver/src/stm32f4xx_iwdg.o
 .debug_line    0x000081a5      0x572 ./STM32F4xx_StdPeriph_Driver/src/stm32f4xx_pwr.o
 .debug_line    0x00008717      0x821 ./STM32F4xx_StdPeriph_Driver/src/stm32f4xx_rcc.o
 .debug_line    0x00008f38      0x50a ./STM32F4xx_StdPeriph_Driver/src/stm32f4xx_rng.o
 .debug_line    0x00009442      0xaec ./STM32F4xx_StdPeriph_Driver/src/stm32f4xx_rtc.o
 .debug_line    0x00009f2e      0x6ed ./STM32F4xx_StdPeriph_Driver/src/stm32f4xx_sdio.o
 .debug_line    0x0000a61b      0x70e ./STM32F4xx_StdPeriph_Driver/src/stm32f4xx_spi.o
 .debug_line    0x0000ad29      0x4e8 ./STM32F4xx_StdPeriph_Driver/src/stm32f4xx_syscfg.o
 .debug_line    0x0000b211      0xd47 ./STM32F4xx_StdPeriph_Driver/src/stm32f4xx_tim.o
 .debug_line    0x0000bf58      0x738 ./STM32F4xx_StdPeriph_Driver/src/stm32f4xx_usart.o
 .debug_line    0x0000c690      0x509 ./STM32F4xx_StdPeriph_Driver/src/stm32f4xx_wwdg.o
 .debug_line    0x0000cb99      0x513 ./STM32F4-Discovery/stm32f4_discovery.o
 .debug_line    0x0000d0ac      0x66c ./FreeRTOS/Source/portable/GCC/ARM_CM4F/port.o
 .debug_line    0x0000d718      0x693 ./FreeRTOS/Source/croutine.o
 .debug_line    0x0000ddab      0x758 ./FreeRTOS/Source/list.o
 .debug_line    0x0000e503      0x8ee ./FreeRTOS/Source/queue.o
 .debug_line    0x0000edf1      0xcd0 ./FreeRTOS/Source/tasks.o
 .debug_line    0x0000fac1      0x5a5 ./FreeRTOS/Source/timers.o
 .debug_line    0x00010066      0x688 ./main.o
 .debug_line    0x000106ee      0x4c5 ./stm32f4xx_it.o
 .debug_line    0x00010bb3      0x836 ./syscalls.o
 .debug_line    0x000113e9      0x4c2 ./system_stm32f4xx.o
 .debug_line    0x000118ab      0x5d4 ./ustime.o
 .debug_line    0x00011e7f      0x179 d:/elektronik/ides/eclipse/yagarto/bin/../lib/gcc/arm-none-eabi/4.6.2/../../../../arm-none-eabi/lib/thumb/v7m\libg.a(lib_a-malloc.o)
 .debug_line    0x00011ff8      0x309 d:/elektronik/ides/eclipse/yagarto/bin/../lib/gcc/arm-none-eabi/4.6.2/../../../../arm-none-eabi/lib/thumb/v7m\libg.a(lib_a-mallocr.o)
 .debug_line    0x00012301      0x175 d:/elektronik/ides/eclipse/yagarto/bin/../lib/gcc/arm-none-eabi/4.6.2/../../../../arm-none-eabi/lib/thumb/v7m\libg.a(lib_a-memcpy.o)
 .debug_line    0x00012476      0x183 d:/elektronik/ides/eclipse/yagarto/bin/../lib/gcc/arm-none-eabi/4.6.2/../../../../arm-none-eabi/lib/thumb/v7m\libg.a(lib_a-memset.o)
 .debug_line    0x000125f9      0x1c9 d:/elektronik/ides/eclipse/yagarto/bin/../lib/gcc/arm-none-eabi/4.6.2/../../../../arm-none-eabi/lib/thumb/v7m\libg.a(lib_a-sprintf.o)
 .debug_line    0x000127c2       0xf2 d:/elektronik/ides/eclipse/yagarto/bin/../lib/gcc/arm-none-eabi/4.6.2/../../../../arm-none-eabi/lib/thumb/v7m\libg.a(lib_a-strcat.o)
 .debug_line    0x000128b4       0xbe d:/elektronik/ides/eclipse/yagarto/bin/../lib/gcc/arm-none-eabi/4.6.2/../../../../arm-none-eabi/lib/thumb/v7m\libg.a(lib_a-strcpy.o)
 .debug_line    0x00012972      0x13d d:/elektronik/ides/eclipse/yagarto/bin/../lib/gcc/arm-none-eabi/4.6.2/../../../../arm-none-eabi/lib/thumb/v7m\libg.a(lib_a-strncpy.o)
 .debug_line    0x00012aaf      0x921 d:/elektronik/ides/eclipse/yagarto/bin/../lib/gcc/arm-none-eabi/4.6.2/../../../../arm-none-eabi/lib/thumb/v7m\libg.a(lib_a-svfprintf.o)
 .debug_line    0x000133d0      0x770 d:/elektronik/ides/eclipse/yagarto/bin/../lib/gcc/arm-none-eabi/4.6.2/../../../../arm-none-eabi/lib/thumb/v7m\libg.a(lib_a-dtoa.o)
 .debug_line    0x00013b40      0x1ef d:/elektronik/ides/eclipse/yagarto/bin/../lib/gcc/arm-none-eabi/4.6.2/../../../../arm-none-eabi/lib/thumb/v7m\libg.a(lib_a-freer.o)
 .debug_line    0x00013d2f      0x116 d:/elektronik/ides/eclipse/yagarto/bin/../lib/gcc/arm-none-eabi/4.6.2/../../../../arm-none-eabi/lib/thumb/v7m\libg.a(lib_a-impure.o)
 .debug_line    0x00013e45      0x1aa d:/elektronik/ides/eclipse/yagarto/bin/../lib/gcc/arm-none-eabi/4.6.2/../../../../arm-none-eabi/lib/thumb/v7m\libg.a(lib_a-locale.o)
 .debug_line    0x00013fef      0x151 d:/elektronik/ides/eclipse/yagarto/bin/../lib/gcc/arm-none-eabi/4.6.2/../../../../arm-none-eabi/lib/thumb/v7m\libg.a(lib_a-memchr.o)
 .debug_line    0x00014140      0x61f d:/elektronik/ides/eclipse/yagarto/bin/../lib/gcc/arm-none-eabi/4.6.2/../../../../arm-none-eabi/lib/thumb/v7m\libg.a(lib_a-mprec.o)
 .debug_line    0x0001475f      0x140 d:/elektronik/ides/eclipse/yagarto/bin/../lib/gcc/arm-none-eabi/4.6.2/../../../../arm-none-eabi/lib/thumb/v7m\libg.a(lib_a-s_fpclassify.o)
 .debug_line    0x0001489f       0xca d:/elektronik/ides/eclipse/yagarto/bin/../lib/gcc/arm-none-eabi/4.6.2/../../../../arm-none-eabi/lib/thumb/v7m\libg.a(lib_a-strcmp.o)
 .debug_line    0x00014969      0x117 d:/elektronik/ides/eclipse/yagarto/bin/../lib/gcc/arm-none-eabi/4.6.2/../../../../arm-none-eabi/lib/thumb/v7m\libg.a(lib_a-strlen.o)
 .debug_line    0x00014a80      0x607 d:/elektronik/ides/eclipse/yagarto/bin/../lib/gcc/arm-none-eabi/4.6.2/../../../../arm-none-eabi/lib/thumb/v7m\libg.a(lib_a-svfiprintf.o)
 .debug_line    0x00015087      0x154 d:/elektronik/ides/eclipse/yagarto/bin/../lib/gcc/arm-none-eabi/4.6.2/../../../../arm-none-eabi/lib/thumb/v7m\libg.a(lib_a-callocr.o)
 .debug_line    0x000151db      0x19d d:/elektronik/ides/eclipse/yagarto/bin/../lib/gcc/arm-none-eabi/4.6.2/../../../../arm-none-eabi/lib/thumb/v7m\libg.a(lib_a-memmove.o)
 .debug_line    0x00015378      0x28d d:/elektronik/ides/eclipse/yagarto/bin/../lib/gcc/arm-none-eabi/4.6.2/../../../../arm-none-eabi/lib/thumb/v7m\libg.a(lib_a-reallocr.o)
 .debug_line    0x00015605       0x93 d:/elektronik/ides/eclipse/yagarto/bin/../lib/gcc/arm-none-eabi/4.6.2/thumb/v7m\libgcc.a(_udivsi3.o)
 .debug_line    0x00015698       0x70 d:/elektronik/ides/eclipse/yagarto/bin/../lib/gcc/arm-none-eabi/4.6.2/thumb/v7m\libgcc.a(_dvmd_tls.o)
 .debug_line    0x00015708      0x20d d:/elektronik/ides/eclipse/yagarto/bin/../lib/gcc/arm-none-eabi/4.6.2/thumb/v7m\libgcc.a(_arm_addsubdf3.o)
 .debug_line    0x00015915      0x229 d:/elektronik/ides/eclipse/yagarto/bin/../lib/gcc/arm-none-eabi/4.6.2/thumb/v7m\libgcc.a(_arm_muldivdf3.o)
 .debug_line    0x00015b3e      0x10f d:/elektronik/ides/eclipse/yagarto/bin/../lib/gcc/arm-none-eabi/4.6.2/thumb/v7m\libgcc.a(_arm_cmpdf2.o)
 .debug_line    0x00015c4d       0x87 d:/elektronik/ides/eclipse/yagarto/bin/../lib/gcc/arm-none-eabi/4.6.2/thumb/v7m\libgcc.a(_arm_fixdfsi.o)

.debug_macinfo  0x00000000   0xf20636
 .debug_macinfo
                0x00000000    0x5956b ./STM32F4xx_StdPeriph_Driver/src/misc.o
 .debug_macinfo
                0x0005956b    0x59859 ./STM32F4xx_StdPeriph_Driver/src/stm32f4xx_adc.o
 .debug_macinfo
                0x000b2dc4    0x59747 ./STM32F4xx_StdPeriph_Driver/src/stm32f4xx_can.o
 .debug_macinfo
                0x0010c50b    0x5953f ./STM32F4xx_StdPeriph_Driver/src/stm32f4xx_crc.o
 .debug_macinfo
                0x00165a4a    0x5957f ./STM32F4xx_StdPeriph_Driver/src/stm32f4xx_cryp.o
 .debug_macinfo
                0x001befc9    0x59569 ./STM32F4xx_StdPeriph_Driver/src/stm32f4xx_cryp_aes.o
 .debug_macinfo
                0x00218532    0x59569 ./STM32F4xx_StdPeriph_Driver/src/stm32f4xx_cryp_des.o
 .debug_macinfo
                0x00271a9b    0x5956a ./STM32F4xx_StdPeriph_Driver/src/stm32f4xx_cryp_tdes.o
 .debug_macinfo
                0x002cb005    0x5965d ./STM32F4xx_StdPeriph_Driver/src/stm32f4xx_dac.o
 .debug_macinfo
                0x00324662    0x5956a ./STM32F4xx_StdPeriph_Driver/src/stm32f4xx_dbgmcu.o
 .debug_macinfo
                0x0037dbcc    0x5953f ./STM32F4xx_StdPeriph_Driver/src/stm32f4xx_dcmi.o
 .debug_macinfo
                0x003d710b    0x5987f ./STM32F4xx_StdPeriph_Driver/src/stm32f4xx_dma.o
 .debug_macinfo
                0x0043098a    0x59563 ./STM32F4xx_StdPeriph_Driver/src/stm32f4xx_exti.o
 .debug_macinfo
                0x00489eed    0x59564 ./STM32F4xx_StdPeriph_Driver/src/stm32f4xx_flash.o
 .debug_macinfo
                0x004e3451    0x59684 ./STM32F4xx_StdPeriph_Driver/src/stm32f4xx_fsmc.o
 .debug_macinfo
                0x0053cad5    0x5953f ./STM32F4xx_StdPeriph_Driver/src/stm32f4xx_gpio.o
 .debug_macinfo
                0x00596014    0x5953f ./STM32F4xx_StdPeriph_Driver/src/stm32f4xx_hash.o
 .debug_macinfo
                0x005ef553    0x59569 ./STM32F4xx_StdPeriph_Driver/src/stm32f4xx_hash_md5.o
 .debug_macinfo
                0x00648abc    0x5956a ./STM32F4xx_StdPeriph_Driver/src/stm32f4xx_hash_sha1.o
 .debug_macinfo
                0x006a2026    0x595a9 ./STM32F4xx_StdPeriph_Driver/src/stm32f4xx_i2c.o
 .debug_macinfo
                0x006fb5cf    0x59585 ./STM32F4xx_StdPeriph_Driver/src/stm32f4xx_iwdg.o
 .debug_macinfo
                0x00754b54    0x59824 ./STM32F4xx_StdPeriph_Driver/src/stm32f4xx_pwr.o
 .debug_macinfo
                0x007ae378    0x59a4b ./STM32F4xx_StdPeriph_Driver/src/stm32f4xx_rcc.o
 .debug_macinfo
                0x00807dc3    0x5953f ./STM32F4xx_StdPeriph_Driver/src/stm32f4xx_rng.o
 .debug_macinfo
                0x00861302    0x59780 ./STM32F4xx_StdPeriph_Driver/src/stm32f4xx_rtc.o
 .debug_macinfo
                0x008baa82    0x59ae8 ./STM32F4xx_StdPeriph_Driver/src/stm32f4xx_sdio.o
 .debug_macinfo
                0x0091456a    0x5962c ./STM32F4xx_StdPeriph_Driver/src/stm32f4xx_spi.o
 .debug_macinfo
                0x0096db96    0x596ad ./STM32F4xx_StdPeriph_Driver/src/stm32f4xx_syscfg.o
 .debug_macinfo
                0x009c7243    0x59618 ./STM32F4xx_StdPeriph_Driver/src/stm32f4xx_tim.o
 .debug_macinfo
                0x00a2085b    0x5966b ./STM32F4xx_StdPeriph_Driver/src/stm32f4xx_usart.o
 .debug_macinfo
                0x00a79ec6    0x5964d ./STM32F4xx_StdPeriph_Driver/src/stm32f4xx_wwdg.o
 .debug_macinfo
                0x00ad3513    0x597c8 ./STM32F4-Discovery/stm32f4_discovery.o
 .debug_macinfo
                0x00b2ccdb    0x5b763 ./FreeRTOS/Source/portable/GCC/ARM_CM4F/port.o
 .debug_macinfo
                0x00b8843e    0x5bc08 ./FreeRTOS/Source/croutine.o
 .debug_macinfo
                0x00be4046    0x5ccb1 ./FreeRTOS/Source/list.o
 .debug_macinfo
                0x00c40cf7    0x5d3c0 ./FreeRTOS/Source/queue.o
 .debug_macinfo
                0x00c9e0b7    0x5e897 ./FreeRTOS/Source/tasks.o
 .debug_macinfo
                0x00cfc94e    0x5c1fd ./FreeRTOS/Source/timers.o
 .debug_macinfo
                0x00d58b4b    0x5b7cf ./main.o
 .debug_macinfo
                0x00db431a    0x59553 ./stm32f4xx_it.o
 .debug_macinfo
                0x00e0d86d    0x5eab7 ./syscalls.o
 .debug_macinfo
                0x00e6c324    0x5959f ./system_stm32f4xx.o
 .debug_macinfo
                0x00ec58c3    0x5ad73 ./ustime.o

.debug_str      0x00000000     0x8d1e
 .debug_str     0x00000000      0x2ff ./STM32F4xx_StdPeriph_Driver/src/misc.o
                                0x350 (size before relaxing)
 .debug_str     0x000002ff      0x633 ./STM32F4xx_StdPeriph_Driver/src/stm32f4xx_adc.o
                                0x77b (size before relaxing)
 .debug_str     0x00000932      0x517 ./STM32F4xx_StdPeriph_Driver/src/stm32f4xx_can.o
                                0x6b5 (size before relaxing)
 .debug_str     0x00000e49       0xb3 ./STM32F4xx_StdPeriph_Driver/src/stm32f4xx_crc.o
                                0x1c2 (size before relaxing)
 .debug_str     0x00000efc      0x3a4 ./STM32F4xx_StdPeriph_Driver/src/stm32f4xx_cryp.o
                                0x534 (size before relaxing)
 .debug_str     0x000012a0       0xff ./STM32F4xx_StdPeriph_Driver/src/stm32f4xx_cryp_aes.o
                                0x35e (size before relaxing)
 .debug_str     0x0000139f       0x51 ./STM32F4xx_StdPeriph_Driver/src/stm32f4xx_cryp_des.o
                                0x349 (size before relaxing)
 .debug_str     0x000013f0       0xa1 ./STM32F4xx_StdPeriph_Driver/src/stm32f4xx_cryp_tdes.o
                                0x34f (size before relaxing)
 .debug_str     0x00001491      0x267 ./STM32F4xx_StdPeriph_Driver/src/stm32f4xx_dac.o
                                0x3ca (size before relaxing)
 .debug_str     0x000016f8       0xc5 ./STM32F4xx_StdPeriph_Driver/src/stm32f4xx_dbgmcu.o
                                0x1cc (size before relaxing)
 .debug_str     0x000017bd      0x2f9 ./STM32F4xx_StdPeriph_Driver/src/stm32f4xx_dcmi.o
                                0x450 (size before relaxing)
 .debug_str     0x00001ab6      0x36d ./STM32F4xx_StdPeriph_Driver/src/stm32f4xx_dma.o
                                0x4c3 (size before relaxing)
 .debug_str     0x00001e23      0x1b6 ./STM32F4xx_StdPeriph_Driver/src/stm32f4xx_exti.o
                                0x2e5 (size before relaxing)
 .debug_str     0x00001fd9      0x3b2 ./STM32F4xx_StdPeriph_Driver/src/stm32f4xx_flash.o
                                0x4fe (size before relaxing)
 .debug_str     0x0000238b      0x5c4 ./STM32F4xx_StdPeriph_Driver/src/stm32f4xx_fsmc.o
                                0x70b (size before relaxing)
 .debug_str     0x0000294f      0x306 ./STM32F4xx_StdPeriph_Driver/src/stm32f4xx_gpio.o
                                0x41a (size before relaxing)
 .debug_str     0x00002c55      0x259 ./STM32F4xx_StdPeriph_Driver/src/stm32f4xx_hash.o
                                0x3a9 (size before relaxing)
 .debug_str     0x00002eae       0x9d ./STM32F4xx_StdPeriph_Driver/src/stm32f4xx_hash_md5.o
                                0x269 (size before relaxing)
 .debug_str     0x00002f4b       0x77 ./STM32F4xx_StdPeriph_Driver/src/stm32f4xx_hash_sha1.o
                                0x26e (size before relaxing)
 .debug_str     0x00002fc2      0x41b ./STM32F4xx_StdPeriph_Driver/src/stm32f4xx_i2c.o
                                0x5dc (size before relaxing)
 .debug_str     0x000033dd       0xd1 ./STM32F4xx_StdPeriph_Driver/src/stm32f4xx_iwdg.o
                                0x1e3 (size before relaxing)
 .debug_str     0x000034ae      0x159 ./STM32F4xx_StdPeriph_Driver/src/stm32f4xx_pwr.o
                                0x2f1 (size before relaxing)
 .debug_str     0x00003607      0x5b2 ./STM32F4xx_StdPeriph_Driver/src/stm32f4xx_rcc.o
                                0x7c7 (size before relaxing)
 .debug_str     0x00003bb9       0xc8 ./STM32F4xx_StdPeriph_Driver/src/stm32f4xx_rng.o
                                0x1fb (size before relaxing)
 .debug_str     0x00003c81      0x94d ./STM32F4xx_StdPeriph_Driver/src/stm32f4xx_rtc.o
                                0xaca (size before relaxing)
 .debug_str     0x000045ce      0x46f ./STM32F4xx_StdPeriph_Driver/src/stm32f4xx_sdio.o
                                0x5c2 (size before relaxing)
 .debug_str     0x00004a3d      0x382 ./STM32F4xx_StdPeriph_Driver/src/stm32f4xx_spi.o
                                0x601 (size before relaxing)
 .debug_str     0x00004dbf      0x143 ./STM32F4xx_StdPeriph_Driver/src/stm32f4xx_syscfg.o
                                0x276 (size before relaxing)
 .debug_str     0x00004f02      0xb4b ./STM32F4xx_StdPeriph_Driver/src/stm32f4xx_tim.o
                                0xd47 (size before relaxing)
 .debug_str     0x00005a4d      0x419 ./STM32F4xx_StdPeriph_Driver/src/stm32f4xx_usart.o
                                0x606 (size before relaxing)
 .debug_str     0x00005e66       0xcd ./STM32F4xx_StdPeriph_Driver/src/stm32f4xx_wwdg.o
                                0x1f9 (size before relaxing)
 .debug_str     0x00005f33      0x6bd ./STM32F4-Discovery/stm32f4_discovery.o
                                0xaa0 (size before relaxing)
 .debug_str     0x000065f0      0x16e ./FreeRTOS/Source/portable/GCC/ARM_CM4F/port.o
                                0x24d (size before relaxing)
 .debug_str     0x0000675e      0x341 ./FreeRTOS/Source/croutine.o
                                0x432 (size before relaxing)
 .debug_str     0x00006a9f       0xad ./FreeRTOS/Source/list.o
                                0x226 (size before relaxing)
 .debug_str     0x00006b4c      0x312 ./FreeRTOS/Source/queue.o
                                0x4b0 (size before relaxing)
 .debug_str     0x00006e5e      0x7da ./FreeRTOS/Source/tasks.o
                                0xacd (size before relaxing)
 .debug_str     0x00007638       0x1c ./FreeRTOS/Source/timers.o
                                 0xf2 (size before relaxing)
 .debug_str     0x00007654      0x126 ./main.o
                                0x226 (size before relaxing)
 .debug_str     0x0000777a       0x77 ./stm32f4xx_it.o
                                0x14d (size before relaxing)
 .debug_str     0x000077f1      0x514 ./syscalls.o
                                0x65f (size before relaxing)
 .debug_str     0x00007d05       0x5c ./system_stm32f4xx.o
                                0x308 (size before relaxing)
 .debug_str     0x00007d61       0x42 ./ustime.o
                                0x326 (size before relaxing)
 .debug_str     0x00007da3       0x9c d:/elektronik/ides/eclipse/yagarto/bin/../lib/gcc/arm-none-eabi/4.6.2/../../../../arm-none-eabi/lib/thumb/v7m\libg.a(lib_a-malloc.o)
                                0x4ff (size before relaxing)
 .debug_str     0x00007e3f      0x20c d:/elektronik/ides/eclipse/yagarto/bin/../lib/gcc/arm-none-eabi/4.6.2/../../../../arm-none-eabi/lib/thumb/v7m\libg.a(lib_a-mallocr.o)
                                0x6d4 (size before relaxing)
 .debug_str     0x0000804b       0xbe d:/elektronik/ides/eclipse/yagarto/bin/../lib/gcc/arm-none-eabi/4.6.2/../../../../arm-none-eabi/lib/thumb/v7m\libg.a(lib_a-memcpy.o)
                                0x15a (size before relaxing)
 .debug_str     0x00008109       0x5a d:/elektronik/ides/eclipse/yagarto/bin/../lib/gcc/arm-none-eabi/4.6.2/../../../../arm-none-eabi/lib/thumb/v7m\libg.a(lib_a-memset.o)
                                0x147 (size before relaxing)
 .debug_str     0x00008163       0xc0 d:/elektronik/ides/eclipse/yagarto/bin/../lib/gcc/arm-none-eabi/4.6.2/../../../../arm-none-eabi/lib/thumb/v7m\libg.a(lib_a-sprintf.o)
                                0x51d (size before relaxing)
 .debug_str     0x00008223       0x51 d:/elektronik/ides/eclipse/yagarto/bin/../lib/gcc/arm-none-eabi/4.6.2/../../../../arm-none-eabi/lib/thumb/v7m\libg.a(lib_a-strcat.o)
                                0x137 (size before relaxing)
 .debug_str     0x00008274       0xa4 d:/elektronik/ides/eclipse/yagarto/bin/../lib/gcc/arm-none-eabi/4.6.2/../../../../arm-none-eabi/lib/thumb/v7m\libg.a(lib_a-strcpy.o)
                                0x139 (size before relaxing)
 .debug_str     0x00008318       0x48 d:/elektronik/ides/eclipse/yagarto/bin/../lib/gcc/arm-none-eabi/4.6.2/../../../../arm-none-eabi/lib/thumb/v7m\libg.a(lib_a-strncpy.o)
                                0x15d (size before relaxing)
 .debug_str     0x00008360      0x1b5 d:/elektronik/ides/eclipse/yagarto/bin/../lib/gcc/arm-none-eabi/4.6.2/../../../../arm-none-eabi/lib/thumb/v7m\libg.a(lib_a-svfprintf.o)
                                0x6c8 (size before relaxing)
 .debug_str     0x00008515      0x106 d:/elektronik/ides/eclipse/yagarto/bin/../lib/gcc/arm-none-eabi/4.6.2/../../../../arm-none-eabi/lib/thumb/v7m\libg.a(lib_a-dtoa.o)
                                0x5e4 (size before relaxing)
 .debug_str     0x0000861b       0x3c d:/elektronik/ides/eclipse/yagarto/bin/../lib/gcc/arm-none-eabi/4.6.2/../../../../arm-none-eabi/lib/thumb/v7m\libg.a(lib_a-freer.o)
                                0x626 (size before relaxing)
 .debug_str     0x00008657       0xad d:/elektronik/ides/eclipse/yagarto/bin/../lib/gcc/arm-none-eabi/4.6.2/../../../../arm-none-eabi/lib/thumb/v7m\libg.a(lib_a-impure.o)
                                0x4fd (size before relaxing)
 .debug_str     0x00008704      0x26b d:/elektronik/ides/eclipse/yagarto/bin/../lib/gcc/arm-none-eabi/4.6.2/../../../../arm-none-eabi/lib/thumb/v7m\libg.a(lib_a-locale.o)
                                0x753 (size before relaxing)
 .debug_str     0x0000896f       0x54 d:/elektronik/ides/eclipse/yagarto/bin/../lib/gcc/arm-none-eabi/4.6.2/../../../../arm-none-eabi/lib/thumb/v7m\libg.a(lib_a-memchr.o)
                                0x14d (size before relaxing)
 .debug_str     0x000089c3       0xfc d:/elektronik/ides/eclipse/yagarto/bin/../lib/gcc/arm-none-eabi/4.6.2/../../../../arm-none-eabi/lib/thumb/v7m\libg.a(lib_a-mprec.o)
                                0x5f1 (size before relaxing)
 .debug_str     0x00008abf       0xc6 d:/elektronik/ides/eclipse/yagarto/bin/../lib/gcc/arm-none-eabi/4.6.2/../../../../arm-none-eabi/lib/thumb/v7m\libg.a(lib_a-s_fpclassify.o)
                                0x185 (size before relaxing)
 .debug_str     0x00008b85       0x5f d:/elektronik/ides/eclipse/yagarto/bin/../lib/gcc/arm-none-eabi/4.6.2/../../../../arm-none-eabi/lib/thumb/v7m\libg.a(lib_a-strcmp.o)
                                0x14a (size before relaxing)
 .debug_str     0x00008be4       0x4e d:/elektronik/ides/eclipse/yagarto/bin/../lib/gcc/arm-none-eabi/4.6.2/../../../../arm-none-eabi/lib/thumb/v7m\libg.a(lib_a-strlen.o)
                                0x140 (size before relaxing)
 .debug_str     0x00008c32       0x29 d:/elektronik/ides/eclipse/yagarto/bin/../lib/gcc/arm-none-eabi/4.6.2/../../../../arm-none-eabi/lib/thumb/v7m\libg.a(lib_a-svfiprintf.o)
                                0x63b (size before relaxing)
 .debug_str     0x00008c5b       0x19 d:/elektronik/ides/eclipse/yagarto/bin/../lib/gcc/arm-none-eabi/4.6.2/../../../../arm-none-eabi/lib/thumb/v7m\libg.a(lib_a-callocr.o)
                                0x525 (size before relaxing)
 .debug_str     0x00008c74       0x51 d:/elektronik/ides/eclipse/yagarto/bin/../lib/gcc/arm-none-eabi/4.6.2/../../../../arm-none-eabi/lib/thumb/v7m\libg.a(lib_a-memmove.o)
                                0x166 (size before relaxing)
 .debug_str     0x00008cc5       0x59 d:/elektronik/ides/eclipse/yagarto/bin/../lib/gcc/arm-none-eabi/4.6.2/../../../../arm-none-eabi/lib/thumb/v7m\libg.a(lib_a-reallocr.o)
                                0x5a6 (size before relaxing)

.comment        0x00000000       0x11
 .comment       0x00000000       0x11 ./STM32F4xx_StdPeriph_Driver/src/misc.o
                                 0x12 (size before relaxing)
 .comment       0x00000000       0x12 ./STM32F4xx_StdPeriph_Driver/src/stm32f4xx_adc.o
 .comment       0x00000000       0x12 ./STM32F4xx_StdPeriph_Driver/src/stm32f4xx_can.o
 .comment       0x00000000       0x12 ./STM32F4xx_StdPeriph_Driver/src/stm32f4xx_crc.o
 .comment       0x00000000       0x12 ./STM32F4xx_StdPeriph_Driver/src/stm32f4xx_cryp.o
 .comment       0x00000000       0x12 ./STM32F4xx_StdPeriph_Driver/src/stm32f4xx_cryp_aes.o
 .comment       0x00000000       0x12 ./STM32F4xx_StdPeriph_Driver/src/stm32f4xx_cryp_des.o
 .comment       0x00000000       0x12 ./STM32F4xx_StdPeriph_Driver/src/stm32f4xx_cryp_tdes.o
 .comment       0x00000000       0x12 ./STM32F4xx_StdPeriph_Driver/src/stm32f4xx_dac.o
 .comment       0x00000000       0x12 ./STM32F4xx_StdPeriph_Driver/src/stm32f4xx_dbgmcu.o
 .comment       0x00000000       0x12 ./STM32F4xx_StdPeriph_Driver/src/stm32f4xx_dcmi.o
 .comment       0x00000000       0x12 ./STM32F4xx_StdPeriph_Driver/src/stm32f4xx_dma.o
 .comment       0x00000000       0x12 ./STM32F4xx_StdPeriph_Driver/src/stm32f4xx_exti.o
 .comment       0x00000000       0x12 ./STM32F4xx_StdPeriph_Driver/src/stm32f4xx_flash.o
 .comment       0x00000000       0x12 ./STM32F4xx_StdPeriph_Driver/src/stm32f4xx_fsmc.o
 .comment       0x00000000       0x12 ./STM32F4xx_StdPeriph_Driver/src/stm32f4xx_gpio.o
 .comment       0x00000000       0x12 ./STM32F4xx_StdPeriph_Driver/src/stm32f4xx_hash.o
 .comment       0x00000000       0x12 ./STM32F4xx_StdPeriph_Driver/src/stm32f4xx_hash_md5.o
 .comment       0x00000000       0x12 ./STM32F4xx_StdPeriph_Driver/src/stm32f4xx_hash_sha1.o
 .comment       0x00000000       0x12 ./STM32F4xx_StdPeriph_Driver/src/stm32f4xx_i2c.o
 .comment       0x00000000       0x12 ./STM32F4xx_StdPeriph_Driver/src/stm32f4xx_iwdg.o
 .comment       0x00000000       0x12 ./STM32F4xx_StdPeriph_Driver/src/stm32f4xx_pwr.o
 .comment       0x00000000       0x12 ./STM32F4xx_StdPeriph_Driver/src/stm32f4xx_rcc.o
 .comment       0x00000000       0x12 ./STM32F4xx_StdPeriph_Driver/src/stm32f4xx_rng.o
 .comment       0x00000000       0x12 ./STM32F4xx_StdPeriph_Driver/src/stm32f4xx_rtc.o
 .comment       0x00000000       0x12 ./STM32F4xx_StdPeriph_Driver/src/stm32f4xx_sdio.o
 .comment       0x00000000       0x12 ./STM32F4xx_StdPeriph_Driver/src/stm32f4xx_spi.o
 .comment       0x00000000       0x12 ./STM32F4xx_StdPeriph_Driver/src/stm32f4xx_syscfg.o
 .comment       0x00000000       0x12 ./STM32F4xx_StdPeriph_Driver/src/stm32f4xx_tim.o
 .comment       0x00000000       0x12 ./STM32F4xx_StdPeriph_Driver/src/stm32f4xx_usart.o
 .comment       0x00000000       0x12 ./STM32F4xx_StdPeriph_Driver/src/stm32f4xx_wwdg.o
 .comment       0x00000000       0x12 ./STM32F4-Discovery/stm32f4_discovery.o
 .comment       0x00000000       0x12 ./FreeRTOS/Source/portable/GCC/ARM_CM4F/port.o
 .comment       0x00000000       0x12 ./FreeRTOS/Source/croutine.o
 .comment       0x00000000       0x12 ./FreeRTOS/Source/list.o
 .comment       0x00000000       0x12 ./FreeRTOS/Source/queue.o
 .comment       0x00000000       0x12 ./FreeRTOS/Source/tasks.o
 .comment       0x00000000       0x12 ./FreeRTOS/Source/timers.o
 .comment       0x00000000       0x12 ./main.o
 .comment       0x00000000       0x12 ./stm32f4xx_it.o
 .comment       0x00000000       0x12 ./syscalls.o
 .comment       0x00000000       0x12 ./system_stm32f4xx.o
 .comment       0x00000000       0x12 ./ustime.o
 .comment       0x00000000       0x12 d:/elektronik/ides/eclipse/yagarto/bin/../lib/gcc/arm-none-eabi/4.6.2/../../../../arm-none-eabi/lib/thumb/v7m\libg.a(lib_a-malloc.o)
 .comment       0x00000000       0x12 d:/elektronik/ides/eclipse/yagarto/bin/../lib/gcc/arm-none-eabi/4.6.2/../../../../arm-none-eabi/lib/thumb/v7m\libg.a(lib_a-mallocr.o)
 .comment       0x00000000       0x12 d:/elektronik/ides/eclipse/yagarto/bin/../lib/gcc/arm-none-eabi/4.6.2/../../../../arm-none-eabi/lib/thumb/v7m\libg.a(lib_a-memcpy.o)
 .comment       0x00000000       0x12 d:/elektronik/ides/eclipse/yagarto/bin/../lib/gcc/arm-none-eabi/4.6.2/../../../../arm-none-eabi/lib/thumb/v7m\libg.a(lib_a-memset.o)
 .comment       0x00000000       0x12 d:/elektronik/ides/eclipse/yagarto/bin/../lib/gcc/arm-none-eabi/4.6.2/../../../../arm-none-eabi/lib/thumb/v7m\libg.a(lib_a-sprintf.o)
 .comment       0x00000000       0x12 d:/elektronik/ides/eclipse/yagarto/bin/../lib/gcc/arm-none-eabi/4.6.2/../../../../arm-none-eabi/lib/thumb/v7m\libg.a(lib_a-strcat.o)
 .comment       0x00000000       0x12 d:/elektronik/ides/eclipse/yagarto/bin/../lib/gcc/arm-none-eabi/4.6.2/../../../../arm-none-eabi/lib/thumb/v7m\libg.a(lib_a-strcpy.o)
 .comment       0x00000000       0x12 d:/elektronik/ides/eclipse/yagarto/bin/../lib/gcc/arm-none-eabi/4.6.2/../../../../arm-none-eabi/lib/thumb/v7m\libg.a(lib_a-strncpy.o)
 .comment       0x00000000       0x12 d:/elektronik/ides/eclipse/yagarto/bin/../lib/gcc/arm-none-eabi/4.6.2/../../../../arm-none-eabi/lib/thumb/v7m\libg.a(lib_a-svfprintf.o)
 .comment       0x00000000       0x12 d:/elektronik/ides/eclipse/yagarto/bin/../lib/gcc/arm-none-eabi/4.6.2/../../../../arm-none-eabi/lib/thumb/v7m\libg.a(lib_a-dtoa.o)
 .comment       0x00000000       0x12 d:/elektronik/ides/eclipse/yagarto/bin/../lib/gcc/arm-none-eabi/4.6.2/../../../../arm-none-eabi/lib/thumb/v7m\libg.a(lib_a-freer.o)
 .comment       0x00000000       0x12 d:/elektronik/ides/eclipse/yagarto/bin/../lib/gcc/arm-none-eabi/4.6.2/../../../../arm-none-eabi/lib/thumb/v7m\libg.a(lib_a-impure.o)
 .comment       0x00000000       0x12 d:/elektronik/ides/eclipse/yagarto/bin/../lib/gcc/arm-none-eabi/4.6.2/../../../../arm-none-eabi/lib/thumb/v7m\libg.a(lib_a-locale.o)
 .comment       0x00000000       0x12 d:/elektronik/ides/eclipse/yagarto/bin/../lib/gcc/arm-none-eabi/4.6.2/../../../../arm-none-eabi/lib/thumb/v7m\libg.a(lib_a-memchr.o)
 .comment       0x00000000       0x12 d:/elektronik/ides/eclipse/yagarto/bin/../lib/gcc/arm-none-eabi/4.6.2/../../../../arm-none-eabi/lib/thumb/v7m\libg.a(lib_a-mprec.o)
 .comment       0x00000000       0x12 d:/elektronik/ides/eclipse/yagarto/bin/../lib/gcc/arm-none-eabi/4.6.2/../../../../arm-none-eabi/lib/thumb/v7m\libg.a(lib_a-s_fpclassify.o)
 .comment       0x00000000       0x12 d:/elektronik/ides/eclipse/yagarto/bin/../lib/gcc/arm-none-eabi/4.6.2/../../../../arm-none-eabi/lib/thumb/v7m\libg.a(lib_a-strcmp.o)
 .comment       0x00000000       0x12 d:/elektronik/ides/eclipse/yagarto/bin/../lib/gcc/arm-none-eabi/4.6.2/../../../../arm-none-eabi/lib/thumb/v7m\libg.a(lib_a-strlen.o)
 .comment       0x00000000       0x12 d:/elektronik/ides/eclipse/yagarto/bin/../lib/gcc/arm-none-eabi/4.6.2/../../../../arm-none-eabi/lib/thumb/v7m\libg.a(lib_a-svfiprintf.o)
 .comment       0x00000000       0x12 d:/elektronik/ides/eclipse/yagarto/bin/../lib/gcc/arm-none-eabi/4.6.2/../../../../arm-none-eabi/lib/thumb/v7m\libg.a(lib_a-callocr.o)
 .comment       0x00000000       0x12 d:/elektronik/ides/eclipse/yagarto/bin/../lib/gcc/arm-none-eabi/4.6.2/../../../../arm-none-eabi/lib/thumb/v7m\libg.a(lib_a-memmove.o)
 .comment       0x00000000       0x12 d:/elektronik/ides/eclipse/yagarto/bin/../lib/gcc/arm-none-eabi/4.6.2/../../../../arm-none-eabi/lib/thumb/v7m\libg.a(lib_a-reallocr.o)

.ARM.attributes
                0x00000000       0x37
 .ARM.attributes
                0x00000000       0x37 ./STM32F4xx_StdPeriph_Driver/src/misc.o
 .ARM.attributes
                0x00000037       0x37 ./STM32F4xx_StdPeriph_Driver/src/stm32f4xx_adc.o
 .ARM.attributes
                0x0000006e       0x37 ./STM32F4xx_StdPeriph_Driver/src/stm32f4xx_can.o
 .ARM.attributes
                0x000000a5       0x37 ./STM32F4xx_StdPeriph_Driver/src/stm32f4xx_crc.o
 .ARM.attributes
                0x000000dc       0x37 ./STM32F4xx_StdPeriph_Driver/src/stm32f4xx_cryp.o
 .ARM.attributes
                0x00000113       0x37 ./STM32F4xx_StdPeriph_Driver/src/stm32f4xx_cryp_aes.o
 .ARM.attributes
                0x0000014a       0x37 ./STM32F4xx_StdPeriph_Driver/src/stm32f4xx_cryp_des.o
 .ARM.attributes
                0x00000181       0x37 ./STM32F4xx_StdPeriph_Driver/src/stm32f4xx_cryp_tdes.o
 .ARM.attributes
                0x000001b8       0x37 ./STM32F4xx_StdPeriph_Driver/src/stm32f4xx_dac.o
 .ARM.attributes
                0x000001ef       0x37 ./STM32F4xx_StdPeriph_Driver/src/stm32f4xx_dbgmcu.o
 .ARM.attributes
                0x00000226       0x37 ./STM32F4xx_StdPeriph_Driver/src/stm32f4xx_dcmi.o
 .ARM.attributes
                0x0000025d       0x37 ./STM32F4xx_StdPeriph_Driver/src/stm32f4xx_dma.o
 .ARM.attributes
                0x00000294       0x37 ./STM32F4xx_StdPeriph_Driver/src/stm32f4xx_exti.o
 .ARM.attributes
                0x000002cb       0x37 ./STM32F4xx_StdPeriph_Driver/src/stm32f4xx_flash.o
 .ARM.attributes
                0x00000302       0x37 ./STM32F4xx_StdPeriph_Driver/src/stm32f4xx_fsmc.o
 .ARM.attributes
                0x00000339       0x37 ./STM32F4xx_StdPeriph_Driver/src/stm32f4xx_gpio.o
 .ARM.attributes
                0x00000370       0x37 ./STM32F4xx_StdPeriph_Driver/src/stm32f4xx_hash.o
 .ARM.attributes
                0x000003a7       0x37 ./STM32F4xx_StdPeriph_Driver/src/stm32f4xx_hash_md5.o
 .ARM.attributes
                0x000003de       0x37 ./STM32F4xx_StdPeriph_Driver/src/stm32f4xx_hash_sha1.o
 .ARM.attributes
                0x00000415       0x37 ./STM32F4xx_StdPeriph_Driver/src/stm32f4xx_i2c.o
 .ARM.attributes
                0x0000044c       0x37 ./STM32F4xx_StdPeriph_Driver/src/stm32f4xx_iwdg.o
 .ARM.attributes
                0x00000483       0x37 ./STM32F4xx_StdPeriph_Driver/src/stm32f4xx_pwr.o
 .ARM.attributes
                0x000004ba       0x37 ./STM32F4xx_StdPeriph_Driver/src/stm32f4xx_rcc.o
 .ARM.attributes
                0x000004f1       0x37 ./STM32F4xx_StdPeriph_Driver/src/stm32f4xx_rng.o
 .ARM.attributes
                0x00000528       0x37 ./STM32F4xx_StdPeriph_Driver/src/stm32f4xx_rtc.o
 .ARM.attributes
                0x0000055f       0x37 ./STM32F4xx_StdPeriph_Driver/src/stm32f4xx_sdio.o
 .ARM.attributes
                0x00000596       0x37 ./STM32F4xx_StdPeriph_Driver/src/stm32f4xx_spi.o
 .ARM.attributes
                0x000005cd       0x37 ./STM32F4xx_StdPeriph_Driver/src/stm32f4xx_syscfg.o
 .ARM.attributes
                0x00000604       0x37 ./STM32F4xx_StdPeriph_Driver/src/stm32f4xx_tim.o
 .ARM.attributes
                0x0000063b       0x37 ./STM32F4xx_StdPeriph_Driver/src/stm32f4xx_usart.o
 .ARM.attributes
                0x00000672       0x37 ./STM32F4xx_StdPeriph_Driver/src/stm32f4xx_wwdg.o
 .ARM.attributes
                0x000006a9       0x37 ./STM32F4-Discovery/stm32f4_discovery.o
 .ARM.attributes
                0x000006e0       0x37 ./FreeRTOS/Source/portable/GCC/ARM_CM4F/port.o
 .ARM.attributes
                0x00000717       0x37 ./FreeRTOS/Source/croutine.o
 .ARM.attributes
                0x0000074e       0x37 ./FreeRTOS/Source/list.o
 .ARM.attributes
                0x00000785       0x37 ./FreeRTOS/Source/queue.o
 .ARM.attributes
                0x000007bc       0x37 ./FreeRTOS/Source/tasks.o
 .ARM.attributes
                0x000007f3       0x37 ./FreeRTOS/Source/timers.o
 .ARM.attributes
                0x0000082a       0x37 ./main.o
 .ARM.attributes
                0x00000861       0x37 ./stm32f4xx_it.o
 .ARM.attributes
                0x00000898       0x37 ./syscalls.o
 .ARM.attributes
                0x000008cf       0x37 ./system_stm32f4xx.o
 .ARM.attributes
                0x00000906       0x37 ./ustime.o
 .ARM.attributes
                0x0000093d       0x2b d:/elektronik/ides/eclipse/yagarto/bin/../lib/gcc/arm-none-eabi/4.6.2/../../../../arm-none-eabi/lib/thumb/v7m\libg.a(lib_a-malloc.o)
 .ARM.attributes
                0x00000968       0x2b d:/elektronik/ides/eclipse/yagarto/bin/../lib/gcc/arm-none-eabi/4.6.2/../../../../arm-none-eabi/lib/thumb/v7m\libg.a(lib_a-mallocr.o)
 .ARM.attributes
                0x00000993       0x2b d:/elektronik/ides/eclipse/yagarto/bin/../lib/gcc/arm-none-eabi/4.6.2/../../../../arm-none-eabi/lib/thumb/v7m\libg.a(lib_a-memcpy.o)
 .ARM.attributes
                0x000009be       0x2b d:/elektronik/ides/eclipse/yagarto/bin/../lib/gcc/arm-none-eabi/4.6.2/../../../../arm-none-eabi/lib/thumb/v7m\libg.a(lib_a-memset.o)
 .ARM.attributes
                0x000009e9       0x2b d:/elektronik/ides/eclipse/yagarto/bin/../lib/gcc/arm-none-eabi/4.6.2/../../../../arm-none-eabi/lib/thumb/v7m\libg.a(lib_a-sprintf.o)
 .ARM.attributes
                0x00000a14       0x2b d:/elektronik/ides/eclipse/yagarto/bin/../lib/gcc/arm-none-eabi/4.6.2/../../../../arm-none-eabi/lib/thumb/v7m\libg.a(lib_a-strcat.o)
 .ARM.attributes
                0x00000a3f       0x2b d:/elektronik/ides/eclipse/yagarto/bin/../lib/gcc/arm-none-eabi/4.6.2/../../../../arm-none-eabi/lib/thumb/v7m\libg.a(lib_a-strcpy.o)
 .ARM.attributes
                0x00000a6a       0x2b d:/elektronik/ides/eclipse/yagarto/bin/../lib/gcc/arm-none-eabi/4.6.2/../../../../arm-none-eabi/lib/thumb/v7m\libg.a(lib_a-strncpy.o)
 .ARM.attributes
                0x00000a95       0x2b d:/elektronik/ides/eclipse/yagarto/bin/../lib/gcc/arm-none-eabi/4.6.2/../../../../arm-none-eabi/lib/thumb/v7m\libg.a(lib_a-svfprintf.o)
 .ARM.attributes
                0x00000ac0       0x2b d:/elektronik/ides/eclipse/yagarto/bin/../lib/gcc/arm-none-eabi/4.6.2/../../../../arm-none-eabi/lib/thumb/v7m\libg.a(lib_a-dtoa.o)
 .ARM.attributes
                0x00000aeb       0x2b d:/elektronik/ides/eclipse/yagarto/bin/../lib/gcc/arm-none-eabi/4.6.2/../../../../arm-none-eabi/lib/thumb/v7m\libg.a(lib_a-freer.o)
 .ARM.attributes
                0x00000b16       0x2b d:/elektronik/ides/eclipse/yagarto/bin/../lib/gcc/arm-none-eabi/4.6.2/../../../../arm-none-eabi/lib/thumb/v7m\libg.a(lib_a-impure.o)
 .ARM.attributes
                0x00000b41       0x2b d:/elektronik/ides/eclipse/yagarto/bin/../lib/gcc/arm-none-eabi/4.6.2/../../../../arm-none-eabi/lib/thumb/v7m\libg.a(lib_a-locale.o)
 .ARM.attributes
                0x00000b6c       0x2b d:/elektronik/ides/eclipse/yagarto/bin/../lib/gcc/arm-none-eabi/4.6.2/../../../../arm-none-eabi/lib/thumb/v7m\libg.a(lib_a-memchr.o)
 .ARM.attributes
                0x00000b97       0x2b d:/elektronik/ides/eclipse/yagarto/bin/../lib/gcc/arm-none-eabi/4.6.2/../../../../arm-none-eabi/lib/thumb/v7m\libg.a(lib_a-mprec.o)
 .ARM.attributes
                0x00000bc2       0x2b d:/elektronik/ides/eclipse/yagarto/bin/../lib/gcc/arm-none-eabi/4.6.2/../../../../arm-none-eabi/lib/thumb/v7m\libg.a(lib_a-s_fpclassify.o)
 .ARM.attributes
                0x00000bed       0x2b d:/elektronik/ides/eclipse/yagarto/bin/../lib/gcc/arm-none-eabi/4.6.2/../../../../arm-none-eabi/lib/thumb/v7m\libg.a(lib_a-strcmp.o)
 .ARM.attributes
                0x00000c18       0x2b d:/elektronik/ides/eclipse/yagarto/bin/../lib/gcc/arm-none-eabi/4.6.2/../../../../arm-none-eabi/lib/thumb/v7m\libg.a(lib_a-strlen.o)
 .ARM.attributes
                0x00000c43       0x2b d:/elektronik/ides/eclipse/yagarto/bin/../lib/gcc/arm-none-eabi/4.6.2/../../../../arm-none-eabi/lib/thumb/v7m\libg.a(lib_a-svfiprintf.o)
 .ARM.attributes
                0x00000c6e       0x2b d:/elektronik/ides/eclipse/yagarto/bin/../lib/gcc/arm-none-eabi/4.6.2/../../../../arm-none-eabi/lib/thumb/v7m\libg.a(lib_a-callocr.o)
 .ARM.attributes
                0x00000c99       0x2b d:/elektronik/ides/eclipse/yagarto/bin/../lib/gcc/arm-none-eabi/4.6.2/../../../../arm-none-eabi/lib/thumb/v7m\libg.a(lib_a-memmove.o)
 .ARM.attributes
                0x00000cc4       0x2b d:/elektronik/ides/eclipse/yagarto/bin/../lib/gcc/arm-none-eabi/4.6.2/../../../../arm-none-eabi/lib/thumb/v7m\libg.a(lib_a-reallocr.o)
 .ARM.attributes
                0x00000cef       0x1d d:/elektronik/ides/eclipse/yagarto/bin/../lib/gcc/arm-none-eabi/4.6.2/thumb/v7m\libgcc.a(_udivsi3.o)
 .ARM.attributes
                0x00000d0c       0x1d d:/elektronik/ides/eclipse/yagarto/bin/../lib/gcc/arm-none-eabi/4.6.2/thumb/v7m\libgcc.a(_dvmd_tls.o)
 .ARM.attributes
                0x00000d29       0x1d d:/elektronik/ides/eclipse/yagarto/bin/../lib/gcc/arm-none-eabi/4.6.2/thumb/v7m\libgcc.a(_arm_addsubdf3.o)
 .ARM.attributes
                0x00000d46       0x1d d:/elektronik/ides/eclipse/yagarto/bin/../lib/gcc/arm-none-eabi/4.6.2/thumb/v7m\libgcc.a(_arm_muldivdf3.o)
 .ARM.attributes
                0x00000d63       0x1d d:/elektronik/ides/eclipse/yagarto/bin/../lib/gcc/arm-none-eabi/4.6.2/thumb/v7m\libgcc.a(_arm_cmpdf2.o)
 .ARM.attributes
                0x00000d80       0x1d d:/elektronik/ides/eclipse/yagarto/bin/../lib/gcc/arm-none-eabi/4.6.2/thumb/v7m\libgcc.a(_arm_fixdfsi.o)

.debug_frame    0x00000000     0x4060
 .debug_frame   0x00000000       0x6c ./STM32F4xx_StdPeriph_Driver/src/misc.o
 .debug_frame   0x0000006c      0x2bc ./STM32F4xx_StdPeriph_Driver/src/stm32f4xx_adc.o
 .debug_frame   0x00000328      0x1c8 ./STM32F4xx_StdPeriph_Driver/src/stm32f4xx_can.o
 .debug_frame   0x000004f0       0x7c ./STM32F4xx_StdPeriph_Driver/src/stm32f4xx_crc.o
 .debug_frame   0x0000056c      0x150 ./STM32F4xx_StdPeriph_Driver/src/stm32f4xx_cryp.o
 .debug_frame   0x000006bc       0xac ./STM32F4xx_StdPeriph_Driver/src/stm32f4xx_cryp_aes.o
 .debug_frame   0x00000768       0x74 ./STM32F4xx_StdPeriph_Driver/src/stm32f4xx_cryp_des.o
 .debug_frame   0x000007dc       0x74 ./STM32F4xx_StdPeriph_Driver/src/stm32f4xx_cryp_tdes.o
 .debug_frame   0x00000850      0x144 ./STM32F4xx_StdPeriph_Driver/src/stm32f4xx_dac.o
 .debug_frame   0x00000994       0x60 ./STM32F4xx_StdPeriph_Driver/src/stm32f4xx_dbgmcu.o
 .debug_frame   0x000009f4      0x10c ./STM32F4xx_StdPeriph_Driver/src/stm32f4xx_dcmi.o
 .debug_frame   0x00000b00      0x17c ./STM32F4xx_StdPeriph_Driver/src/stm32f4xx_dma.o
 .debug_frame   0x00000c7c       0x9c ./STM32F4xx_StdPeriph_Driver/src/stm32f4xx_exti.o
 .debug_frame   0x00000d18      0x290 ./STM32F4xx_StdPeriph_Driver/src/stm32f4xx_flash.o
 .debug_frame   0x00000fa8      0x174 ./STM32F4xx_StdPeriph_Driver/src/stm32f4xx_fsmc.o
 .debug_frame   0x0000111c      0x128 ./STM32F4xx_StdPeriph_Driver/src/stm32f4xx_gpio.o
 .debug_frame   0x00001244      0x144 ./STM32F4xx_StdPeriph_Driver/src/stm32f4xx_hash.o
 .debug_frame   0x00001388       0x64 ./STM32F4xx_StdPeriph_Driver/src/stm32f4xx_hash_md5.o
 .debug_frame   0x000013ec       0x64 ./STM32F4xx_StdPeriph_Driver/src/stm32f4xx_hash_sha1.o
 .debug_frame   0x00001450      0x250 ./STM32F4xx_StdPeriph_Driver/src/stm32f4xx_i2c.o
 .debug_frame   0x000016a0       0x70 ./STM32F4xx_StdPeriph_Driver/src/stm32f4xx_iwdg.o
 .debug_frame   0x00001710       0xdc ./STM32F4xx_StdPeriph_Driver/src/stm32f4xx_pwr.o
 .debug_frame   0x000017ec      0x2ec ./STM32F4xx_StdPeriph_Driver/src/stm32f4xx_rcc.o
 .debug_frame   0x00001ad8       0x9c ./STM32F4xx_StdPeriph_Driver/src/stm32f4xx_rng.o
 .debug_frame   0x00001b74      0x4d0 ./STM32F4xx_StdPeriph_Driver/src/stm32f4xx_rtc.o
 .debug_frame   0x00002044      0x224 ./STM32F4xx_StdPeriph_Driver/src/stm32f4xx_sdio.o
 .debug_frame   0x00002268      0x1e4 ./STM32F4xx_StdPeriph_Driver/src/stm32f4xx_spi.o
 .debug_frame   0x0000244c       0x88 ./STM32F4xx_StdPeriph_Driver/src/stm32f4xx_syscfg.o
 .debug_frame   0x000024d4      0x6b0 ./STM32F4xx_StdPeriph_Driver/src/stm32f4xx_tim.o
 .debug_frame   0x00002b84      0x220 ./STM32F4xx_StdPeriph_Driver/src/stm32f4xx_usart.o
 .debug_frame   0x00002da4       0xa0 ./STM32F4xx_StdPeriph_Driver/src/stm32f4xx_wwdg.o
 .debug_frame   0x00002e44       0xa8 ./STM32F4-Discovery/stm32f4_discovery.o
 .debug_frame   0x00002eec       0xc8 ./FreeRTOS/Source/portable/GCC/ARM_CM4F/port.o
 .debug_frame   0x00002fb4       0xa4 ./FreeRTOS/Source/croutine.o
 .debug_frame   0x00003058       0x6c ./FreeRTOS/Source/list.o
 .debug_frame   0x000030c4      0x1b4 ./FreeRTOS/Source/queue.o
 .debug_frame   0x00003278      0x44c ./FreeRTOS/Source/tasks.o
 .debug_frame   0x000036c4       0x94 ./main.o
 .debug_frame   0x00003758       0x70 ./stm32f4xx_it.o
 .debug_frame   0x000037c8       0xdc ./syscalls.o
 .debug_frame   0x000038a4       0x34 ./system_stm32f4xx.o
 .debug_frame   0x000038d8       0x80 ./ustime.o
 .debug_frame   0x00003958       0x30 d:/elektronik/ides/eclipse/yagarto/bin/../lib/gcc/arm-none-eabi/4.6.2/../../../../arm-none-eabi/lib/thumb/v7m\libg.a(lib_a-malloc.o)
 .debug_frame   0x00003988       0x38 d:/elektronik/ides/eclipse/yagarto/bin/../lib/gcc/arm-none-eabi/4.6.2/../../../../arm-none-eabi/lib/thumb/v7m\libg.a(lib_a-mallocr.o)
 .debug_frame   0x000039c0       0x2c d:/elektronik/ides/eclipse/yagarto/bin/../lib/gcc/arm-none-eabi/4.6.2/../../../../arm-none-eabi/lib/thumb/v7m\libg.a(lib_a-memcpy.o)
 .debug_frame   0x000039ec       0x2c d:/elektronik/ides/eclipse/yagarto/bin/../lib/gcc/arm-none-eabi/4.6.2/../../../../arm-none-eabi/lib/thumb/v7m\libg.a(lib_a-memset.o)
 .debug_frame   0x00003a18       0x64 d:/elektronik/ides/eclipse/yagarto/bin/../lib/gcc/arm-none-eabi/4.6.2/../../../../arm-none-eabi/lib/thumb/v7m\libg.a(lib_a-sprintf.o)
 .debug_frame   0x00003a7c       0x2c d:/elektronik/ides/eclipse/yagarto/bin/../lib/gcc/arm-none-eabi/4.6.2/../../../../arm-none-eabi/lib/thumb/v7m\libg.a(lib_a-strcat.o)
 .debug_frame   0x00003aa8       0x20 d:/elektronik/ides/eclipse/yagarto/bin/../lib/gcc/arm-none-eabi/4.6.2/../../../../arm-none-eabi/lib/thumb/v7m\libg.a(lib_a-strcpy.o)
 .debug_frame   0x00003ac8       0x2c d:/elektronik/ides/eclipse/yagarto/bin/../lib/gcc/arm-none-eabi/4.6.2/../../../../arm-none-eabi/lib/thumb/v7m\libg.a(lib_a-strncpy.o)
 .debug_frame   0x00003af4       0x3c d:/elektronik/ides/eclipse/yagarto/bin/../lib/gcc/arm-none-eabi/4.6.2/../../../../arm-none-eabi/lib/thumb/v7m\libg.a(lib_a-svfprintf.o)
 .debug_frame   0x00003b30       0x64 d:/elektronik/ides/eclipse/yagarto/bin/../lib/gcc/arm-none-eabi/4.6.2/../../../../arm-none-eabi/lib/thumb/v7m\libg.a(lib_a-dtoa.o)
 .debug_frame   0x00003b94       0x50 d:/elektronik/ides/eclipse/yagarto/bin/../lib/gcc/arm-none-eabi/4.6.2/../../../../arm-none-eabi/lib/thumb/v7m\libg.a(lib_a-freer.o)
 .debug_frame   0x00003be4       0x98 d:/elektronik/ides/eclipse/yagarto/bin/../lib/gcc/arm-none-eabi/4.6.2/../../../../arm-none-eabi/lib/thumb/v7m\libg.a(lib_a-locale.o)
 .debug_frame   0x00003c7c       0x2c d:/elektronik/ides/eclipse/yagarto/bin/../lib/gcc/arm-none-eabi/4.6.2/../../../../arm-none-eabi/lib/thumb/v7m\libg.a(lib_a-memchr.o)
 .debug_frame   0x00003ca8      0x230 d:/elektronik/ides/eclipse/yagarto/bin/../lib/gcc/arm-none-eabi/4.6.2/../../../../arm-none-eabi/lib/thumb/v7m\libg.a(lib_a-mprec.o)
 .debug_frame   0x00003ed8       0x28 d:/elektronik/ides/eclipse/yagarto/bin/../lib/gcc/arm-none-eabi/4.6.2/../../../../arm-none-eabi/lib/thumb/v7m\libg.a(lib_a-s_fpclassify.o)
 .debug_frame   0x00003f00       0x30 d:/elektronik/ides/eclipse/yagarto/bin/../lib/gcc/arm-none-eabi/4.6.2/../../../../arm-none-eabi/lib/thumb/v7m\libg.a(lib_a-strcmp.o)
 .debug_frame   0x00003f30       0x20 d:/elektronik/ides/eclipse/yagarto/bin/../lib/gcc/arm-none-eabi/4.6.2/../../../../arm-none-eabi/lib/thumb/v7m\libg.a(lib_a-strlen.o)
 .debug_frame   0x00003f50       0x64 d:/elektronik/ides/eclipse/yagarto/bin/../lib/gcc/arm-none-eabi/4.6.2/../../../../arm-none-eabi/lib/thumb/v7m\libg.a(lib_a-svfiprintf.o)
 .debug_frame   0x00003fb4       0x28 d:/elektronik/ides/eclipse/yagarto/bin/../lib/gcc/arm-none-eabi/4.6.2/../../../../arm-none-eabi/lib/thumb/v7m\libg.a(lib_a-callocr.o)
 .debug_frame   0x00003fdc       0x2c d:/elektronik/ides/eclipse/yagarto/bin/../lib/gcc/arm-none-eabi/4.6.2/../../../../arm-none-eabi/lib/thumb/v7m\libg.a(lib_a-memmove.o)
 .debug_frame   0x00004008       0x38 d:/elektronik/ides/eclipse/yagarto/bin/../lib/gcc/arm-none-eabi/4.6.2/../../../../arm-none-eabi/lib/thumb/v7m\libg.a(lib_a-reallocr.o)
 .debug_frame   0x00004040       0x20 d:/elektronik/ides/eclipse/yagarto/bin/../lib/gcc/arm-none-eabi/4.6.2/thumb/v7m\libgcc.a(_udivsi3.o)