Archive member included because of file (symbol)

e:/elektronik/toolchain/yagarto/bin/../lib/gcc/arm-none-eabi/4.6.2/../../../../arm-none-eabi/lib/thumb/v7m\libstdc++.a(atexit_arm.o)
                              ./main.o (__aeabi_atexit)
e:/elektronik/toolchain/yagarto/bin/../lib/gcc/arm-none-eabi/4.6.2/../../../../arm-none-eabi/lib/thumb/v7m\libstdc++.a(del_op.o)
                              ./Menue/CMenue.o (operator delete(void*))
e:/elektronik/toolchain/yagarto/bin/../lib/gcc/arm-none-eabi/4.6.2/../../../../arm-none-eabi/lib/thumb/v7m\libstdc++.a(pure.o)
                              ./GraphicLCD/CGraphicLCD.o (__cxa_pure_virtual)
e:/elektronik/toolchain/yagarto/bin/../lib/gcc/arm-none-eabi/4.6.2/../../../../arm-none-eabi/lib/thumb/v7m\libstdc++.a(eh_terminate.o)
                              e:/elektronik/toolchain/yagarto/bin/../lib/gcc/arm-none-eabi/4.6.2/../../../../arm-none-eabi/lib/thumb/v7m\libstdc++.a(pure.o) (std::terminate())
e:/elektronik/toolchain/yagarto/bin/../lib/gcc/arm-none-eabi/4.6.2/../../../../arm-none-eabi/lib/thumb/v7m\libstdc++.a(eh_term_handler.o)
                              e:/elektronik/toolchain/yagarto/bin/../lib/gcc/arm-none-eabi/4.6.2/../../../../arm-none-eabi/lib/thumb/v7m\libstdc++.a(eh_terminate.o) (__cxxabiv1::__terminate_handler)
e:/elektronik/toolchain/yagarto/bin/../lib/gcc/arm-none-eabi/4.6.2/../../../../arm-none-eabi/lib/thumb/v7m\libstdc++.a(eh_unex_handler.o)
                              e:/elektronik/toolchain/yagarto/bin/../lib/gcc/arm-none-eabi/4.6.2/../../../../arm-none-eabi/lib/thumb/v7m\libstdc++.a(eh_terminate.o) (__cxxabiv1::__unexpected_handler)
e:/elektronik/toolchain/yagarto/bin/../lib/gcc/arm-none-eabi/4.6.2/../../../../arm-none-eabi/lib/thumb/v7m\libstdc++.a(vterminate.o)
                              e:/elektronik/toolchain/yagarto/bin/../lib/gcc/arm-none-eabi/4.6.2/../../../../arm-none-eabi/lib/thumb/v7m\libstdc++.a(eh_term_handler.o) (__gnu_cxx::__verbose_terminate_handler())
e:/elektronik/toolchain/yagarto/bin/../lib/gcc/arm-none-eabi/4.6.2/../../../../arm-none-eabi/lib/thumb/v7m\libstdc++.a(cp-demangle.o)
                              e:/elektronik/toolchain/yagarto/bin/../lib/gcc/arm-none-eabi/4.6.2/../../../../arm-none-eabi/lib/thumb/v7m\libstdc++.a(vterminate.o) (__cxa_demangle)
e:/elektronik/toolchain/yagarto/bin/../lib/gcc/arm-none-eabi/4.6.2/../../../../arm-none-eabi/lib/thumb/v7m\libstdc++.a(eh_arm.o)
                              e:/elektronik/toolchain/yagarto/bin/../lib/gcc/arm-none-eabi/4.6.2/../../../../arm-none-eabi/lib/thumb/v7m\libstdc++.a(eh_terminate.o) (__cxa_end_cleanup)
e:/elektronik/toolchain/yagarto/bin/../lib/gcc/arm-none-eabi/4.6.2/../../../../arm-none-eabi/lib/thumb/v7m\libstdc++.a(eh_aux_runtime.o)
                              e:/elektronik/toolchain/yagarto/bin/../lib/gcc/arm-none-eabi/4.6.2/../../../../arm-none-eabi/lib/thumb/v7m\libstdc++.a(eh_arm.o) (__cxa_bad_typeid)
e:/elektronik/toolchain/yagarto/bin/../lib/gcc/arm-none-eabi/4.6.2/../../../../arm-none-eabi/lib/thumb/v7m\libstdc++.a(eh_call.o)
                              e:/elektronik/toolchain/yagarto/bin/../lib/gcc/arm-none-eabi/4.6.2/../../../../arm-none-eabi/lib/thumb/v7m\libstdc++.a(eh_terminate.o) (__cxa_call_unexpected)
e:/elektronik/toolchain/yagarto/bin/../lib/gcc/arm-none-eabi/4.6.2/../../../../arm-none-eabi/lib/thumb/v7m\libstdc++.a(eh_catch.o)
                              e:/elektronik/toolchain/yagarto/bin/../lib/gcc/arm-none-eabi/4.6.2/../../../../arm-none-eabi/lib/thumb/v7m\libstdc++.a(eh_terminate.o) (__cxa_begin_catch)
e:/elektronik/toolchain/yagarto/bin/../lib/gcc/arm-none-eabi/4.6.2/../../../../arm-none-eabi/lib/thumb/v7m\libstdc++.a(eh_exception.o)
                              e:/elektronik/toolchain/yagarto/bin/../lib/gcc/arm-none-eabi/4.6.2/../../../../arm-none-eabi/lib/thumb/v7m\libstdc++.a(vterminate.o) (typeinfo for std::exception)
e:/elektronik/toolchain/yagarto/bin/../lib/gcc/arm-none-eabi/4.6.2/../../../../arm-none-eabi/lib/thumb/v7m\libstdc++.a(eh_globals.o)
                              e:/elektronik/toolchain/yagarto/bin/../lib/gcc/arm-none-eabi/4.6.2/../../../../arm-none-eabi/lib/thumb/v7m\libstdc++.a(eh_call.o) (__cxa_get_globals_fast)
e:/elektronik/toolchain/yagarto/bin/../lib/gcc/arm-none-eabi/4.6.2/../../../../arm-none-eabi/lib/thumb/v7m\libstdc++.a(eh_personality.o)
                              e:/elektronik/toolchain/yagarto/bin/../lib/gcc/arm-none-eabi/4.6.2/../../../../arm-none-eabi/lib/thumb/v7m\libstdc++.a(eh_terminate.o) (__gxx_personality_v0)
e:/elektronik/toolchain/yagarto/bin/../lib/gcc/arm-none-eabi/4.6.2/../../../../arm-none-eabi/lib/thumb/v7m\libstdc++.a(eh_throw.o)
                              e:/elektronik/toolchain/yagarto/bin/../lib/gcc/arm-none-eabi/4.6.2/../../../../arm-none-eabi/lib/thumb/v7m\libstdc++.a(eh_aux_runtime.o) (__cxa_throw)
[...]
Memory Configuration

Name             Origin             Length             Attributes
flash            0x08000000         0x00100000
ram              0x20000000         0x0001c000
ethram           0x2001c000         0x00004000
ccmram           0x10000000         0x00010000
*default*        0x00000000         0xffffffff

Linker script and memory map

LOAD e:/elektronik/toolchain/yagarto/bin/../lib/gcc/arm-none-eabi/4.6.2/thumb/v7m/crti.o
LOAD e:/elektronik/toolchain/yagarto/bin/../lib/gcc/arm-none-eabi/4.6.2/thumb/v7m/crtbegin.o
LOAD e:/elektronik/toolchain/yagarto/bin/../lib/gcc/arm-none-eabi/4.6.2/../../../../arm-none-eabi/lib/thumb/v7m/crt0.o
LOAD ./STM32F4xx_StdPeriph_Driver/src/misc.o
LOAD ./STM32F4xx_StdPeriph_Driver/src/stm32f4xx_adc.o
LOAD ./STM32F4xx_StdPeriph_Driver/src/stm32f4xx_can.o
LOAD ./STM32F4xx_StdPeriph_Driver/src/stm32f4xx_crc.o
LOAD ./STM32F4xx_StdPeriph_Driver/src/stm32f4xx_cryp.o
LOAD ./STM32F4xx_StdPeriph_Driver/src/stm32f4xx_cryp_aes.o
LOAD ./STM32F4xx_StdPeriph_Driver/src/stm32f4xx_cryp_des.o
LOAD ./STM32F4xx_StdPeriph_Driver/src/stm32f4xx_cryp_tdes.o
LOAD ./STM32F4xx_StdPeriph_Driver/src/stm32f4xx_dac.o
LOAD ./STM32F4xx_StdPeriph_Driver/src/stm32f4xx_dbgmcu.o
LOAD ./STM32F4xx_StdPeriph_Driver/src/stm32f4xx_dcmi.o
LOAD ./STM32F4xx_StdPeriph_Driver/src/stm32f4xx_dma.o
LOAD ./STM32F4xx_StdPeriph_Driver/src/stm32f4xx_exti.o
LOAD ./STM32F4xx_StdPeriph_Driver/src/stm32f4xx_flash.o
LOAD ./STM32F4xx_StdPeriph_Driver/src/stm32f4xx_fsmc.o
LOAD ./STM32F4xx_StdPeriph_Driver/src/stm32f4xx_gpio.o
LOAD ./STM32F4xx_StdPeriph_Driver/src/stm32f4xx_hash.o
LOAD ./STM32F4xx_StdPeriph_Driver/src/stm32f4xx_hash_md5.o
LOAD ./STM32F4xx_StdPeriph_Driver/src/stm32f4xx_hash_sha1.o
LOAD ./STM32F4xx_StdPeriph_Driver/src/stm32f4xx_i2c.o
LOAD ./STM32F4xx_StdPeriph_Driver/src/stm32f4xx_iwdg.o
LOAD ./STM32F4xx_StdPeriph_Driver/src/stm32f4xx_pwr.o
LOAD ./STM32F4xx_StdPeriph_Driver/src/stm32f4xx_rcc.o
LOAD ./STM32F4xx_StdPeriph_Driver/src/stm32f4xx_rng.o
LOAD ./STM32F4xx_StdPeriph_Driver/src/stm32f4xx_rtc.o
LOAD ./STM32F4xx_StdPeriph_Driver/src/stm32f4xx_sdio.o
LOAD ./STM32F4xx_StdPeriph_Driver/src/stm32f4xx_spi.o
LOAD ./STM32F4xx_StdPeriph_Driver/src/stm32f4xx_syscfg.o
LOAD ./STM32F4xx_StdPeriph_Driver/src/stm32f4xx_tim.o
LOAD ./STM32F4xx_StdPeriph_Driver/src/stm32f4xx_usart.o
LOAD ./STM32F4xx_StdPeriph_Driver/src/stm32f4xx_wwdg.o
LOAD ./STM32F4-Discovery/stm32f4_discovery.o
LOAD ./STM32F4-Discovery/stm32f4_discovery_audio_codec.o
LOAD ./STM32F4-Discovery/stm32f4_discovery_lis302dl.o
LOAD ./Menue/CMenue.o
LOAD ./GraphicLCD/CGraphicLCD.o
LOAD ./GraphicLCD/CT6963CDriver.o
LOAD ./GraphicLCD/CT6963GPIOInterface.o
LOAD ./GraphicLCD/SansSerif12.o
LOAD ./FreeRTOS_EC/Source/AManagedTask.o
LOAD ./FreeRTOS_EC/Source/ASyncObject.o
LOAD ./FreeRTOS_EC/Source/ATimer.o
LOAD ./FreeRTOS_EC/Source/CBinarySemaphore.o
LOAD ./FreeRTOS_EC/Source/CCountingSemaphore.o
LOAD ./FreeRTOS_EC/Source/CFreeRTOS.o
LOAD ./FreeRTOS_EC/Source/CMessageTask.o
LOAD ./FreeRTOS_EC/Source/CMutex.o
LOAD ./FreeRTOS_EC/Source/CQueue.o
LOAD ./FreeRTOS_EC/Source/CRecursiveMutex.o
LOAD ./FreeRTOS_EC/Source/CTask.o
LOAD ./FreeRTOS/Source/portable/GCC/ARM_CM4F/port.o
LOAD ./FreeRTOS/Source/croutine.o
LOAD ./FreeRTOS/Source/list.o
LOAD ./FreeRTOS/Source/queue.o
LOAD ./FreeRTOS/Source/tasks.o
LOAD ./FreeRTOS/Source/timers.o
LOAD ./CLedHeartBeatSTM32F4Disc.o
LOAD ./main.o
LOAD ./stm32f4xx_it.o
LOAD ./syscalls.o
LOAD ./system_stm32f4xx.o
LOAD ./ustime.o
LOAD e:/elektronik/toolchain/yagarto/bin/../lib/gcc/arm-none-eabi/4.6.2/../../../../arm-none-eabi/lib/thumb/v7m\libstdc++.a
LOAD e:/elektronik/toolchain/yagarto/bin/../lib/gcc/arm-none-eabi/4.6.2/../../../../arm-none-eabi/lib/thumb/v7m\libm.a
START GROUP
LOAD e:/elektronik/toolchain/yagarto/bin/../lib/gcc/arm-none-eabi/4.6.2/thumb/v7m\libgcc.a
LOAD e:/elektronik/toolchain/yagarto/bin/../lib/gcc/arm-none-eabi/4.6.2/../../../../arm-none-eabi/lib/thumb/v7m\libg.a
LOAD e:/elektronik/toolchain/yagarto/bin/../lib/gcc/arm-none-eabi/4.6.2/../../../../arm-none-eabi/lib/thumb/v7m\libc.a
END GROUP
LOAD e:/elektronik/toolchain/yagarto/bin/../lib/gcc/arm-none-eabi/4.6.2/thumb/v7m/crtend.o
LOAD e:/elektronik/toolchain/yagarto/bin/../lib/gcc/arm-none-eabi/4.6.2/thumb/v7m/crtn.o
                0x00000400                __main_stack_size__ = 0x400
                0x00000400                __process_stack_size__ = 0x400
                0x20000000                __ram_start__ = ORIGIN (ram)
                0x0001c000                __ram_size__ = 0x1c000
                0x2001c000                __ram_end__ = (__ram_start__ + __ram_size__)
                0x00000000                . = 0x0
                0x00000000                _text = .

startup
 *(vectors)

constructors    0x08000000        0x8
                0x08000000                PROVIDE (__init_array_start, .)
 *(SORT(.init_array.*))
 *(.init_array)
 .init_array    0x08000000        0x4 e:/elektronik/toolchain/yagarto/bin/../lib/gcc/arm-none-eabi/4.6.2/thumb/v7m/crtbegin.o
 .init_array    0x08000004        0x4 ./main.o
                0x08000008                PROVIDE (__init_array_end, .)

destructors     0x08000008        0x4
                0x08000008                PROVIDE (__fini_array_start, .)
 *(.fini_array)
 .fini_array    0x08000008        0x4 e:/elektronik/toolchain/yagarto/bin/../lib/gcc/arm-none-eabi/4.6.2/thumb/v7m/crtbegin.o
 *(SORT(.fini_array.*))
                0x0800000c                PROVIDE (__fini_array_end, .)

.text           0x08000010    0x1618c
 *(.text.startup.*)
 *(.text)
 .text          0x08000010       0x54 e:/elektronik/toolchain/yagarto/bin/../lib/gcc/arm-none-eabi/4.6.2/thumb/v7m/crtbegin.o
 *fill*         0x08000064        0xc 00
 .text          0x08000070      0x1dc ./STM32F4xx_StdPeriph_Driver/src/misc.o
                0x08000070                NVIC_PriorityGroupConfig
                0x08000098                NVIC_Init
                0x0800017c                NVIC_SetVectorTable
                0x080001a8                NVIC_SystemLPConfig
                0x08000200                SysTick_CLKSourceConfig
 *fill*         0x0800024c        0x4 00
 .text          0x08000250      0x2d4 ./STM32F4xx_StdPeriph_Driver/src/stm32f4xx_exti.o
                0x08000250                EXTI_DeInit
                0x080002a4                EXTI_Init
                0x080003e8                EXTI_StructInit
                0x0800041c                EXTI_GenerateSWInterrupt
                0x08000448                EXTI_GetFlagStatus
                0x08000488                EXTI_ClearFlag
                0x080004a8                EXTI_GetITStatus
                0x08000504                EXTI_ClearITPendingBit
 *fill*         0x08000524        0xc 00
 .text          0x08000530      0x550 ./STM32F4xx_StdPeriph_Driver/src/stm32f4xx_gpio.o
                0x08000530                GPIO_DeInit
                0x080006a8                GPIO_Init
                0x080007fc                GPIO_StructInit
                0x08000838                GPIO_PinLockConfig
                0x0800087c                GPIO_ReadInputDataBit
                0x080008b8                GPIO_ReadInputData
                0x080008d4                GPIO_ReadOutputDataBit
                0x08000910                GPIO_ReadOutputData
                0x0800092c                GPIO_SetBits
                0x08000948                GPIO_ResetBits
                0x08000964                GPIO_WriteBit
                0x08000994                GPIO_Write
                0x080009b0                GPIO_ToggleBits
                0x080009d4                GPIO_PinAFConfig
 .text          0x08000a80      0xdd0 ./STM32F4xx_StdPeriph_Driver/src/stm32f4xx_rcc.o
                0x08000a80                RCC_DeInit
                0x08000b04                RCC_HSEConfig
                0x08000b34                RCC_WaitForHSEStartUp
                0x08000b98                RCC_AdjustHSICalibrationValue
                0x08000be0                RCC_HSICmd
                0x08000c00                RCC_LSEConfig
                0x08000c60                RCC_LSICmd
                0x08000c80                RCC_PLLConfig
                0x08000cc8                RCC_PLLCmd
                0x08000ce8                RCC_PLLI2SConfig
                0x08000d18                RCC_PLLI2SCmd
                0x08000d38                RCC_ClockSecuritySystemCmd
                0x08000d58                RCC_MCO1Config
                0x08000da0                RCC_MCO2Config
                0x08000de8                RCC_SYSCLKConfig
                0x08000e28                RCC_GetSYSCLKSource
                0x08000e48                RCC_HCLKConfig
                0x08000e88                RCC_PCLK1Config
                0x08000ec8                RCC_PCLK2Config
                0x08000f0c                RCC_GetClocksFreq
                0x080010dc                RCC_RTCCLKConfig
                0x08001154                RCC_RTCCLKCmd
                0x08001174                RCC_BackupResetCmd
                0x08001194                RCC_I2SCLKConfig
                0x080011b4                RCC_AHB1PeriphClockCmd
                0x0800120c                RCC_AHB2PeriphClockCmd
                0x08001264                RCC_AHB3PeriphClockCmd
                0x080012bc                RCC_APB1PeriphClockCmd
                0x08001314                RCC_APB2PeriphClockCmd
                0x0800136c                RCC_AHB1PeriphResetCmd
                0x080013c4                RCC_AHB2PeriphResetCmd
                0x0800141c                RCC_AHB3PeriphResetCmd
                0x08001474                RCC_APB1PeriphResetCmd
                0x080014cc                RCC_APB2PeriphResetCmd
                0x08001524                RCC_AHB1PeriphClockLPModeCmd
                0x0800157c                RCC_AHB2PeriphClockLPModeCmd
                0x080015d4                RCC_AHB3PeriphClockLPModeCmd
                0x0800162c                RCC_APB1PeriphClockLPModeCmd
                0x08001684                RCC_APB2PeriphClockLPModeCmd
                0x080016dc                RCC_ITConfig
                0x0800173c                RCC_GetFlagStatus
                0x080017cc                RCC_ClearFlag
                0x080017f0                RCC_GetITStatus
                0x08001830                RCC_ClearITPendingBit
 .text          0x08001850      0x170 ./STM32F4xx_StdPeriph_Driver/src/stm32f4xx_syscfg.o
                0x08001850                SYSCFG_DeInit
                0x08001870                SYSCFG_MemoryRemapConfig
                0x08001890                SYSCFG_EXTILineConfig
                0x08001944                SYSCFG_ETH_MediaInterfaceConfig
                0x08001964                SYSCFG_CompensationCellCmd
                0x08001984                SYSCFG_GetCompensationCellStatus
 .text          0x080019c0      0x244 ./STM32F4-Discovery/stm32f4_discovery.o
                0x080019c0                STM_EVAL_LEDInit
                0x08001a2c                STM_EVAL_LEDOn
                0x08001a60                STM_EVAL_LEDOff
                0x08001a94                STM_EVAL_LEDToggle
                0x08001adc                STM_EVAL_PBInit
                0x08001bc8                STM_EVAL_PBGetState
 *fill*         0x08001c04        0xc 00
 .text          0x08001c10      0x174 ./Menue/CMenue.o
                0x08001c10                CMenue::CMenue(CGraphicLCD*)
                0x08001c10                CMenue::CMenue(CGraphicLCD*)
                0x08001c40                CMenue::~CMenue()
                0x08001c40                CMenue::~CMenue()
                0x08001c78                CMenue::~CMenue()
                0x08001c98                CMenue::HardwareInit()
                0x08001cb0                CMenue::Run()
 *fill*         0x08001d84        0xc 00
 .text          0x08001d90       0xdc ./GraphicLCD/CGraphicLCD.o
                0x08001d90                CGraphicLCD::CGraphicLCD()
                0x08001d90                CGraphicLCD::CGraphicLCD()
                0x08001db8                CGraphicLCD::CGraphicLCD(bool)
                0x08001db8                CGraphicLCD::CGraphicLCD(bool)
                0x08001de4                CGraphicLCD::~CGraphicLCD()
                0x08001de4                CGraphicLCD::~CGraphicLCD()
                0x08001e18                CGraphicLCD::~CGraphicLCD()
                0x08001e38                CGraphicLCD::Inverse()
                0x08001e50                CGraphicLCD::Inverse(bool)
 *fill*         0x08001e6c        0x4 00
 .text          0x08001e70      0xd30 ./GraphicLCD/CT6963CDriver.o
                0x08001e70                CT6963CDriver::CT6963CDriver()
                0x08001e70                CT6963CDriver::CT6963CDriver()
                0x08001e98                CT6963CDriver::~CT6963CDriver()
                0x08001e98                CT6963CDriver::~CT6963CDriver()
                0x08001ed0                CT6963CDriver::~CT6963CDriver()
                0x08001ef0                CT6963CDriver::Init()
                0x08002050                CT6963CDriver::SetAddressPointer(unsigned int)
                0x080020a0                CT6963CDriver::TextGoTo(unsigned char, unsigned char)
                0x080020d4                CT6963CDriver::GraphicGoTo(unsigned char, unsigned char)
                0x08002114                CT6963CDriver::Clear()
                0x08002194                CT6963CDriver::WriteDisplayData(unsigned char)
                0x080021cc                CT6963CDriver::WriteChar(char)
                0x080021f0                CT6963CDriver::WriteString(char*, tFont, unsigned int, unsigned int)
                0x08002210                CT6963CDriver::SetPixel(unsigned char, unsigned char)
                0x080022a0                CT6963CDriver::Line(unsigned int, unsigned int, unsigned int, unsigned int)
                0x080023f0                CT6963CDriver::Window(unsigned int, unsigned int, unsigned int, unsigned int)
                0x080027a4                CT6963CDriver::Rectangle(unsigned int, unsigned int, unsigned int, unsigned int, bool)
                0x080028e8                CT6963CDriver::SectorClear(unsigned int, unsigned int, unsigned int, unsigned int)
                0x08002948                CT6963CDriver::Circle(unsigned char, unsigned char, unsigned char)
                0x08002acc                CT6963CDriver::Bitmap(unsigned char*, unsigned char, unsigned char, unsigned char, unsigned char)
 .text          0x08002ba0      0x4b8 ./GraphicLCD/CT6963GPIOInterface.o
                0x08002ba0                CT6963_GPIO_Interface::CT6963_GPIO_Interface()
                0x08002ba0                CT6963_GPIO_Interface::CT6963_GPIO_Interface()
                0x08002bc8                CT6963_GPIO_Interface::~CT6963_GPIO_Interface()
                0x08002bc8                CT6963_GPIO_Interface::~CT6963_GPIO_Interface()
                0x08002c00                CT6963_GPIO_Interface::~CT6963_GPIO_Interface()
                0x08002c20                delay_us(unsigned int)
                0x08002c74                CheckStatus()
                0x08002d30                CT6963_GPIO_Interface::HardwareInit()
                0x08002de4                CT6963_GPIO_Interface::Reset()
                0x08002e1c                CT6963_GPIO_Interface::WriteCommand(unsigned char)
                0x08002ec8                CT6963_GPIO_Interface::WriteData(unsigned char)
                0x08002f94                CT6963_GPIO_Interface::ReadData()
 *fill*         0x08003058        0x8 00
 .text          0x08003060      0x250 ./FreeRTOS_EC/Source/AManagedTask.o
                0x08003060                AManagedTask::AManagedTask()
                0x08003060                AManagedTask::AManagedTask()
                0x08003098                AManagedTask::~AManagedTask()
                0x08003098                AManagedTask::~AManagedTask()
                0x080030d8                AManagedTask::~AManagedTask()
                0x080030f8                AManagedTask::Create(char const*, unsigned short, unsigned long)
                0x0800315c                AManagedTask::taskControlFunc(void*)
                0x0800317c                AManagedTask::AddToManagedTask(AManagedTask*)
                0x080031cc                AManagedTask::RemoveFromManagedTask(AManagedTask*)
                0x08003254                AManagedTask::InitHardwareForManagedTasks()
 .text          0x080032b0       0x40 ./FreeRTOS_EC/Source/CFreeRTOS.o
                0x080032b0                CFreeRTOS::CFreeRTOS()
                0x080032b0                CFreeRTOS::CFreeRTOS()
                0x080032c8                CFreeRTOS::~CFreeRTOS()
                0x080032c8                CFreeRTOS::~CFreeRTOS()
                0x080032e0                CFreeRTOS::InitHardwareForManagedTasks()
 .text          0x080032f0      0x1c0 ./FreeRTOS_EC/Source/CTask.o
                0x080032f0                CTask::CTask()
                0x080032f0                CTask::CTask()
                0x08003320                CTask::CTask(void*)
                0x08003320                CTask::CTask(void*)
                0x08003350                CTask::~CTask()
                0x08003350                CTask::~CTask()
                0x08003394                CTask::~CTask()
                0x080033b4                CTask::Attach(void*)
                0x08003408                CTask::Create(void (*)(void*), char const*, unsigned short, void*, unsigned long)
                0x08003464                CTask::CreateRestricted(xTASK_PARAMTERS*)
                0x08003484                CTask::Delete()
 .text          0x080034b0      0x248 ./FreeRTOS/Source/portable/GCC/ARM_CM4F/port.o
                0x080034b0                pxPortInitialiseStack
                0x08003518                SVC_Handler
                0x08003538                vPortStartFirstTask
                0x08003548                xPortStartScheduler
                0x0800359c                vPortEndScheduler
                0x080035a8                vPortYieldFromISR
                0x080035c0                vPortEnterCritical
                0x080035ec                vPortExitCritical
                0x08003624                PendSV_Handler
                0x0800367c                SysTick_Handler
 *fill*         0x080036f8        0x8 00
 .text          0x08003700      0x17c ./FreeRTOS/Source/list.o
                0x08003700                vListInitialise
                0x08003740                vListInitialiseItem
                0x0800375c                vListInsertEnd
                0x080037b0                vListInsert
                0x08003828                vListRemove
 *fill*         0x0800387c        0x4 00
 .text          0x08003880     0x17c0 ./FreeRTOS/Source/tasks.o
                0x08003880                xTaskGenericCreate
                0x08003a2c                vTaskDelete
                0x08003aec                vTaskDelayUntil
                0x08003ba0                vTaskDelay
                0x08003bfc                uxTaskPriorityGet
                0x08003c34                vTaskPrioritySet
                0x08003d60                vTaskSuspend
                0x08003e20                xTaskIsTaskSuspended
                0x08003e70                vTaskResume
                0x08003f1c                xTaskResumeFromISR
                0x08003fdc                vTaskStartScheduler
                0x08004058                vTaskEndScheduler
                0x08004078                vTaskSuspendAll
                0x0800409c                xTaskResumeAll
                0x080041f0                xTaskGetTickCount
                0x08004218                xTaskGetTickCountFromISR
                0x08004250                uxTaskGetNumberOfTasks
                0x08004268                vTaskGetRunTimeStats
                0x080043c8                xTaskGetIdleTaskHandle
                0x080043e0                vTaskIncrementTick
                0x08004598                vTaskSetApplicationTaskTag
                0x080045d0                xTaskGetApplicationTaskTag
                0x0800460c                xTaskCallApplicationTaskHook
                0x08004658                vTaskSwitchContext
                0x08004798                vTaskPlaceOnEventList
                0x08004810                xTaskRemoveFromEventList
                0x080048d4                vTaskSetTimeOutState
                0x08004904                xTaskCheckForTimeOut
                0x080049a8                vTaskMissedYield
                0x08004e5c                uxTaskGetStackHighWaterMark
                0x08004eb8                xTaskGetCurrentTaskHandle
                0x08004ed8                vTaskPriorityInherit
                0x08004fb0                vTaskPriorityDisinherit
 .text          0x08005040      0x1b0 ./CLedHeartBeatSTM32F4Disc.o
                0x08005040                CLedHeartBeatSTM32F4Disc::CLedHeartBeatSTM32F4Disc(unsigned long)
                0x08005040                CLedHeartBeatSTM32F4Disc::CLedHeartBeatSTM32F4Disc(unsigned long)
                0x08005078                CLedHeartBeatSTM32F4Disc::~CLedHeartBeatSTM32F4Disc()
                0x08005078                CLedHeartBeatSTM32F4Disc::~CLedHeartBeatSTM32F4Disc()
                0x080050b0                CLedHeartBeatSTM32F4Disc::~CLedHeartBeatSTM32F4Disc()
                0x080050d0                CLedHeartBeatSTM32F4Disc::HardwareInit()
                0x08005108                CLedHeartBeatSTM32F4Disc::Run()
 .text          0x080051f0      0x160 ./main.o
                0x080051f0                main
                0x0800523c                vApplicationTickHook
                0x08005248                vApplicationIdleHook
                0x08005254                vApplicationMallocFailedHook
                0x08005260                vApplicationStackOverflowHook
                0x0800526c                EVAL_AUDIO_TransferComplete_CallBack
                0x08005280                EVAL_AUDIO_GetSampleCallBack
 .text          0x08005350      0x1f0 ./syscalls.o
                0x08005350                _exit
                0x0800535c                _read_r
                0x0800537c                _write_r
                0x0800539c                _lseek_r
                0x080053c4                _close_r
                0x080053e8                _fstat_r
                0x08005428                _isatty_r
                0x08005444                _sbrk_r
                0x080054d4                _kill_r
                0x080054f8                _getpid_r
                0x08005518                __malloc_lock
                0x0800552c                __malloc_unlock
 .text          0x08005540      0x178 ./ustime.o
                0x08005540                get_us_time
                0x080055cc                delay_us
                0x08005628                delay_ms
                0x08005648                init_us_timer
 *fill*         0x080056b8        0x8 00
 .text          0x080056c0     0x58f8 e:/elektronik/toolchain/yagarto/bin/../lib/gcc/arm-none-eabi/4.6.2/../../../../arm-none-eabi/lib/thumb/v7m\libstdc++.a(cp-demangle.o)
                0x0800ae88                __cxa_demangle
                0x0800af6c                __gcclibcxx_demangle_callback
 *fill*         0x0800afb8        0x8 00
 .text          0x0800afc0      0xa10 e:/elektronik/toolchain/yagarto/bin/../lib/gcc/arm-none-eabi/4.6.2/thumb/v7m\libgcc.a(unwind-arm.o)
                0x0800b27c                _Unwind_VRS_Get
                0x0800b2c8                _Unwind_VRS_Set
                0x0800b5dc                __aeabi_unwind_cpp_pr2
                0x0800b5e0                __aeabi_unwind_cpp_pr1
                0x0800b5e4                __aeabi_unwind_cpp_pr0
                0x0800b5e8                _Unwind_VRS_Pop
                0x0800b878                _Unwind_GetCFA
                0x0800b87c                __gnu_Unwind_RaiseException
                0x0800b8dc                __gnu_Unwind_ForcedUnwind
                0x0800b8f0                __gnu_Unwind_Resume
                0x0800b92c                __gnu_Unwind_Resume_or_Rethrow
                0x0800b93c                _Unwind_Complete
                0x0800b940                _Unwind_DeleteException
                0x0800b950                __gnu_Unwind_Backtrace
 .text          0x0800b9d0      0x1ac e:/elektronik/toolchain/yagarto/bin/../lib/gcc/arm-none-eabi/4.6.2/thumb/v7m\libgcc.a(libunwind.o)
                0x0800b9d0                __restore_core_regs
                0x0800b9d0                restore_core_regs
                0x0800b9e8                __gnu_Unwind_Restore_VFP
                0x0800b9f0                __gnu_Unwind_Save_VFP
                0x0800b9f8                __gnu_Unwind_Restore_VFP_D
                0x0800ba00                __gnu_Unwind_Save_VFP_D
                0x0800ba08                __gnu_Unwind_Restore_VFP_D_16_to_31
                0x0800ba10                __gnu_Unwind_Save_VFP_D_16_to_31
                0x0800ba18                __gnu_Unwind_Restore_WMMXD
                0x0800ba5c                __gnu_Unwind_Save_WMMXD
                0x0800baa0                __gnu_Unwind_Restore_WMMXC
                0x0800bab4                __gnu_Unwind_Save_WMMXC
                0x0800bac8                ___Unwind_RaiseException
                0x0800bac8                _Unwind_RaiseException
                0x0800baec                _Unwind_Resume
                0x0800baec                ___Unwind_Resume
                0x0800bb10                _Unwind_Resume_or_Rethrow
                0x0800bb10                ___Unwind_Resume_or_Rethrow
                0x0800bb34                _Unwind_ForcedUnwind
                0x0800bb34                ___Unwind_ForcedUnwind
                0x0800bb58                ___Unwind_Backtrace
                0x0800bb58                _Unwind_Backtrace
 *fill*         0x0800bb7c        0x4 00
 .text          0x0800bb80      0x3d4 e:/elektronik/toolchain/yagarto/bin/../lib/gcc/arm-none-eabi/4.6.2/thumb/v7m\libgcc.a(pr-support.o)
                0x0800bbd4                __gnu_unwind_execute
                0x0800bef8                __gnu_unwind_frame
                0x0800bf24                _Unwind_GetRegionStart
                0x0800bf30                _Unwind_GetLanguageSpecificData
                0x0800bf44                _Unwind_GetDataRelBase
                0x0800bf4c                _Unwind_GetTextRelBase
 *fill*         0x0800bf54        0xc 00
 .text          0x0800bf60       0x10 e:/elektronik/toolchain/yagarto/bin/../lib/gcc/arm-none-eabi/4.6.2/../../../../arm-none-eabi/lib/thumb/v7m\libg.a(lib_a-abort.o)
                0x0800bf60                abort
 .text          0x0800bf70       0x48 e:/elektronik/toolchain/yagarto/bin/../lib/gcc/arm-none-eabi/4.6.2/../../../../arm-none-eabi/lib/thumb/v7m\libg.a(lib_a-assert.o)
                0x0800bf70                __assert_func
                0x0800bfac                __assert
 *fill*         0x0800bfb8        0x8 00
 .text          0x0800bfc0       0x14 e:/elektronik/toolchain/yagarto/bin/../lib/gcc/arm-none-eabi/4.6.2/../../../../arm-none-eabi/lib/thumb/v7m\libg.a(lib_a-cxa_atexit.o)
                0x0800bfc0                __cxa_atexit
 *fill*         0x0800bfd4        0xc 00
 .text          0x0800bfe0       0x4c e:/elektronik/toolchain/yagarto/bin/../lib/gcc/arm-none-eabi/4.6.2/../../../../arm-none-eabi/lib/thumb/v7m\libg.a(lib_a-fiprintf.o)
                0x0800bfe0                _fiprintf_r
                0x0800c000                fiprintf
 *fill*         0x0800c02c        0x4 00
 .text          0x0800c030       0x4c e:/elektronik/toolchain/yagarto/bin/../lib/gcc/arm-none-eabi/4.6.2/../../../../arm-none-eabi/lib/thumb/v7m\libg.a(lib_a-fputc.o)
                0x0800c030                _fputc_r
                0x0800c054                fputc
 *fill*         0x0800c07c        0x4 00
 .text          0x0800c080       0x60 e:/elektronik/toolchain/yagarto/bin/../lib/gcc/arm-none-eabi/4.6.2/../../../../arm-none-eabi/lib/thumb/v7m\libg.a(lib_a-fputs.o)
                0x0800c080                _fputs_r
                0x0800c0d0                fputs
 .text          0x0800c0e0      0x334 e:/elektronik/toolchain/yagarto/bin/../lib/gcc/arm-none-eabi/4.6.2/../../../../arm-none-eabi/lib/thumb/v7m\libg.a(lib_a-fvwrite.o)
                0x0800c0e0                __sfvwrite_r
 *fill*         0x0800c414        0xc 00
 .text          0x0800c420       0x94 e:/elektronik/toolchain/yagarto/bin/../lib/gcc/arm-none-eabi/4.6.2/../../../../arm-none-eabi/lib/thumb/v7m\libg.a(lib_a-fwrite.o)
                0x0800c420                _fwrite_r
                0x0800c48c                fwrite
 *fill*         0x0800c4b4        0xc 00
 .text          0x0800c4c0       0x20 e:/elektronik/toolchain/yagarto/bin/../lib/gcc/arm-none-eabi/4.6.2/../../../../arm-none-eabi/lib/thumb/v7m\libg.a(lib_a-malloc.o)
                0x0800c4c0                malloc
                0x0800c4d0                free
 .text          0x0800c4e0      0x564 e:/elektronik/toolchain/yagarto/bin/../lib/gcc/arm-none-eabi/4.6.2/../../../../arm-none-eabi/lib/thumb/v7m\libg.a(lib_a-mallocr.o)
                0x0800c4e0                _malloc_r
 *fill*         0x0800ca44        0xc 00
 .text          0x0800ca50       0x88 e:/elektronik/toolchain/yagarto/bin/../lib/gcc/arm-none-eabi/4.6.2/../../../../arm-none-eabi/lib/thumb/v7m\libg.a(lib_a-memchr.o)
                0x0800ca50                memchr
 *fill*         0x0800cad8        0x8 00
 .text          0x0800cae0       0x60 e:/elektronik/toolchain/yagarto/bin/../lib/gcc/arm-none-eabi/4.6.2/../../../../arm-none-eabi/lib/thumb/v7m\libg.a(lib_a-memcmp.o)
                0x0800cae0                memcmp
 .text          0x0800cb40       0x84 e:/elektronik/toolchain/yagarto/bin/../lib/gcc/arm-none-eabi/4.6.2/../../../../arm-none-eabi/lib/thumb/v7m\libg.a(lib_a-memcpy.o)
                0x0800cb40                memcpy
 *fill*         0x0800cbc4        0xc 00
 .text          0x0800cbd0       0xc8 e:/elektronik/toolchain/yagarto/bin/../lib/gcc/arm-none-eabi/4.6.2/../../../../arm-none-eabi/lib/thumb/v7m\libg.a(lib_a-memmove.o)
                0x0800cbd0                memmove
 *fill*         0x0800cc98        0x8 00
 .text          0x0800cca0       0x94 e:/elektronik/toolchain/yagarto/bin/../lib/gcc/arm-none-eabi/4.6.2/../../../../arm-none-eabi/lib/thumb/v7m\libg.a(lib_a-memset.o)
                0x0800cca0                memset
 *fill*         0x0800cd34        0xc 00
 .text          0x0800cd40       0xc8 e:/elektronik/toolchain/yagarto/bin/../lib/gcc/arm-none-eabi/4.6.2/../../../../arm-none-eabi/lib/thumb/v7m\libg.a(lib_a-putc.o)
                0x0800cd40                _putc_r
                0x0800cda0                putc
 *fill*         0x0800ce08        0x8 00
 .text          0x0800ce10       0x14 e:/elektronik/toolchain/yagarto/bin/../lib/gcc/arm-none-eabi/4.6.2/../../../../arm-none-eabi/lib/thumb/v7m\libg.a(lib_a-realloc.o)
                0x0800ce10                realloc
 *fill*         0x0800ce24        0xc 00
 .text          0x0800ce30      0x410 e:/elektronik/toolchain/yagarto/bin/../lib/gcc/arm-none-eabi/4.6.2/../../../../arm-none-eabi/lib/thumb/v7m\libg.a(lib_a-reallocr.o)
                0x0800ce30                _realloc_r
 .text          0x0800d240      0x158 e:/elektronik/toolchain/yagarto/bin/../lib/gcc/arm-none-eabi/4.6.2/../../../../arm-none-eabi/lib/thumb/v7m\libg.a(lib_a-signal.o)
                0x0800d240                _init_signal_r
                0x0800d274                _signal_r
                0x0800d2b4                _raise_r
                0x0800d30c                __sigtramp_r
                0x0800d35c                raise
                0x0800d36c                signal
                0x0800d37c                _init_signal
                0x0800d388                __sigtramp
 *fill*         0x0800d398        0x8 00
 .text          0x0800d3a0       0x94 e:/elektronik/toolchain/yagarto/bin/../lib/gcc/arm-none-eabi/4.6.2/../../../../arm-none-eabi/lib/thumb/v7m\libg.a(lib_a-sprintf.o)
                0x0800d3a0                _sprintf_r
                0x0800d3e4                sprintf
 *fill*         0x0800d434        0xc 00
 .text          0x0800d440       0x50 e:/elektronik/toolchain/yagarto/bin/../lib/gcc/arm-none-eabi/4.6.2/../../../../arm-none-eabi/lib/thumb/v7m\libg.a(lib_a-strcat.o)
                0x0800d440                strcat
 .text          0x0800d490      0x1dc e:/elektronik/toolchain/yagarto/bin/../lib/gcc/arm-none-eabi/4.6.2/../../../../arm-none-eabi/lib/thumb/v7m\libg.a(lib_a-strcmp.o)
                0x0800d490                strcmp
 *fill*         0x0800d66c        0x4 00
 .text          0x0800d670       0xbc e:/elektronik/toolchain/yagarto/bin/../lib/gcc/arm-none-eabi/4.6.2/../../../../arm-none-eabi/lib/thumb/v7m\libg.a(lib_a-strcpy.o)
                0x0800d670                strcpy
 *fill*         0x0800d72c        0x4 00
 .text          0x0800d730       0x60 e:/elektronik/toolchain/yagarto/bin/../lib/gcc/arm-none-eabi/4.6.2/../../../../arm-none-eabi/lib/thumb/v7m\libg.a(lib_a-strlen.o)
                0x0800d730                strlen
 .text          0x0800d790       0xa8 e:/elektronik/toolchain/yagarto/bin/../lib/gcc/arm-none-eabi/4.6.2/../../../../arm-none-eabi/lib/thumb/v7m\libg.a(lib_a-strncmp.o)
                0x0800d790                strncmp
 *fill*         0x0800d838        0x8 00
 .text          0x0800d840       0x70 e:/elektronik/toolchain/yagarto/bin/../lib/gcc/arm-none-eabi/4.6.2/../../../../arm-none-eabi/lib/thumb/v7m\libg.a(lib_a-strncpy.o)
                0x0800d840                strncpy
 .text          0x0800d8b0     0x1314 e:/elektronik/toolchain/yagarto/bin/../lib/gcc/arm-none-eabi/4.6.2/../../../../arm-none-eabi/lib/thumb/v7m\libg.a(lib_a-svfprintf.o)
                0x0800d8b0                _svfprintf_r
 *fill*         0x0800ebc4        0xc 00
 .text          0x0800ebd0       0x1c e:/elektronik/toolchain/yagarto/bin/../lib/gcc/arm-none-eabi/4.6.2/../../../../arm-none-eabi/lib/thumb/v7m\libg.a(lib_a-syswrite.o)
                0x0800ebd0                write
 *fill*         0x0800ebec        0x4 00
 .text          0x0800ebf0      0xb54 e:/elektronik/toolchain/yagarto/bin/../lib/gcc/arm-none-eabi/4.6.2/../../../../arm-none-eabi/lib/thumb/v7m\libg.a(lib_a-vfiprintf.o)
                0x0800ebf0                __sprint_r
                0x0800ec70                _vfiprintf_r
                0x0800f728                vfiprintf
 *fill*         0x0800f744        0xc 00
 .text          0x0800f750       0xc8 e:/elektronik/toolchain/yagarto/bin/../lib/gcc/arm-none-eabi/4.6.2/../../../../arm-none-eabi/lib/thumb/v7m\libg.a(lib_a-wbuf.o)
                0x0800f750                __swbuf_r
                0x0800f808                __swbuf
 *fill*         0x0800f818        0x8 00
 .text          0x0800f820       0xb8 e:/elektronik/toolchain/yagarto/bin/../lib/gcc/arm-none-eabi/4.6.2/../../../../arm-none-eabi/lib/thumb/v7m\libg.a(lib_a-wsetup.o)
                0x0800f820                __swsetup_r
 *fill*         0x0800f8d8        0x8 00
 .text          0x0800f8e0       0xb0 e:/elektronik/toolchain/yagarto/bin/../lib/gcc/arm-none-eabi/4.6.2/../../../../arm-none-eabi/lib/thumb/v7m\libg.a(lib_a-__atexit.o)
                0x0800f8e0                __register_exitproc
 .text          0x0800f990     0x1040 e:/elektronik/toolchain/yagarto/bin/../lib/gcc/arm-none-eabi/4.6.2/../../../../arm-none-eabi/lib/thumb/v7m\libg.a(lib_a-dtoa.o)
                0x0800fad4                _dtoa_r
 .text          0x080109d0      0x1a4 e:/elektronik/toolchain/yagarto/bin/../lib/gcc/arm-none-eabi/4.6.2/../../../../arm-none-eabi/lib/thumb/v7m\libg.a(lib_a-fflush.o)
                0x080109d0                _fflush_r
                0x08010b54                fflush
 *fill*         0x08010b74        0xc 00
 .text          0x08010b80      0x1c4 e:/elektronik/toolchain/yagarto/bin/../lib/gcc/arm-none-eabi/4.6.2/../../../../arm-none-eabi/lib/thumb/v7m\libg.a(lib_a-findfp.o)
                0x08010b88                _cleanup_r
                0x08010be8                __sfmoreglue
                0x08010c14                _cleanup
                0x08010c20                __sinit
                0x08010c68                __sfp
                0x08010d04                __sfp_lock_acquire
                0x08010d08                __sfp_lock_release
                0x08010d0c                __sinit_lock_acquire
                0x08010d10                __sinit_lock_release
                0x08010d14                __fp_lock_all
                0x08010d2c                __fp_unlock_all
 *fill*         0x08010d44        0xc 00
 .text          0x08010d50      0x104 e:/elektronik/toolchain/yagarto/bin/../lib/gcc/arm-none-eabi/4.6.2/../../../../arm-none-eabi/lib/thumb/v7m\libg.a(lib_a-fputwc.o)
                0x08010d50                _fputwc_r
                0x08010e30                fputwc
 *fill*         0x08010e54        0xc 00
 .text          0x08010e60      0x224 e:/elektronik/toolchain/yagarto/bin/../lib/gcc/arm-none-eabi/4.6.2/../../../../arm-none-eabi/lib/thumb/v7m\libg.a(lib_a-freer.o)
                0x08010e60                _malloc_trim_r
                0x08010f00                _free_r
 *fill*         0x08011084        0xc 00
 .text          0x08011090       0xa0 e:/elektronik/toolchain/yagarto/bin/../lib/gcc/arm-none-eabi/4.6.2/../../../../arm-none-eabi/lib/thumb/v7m\libg.a(lib_a-fwalk.o)
                0x08011090                _fwalk
                0x080110dc                _fwalk_reent
 .text          0x08011130       0x88 e:/elektronik/toolchain/yagarto/bin/../lib/gcc/arm-none-eabi/4.6.2/../../../../arm-none-eabi/lib/thumb/v7m\libg.a(lib_a-locale.o)
                0x08011130                _setlocale_r
                0x08011174                __locale_charset
                0x08011180                __locale_mb_cur_max
                0x0801118c                __locale_msgcharset
                0x08011194                __locale_cjk_lang
                0x08011198                _localeconv_r
                0x080111a0                setlocale
                0x080111b0                localeconv
 *fill*         0x080111b8        0x8 00
 .text          0x080111c0       0xe4 e:/elektronik/toolchain/yagarto/bin/../lib/gcc/arm-none-eabi/4.6.2/../../../../arm-none-eabi/lib/thumb/v7m\libg.a(lib_a-makebuf.o)
                0x080111c0                __smakebuf_r
 *fill*         0x080112a4        0xc 00
 .text          0x080112b0      0x8c8 e:/elektronik/toolchain/yagarto/bin/../lib/gcc/arm-none-eabi/4.6.2/../../../../arm-none-eabi/lib/thumb/v7m\libg.a(lib_a-mprec.o)
                0x080112b0                _Balloc
                0x080112fc                _Bfree
                0x08011310                __multadd
                0x08011394                __s2b
                0x08011428                __hi0bits
                0x08011464                __lo0bits
                0x080114c0                __i2b
                0x080114d4                __multiply
                0x0801160c                __pow5mult
                0x080116a4                __lshift
                0x08011764                __mcmp
                0x080117a4                __mdiff
                0x08011888                __ulp
                0x080118cc                __b2d
                0x08011978                __d2b
                0x08011a40                __ratio
                0x08011a9c                _mprec_log10
                0x08011ad0                __copybits
                0x08011b18                __any_on
 *fill*         0x08011b78        0x8 00
 .text          0x08011b80       0x90 e:/elektronik/toolchain/yagarto/bin/../lib/gcc/arm-none-eabi/4.6.2/../../../../arm-none-eabi/lib/thumb/v7m\libg.a(lib_a-s_fpclassify.o)
                0x08011b80                __fpclassifyd
 .text          0x08011c10       0x8c e:/elektronik/toolchain/yagarto/bin/../lib/gcc/arm-none-eabi/4.6.2/../../../../arm-none-eabi/lib/thumb/v7m\libg.a(lib_a-stdio.o)
                0x08011c10                __sread
                0x08011c34                __seofread
                0x08011c38                __swrite
                0x08011c70                __sseek
                0x08011c94                __sclose
 *fill*         0x08011c9c        0x4 00
 .text          0x08011ca0      0xa00 e:/elektronik/toolchain/yagarto/bin/../lib/gcc/arm-none-eabi/4.6.2/../../../../arm-none-eabi/lib/thumb/v7m\libg.a(lib_a-svfiprintf.o)
                0x08011ca0                __ssprint_r
                0x08011db8                _svfiprintf_r
 .text          0x080126a0       0xac e:/elektronik/toolchain/yagarto/bin/../lib/gcc/arm-none-eabi/4.6.2/../../../../arm-none-eabi/lib/thumb/v7m\libg.a(lib_a-wcrtomb.o)
                0x080126a0                _wcrtomb_r
                0x080126ec                wcrtomb
 *fill*         0x0801274c        0x4 00
 .text          0x08012750       0x4c e:/elektronik/toolchain/yagarto/bin/../lib/gcc/arm-none-eabi/4.6.2/../../../../arm-none-eabi/lib/thumb/v7m\libg.a(lib_a-wctomb_r.o)
                0x08012750                __ascii_wctomb
                0x0801276c                _wctomb_r
 *fill*         0x0801279c        0x4 00
 .text          0x080127a0       0x60 e:/elektronik/toolchain/yagarto/bin/../lib/gcc/arm-none-eabi/4.6.2/../../../../arm-none-eabi/lib/thumb/v7m\libg.a(lib_a-callocr.o)
                0x080127a0                _calloc_r
 .text          0x08012800       0x9c e:/elektronik/toolchain/yagarto/bin/../lib/gcc/arm-none-eabi/4.6.2/../../../../arm-none-eabi/lib/thumb/v7m\libg.a(lib_a-fclose.o)
                0x08012800                _fclose_r
                0x0801288c                fclose
 *fill*         0x0801289c        0x4 00
 .text          0x080128a0      0x278 e:/elektronik/toolchain/yagarto/bin/../lib/gcc/arm-none-eabi/4.6.2/thumb/v7m\libgcc.a(_udivsi3.o)
                0x080128a0                __aeabi_uidiv
                0x080128a0                __udivsi3
                0x08012afc                __aeabi_uidivmod
 *fill*         0x08012b18        0x8 00
 .text          0x08012b20        0x4 e:/elektronik/toolchain/yagarto/bin/../lib/gcc/arm-none-eabi/4.6.2/thumb/v7m\libgcc.a(_dvmd_tls.o)
                0x08012b20                __aeabi_idiv0
                0x08012b20                __aeabi_ldiv0
 *fill*         0x08012b24        0xc 00
 .text          0x08012b30      0x370 e:/elektronik/toolchain/yagarto/bin/../lib/gcc/arm-none-eabi/4.6.2/thumb/v7m\libgcc.a(_arm_addsubdf3.o)
                0x08012b30                __aeabi_drsub
                0x08012b38                __aeabi_dsub
                0x08012b38                __subdf3
                0x08012b3c                __aeabi_dadd
                0x08012b3c                __adddf3
                0x08012db4                __floatunsidf
                0x08012db4                __aeabi_ui2d
                0x08012dd4                __floatsidf
                0x08012dd4                __aeabi_i2d
                0x08012df8                __aeabi_f2d
                0x08012df8                __extendsfdf2
                0x08012e34                __floatundidf
                0x08012e34                __aeabi_ul2d
                0x08012e44                __floatdidf
                0x08012e44                __aeabi_l2d
 .text          0x08012ea0      0x424 e:/elektronik/toolchain/yagarto/bin/../lib/gcc/arm-none-eabi/4.6.2/thumb/v7m\libgcc.a(_arm_muldivdf3.o)
                0x08012ea0                __aeabi_dmul
                0x08012ea0                __muldf3
                0x080130f4                __divdf3
                0x080130f4                __aeabi_ddiv
 *fill*         0x080132c4        0xc 00
 .text          0x080132d0      0x110 e:/elektronik/toolchain/yagarto/bin/../lib/gcc/arm-none-eabi/4.6.2/thumb/v7m\libgcc.a(_arm_cmpdf2.o)
                0x080132d0                __gtdf2
                0x080132d0                __gedf2
                0x080132d8                __ltdf2
                0x080132d8                __ledf2
                0x080132e0                __nedf2
                0x080132e0                __eqdf2
                0x080132e0                __cmpdf2
                0x0801335c                __aeabi_cdrcmple
                0x0801336c                __aeabi_cdcmpeq
                0x0801336c                __aeabi_cdcmple
                0x0801337c                __aeabi_dcmpeq
                0x08013390                __aeabi_dcmplt
                0x080133a4                __aeabi_dcmple
                0x080133b8                __aeabi_dcmpge
                0x080133cc                __aeabi_dcmpgt
 .text          0x080133e0       0x50 e:/elektronik/toolchain/yagarto/bin/../lib/gcc/arm-none-eabi/4.6.2/thumb/v7m\libgcc.a(_arm_fixdfsi.o)
                0x080133e0                __aeabi_d2iz
                0x080133e0                __fixdfsi
 *(.text.*)
 .text._ZNK5CTask7IsValidEv
                0x08013430       0x24 ./Menue/CMenue.o
                0x08013430                CTask::IsValid() const
 *fill*         0x08013454        0xc 00
 .text._ZN5CTask6DetachEv
                0x08013460       0x24 ./Menue/CMenue.o
                0x08013460                CTask::Detach()
 *fill*         0x08013484        0xc 00
 .text._ZN12AManagedTask8OnCreateEPKctm
                0x08013490       0x20 ./Menue/CMenue.o
                0x08013490                AManagedTask::OnCreate(char const*, unsigned short, unsigned long)
 .text._ZN5CTask13EnterCriticalEv
                0x080134b0        0xc ./FreeRTOS_EC/Source/AManagedTask.o
                0x080134b0                CTask::EnterCritical()
 *fill*         0x080134bc        0x4 00
 .text._ZN5CTask12ExitCriticalEv
                0x080134c0        0xc ./FreeRTOS_EC/Source/AManagedTask.o
                0x080134c0                CTask::ExitCritical()
 *fill*         0x080134cc        0x4 00
 .text._ZN12AManagedTask12HardwareInitEv
                0x080134d0       0x18 ./FreeRTOS_EC/Source/AManagedTask.o
                0x080134d0                AManagedTask::HardwareInit()
 *fill*         0x080134e8        0x8 00
 .text._ZN9CFreeRTOS15SuspendAllTasksEv
                0x080134f0        0xc ./FreeRTOS_EC/Source/AManagedTask.o
                0x080134f0                CFreeRTOS::SuspendAllTasks()
 *fill*         0x080134fc        0x4 00
 .text._ZN9CFreeRTOS14ResumeAllTasksEv
                0x08013500       0x10 ./FreeRTOS_EC/Source/AManagedTask.o
                0x08013500                CFreeRTOS::ResumeAllTasks()
 .text._ZN12IFreeRTOSObjC2Ev
                0x08013510       0x20 ./FreeRTOS_EC/Source/ASyncObject.o
                0x08013510                IFreeRTOSObj::IFreeRTOSObj()
                0x08013510                IFreeRTOSObj::IFreeRTOSObj()
 .text._ZN9CFreeRTOS14StartSchedulerEv
                0x08013530        0xc ./main.o
                0x08013530                CFreeRTOS::StartScheduler()
 *fill*         0x0801353c        0x4 00
 .text.__aeabi_atexit
                0x08013540        0xc e:/elektronik/toolchain/yagarto/bin/../lib/gcc/arm-none-eabi/4.6.2/../../../../arm-none-eabi/lib/thumb/v7m\libstdc++.a(atexit_arm.o)
                0x08013540                __aeabi_atexit
 *fill*         0x0801354c        0x4 00
 .text._ZdlPv   0x08013550        0x8 e:/elektronik/toolchain/yagarto/bin/../lib/gcc/arm-none-eabi/4.6.2/../../../../arm-none-eabi/lib/thumb/v7m\libstdc++.a(del_op.o)
                0x08013550                operator delete(void*)
 *fill*         0x08013558        0x8 00
 .text.__cxa_pure_virtual
                0x08013560       0x18 e:/elektronik/toolchain/yagarto/bin/../lib/gcc/arm-none-eabi/4.6.2/../../../../arm-none-eabi/lib/thumb/v7m\libstdc++.a(pure.o)
                0x08013560                __cxa_pure_virtual
 *fill*         0x08013578        0x8 00
 .text._ZN10__cxxabiv111__terminateEPFvvE
                0x08013580       0x28 e:/elektronik/toolchain/yagarto/bin/../lib/gcc/arm-none-eabi/4.6.2/../../../../arm-none-eabi/lib/thumb/v7m\libstdc++.a(eh_terminate.o)
                0x08013580                __cxxabiv1::__terminate(void (*)())
 *fill*         0x080135a8        0x8 00
 .text._ZSt9terminatev
                0x080135b0       0x10 e:/elektronik/toolchain/yagarto/bin/../lib/gcc/arm-none-eabi/4.6.2/../../../../arm-none-eabi/lib/thumb/v7m\libstdc++.a(eh_terminate.o)
                0x080135b0                std::terminate()
 .text._ZN10__cxxabiv112__unexpectedEPFvvE
                0x080135c0        0x8 e:/elektronik/toolchain/yagarto/bin/../lib/gcc/arm-none-eabi/4.6.2/../../../../arm-none-eabi/lib/thumb/v7m\libstdc++.a(eh_terminate.o)
                0x080135c0                __cxxabiv1::__unexpected(void (*)())
 *fill*         0x080135c8        0x8 00
 .text._ZSt10unexpectedv
                0x080135d0       0x14 e:/elektronik/toolchain/yagarto/bin/../lib/gcc/arm-none-eabi/4.6.2/../../../../arm-none-eabi/lib/thumb/v7m\libstdc++.a(eh_terminate.o)
                0x080135d0                std::unexpected()
 *fill*         0x080135e4        0xc 00
 .text._ZN9__gnu_cxx27__verbose_terminate_handlerEv
                0x080135f0      0x118 e:/elektronik/toolchain/yagarto/bin/../lib/gcc/arm-none-eabi/4.6.2/../../../../arm-none-eabi/lib/thumb/v7m\libstdc++.a(vterminate.o)
                0x080135f0                __gnu_cxx::__verbose_terminate_handler()
 *fill*         0x08013708        0x8 00
 .text.__cxa_end_cleanup
                0x08013710        0xc e:/elektronik/toolchain/yagarto/bin/../lib/gcc/arm-none-eabi/4.6.2/../../../../arm-none-eabi/lib/thumb/v7m\libstdc++.a(eh_arm.o)
                0x08013710                __cxa_end_cleanup
 *fill*         0x0801371c        0x4 00
 .text.__cxa_type_match
                0x08013720       0xe4 e:/elektronik/toolchain/yagarto/bin/../lib/gcc/arm-none-eabi/4.6.2/../../../../arm-none-eabi/lib/thumb/v7m\libstdc++.a(eh_arm.o)
                0x08013720                __cxa_type_match
 *fill*         0x08013804        0xc 00
 .text.__cxa_begin_cleanup
                0x08013810       0x68 e:/elektronik/toolchain/yagarto/bin/../lib/gcc/arm-none-eabi/4.6.2/../../../../arm-none-eabi/lib/thumb/v7m\libstdc++.a(eh_arm.o)
                0x08013810                __cxa_begin_cleanup
 *fill*         0x08013878        0x8 00
 .text.__gnu_end_cleanup
                0x08013880       0x74 e:/elektronik/toolchain/yagarto/bin/../lib/gcc/arm-none-eabi/4.6.2/../../../../arm-none-eabi/lib/thumb/v7m\libstdc++.a(eh_arm.o)
                0x08013880                __gnu_end_cleanup
 *fill*         0x080138f4        0xc 00
 .text.__cxa_bad_typeid
                0x08013900       0x24 e:/elektronik/toolchain/yagarto/bin/../lib/gcc/arm-none-eabi/4.6.2/../../../../arm-none-eabi/lib/thumb/v7m\libstdc++.a(eh_aux_runtime.o)
                0x08013900                __cxa_bad_typeid
 *fill*         0x08013924        0xc 00
 .text.__cxa_call_terminate
                0x08013930       0x48 e:/elektronik/toolchain/yagarto/bin/../lib/gcc/arm-none-eabi/4.6.2/../../../../arm-none-eabi/lib/thumb/v7m\libstdc++.a(eh_call.o)
                0x08013930                __cxa_call_terminate
 *fill*         0x08013978        0x8 00
 .text.__cxa_call_unexpected
                0x08013980      0x11c e:/elektronik/toolchain/yagarto/bin/../lib/gcc/arm-none-eabi/4.6.2/../../../../arm-none-eabi/lib/thumb/v7m\libstdc++.a(eh_call.o)
                0x08013980                __cxa_call_unexpected
 *fill*         0x08013a9c        0x4 00
 .text.__cxa_begin_catch
                0x08013aa0       0x88 e:/elektronik/toolchain/yagarto/bin/../lib/gcc/arm-none-eabi/4.6.2/../../../../arm-none-eabi/lib/thumb/v7m\libstdc++.a(eh_catch.o)
                0x08013aa0                __cxa_begin_catch
 *fill*         0x08013b28        0x8 00
 .text.__cxa_end_catch
                0x08013b30       0x90 e:/elektronik/toolchain/yagarto/bin/../lib/gcc/arm-none-eabi/4.6.2/../../../../arm-none-eabi/lib/thumb/v7m\libstdc++.a(eh_catch.o)
                0x08013b30                __cxa_end_catch
 .text._ZNSt9exceptionD2Ev
                0x08013bc0        0xc e:/elektronik/toolchain/yagarto/bin/../lib/gcc/arm-none-eabi/4.6.2/../../../../arm-none-eabi/lib/thumb/v7m\libstdc++.a(eh_exception.o)
                0x08013bc0                std::exception::~exception()
                0x08013bc0                std::exception::~exception()
 *fill*         0x08013bcc        0x4 00
 .text._ZNSt13bad_exceptionD2Ev
                0x08013bd0        0xc e:/elektronik/toolchain/yagarto/bin/../lib/gcc/arm-none-eabi/4.6.2/../../../../arm-none-eabi/lib/thumb/v7m\libstdc++.a(eh_exception.o)
                0x08013bd0                std::bad_exception::~bad_exception()
                0x08013bd0                std::bad_exception::~bad_exception()
 *fill*         0x08013bdc        0x4 00
 .text._ZNKSt9exception4whatEv
                0x08013be0        0xc e:/elektronik/toolchain/yagarto/bin/../lib/gcc/arm-none-eabi/4.6.2/../../../../arm-none-eabi/lib/thumb/v7m\libstdc++.a(eh_exception.o)
                0x08013be0                std::exception::what() const
 *fill*         0x08013bec        0x4 00
 .text._ZNKSt13bad_exception4whatEv
                0x08013bf0        0xc e:/elektronik/toolchain/yagarto/bin/../lib/gcc/arm-none-eabi/4.6.2/../../../../arm-none-eabi/lib/thumb/v7m\libstdc++.a(eh_exception.o)
                0x08013bf0                std::bad_exception::what() const
 *fill*         0x08013bfc        0x4 00
 .text._ZNSt13bad_exceptionD0Ev
                0x08013c00       0x14 e:/elektronik/toolchain/yagarto/bin/../lib/gcc/arm-none-eabi/4.6.2/../../../../arm-none-eabi/lib/thumb/v7m\libstdc++.a(eh_exception.o)
                0x08013c00                std::bad_exception::~bad_exception()
 *fill*         0x08013c14        0xc 00
 .text._ZNSt9exceptionD0Ev
                0x08013c20       0x14 e:/elektronik/toolchain/yagarto/bin/../lib/gcc/arm-none-eabi/4.6.2/../../../../arm-none-eabi/lib/thumb/v7m\libstdc++.a(eh_exception.o)
                0x08013c20                std::exception::~exception()
 *fill*         0x08013c34        0xc 00
 .text.__cxa_get_globals_fast
                0x08013c40        0xc e:/elektronik/toolchain/yagarto/bin/../lib/gcc/arm-none-eabi/4.6.2/../../../../arm-none-eabi/lib/thumb/v7m\libstdc++.a(eh_globals.o)
                0x08013c40                __cxa_get_globals_fast
 *fill*         0x08013c4c        0x4 00
 .text.__cxa_get_globals
                0x08013c50        0xc e:/elektronik/toolchain/yagarto/bin/../lib/gcc/arm-none-eabi/4.6.2/../../../../arm-none-eabi/lib/thumb/v7m\libstdc++.a(eh_globals.o)
                0x08013c50                __cxa_get_globals
 *fill*         0x08013c5c        0x4 00
 .text._ZL12read_sleb128PKhPl
                0x08013c60       0x3c e:/elektronik/toolchain/yagarto/bin/../lib/gcc/arm-none-eabi/4.6.2/../../../../arm-none-eabi/lib/thumb/v7m\libstdc++.a(eh_personality.o)
 *fill*         0x08013c9c        0x4 00
 .text._ZL28read_encoded_value_with_basehjPKhPj
                0x08013ca0       0xc0 e:/elektronik/toolchain/yagarto/bin/../lib/gcc/arm-none-eabi/4.6.2/../../../../arm-none-eabi/lib/thumb/v7m\libstdc++.a(eh_personality.o)
 .text._ZL21base_of_encoded_valuehP15_Unwind_Context
                0x08013d60       0x4c e:/elektronik/toolchain/yagarto/bin/../lib/gcc/arm-none-eabi/4.6.2/../../../../arm-none-eabi/lib/thumb/v7m\libstdc++.a(eh_personality.o)
 *fill*         0x08013dac        0x4 00
 .text._ZL17parse_lsda_headerP15_Unwind_ContextPKhP16lsda_header_info.constprop.1
                0x08013db0       0x8c e:/elektronik/toolchain/yagarto/bin/../lib/gcc/arm-none-eabi/4.6.2/../../../../arm-none-eabi/lib/thumb/v7m\libstdc++.a(eh_personality.o)
 *fill*         0x08013e3c        0x4 00
 .text.__gxx_personality_v0
                0x08013e40      0x3a8 e:/elektronik/toolchain/yagarto/bin/../lib/gcc/arm-none-eabi/4.6.2/../../../../arm-none-eabi/lib/thumb/v7m\libstdc++.a(eh_personality.o)
                0x08013e40                __gxx_personality_v0
 *fill*         0x080141e8        0x8 00
 .text._ZL23__gxx_exception_cleanup19_Unwind_Reason_CodeP21_Unwind_Control_Block
                0x080141f0       0x4c e:/elektronik/toolchain/yagarto/bin/../lib/gcc/arm-none-eabi/4.6.2/../../../../arm-none-eabi/lib/thumb/v7m\libstdc++.a(eh_throw.o)
 *fill*         0x0801423c        0x4 00
 .text.__cxa_throw
                0x08014240       0x78 e:/elektronik/toolchain/yagarto/bin/../lib/gcc/arm-none-eabi/4.6.2/../../../../arm-none-eabi/lib/thumb/v7m\libstdc++.a(eh_throw.o)
                0x08014240                __cxa_throw
 *fill*         0x080142b8        0x8 00
 .text.__cxa_rethrow
                0x080142c0       0x70 e:/elektronik/toolchain/yagarto/bin/../lib/gcc/arm-none-eabi/4.6.2/../../../../arm-none-eabi/lib/thumb/v7m\libstdc++.a(eh_throw.o)
                0x080142c0                __cxa_rethrow
 .text.__cxa_current_exception_type
                0x08014330       0x1c e:/elektronik/toolchain/yagarto/bin/../lib/gcc/arm-none-eabi/4.6.2/../../../../arm-none-eabi/lib/thumb/v7m\libstdc++.a(eh_type.o)
                0x08014330                __cxa_current_exception_type
 *fill*         0x0801434c        0x4 00
 .text._ZN10__cxxabiv123__fundamental_type_infoD2Ev
                0x08014350       0x14 e:/elektronik/toolchain/yagarto/bin/../lib/gcc/arm-none-eabi/4.6.2/../../../../arm-none-eabi/lib/thumb/v7m\libstdc++.a(fundamental_type_info.o)
                0x08014350                __cxxabiv1::__fundamental_type_info::~__fundamental_type_info()
                0x08014350                __cxxabiv1::__fundamental_type_info::~__fundamental_type_info()
 *fill*         0x08014364        0xc 00
 .text._ZN10__cxxabiv123__fundamental_type_infoD0Ev
                0x08014370       0x1c e:/elektronik/toolchain/yagarto/bin/../lib/gcc/arm-none-eabi/4.6.2/../../../../arm-none-eabi/lib/thumb/v7m\libstdc++.a(fundamental_type_info.o)
                0x08014370                __cxxabiv1::__fundamental_type_info::~__fundamental_type_info()
 *fill*         0x0801438c        0x4 00
 .text._ZNK10__cxxabiv119__pointer_type_info14__is_pointer_pEv
                0x08014390        0x4 e:/elektronik/toolchain/yagarto/bin/../lib/gcc/arm-none-eabi/4.6.2/../../../../arm-none-eabi/lib/thumb/v7m\libstdc++.a(pointer_type_info.o)
                0x08014390                __cxxabiv1::__pointer_type_info::__is_pointer_p() const
 *fill*         0x08014394        0xc 00
 .text._ZN10__cxxabiv119__pointer_type_infoD2Ev
                0x080143a0       0x14 e:/elektronik/toolchain/yagarto/bin/../lib/gcc/arm-none-eabi/4.6.2/../../../../arm-none-eabi/lib/thumb/v7m\libstdc++.a(pointer_type_info.o)
                0x080143a0                __cxxabiv1::__pointer_type_info::~__pointer_type_info()
                0x080143a0                __cxxabiv1::__pointer_type_info::~__pointer_type_info()
 *fill*         0x080143b4        0xc 00
 .text._ZN10__cxxabiv119__pointer_type_infoD0Ev
                0x080143c0       0x1c e:/elektronik/toolchain/yagarto/bin/../lib/gcc/arm-none-eabi/4.6.2/../../../../arm-none-eabi/lib/thumb/v7m\libstdc++.a(pointer_type_info.o)
                0x080143c0                __cxxabiv1::__pointer_type_info::~__pointer_type_info()
 *fill*         0x080143dc        0x4 00
 .text._ZNK10__cxxabiv119__pointer_type_info15__pointer_catchEPKNS_17__pbase_type_infoEPPvj
                0x080143e0       0x48 e:/elektronik/toolchain/yagarto/bin/../lib/gcc/arm-none-eabi/4.6.2/../../../../arm-none-eabi/lib/thumb/v7m\libstdc++.a(pointer_type_info.o)
                0x080143e0                __cxxabiv1::__pointer_type_info::__pointer_catch(__cxxabiv1::__pbase_type_info const*, void**, unsigned int) const
 *fill*         0x08014428        0x8 00
 .text._ZN10__cxxabiv120__si_class_type_infoD2Ev
                0x08014430       0x14 e:/elektronik/toolchain/yagarto/bin/../lib/gcc/arm-none-eabi/4.6.2/../../../../arm-none-eabi/lib/thumb/v7m\libstdc++.a(si_class_type_info.o)
                0x08014430                __cxxabiv1::__si_class_type_info::~__si_class_type_info()
                0x08014430                __cxxabiv1::__si_class_type_info::~__si_class_type_info()
 *fill*         0x08014444        0xc 00
 .text._ZN10__cxxabiv120__si_class_type_infoD0Ev
                0x08014450       0x1c e:/elektronik/toolchain/yagarto/bin/../lib/gcc/arm-none-eabi/4.6.2/../../../../arm-none-eabi/lib/thumb/v7m\libstdc++.a(si_class_type_info.o)
                0x08014450                __cxxabiv1::__si_class_type_info::~__si_class_type_info()
 *fill*         0x0801446c        0x4 00
 .text._ZNK10__cxxabiv120__si_class_type_info11__do_upcastEPKNS_17__class_type_infoEPKvRNS1_15__upcast_resultE
                0x08014470       0x28 e:/elektronik/toolchain/yagarto/bin/../lib/gcc/arm-none-eabi/4.6.2/../../../../arm-none-eabi/lib/thumb/v7m\libstdc++.a(si_class_type_info.o)
                0x08014470                __cxxabiv1::__si_class_type_info::__do_upcast(__cxxabiv1::__class_type_info const*, void const*, __cxxabiv1::__class_type_info::__upcast_result&) const
 *fill*         0x08014498        0x8 00
 .text._ZNK10__cxxabiv120__si_class_type_info12__do_dyncastEiNS_17__class_type_info10__sub_kindEPKS1_PKvS4_S6_RNS1_16__dyncast_resultE
                0x080144a0       0x88 e:/elektronik/toolchain/yagarto/bin/../lib/gcc/arm-none-eabi/4.6.2/../../../../arm-none-eabi/lib/thumb/v7m\libstdc++.a(si_class_type_info.o)
                0x080144a0                __cxxabiv1::__si_class_type_info::__do_dyncast(int, __cxxabiv1::__class_type_info::__sub_kind, __cxxabiv1::__class_type_info const*, void const*, __cxxabiv1::__class_type_info const*, void const*, __cxxabiv1::__class_type_info::__dyncast_result&) const
 *fill*         0x08014528        0x8 00
 .text._ZNK10__cxxabiv120__si_class_type_info20__do_find_public_srcEiPKvPKNS_17__class_type_infoES2_
                0x08014530       0x38 e:/elektronik/toolchain/yagarto/bin/../lib/gcc/arm-none-eabi/4.6.2/../../../../arm-none-eabi/lib/thumb/v7m\libstdc++.a(si_class_type_info.o)
                0x08014530                __cxxabiv1::__si_class_type_info::__do_find_public_src(int, void const*, __cxxabiv1::__class_type_info const*, void const*) const
 *fill*         0x08014568        0x8 00
 .text._ZNSt9type_infoD2Ev
                0x08014570        0xc e:/elektronik/toolchain/yagarto/bin/../lib/gcc/arm-none-eabi/4.6.2/../../../../arm-none-eabi/lib/thumb/v7m\libstdc++.a(tinfo.o)
                0x08014570                std::type_info::~type_info()
                0x08014570                std::type_info::~type_info()
 *fill*         0x0801457c        0x4 00
 .text._ZNKSt9type_info14__is_pointer_pEv
                0x08014580        0x4 e:/elektronik/toolchain/yagarto/bin/../lib/gcc/arm-none-eabi/4.6.2/../../../../arm-none-eabi/lib/thumb/v7m\libstdc++.a(tinfo.o)
                0x08014580                std::type_info::__is_pointer_p() const
 *fill*         0x08014584        0xc 00
 .text._ZNKSt9type_info15__is_function_pEv
                0x08014590        0x4 e:/elektronik/toolchain/yagarto/bin/../lib/gcc/arm-none-eabi/4.6.2/../../../../arm-none-eabi/lib/thumb/v7m\libstdc++.a(tinfo.o)
                0x08014590                std::type_info::__is_function_p() const
 *fill*         0x08014594        0xc 00
 .text._ZNKSt9type_info11__do_upcastEPKN10__cxxabiv117__class_type_infoEPPv
                0x080145a0        0x4 e:/elektronik/toolchain/yagarto/bin/../lib/gcc/arm-none-eabi/4.6.2/../../../../arm-none-eabi/lib/thumb/v7m\libstdc++.a(tinfo.o)
                0x080145a0                std::type_info::__do_upcast(__cxxabiv1::__class_type_info const*, void**) const
 *fill*         0x080145a4        0xc 00
 .text._ZNSt9type_infoD0Ev
                0x080145b0       0x14 e:/elektronik/toolchain/yagarto/bin/../lib/gcc/arm-none-eabi/4.6.2/../../../../arm-none-eabi/lib/thumb/v7m\libstdc++.a(tinfo.o)
                0x080145b0                std::type_info::~type_info()
 *fill*         0x080145c4        0xc 00
 .text._ZNKSt9type_infoeqERKS_
                0x080145d0       0x38 e:/elektronik/toolchain/yagarto/bin/../lib/gcc/arm-none-eabi/4.6.2/../../../../arm-none-eabi/lib/thumb/v7m\libstdc++.a(tinfo.o)
                0x080145d0                std::type_info::operator==(std::type_info const&) const
 *fill*         0x08014608        0x8 00
 .text._ZNKSt9type_info10__do_catchEPKS_PPvj
                0x08014610        0x4 e:/elektronik/toolchain/yagarto/bin/../lib/gcc/arm-none-eabi/4.6.2/../../../../arm-none-eabi/lib/thumb/v7m\libstdc++.a(tinfo.o)
                0x08014610                std::type_info::__do_catch(std::type_info const*, void**, unsigned int) const
 *fill*         0x08014614        0xc 00
 .text._ZNKSt10bad_typeid4whatEv
                0x08014620        0xc e:/elektronik/toolchain/yagarto/bin/../lib/gcc/arm-none-eabi/4.6.2/../../../../arm-none-eabi/lib/thumb/v7m\libstdc++.a(bad_typeid.o)
                0x08014620                std::bad_typeid::what() const
 *fill*         0x0801462c        0x4 00
 .text._ZNSt10bad_typeidD2Ev
                0x08014630       0x14 e:/elektronik/toolchain/yagarto/bin/../lib/gcc/arm-none-eabi/4.6.2/../../../../arm-none-eabi/lib/thumb/v7m\libstdc++.a(bad_typeid.o)
                0x08014630                std::bad_typeid::~bad_typeid()
                0x08014630                std::bad_typeid::~bad_typeid()
 *fill*         0x08014644        0xc 00
 .text._ZNSt10bad_typeidD0Ev
                0x08014650       0x1c e:/elektronik/toolchain/yagarto/bin/../lib/gcc/arm-none-eabi/4.6.2/../../../../arm-none-eabi/lib/thumb/v7m\libstdc++.a(bad_typeid.o)
                0x08014650                std::bad_typeid::~bad_typeid()
 *fill*         0x0801466c        0x4 00
 .text._ZNK10__cxxabiv117__class_type_info11__do_upcastEPKS0_PPv
                0x08014670       0x38 e:/elektronik/toolchain/yagarto/bin/../lib/gcc/arm-none-eabi/4.6.2/../../../../arm-none-eabi/lib/thumb/v7m\libstdc++.a(class_type_info.o)
                0x08014670                __cxxabiv1::__class_type_info::__do_upcast(__cxxabiv1::__class_type_info const*, void**) const
 *fill*         0x080146a8        0x8 00
 .text._ZNK10__cxxabiv117__class_type_info20__do_find_public_srcEiPKvPKS0_S2_
                0x080146b0        0xc e:/elektronik/toolchain/yagarto/bin/../lib/gcc/arm-none-eabi/4.6.2/../../../../arm-none-eabi/lib/thumb/v7m\libstdc++.a(class_type_info.o)
                0x080146b0                __cxxabiv1::__class_type_info::__do_find_public_src(int, void const*, __cxxabiv1::__class_type_info const*, void const*) const
 *fill*         0x080146bc        0x4 00
 .text._ZNK10__cxxabiv117__class_type_info11__do_upcastEPKS0_PKvRNS0_15__upcast_resultE
                0x080146c0       0x1c e:/elektronik/toolchain/yagarto/bin/../lib/gcc/arm-none-eabi/4.6.2/../../../../arm-none-eabi/lib/thumb/v7m\libstdc++.a(class_type_info.o)
                0x080146c0                __cxxabiv1::__class_type_info::__do_upcast(__cxxabiv1::__class_type_info const*, void const*, __cxxabiv1::__class_type_info::__upcast_result&) const
 *fill*         0x080146dc        0x4 00
 .text._ZN10__cxxabiv117__class_type_infoD2Ev
                0x080146e0       0x14 e:/elektronik/toolchain/yagarto/bin/../lib/gcc/arm-none-eabi/4.6.2/../../../../arm-none-eabi/lib/thumb/v7m\libstdc++.a(class_type_info.o)
                0x080146e0                __cxxabiv1::__class_type_info::~__class_type_info()
                0x080146e0                __cxxabiv1::__class_type_info::~__class_type_info()
 *fill*         0x080146f4        0xc 00
 .text._ZN10__cxxabiv117__class_type_infoD0Ev
                0x08014700       0x1c e:/elektronik/toolchain/yagarto/bin/../lib/gcc/arm-none-eabi/4.6.2/../../../../arm-none-eabi/lib/thumb/v7m\libstdc++.a(class_type_info.o)
                0x08014700                __cxxabiv1::__class_type_info::~__class_type_info()
 *fill*         0x0801471c        0x4 00
 .text._ZNK10__cxxabiv117__class_type_info12__do_dyncastEiNS0_10__sub_kindEPKS0_PKvS3_S5_RNS0_16__dyncast_resultE
                0x08014720       0x3c e:/elektronik/toolchain/yagarto/bin/../lib/gcc/arm-none-eabi/4.6.2/../../../../arm-none-eabi/lib/thumb/v7m\libstdc++.a(class_type_info.o)
                0x08014720                __cxxabiv1::__class_type_info::__do_dyncast(int, __cxxabiv1::__class_type_info::__sub_kind, __cxxabiv1::__class_type_info const*, void const*, __cxxabiv1::__class_type_info const*, void const*, __cxxabiv1::__class_type_info::__dyncast_result&) const
 *fill*         0x0801475c        0x4 00
 .text._ZNK10__cxxabiv117__class_type_info10__do_catchEPKSt9type_infoPPvj
                0x08014760       0x28 e:/elektronik/toolchain/yagarto/bin/../lib/gcc/arm-none-eabi/4.6.2/../../../../arm-none-eabi/lib/thumb/v7m\libstdc++.a(class_type_info.o)
                0x08014760                __cxxabiv1::__class_type_info::__do_catch(std::type_info const*, void**, unsigned int) const
 *fill*         0x08014788        0x8 00
 .text.__cxa_allocate_exception
                0x08014790       0x64 e:/elektronik/toolchain/yagarto/bin/../lib/gcc/arm-none-eabi/4.6.2/../../../../arm-none-eabi/lib/thumb/v7m\libstdc++.a(eh_alloc.o)
                0x08014790                __cxa_allocate_exception
 *fill*         0x080147f4        0xc 00
 .text.__cxa_free_exception
                0x08014800       0x34 e:/elektronik/toolchain/yagarto/bin/../lib/gcc/arm-none-eabi/4.6.2/../../../../arm-none-eabi/lib/thumb/v7m\libstdc++.a(eh_alloc.o)
                0x08014800                __cxa_free_exception
 *fill*         0x08014834        0xc 00
 .text._ZNK10__cxxabiv117__pbase_type_info15__pointer_catchEPKS0_PPvj
                0x08014840       0x14 e:/elektronik/toolchain/yagarto/bin/../lib/gcc/arm-none-eabi/4.6.2/../../../../arm-none-eabi/lib/thumb/v7m\libstdc++.a(pbase_type_info.o)
                0x08014840                __cxxabiv1::__pbase_type_info::__pointer_catch(__cxxabiv1::__pbase_type_info const*, void**, unsigned int) const
 *fill*         0x08014854        0xc 00
 .text._ZN10__cxxabiv117__pbase_type_infoD2Ev
                0x08014860       0x14 e:/elektronik/toolchain/yagarto/bin/../lib/gcc/arm-none-eabi/4.6.2/../../../../arm-none-eabi/lib/thumb/v7m\libstdc++.a(pbase_type_info.o)
                0x08014860                __cxxabiv1::__pbase_type_info::~__pbase_type_info()
                0x08014860                __cxxabiv1::__pbase_type_info::~__pbase_type_info()
 *fill*         0x08014874        0xc 00
 .text._ZN10__cxxabiv117__pbase_type_infoD0Ev
                0x08014880       0x1c e:/elektronik/toolchain/yagarto/bin/../lib/gcc/arm-none-eabi/4.6.2/../../../../arm-none-eabi/lib/thumb/v7m\libstdc++.a(pbase_type_info.o)
                0x08014880                __cxxabiv1::__pbase_type_info::~__pbase_type_info()
 *fill*         0x0801489c        0x4 00
 .text._ZNK10__cxxabiv117__pbase_type_info10__do_catchEPKSt9type_infoPPvj
                0x080148a0       0x6c e:/elektronik/toolchain/yagarto/bin/../lib/gcc/arm-none-eabi/4.6.2/../../../../arm-none-eabi/lib/thumb/v7m\libstdc++.a(pbase_type_info.o)
                0x080148a0                __cxxabiv1::__pbase_type_info::__do_catch(std::type_info const*, void**, unsigned int) const
 *(.rodata)
 *fill*         0x0801490c        0x4 00
 .rodata        0x08014910       0x30 ./STM32F4-Discovery/stm32f4_discovery.o
                0x08014910                GPIO_PIN
                0x08014918                GPIO_CLK
                0x08014928                BUTTON_PIN
                0x0801492c                BUTTON_CLK
                0x08014930                BUTTON_EXTI_LINE
                0x08014934                BUTTON_PORT_SOURCE
                0x08014938                BUTTON_PIN_SOURCE
                0x0801493c                BUTTON_IRQn
 .rodata        0x08014940       0x28 ./Menue/CMenue.o
                0x08014940                vtable for CMenue
 *fill*         0x08014968        0x8 00
 .rodata        0x08014970       0x38 ./GraphicLCD/CGraphicLCD.o
                0x08014970                vtable for CGraphicLCD
 *fill*         0x080149a8        0x8 00
 .rodata        0x080149b0       0xa8 ./GraphicLCD/CT6963CDriver.o
                0x080149b0                vtable for CT6963CDriver
 *fill*         0x08014a58        0x8 00
 .rodata        0x08014a60       0x68 ./GraphicLCD/CT6963GPIOInterface.o
                0x08014a60                vtable for CT6963_GPIO_Interface
 *fill*         0x08014ac8        0x8 00
 .rodata        0x08014ad0       0x28 ./FreeRTOS_EC/Source/AManagedTask.o
                0x08014ad0                vtable for AManagedTask
 *fill*         0x08014af8        0x8 00
 .rodata        0x08014b00       0x78 ./FreeRTOS_EC/Source/CTask.o
                0x08014b30                vtable for CTask
 *fill*         0x08014b78        0x8 00
 .rodata        0x08014b80       0x74 ./FreeRTOS/Source/tasks.o
 *fill*         0x08014bf4        0xc 00
 .rodata        0x08014c00       0x28 ./CLedHeartBeatSTM32F4Disc.o
                0x08014c00                vtable for CLedHeartBeatSTM32F4Disc
 *fill*         0x08014c28        0x8 00
 .rodata        0x08014c30       0x30 ./main.o
 .rodata        0x08014c60      0xdd8 e:/elektronik/toolchain/yagarto/bin/../lib/gcc/arm-none-eabi/4.6.2/../../../../arm-none-eabi/lib/thumb/v7m\libstdc++.a(cp-demangle.o)
 *fill*         0x08015a38        0x8 00
 .rodata        0x08015a40        0x4 e:/elektronik/toolchain/yagarto/bin/../lib/gcc/arm-none-eabi/4.6.2/../../../../arm-none-eabi/lib/thumb/v7m\libg.a(lib_a-impure.o)
                0x08015a40                _global_impure_ptr
 *fill*         0x08015a44        0xc 00
 .rodata        0x08015a50       0x20 e:/elektronik/toolchain/yagarto/bin/../lib/gcc/arm-none-eabi/4.6.2/../../../../arm-none-eabi/lib/thumb/v7m\libg.a(lib_a-svfprintf.o)
 .rodata        0x08015a70       0x20 e:/elektronik/toolchain/yagarto/bin/../lib/gcc/arm-none-eabi/4.6.2/../../../../arm-none-eabi/lib/thumb/v7m\libg.a(lib_a-vfiprintf.o)
 .rodata        0x08015a90      0x128 e:/elektronik/toolchain/yagarto/bin/../lib/gcc/arm-none-eabi/4.6.2/../../../../arm-none-eabi/lib/thumb/v7m\libg.a(lib_a-mprec.o)
                0x08015aa0                __mprec_tens
                0x08015b68                __mprec_tinytens
                0x08015b90                __mprec_bigtens
 *fill*         0x08015bb8        0x8 00
 .rodata        0x08015bc0       0x20 e:/elektronik/toolchain/yagarto/bin/../lib/gcc/arm-none-eabi/4.6.2/../../../../arm-none-eabi/lib/thumb/v7m\libg.a(lib_a-svfiprintf.o)
 *(.rodata.*)
 .rodata._ZTV12IFreeRTOSObj
                0x08015be0       0x18 ./FreeRTOS_EC/Source/ASyncObject.o
                0x08015be0                vtable for IFreeRTOSObj
 *fill*         0x08015bf8        0x8 00
 .rodata.str1.4
                0x08015c00       0x1c e:/elektronik/toolchain/yagarto/bin/../lib/gcc/arm-none-eabi/4.6.2/../../../../arm-none-eabi/lib/thumb/v7m\libstdc++.a(pure.o)
 *fill*         0x08015c1c        0x4 00
 .rodata.str1.4
                0x08015c20       0x94 e:/elektronik/toolchain/yagarto/bin/../lib/gcc/arm-none-eabi/4.6.2/../../../../arm-none-eabi/lib/thumb/v7m\libstdc++.a(vterminate.o)
 *fill*         0x08015cb4        0xc 00
 .rodata._ZTVSt9exception
                0x08015cc0       0x18 e:/elektronik/toolchain/yagarto/bin/../lib/gcc/arm-none-eabi/4.6.2/../../../../arm-none-eabi/lib/thumb/v7m\libstdc++.a(eh_exception.o)
                0x08015cc0                vtable for std::exception
 *fill*         0x08015cd8        0x8 00
 .rodata._ZTIN10__cxxabiv115__forced_unwindE
                0x08015ce0        0x8 e:/elektronik/toolchain/yagarto/bin/../lib/gcc/arm-none-eabi/4.6.2/../../../../arm-none-eabi/lib/thumb/v7m\libstdc++.a(eh_exception.o)
                0x08015ce0                typeinfo for __cxxabiv1::__forced_unwind
 *fill*         0x08015ce8        0x8 00
 .rodata._ZTISt9exception
                0x08015cf0        0x8 e:/elektronik/toolchain/yagarto/bin/../lib/gcc/arm-none-eabi/4.6.2/../../../../arm-none-eabi/lib/thumb/v7m\libstdc++.a(eh_exception.o)
                0x08015cf0                typeinfo for std::exception
 *fill*         0x08015cf8        0x8 00
 .rodata._ZTSSt13bad_exception
                0x08015d00       0x14 e:/elektronik/toolchain/yagarto/bin/../lib/gcc/arm-none-eabi/4.6.2/../../../../arm-none-eabi/lib/thumb/v7m\libstdc++.a(eh_exception.o)
                0x08015d00                typeinfo name for std::bad_exception
 *fill*         0x08015d14        0xc 00
 .rodata.str1.4
                0x08015d20       0x23 e:/elektronik/toolchain/yagarto/bin/../lib/gcc/arm-none-eabi/4.6.2/../../../../arm-none-eabi/lib/thumb/v7m\libstdc++.a(eh_exception.o)
                                 0x24 (size before relaxing)
 *fill*         0x08015d43        0xd 00
 .rodata._ZTSN10__cxxabiv119__foreign_exceptionE
                0x08015d50       0x24 e:/elektronik/toolchain/yagarto/bin/../lib/gcc/arm-none-eabi/4.6.2/../../../../arm-none-eabi/lib/thumb/v7m\libstdc++.a(eh_exception.o)
                0x08015d50                typeinfo name for __cxxabiv1::__foreign_exception
 *fill*         0x08015d74        0xc 00
 .rodata._ZTIN10__cxxabiv119__foreign_exceptionE
                0x08015d80        0x8 e:/elektronik/toolchain/yagarto/bin/../lib/gcc/arm-none-eabi/4.6.2/../../../../arm-none-eabi/lib/thumb/v7m\libstdc++.a(eh_exception.o)
                0x08015d80                typeinfo for __cxxabiv1::__foreign_exception
 *fill*         0x08015d88        0x8 00
 .rodata._ZTVSt13bad_exception
                0x08015d90       0x18 e:/elektronik/toolchain/yagarto/bin/../lib/gcc/arm-none-eabi/4.6.2/../../../../arm-none-eabi/lib/thumb/v7m\libstdc++.a(eh_exception.o)
                0x08015d90                vtable for std::bad_exception
 *fill*         0x08015da8        0x8 00
 .rodata._ZTSSt9exception
                0x08015db0       0x10 e:/elektronik/toolchain/yagarto/bin/../lib/gcc/arm-none-eabi/4.6.2/../../../../arm-none-eabi/lib/thumb/v7m\libstdc++.a(eh_exception.o)
                0x08015db0                typeinfo name for std::exception
 .rodata._ZTSN10__cxxabiv115__forced_unwindE
                0x08015dc0       0x20 e:/elektronik/toolchain/yagarto/bin/../lib/gcc/arm-none-eabi/4.6.2/../../../../arm-none-eabi/lib/thumb/v7m\libstdc++.a(eh_exception.o)
                0x08015dc0                typeinfo name for __cxxabiv1::__forced_unwind
 .rodata._ZTISt13bad_exception
                0x08015de0        0xc e:/elektronik/toolchain/yagarto/bin/../lib/gcc/arm-none-eabi/4.6.2/../../../../arm-none-eabi/lib/thumb/v7m\libstdc++.a(eh_exception.o)
                0x08015de0                typeinfo for std::bad_exception
 *fill*         0x08015dec        0x4 00
 .rodata._ZTIPv
                0x08015df0       0x10 e:/elektronik/toolchain/yagarto/bin/../lib/gcc/arm-none-eabi/4.6.2/../../../../arm-none-eabi/lib/thumb/v7m\libstdc++.a(fundamental_type_info.o)
                0x08015df0                typeinfo for void*
 .rodata._ZTIv  0x08015e00        0x8 e:/elektronik/toolchain/yagarto/bin/../lib/gcc/arm-none-eabi/4.6.2/../../../../arm-none-eabi/lib/thumb/v7m\libstdc++.a(fundamental_type_info.o)
                0x08015e00                typeinfo for void
 *fill*         0x08015e08        0x8 00
 .rodata._ZTSPv
                0x08015e10        0x4 e:/elektronik/toolchain/yagarto/bin/../lib/gcc/arm-none-eabi/4.6.2/../../../../arm-none-eabi/lib/thumb/v7m\libstdc++.a(fundamental_type_info.o)
                0x08015e10                typeinfo name for void*
 *fill*         0x08015e14        0xc 00
 .rodata._ZTSv  0x08015e20        0x4 e:/elektronik/toolchain/yagarto/bin/../lib/gcc/arm-none-eabi/4.6.2/../../../../arm-none-eabi/lib/thumb/v7m\libstdc++.a(fundamental_type_info.o)
                0x08015e20                typeinfo name for void
 *fill*         0x08015e24        0xc 00
 .rodata._ZTIN10__cxxabiv123__fundamental_type_infoE
                0x08015e30        0xc e:/elektronik/toolchain/yagarto/bin/../lib/gcc/arm-none-eabi/4.6.2/../../../../arm-none-eabi/lib/thumb/v7m\libstdc++.a(fundamental_type_info.o)
                0x08015e30                typeinfo for __cxxabiv1::__fundamental_type_info
 *fill*         0x08015e3c        0x4 00
 .rodata._ZTSN10__cxxabiv123__fundamental_type_infoE
                0x08015e40       0x28 e:/elektronik/toolchain/yagarto/bin/../lib/gcc/arm-none-eabi/4.6.2/../../../../arm-none-eabi/lib/thumb/v7m\libstdc++.a(fundamental_type_info.o)
                0x08015e40                typeinfo name for __cxxabiv1::__fundamental_type_info
 *fill*         0x08015e68        0x8 00
 .rodata._ZTVN10__cxxabiv123__fundamental_type_infoE
                0x08015e70       0x20 e:/elektronik/toolchain/yagarto/bin/../lib/gcc/arm-none-eabi/4.6.2/../../../../arm-none-eabi/lib/thumb/v7m\libstdc++.a(fundamental_type_info.o)
                0x08015e70                vtable for __cxxabiv1::__fundamental_type_info
 .rodata._ZTSN10__cxxabiv119__pointer_type_infoE
                0x08015e90       0x24 e:/elektronik/toolchain/yagarto/bin/../lib/gcc/arm-none-eabi/4.6.2/../../../../arm-none-eabi/lib/thumb/v7m\libstdc++.a(pointer_type_info.o)
                0x08015e90                typeinfo name for __cxxabiv1::__pointer_type_info
 *fill*         0x08015eb4        0xc 00
 .rodata._ZTIN10__cxxabiv119__pointer_type_infoE
                0x08015ec0        0xc e:/elektronik/toolchain/yagarto/bin/../lib/gcc/arm-none-eabi/4.6.2/../../../../arm-none-eabi/lib/thumb/v7m\libstdc++.a(pointer_type_info.o)
                0x08015ec0                typeinfo for __cxxabiv1::__pointer_type_info
 *fill*         0x08015ecc        0x4 00
 .rodata._ZTVN10__cxxabiv119__pointer_type_infoE
                0x08015ed0       0x28 e:/elektronik/toolchain/yagarto/bin/../lib/gcc/arm-none-eabi/4.6.2/../../../../arm-none-eabi/lib/thumb/v7m\libstdc++.a(pointer_type_info.o)
                0x08015ed0                vtable for __cxxabiv1::__pointer_type_info
 *fill*         0x08015ef8        0x8 00
 .rodata._ZTVN10__cxxabiv120__si_class_type_infoE
                0x08015f00       0x30 e:/elektronik/toolchain/yagarto/bin/../lib/gcc/arm-none-eabi/4.6.2/../../../../arm-none-eabi/lib/thumb/v7m\libstdc++.a(si_class_type_info.o)
                0x08015f00                vtable for __cxxabiv1::__si_class_type_info
 .rodata._ZTIN10__cxxabiv120__si_class_type_infoE
                0x08015f30        0xc e:/elektronik/toolchain/yagarto/bin/../lib/gcc/arm-none-eabi/4.6.2/../../../../arm-none-eabi/lib/thumb/v7m\libstdc++.a(si_class_type_info.o)
                0x08015f30                typeinfo for __cxxabiv1::__si_class_type_info
 *fill*         0x08015f3c        0x4 00
 .rodata._ZTSN10__cxxabiv120__si_class_type_infoE
                0x08015f40       0x28 e:/elektronik/toolchain/yagarto/bin/../lib/gcc/arm-none-eabi/4.6.2/../../../../arm-none-eabi/lib/thumb/v7m\libstdc++.a(si_class_type_info.o)
                0x08015f40                typeinfo name for __cxxabiv1::__si_class_type_info
 *fill*         0x08015f68        0x8 00
 .rodata._ZTISt9type_info
                0x08015f70        0x8 e:/elektronik/toolchain/yagarto/bin/../lib/gcc/arm-none-eabi/4.6.2/../../../../arm-none-eabi/lib/thumb/v7m\libstdc++.a(tinfo.o)
                0x08015f70                typeinfo for std::type_info
 *fill*         0x08015f78        0x8 00
 .rodata._ZTSSt9type_info
                0x08015f80       0x10 e:/elektronik/toolchain/yagarto/bin/../lib/gcc/arm-none-eabi/4.6.2/../../../../arm-none-eabi/lib/thumb/v7m\libstdc++.a(tinfo.o)
                0x08015f80                typeinfo name for std::type_info
 .rodata._ZTVSt9type_info
                0x08015f90       0x20 e:/elektronik/toolchain/yagarto/bin/../lib/gcc/arm-none-eabi/4.6.2/../../../../arm-none-eabi/lib/thumb/v7m\libstdc++.a(tinfo.o)
                0x08015f90                vtable for std::type_info
 .rodata._ZTVSt10bad_typeid
                0x08015fb0       0x18 e:/elektronik/toolchain/yagarto/bin/../lib/gcc/arm-none-eabi/4.6.2/../../../../arm-none-eabi/lib/thumb/v7m\libstdc++.a(bad_typeid.o)
                0x08015fb0                vtable for std::bad_typeid
 *fill*         0x08015fc8        0x8 00
 .rodata._ZTISt10bad_typeid
                0x08015fd0        0xc e:/elektronik/toolchain/yagarto/bin/../lib/gcc/arm-none-eabi/4.6.2/../../../../arm-none-eabi/lib/thumb/v7m\libstdc++.a(bad_typeid.o)
                0x08015fd0                typeinfo for std::bad_typeid
 *fill*         0x08015fdc        0x4 00
 .rodata.str1.4
                0x08015fe0       0x10 e:/elektronik/toolchain/yagarto/bin/../lib/gcc/arm-none-eabi/4.6.2/../../../../arm-none-eabi/lib/thumb/v7m\libstdc++.a(bad_typeid.o)
 .rodata._ZTSSt10bad_typeid
                0x08015ff0       0x10 e:/elektronik/toolchain/yagarto/bin/../lib/gcc/arm-none-eabi/4.6.2/../../../../arm-none-eabi/lib/thumb/v7m\libstdc++.a(bad_typeid.o)
                0x08015ff0                typeinfo name for std::bad_typeid
 .rodata._ZTVN10__cxxabiv117__class_type_infoE
                0x08016000       0x30 e:/elektronik/toolchain/yagarto/bin/../lib/gcc/arm-none-eabi/4.6.2/../../../../arm-none-eabi/lib/thumb/v7m\libstdc++.a(class_type_info.o)
                0x08016000                vtable for __cxxabiv1::__class_type_info
 .rodata._ZTIN10__cxxabiv117__class_type_infoE
                0x08016030        0xc e:/elektronik/toolchain/yagarto/bin/../lib/gcc/arm-none-eabi/4.6.2/../../../../arm-none-eabi/lib/thumb/v7m\libstdc++.a(class_type_info.o)
                0x08016030                typeinfo for __cxxabiv1::__class_type_info
 *fill*         0x0801603c        0x4 00
 .rodata._ZTSN10__cxxabiv117__class_type_infoE
                0x08016040       0x24 e:/elektronik/toolchain/yagarto/bin/../lib/gcc/arm-none-eabi/4.6.2/../../../../arm-none-eabi/lib/thumb/v7m\libstdc++.a(class_type_info.o)
                0x08016040                typeinfo name for __cxxabiv1::__class_type_info
 *fill*         0x08016064        0xc 00
 .rodata._ZTIN10__cxxabiv117__pbase_type_infoE
                0x08016070        0xc e:/elektronik/toolchain/yagarto/bin/../lib/gcc/arm-none-eabi/4.6.2/../../../../arm-none-eabi/lib/thumb/v7m\libstdc++.a(pbase_type_info.o)
                0x08016070                typeinfo for __cxxabiv1::__pbase_type_info
 *fill*         0x0801607c        0x4 00
 .rodata._ZTSN10__cxxabiv117__pbase_type_infoE
                0x08016080       0x24 e:/elektronik/toolchain/yagarto/bin/../lib/gcc/arm-none-eabi/4.6.2/../../../../arm-none-eabi/lib/thumb/v7m\libstdc++.a(pbase_type_info.o)
                0x08016080                typeinfo name for __cxxabiv1::__pbase_type_info
 *fill*         0x080160a4        0xc 00
 .rodata._ZTVN10__cxxabiv117__pbase_type_infoE
                0x080160b0       0x28 e:/elektronik/toolchain/yagarto/bin/../lib/gcc/arm-none-eabi/4.6.2/../../../../arm-none-eabi/lib/thumb/v7m\libstdc++.a(pbase_type_info.o)
                0x080160b0                vtable for __cxxabiv1::__pbase_type_info
 *fill*         0x080160d8        0x8 00
 .rodata.str1.4
                0x080160e0       0x3f e:/elektronik/toolchain/yagarto/bin/../lib/gcc/arm-none-eabi/4.6.2/../../../../arm-none-eabi/lib/thumb/v7m\libg.a(lib_a-assert.o)
                                 0x44 (size before relaxing)
 *fill*         0x0801611f        0x1 00
 .rodata.str1.4
                0x08016120        0x2 e:/elektronik/toolchain/yagarto/bin/../lib/gcc/arm-none-eabi/4.6.2/../../../../arm-none-eabi/lib/thumb/v7m\libg.a(lib_a-impure.o)
                                  0x4 (size before relaxing)
 *fill*         0x08016122        0xe 00
 .rodata.str1.4
                0x08016130       0x42 e:/elektronik/toolchain/yagarto/bin/../lib/gcc/arm-none-eabi/4.6.2/../../../../arm-none-eabi/lib/thumb/v7m\libg.a(lib_a-svfprintf.o)
                                 0x44 (size before relaxing)
 .rodata.str1.4
                0x00000000       0x30 e:/elektronik/toolchain/yagarto/bin/../lib/gcc/arm-none-eabi/4.6.2/../../../../arm-none-eabi/lib/thumb/v7m\libg.a(lib_a-vfiprintf.o)
 *fill*         0x08016172        0xe 00
 .rodata.str1.4
                0x08016180       0x10 e:/elektronik/toolchain/yagarto/bin/../lib/gcc/arm-none-eabi/4.6.2/../../../../arm-none-eabi/lib/thumb/v7m\libg.a(lib_a-dtoa.o)
                                 0x14 (size before relaxing)
 .rodata.str1.4
                0x08016190        0xc e:/elektronik/toolchain/yagarto/bin/../lib/gcc/arm-none-eabi/4.6.2/../../../../arm-none-eabi/lib/thumb/v7m\libg.a(lib_a-locale.o)
                                 0x14 (size before relaxing)
 .rodata.str1.4
                0x00000000       0x30 e:/elektronik/toolchain/yagarto/bin/../lib/gcc/arm-none-eabi/4.6.2/../../../../arm-none-eabi/lib/thumb/v7m\libg.a(lib_a-svfiprintf.o)
 *(.glue_7t)
 .glue_7t       0x00000000        0x0 linker stubs
 *(.glue_7)
 .glue_7        0x00000000        0x0 linker stubs
 *(.gcc*)

.vfp11_veneer   0x0801619c        0x0
 .vfp11_veneer  0x00000000        0x0 linker stubs

.v4_bx          0x0801619c        0x0
 .v4_bx         0x00000000        0x0 linker stubs

.ARM.extab      0x0801619c      0x138
 *(.ARM.extab* .gnu.linkonce.armextab.*)
 .ARM.extab.text.__cxa_pure_virtual
                0x0801619c        0xc e:/elektronik/toolchain/yagarto/bin/../lib/gcc/arm-none-eabi/4.6.2/../../../../arm-none-eabi/lib/thumb/v7m\libstdc++.a(pure.o)
 .ARM.extab.text._ZN10__cxxabiv111__terminateEPFvvE
                0x080161a8       0x2c e:/elektronik/toolchain/yagarto/bin/../lib/gcc/arm-none-eabi/4.6.2/../../../../arm-none-eabi/lib/thumb/v7m\libstdc++.a(eh_terminate.o)
 .ARM.extab.text._ZN10__cxxabiv112__unexpectedEPFvvE
                0x080161d4        0xc e:/elektronik/toolchain/yagarto/bin/../lib/gcc/arm-none-eabi/4.6.2/../../../../arm-none-eabi/lib/thumb/v7m\libstdc++.a(eh_terminate.o)
 .ARM.extab.text._ZSt10unexpectedv
                0x080161e0        0xc e:/elektronik/toolchain/yagarto/bin/../lib/gcc/arm-none-eabi/4.6.2/../../../../arm-none-eabi/lib/thumb/v7m\libstdc++.a(eh_terminate.o)
 .ARM.extab.text._ZN9__gnu_cxx27__verbose_terminate_handlerEv
                0x080161ec       0x3c e:/elektronik/toolchain/yagarto/bin/../lib/gcc/arm-none-eabi/4.6.2/../../../../arm-none-eabi/lib/thumb/v7m\libstdc++.a(vterminate.o)
 .ARM.extab.text.__cxa_bad_typeid
                0x08016228        0xc e:/elektronik/toolchain/yagarto/bin/../lib/gcc/arm-none-eabi/4.6.2/../../../../arm-none-eabi/lib/thumb/v7m\libstdc++.a(eh_aux_runtime.o)
 .ARM.extab.text.__cxa_call_unexpected
                0x08016234       0x28 e:/elektronik/toolchain/yagarto/bin/../lib/gcc/arm-none-eabi/4.6.2/../../../../arm-none-eabi/lib/thumb/v7m\libstdc++.a(eh_call.o)
 .ARM.extab.text.__cxa_begin_catch
                0x0801625c       0x1c e:/elektronik/toolchain/yagarto/bin/../lib/gcc/arm-none-eabi/4.6.2/../../../../arm-none-eabi/lib/thumb/v7m\libstdc++.a(eh_catch.o)
 .ARM.extab.text._ZL21base_of_encoded_valuehP15_Unwind_Context
                0x08016278        0xc e:/elektronik/toolchain/yagarto/bin/../lib/gcc/arm-none-eabi/4.6.2/../../../../arm-none-eabi/lib/thumb/v7m\libstdc++.a(eh_personality.o)
 .ARM.extab.text.__gxx_personality_v0
                0x08016284       0x20 e:/elektronik/toolchain/yagarto/bin/../lib/gcc/arm-none-eabi/4.6.2/../../../../arm-none-eabi/lib/thumb/v7m\libstdc++.a(eh_personality.o)
 .ARM.extab.text._ZNK10__cxxabiv117__pbase_type_info15__pointer_catchEPKS0_PPvj
                0x080162a4        0x0 e:/elektronik/toolchain/yagarto/bin/../lib/gcc/arm-none-eabi/4.6.2/../../../../arm-none-eabi/lib/thumb/v7m\libstdc++.a(pbase_type_info.o)
 .ARM.extab     0x080162a4       0x18 e:/elektronik/toolchain/yagarto/bin/../lib/gcc/arm-none-eabi/4.6.2/thumb/v7m\libgcc.a(unwind-arm.o)
 .ARM.extab     0x080162bc       0x18 e:/elektronik/toolchain/yagarto/bin/../lib/gcc/arm-none-eabi/4.6.2/thumb/v7m\libgcc.a(pr-support.o)

.ARM.exidx      0x080162d4      0x208
                0x080162d4                PROVIDE (__exidx_start, .)
 *(.ARM.exidx* .gnu.linkonce.armexidx.*)
 .ARM.exidx.text.__aeabi_atexit
                0x08016394        0x0 e:/elektronik/toolchain/yagarto/bin/../lib/gcc/arm-none-eabi/4.6.2/../../../../arm-none-eabi/lib/thumb/v7m\libstdc++.a(atexit_arm.o)
                                  0x8 (size before relaxing)
 .ARM.exidx.text._ZdlPv
                0x08016394        0x0 e:/elektronik/toolchain/yagarto/bin/../lib/gcc/arm-none-eabi/4.6.2/../../../../arm-none-eabi/lib/thumb/v7m\libstdc++.a(del_op.o)
                                  0x8 (size before relaxing)
 .ARM.exidx.text.__cxa_pure_virtual
                0x08016394        0x8 e:/elektronik/toolchain/yagarto/bin/../lib/gcc/arm-none-eabi/4.6.2/../../../../arm-none-eabi/lib/thumb/v7m\libstdc++.a(pure.o)
 .ARM.exidx.text._ZN10__cxxabiv111__terminateEPFvvE
                0x0801639c        0x8 e:/elektronik/toolchain/yagarto/bin/../lib/gcc/arm-none-eabi/4.6.2/../../../../arm-none-eabi/lib/thumb/v7m\libstdc++.a(eh_terminate.o)
 .ARM.exidx.text._ZSt9terminatev
                0x080163a4        0x8 e:/elektronik/toolchain/yagarto/bin/../lib/gcc/arm-none-eabi/4.6.2/../../../../arm-none-eabi/lib/thumb/v7m\libstdc++.a(eh_terminate.o)
 .ARM.exidx.text._ZN10__cxxabiv112__unexpectedEPFvvE