Archive member included because of file (symbol)

e:/elektronik/toolchain/yagarto/bin/../lib/gcc/arm-none-eabi/4.6.2/../../../../arm-none-eabi/lib/thumb/v7m\libstdc++.a(atexit_arm.o)
                              ./main.o (__aeabi_atexit)
e:/elektronik/toolchain/yagarto/bin/../lib/gcc/arm-none-eabi/4.6.2/../../../../arm-none-eabi/lib/thumb/v7m\libstdc++.a(del_op.o)
                              ./Menue/CMenue.o (operator delete(void*))
e:/elektronik/toolchain/yagarto/bin/../lib/gcc/arm-none-eabi/4.6.2/../../../../arm-none-eabi/lib/thumb/v7m\libstdc++.a(pure.o)
                              ./GraphicLCD/CGraphicLCD.o (__cxa_pure_virtual)
e:/elektronik/toolchain/yagarto/bin/../lib/gcc/arm-none-eabi/4.6.2/../../../../arm-none-eabi/lib/thumb/v7m\libstdc++.a(eh_terminate.o)
                              e:/elektronik/toolchain/yagarto/bin/../lib/gcc/arm-none-eabi/4.6.2/../../../../arm-none-eabi/lib/thumb/v7m\libstdc++.a(pure.o) (std::terminate())
e:/elektronik/toolchain/yagarto/bin/../lib/gcc/arm-none-eabi/4.6.2/../../../../arm-none-eabi/lib/thumb/v7m\libstdc++.a(eh_term_handler.o)
                              e:/elektronik/toolchain/yagarto/bin/../lib/gcc/arm-none-eabi/4.6.2/../../../../arm-none-eabi/lib/thumb/v7m\libstdc++.a(eh_terminate.o) (__cxxabiv1::__terminate_handler)
e:/elektronik/toolchain/yagarto/bin/../lib/gcc/arm-none-eabi/4.6.2/../../../../arm-none-eabi/lib/thumb/v7m\libstdc++.a(eh_unex_handler.o)
                              e:/elektronik/toolchain/yagarto/bin/../lib/gcc/arm-none-eabi/4.6.2/../../../../arm-none-eabi/lib/thumb/v7m\libstdc++.a(eh_terminate.o) (__cxxabiv1::__unexpected_handler)
e:/elektronik/toolchain/yagarto/bin/../lib/gcc/arm-none-eabi/4.6.2/../../../../arm-none-eabi/lib/thumb/v7m\libstdc++.a(vterminate.o)
                              e:/elektronik/toolchain/yagarto/bin/../lib/gcc/arm-none-eabi/4.6.2/../../../../arm-none-eabi/lib/thumb/v7m\libstdc++.a(eh_term_handler.o) (__gnu_cxx::__verbose_terminate_handler())
e:/elektronik/toolchain/yagarto/bin/../lib/gcc/arm-none-eabi/4.6.2/../../../../arm-none-eabi/lib/thumb/v7m\libstdc++.a(cp-demangle.o)
                              e:/elektronik/toolchain/yagarto/bin/../lib/gcc/arm-none-eabi/4.6.2/../../../../arm-none-eabi/lib/thumb/v7m\libstdc++.a(vterminate.o) (__cxa_demangle)
e:/elektronik/toolchain/yagarto/bin/../lib/gcc/arm-none-eabi/4.6.2/../../../../arm-none-eabi/lib/thumb/v7m\libstdc++.a(eh_arm.o)
                              e:/elektronik/toolchain/yagarto/bin/../lib/gcc/arm-none-eabi/4.6.2/../../../../arm-none-eabi/lib/thumb/v7m\libstdc++.a(eh_terminate.o) (__cxa_end_cleanup)
e:/elektronik/toolchain/yagarto/bin/../lib/gcc/arm-none-eabi/4.6.2/../../../../arm-none-eabi/lib/thumb/v7m\libstdc++.a(eh_aux_runtime.o)
                              e:/elektronik/toolchain/yagarto/bin/../lib/gcc/arm-none-eabi/4.6.2/../../../../arm-none-eabi/lib/thumb/v7m\libstdc++.a(eh_arm.o) (__cxa_bad_typeid)
e:/elektronik/toolchain/yagarto/bin/../lib/gcc/arm-none-eabi/4.6.2/../../../../arm-none-eabi/lib/thumb/v7m\libstdc++.a(eh_call.o)
                              e:/elektronik/toolchain/yagarto/bin/../lib/gcc/arm-none-eabi/4.6.2/../../../../arm-none-eabi/lib/thumb/v7m\libstdc++.a(eh_terminate.o) (__cxa_call_unexpected)
e:/elektronik/toolchain/yagarto/bin/../lib/gcc/arm-none-eabi/4.6.2/../../../../arm-none-eabi/lib/thumb/v7m\libstdc++.a(eh_catch.o)
                              e:/elektronik/toolchain/yagarto/bin/../lib/gcc/arm-none-eabi/4.6.2/../../../../arm-none-eabi/lib/thumb/v7m\libstdc++.a(eh_terminate.o) (__cxa_begin_catch)
e:/elektronik/toolchain/yagarto/bin/../lib/gcc/arm-none-eabi/4.6.2/../../../../arm-none-eabi/lib/thumb/v7m\libstdc++.a(eh_exception.o)
                              e:/elektronik/toolchain/yagarto/bin/../lib/gcc/arm-none-eabi/4.6.2/../../../../arm-none-eabi/lib/thumb/v7m\libstdc++.a(vterminate.o) (typeinfo for std::exception)
e:/elektronik/toolchain/yagarto/bin/../lib/gcc/arm-none-eabi/4.6.2/../../../../arm-none-eabi/lib/thumb/v7m\libstdc++.a(eh_globals.o)
                              e:/elektronik/toolchain/yagarto/bin/../lib/gcc/arm-none-eabi/4.6.2/../../../../arm-none-eabi/lib/thumb/v7m\libstdc++.a(eh_call.o) (__cxa_get_globals_fast)
e:/elektronik/toolchain/yagarto/bin/../lib/gcc/arm-none-eabi/4.6.2/../../../../arm-none-eabi/lib/thumb/v7m\libstdc++.a(eh_personality.o)
                              e:/elektronik/toolchain/yagarto/bin/../lib/gcc/arm-none-eabi/4.6.2/../../../../arm-none-eabi/lib/thumb/v7m\libstdc++.a(eh_terminate.o) (__gxx_personality_v0)
e:/elektronik/toolchain/yagarto/bin/../lib/gcc/arm-none-eabi/4.6.2/../../../../arm-none-eabi/lib/thumb/v7m\libstdc++.a(eh_throw.o)
                              e:/elektronik/toolchain/yagarto/bin/../lib/gcc/arm-none-eabi/4.6.2/../../../../arm-none-eabi/lib/thumb/v7m\libstdc++.a(eh_aux_runtime.o) (__cxa_throw)
[...]
Memory Configuration

Name             Origin             Length             Attributes
FLASH            0x08000000         0x00100000         xr
RAM              0x20000000         0x00020000         xrw
MEMORY_B1        0x60000000         0x00000000         xr
*default*        0x00000000         0xffffffff

Linker script and memory map

LOAD e:/elektronik/toolchain/yagarto/bin/../lib/gcc/arm-none-eabi/4.6.2/thumb/v7m/crti.o
LOAD e:/elektronik/toolchain/yagarto/bin/../lib/gcc/arm-none-eabi/4.6.2/thumb/v7m/crtbegin.o
LOAD e:/elektronik/toolchain/yagarto/bin/../lib/gcc/arm-none-eabi/4.6.2/../../../../arm-none-eabi/lib/thumb/v7m/crt0.o
LOAD ./STM32_USB_OTG_Driver/src/usb_core.o
LOAD ./STM32_USB_OTG_Driver/src/usb_hcd.o
LOAD ./STM32_USB_OTG_Driver/src/usb_hcd_int.o
LOAD ./STM32_USB_HOST_Library/Core/src/usbh_core.o
LOAD ./STM32_USB_HOST_Library/Core/src/usbh_hcs.o
LOAD ./STM32_USB_HOST_Library/Core/src/usbh_ioreq.o
LOAD ./STM32_USB_HOST_Library/Core/src/usbh_stdreq.o
LOAD ./STM32_USB_HOST_Library/Class/MSC/src/usbh_msc_bot.o
LOAD ./STM32_USB_HOST_Library/Class/MSC/src/usbh_msc_core.o
LOAD ./STM32_USB_HOST_Library/Class/MSC/src/usbh_msc_fatfs.o
LOAD ./STM32_USB_HOST_Library/Class/MSC/src/usbh_msc_scsi.o
LOAD ./STM32F4xx_StdPeriph_Driver/src/misc.o
LOAD ./STM32F4xx_StdPeriph_Driver/src/stm32f4xx_adc.o
LOAD ./STM32F4xx_StdPeriph_Driver/src/stm32f4xx_dac.o
LOAD ./STM32F4xx_StdPeriph_Driver/src/stm32f4xx_dbgmcu.o
LOAD ./STM32F4xx_StdPeriph_Driver/src/stm32f4xx_dma.o
LOAD ./STM32F4xx_StdPeriph_Driver/src/stm32f4xx_exti.o
LOAD ./STM32F4xx_StdPeriph_Driver/src/stm32f4xx_flash.o
LOAD ./STM32F4xx_StdPeriph_Driver/src/stm32f4xx_fsmc.o
LOAD ./STM32F4xx_StdPeriph_Driver/src/stm32f4xx_gpio.o
LOAD ./STM32F4xx_StdPeriph_Driver/src/stm32f4xx_i2c.o
LOAD ./STM32F4xx_StdPeriph_Driver/src/stm32f4xx_iwdg.o
LOAD ./STM32F4xx_StdPeriph_Driver/src/stm32f4xx_pwr.o
LOAD ./STM32F4xx_StdPeriph_Driver/src/stm32f4xx_rcc.o
LOAD ./STM32F4xx_StdPeriph_Driver/src/stm32f4xx_rng.o
LOAD ./STM32F4xx_StdPeriph_Driver/src/stm32f4xx_rtc.o
LOAD ./STM32F4xx_StdPeriph_Driver/src/stm32f4xx_sdio.o
LOAD ./STM32F4xx_StdPeriph_Driver/src/stm32f4xx_spi.o
LOAD ./STM32F4xx_StdPeriph_Driver/src/stm32f4xx_syscfg.o
LOAD ./STM32F4xx_StdPeriph_Driver/src/stm32f4xx_tim.o
LOAD ./STM32F4xx_StdPeriph_Driver/src/stm32f4xx_usart.o
LOAD ./STM32F4xx_StdPeriph_Driver/src/stm32f4xx_wwdg.o
LOAD ./STM32F4-Discovery/stm32f4_discovery.o
LOAD ./STM32F4-Discovery/stm32f4_discovery_audio_codec.o
LOAD ./STM32F4-Discovery/stm32f4_discovery_lis302dl.o
LOAD ./Menue/CMenue.o
LOAD ./HelixMP3/real/bitstream.o
LOAD ./HelixMP3/real/buffers.o
LOAD ./HelixMP3/real/dct32.o
LOAD ./HelixMP3/real/dequant.o
LOAD ./HelixMP3/real/dqchan.o
LOAD ./HelixMP3/real/huffman.o
LOAD ./HelixMP3/real/hufftabs.o
LOAD ./HelixMP3/real/imdct.o
LOAD ./HelixMP3/real/polyphase.o
LOAD ./HelixMP3/real/scalfact.o
LOAD ./HelixMP3/real/stproc.o
LOAD ./HelixMP3/real/subband.o
LOAD ./HelixMP3/real/trigtabs.o
LOAD ./HelixMP3/mp3dec.o
LOAD ./HelixMP3/mp3tabs.o
LOAD ./GraphicLCD/CGraphicLCD.o
LOAD ./GraphicLCD/CT6963CDriver.o
LOAD ./GraphicLCD/CT6963GPIOInterface.o
LOAD ./GraphicLCD/SansSerif12.o
LOAD ./GraphicLCD/SansSerif26.o
LOAD ./FreeRTOS_EC/Source/AManagedTask.o
LOAD ./FreeRTOS_EC/Source/ASyncObject.o
LOAD ./FreeRTOS_EC/Source/ATimer.o
LOAD ./FreeRTOS_EC/Source/CBinarySemaphore.o
LOAD ./FreeRTOS_EC/Source/CCountingSemaphore.o
LOAD ./FreeRTOS_EC/Source/CFreeRTOS.o
LOAD ./FreeRTOS_EC/Source/CMessageTask.o
LOAD ./FreeRTOS_EC/Source/CMutex.o
LOAD ./FreeRTOS_EC/Source/CQueue.o
LOAD ./FreeRTOS_EC/Source/CRecursiveMutex.o
LOAD ./FreeRTOS_EC/Source/CTask.o
LOAD ./FreeRTOS/Source/portable/GCC/ARM_CM4F/port.o
LOAD ./FreeRTOS/Source/croutine.o
LOAD ./FreeRTOS/Source/list.o
LOAD ./FreeRTOS/Source/queue.o
LOAD ./FreeRTOS/Source/tasks.o
LOAD ./FreeRTOS/Source/timers.o
LOAD ./Audio_MP3/USB_MSC/CUSBMassStorage.o
LOAD ./Audio_MP3/USB_MSC/usb_bsp.o
LOAD ./Audio_MP3/USB_MSC/usbh_usr.o
LOAD ./Audio_MP3/FatFs/src/option/syscall.o
LOAD ./Audio_MP3/FatFs/src/ff.o
LOAD ./Audio_MP3/CFileHandler.o
LOAD ./Audio_MP3/fattime.o
LOAD ./Audio_MP3/waveplayer.o
LOAD ./CLedHeartBeatSTM32F4Disc.o
LOAD ./main.o
LOAD ./startup_stm32f4xx.o
LOAD ./stm32f4xx_it.o
LOAD ./syscalls.o
LOAD ./system_stm32f4xx.o
LOAD ./ustime.o
LOAD e:/elektronik/toolchain/yagarto/bin/../lib/gcc/arm-none-eabi/4.6.2/../../../../arm-none-eabi/lib/thumb/v7m\libstdc++.a
LOAD e:/elektronik/toolchain/yagarto/bin/../lib/gcc/arm-none-eabi/4.6.2/../../../../arm-none-eabi/lib/thumb/v7m\libm.a
START GROUP
LOAD e:/elektronik/toolchain/yagarto/bin/../lib/gcc/arm-none-eabi/4.6.2/thumb/v7m\libgcc.a
LOAD e:/elektronik/toolchain/yagarto/bin/../lib/gcc/arm-none-eabi/4.6.2/../../../../arm-none-eabi/lib/thumb/v7m\libg.a
LOAD e:/elektronik/toolchain/yagarto/bin/../lib/gcc/arm-none-eabi/4.6.2/../../../../arm-none-eabi/lib/thumb/v7m\libc.a
END GROUP
LOAD e:/elektronik/toolchain/yagarto/bin/../lib/gcc/arm-none-eabi/4.6.2/thumb/v7m/crtend.o
LOAD e:/elektronik/toolchain/yagarto/bin/../lib/gcc/arm-none-eabi/4.6.2/thumb/v7m/crtn.o
                0x20020000                _estack = 0x20020000
                0x00000000                _Min_Heap_Size = 0x0
                0x00000400                _Min_Stack_Size = 0x400

.isr_vector     0x08000000      0x188
                0x08000000                . = ALIGN (0x4)
 *(.isr_vector)
 .isr_vector    0x08000000      0x188 ./startup_stm32f4xx.o
                0x08000000                g_pfnVectors
                0x08000188                . = ALIGN (0x4)

.text           0x08000188    0x23564
                0x08000188                . = ALIGN (0x4)
 *(.text)
 .text          0x08000188       0x54 e:/elektronik/toolchain/yagarto/bin/../lib/gcc/arm-none-eabi/4.6.2/thumb/v7m/crtbegin.o
 .text          0x080001dc     0x58f8 e:/elektronik/toolchain/yagarto/bin/../lib/gcc/arm-none-eabi/4.6.2/../../../../arm-none-eabi/lib/thumb/v7m\libstdc++.a(cp-demangle.o)
                0x080059a4                __cxa_demangle
                0x08005a88                __gcclibcxx_demangle_callback
 .text          0x08005ad4      0xa10 e:/elektronik/toolchain/yagarto/bin/../lib/gcc/arm-none-eabi/4.6.2/thumb/v7m\libgcc.a(unwind-arm.o)
                0x08005d90                _Unwind_VRS_Get
                0x08005ddc                _Unwind_VRS_Set
                0x080060f0                __aeabi_unwind_cpp_pr2
                0x080060f4                __aeabi_unwind_cpp_pr1
                0x080060f8                __aeabi_unwind_cpp_pr0
                0x080060fc                _Unwind_VRS_Pop
                0x0800638c                _Unwind_GetCFA
                0x08006390                __gnu_Unwind_RaiseException
                0x080063f0                __gnu_Unwind_ForcedUnwind
                0x08006404                __gnu_Unwind_Resume
                0x08006440                __gnu_Unwind_Resume_or_Rethrow
                0x08006450                _Unwind_Complete
                0x08006454                _Unwind_DeleteException
                0x08006464                __gnu_Unwind_Backtrace
 .text          0x080064e4      0x1ac e:/elektronik/toolchain/yagarto/bin/../lib/gcc/arm-none-eabi/4.6.2/thumb/v7m\libgcc.a(libunwind.o)
                0x080064e4                __restore_core_regs
                0x080064e4                restore_core_regs
                0x080064fc                __gnu_Unwind_Restore_VFP
                0x08006504                __gnu_Unwind_Save_VFP
                0x0800650c                __gnu_Unwind_Restore_VFP_D
                0x08006514                __gnu_Unwind_Save_VFP_D
                0x0800651c                __gnu_Unwind_Restore_VFP_D_16_to_31
                0x08006524                __gnu_Unwind_Save_VFP_D_16_to_31
                0x0800652c                __gnu_Unwind_Restore_WMMXD
                0x08006570                __gnu_Unwind_Save_WMMXD
                0x080065b4                __gnu_Unwind_Restore_WMMXC
                0x080065c8                __gnu_Unwind_Save_WMMXC
                0x080065dc                ___Unwind_RaiseException
                0x080065dc                _Unwind_RaiseException
                0x08006600                _Unwind_Resume
                0x08006600                ___Unwind_Resume
                0x08006624                _Unwind_Resume_or_Rethrow
                0x08006624                ___Unwind_Resume_or_Rethrow
                0x08006648                _Unwind_ForcedUnwind
                0x08006648                ___Unwind_ForcedUnwind
                0x0800666c                ___Unwind_Backtrace
                0x0800666c                _Unwind_Backtrace
 .text          0x08006690      0x3d4 e:/elektronik/toolchain/yagarto/bin/../lib/gcc/arm-none-eabi/4.6.2/thumb/v7m\libgcc.a(pr-support.o)
                0x080066e4                __gnu_unwind_execute
                0x08006a08                __gnu_unwind_frame
                0x08006a34                _Unwind_GetRegionStart
                0x08006a40                _Unwind_GetLanguageSpecificData
                0x08006a54                _Unwind_GetDataRelBase
                0x08006a5c                _Unwind_GetTextRelBase
 .text          0x08006a64       0x10 e:/elektronik/toolchain/yagarto/bin/../lib/gcc/arm-none-eabi/4.6.2/../../../../arm-none-eabi/lib/thumb/v7m\libg.a(lib_a-abort.o)
                0x08006a64                abort
 .text          0x08006a74       0x48 e:/elektronik/toolchain/yagarto/bin/../lib/gcc/arm-none-eabi/4.6.2/../../../../arm-none-eabi/lib/thumb/v7m\libg.a(lib_a-assert.o)
                0x08006a74                __assert_func
                0x08006ab0                __assert
 .text          0x08006abc       0x14 e:/elektronik/toolchain/yagarto/bin/../lib/gcc/arm-none-eabi/4.6.2/../../../../arm-none-eabi/lib/thumb/v7m\libg.a(lib_a-cxa_atexit.o)
                0x08006abc                __cxa_atexit
 .text          0x08006ad0       0x4c e:/elektronik/toolchain/yagarto/bin/../lib/gcc/arm-none-eabi/4.6.2/../../../../arm-none-eabi/lib/thumb/v7m\libg.a(lib_a-fiprintf.o)
                0x08006ad0                _fiprintf_r
                0x08006af0                fiprintf
 .text          0x08006b1c       0x4c e:/elektronik/toolchain/yagarto/bin/../lib/gcc/arm-none-eabi/4.6.2/../../../../arm-none-eabi/lib/thumb/v7m\libg.a(lib_a-fputc.o)
                0x08006b1c                _fputc_r
                0x08006b40                fputc
 .text          0x08006b68       0x60 e:/elektronik/toolchain/yagarto/bin/../lib/gcc/arm-none-eabi/4.6.2/../../../../arm-none-eabi/lib/thumb/v7m\libg.a(lib_a-fputs.o)
                0x08006b68                _fputs_r
                0x08006bb8                fputs
 .text          0x08006bc8      0x334 e:/elektronik/toolchain/yagarto/bin/../lib/gcc/arm-none-eabi/4.6.2/../../../../arm-none-eabi/lib/thumb/v7m\libg.a(lib_a-fvwrite.o)
                0x08006bc8                __sfvwrite_r
 .text          0x08006efc       0x94 e:/elektronik/toolchain/yagarto/bin/../lib/gcc/arm-none-eabi/4.6.2/../../../../arm-none-eabi/lib/thumb/v7m\libg.a(lib_a-fwrite.o)
                0x08006efc                _fwrite_r
                0x08006f68                fwrite
 .text          0x08006f90       0x48 e:/elektronik/toolchain/yagarto/bin/../lib/gcc/arm-none-eabi/4.6.2/../../../../arm-none-eabi/lib/thumb/v7m\libg.a(lib_a-init.o)
                0x08006f90                __libc_init_array
 .text          0x08006fd8       0x20 e:/elektronik/toolchain/yagarto/bin/../lib/gcc/arm-none-eabi/4.6.2/../../../../arm-none-eabi/lib/thumb/v7m\libg.a(lib_a-malloc.o)
                0x08006fd8                malloc
                0x08006fe8                free
 .text          0x08006ff8      0x564 e:/elektronik/toolchain/yagarto/bin/../lib/gcc/arm-none-eabi/4.6.2/../../../../arm-none-eabi/lib/thumb/v7m\libg.a(lib_a-mallocr.o)
                0x08006ff8                _malloc_r
 .text          0x0800755c       0x88 e:/elektronik/toolchain/yagarto/bin/../lib/gcc/arm-none-eabi/4.6.2/../../../../arm-none-eabi/lib/thumb/v7m\libg.a(lib_a-memchr.o)
                0x0800755c                memchr
 .text          0x080075e4       0x60 e:/elektronik/toolchain/yagarto/bin/../lib/gcc/arm-none-eabi/4.6.2/../../../../arm-none-eabi/lib/thumb/v7m\libg.a(lib_a-memcmp.o)
                0x080075e4                memcmp
 .text          0x08007644       0x84 e:/elektronik/toolchain/yagarto/bin/../lib/gcc/arm-none-eabi/4.6.2/../../../../arm-none-eabi/lib/thumb/v7m\libg.a(lib_a-memcpy.o)
                0x08007644                memcpy
 .text          0x080076c8       0xc8 e:/elektronik/toolchain/yagarto/bin/../lib/gcc/arm-none-eabi/4.6.2/../../../../arm-none-eabi/lib/thumb/v7m\libg.a(lib_a-memmove.o)
                0x080076c8                memmove
 .text          0x08007790       0x94 e:/elektronik/toolchain/yagarto/bin/../lib/gcc/arm-none-eabi/4.6.2/../../../../arm-none-eabi/lib/thumb/v7m\libg.a(lib_a-memset.o)
                0x08007790                memset
 .text          0x08007824       0xc8 e:/elektronik/toolchain/yagarto/bin/../lib/gcc/arm-none-eabi/4.6.2/../../../../arm-none-eabi/lib/thumb/v7m\libg.a(lib_a-putc.o)
                0x08007824                _putc_r
                0x08007884                putc
 .text          0x080078ec       0x14 e:/elektronik/toolchain/yagarto/bin/../lib/gcc/arm-none-eabi/4.6.2/../../../../arm-none-eabi/lib/thumb/v7m\libg.a(lib_a-realloc.o)
                0x080078ec                realloc
 .text          0x08007900      0x410 e:/elektronik/toolchain/yagarto/bin/../lib/gcc/arm-none-eabi/4.6.2/../../../../arm-none-eabi/lib/thumb/v7m\libg.a(lib_a-reallocr.o)
                0x08007900                _realloc_r
 .text          0x08007d10      0x158 e:/elektronik/toolchain/yagarto/bin/../lib/gcc/arm-none-eabi/4.6.2/../../../../arm-none-eabi/lib/thumb/v7m\libg.a(lib_a-signal.o)
                0x08007d10                _init_signal_r
                0x08007d44                _signal_r
                0x08007d84                _raise_r
                0x08007ddc                __sigtramp_r
                0x08007e2c                raise
                0x08007e3c                signal
                0x08007e4c                _init_signal
                0x08007e58                __sigtramp
 .text          0x08007e68       0x94 e:/elektronik/toolchain/yagarto/bin/../lib/gcc/arm-none-eabi/4.6.2/../../../../arm-none-eabi/lib/thumb/v7m\libg.a(lib_a-sprintf.o)
                0x08007e68                _sprintf_r
                0x08007eac                sprintf
 .text          0x08007efc      0x1dc e:/elektronik/toolchain/yagarto/bin/../lib/gcc/arm-none-eabi/4.6.2/../../../../arm-none-eabi/lib/thumb/v7m\libg.a(lib_a-strcmp.o)
                0x08007efc                strcmp
 .text          0x080080d8       0xbc e:/elektronik/toolchain/yagarto/bin/../lib/gcc/arm-none-eabi/4.6.2/../../../../arm-none-eabi/lib/thumb/v7m\libg.a(lib_a-strcpy.o)
                0x080080d8                strcpy
 .text          0x08008194       0x60 e:/elektronik/toolchain/yagarto/bin/../lib/gcc/arm-none-eabi/4.6.2/../../../../arm-none-eabi/lib/thumb/v7m\libg.a(lib_a-strlen.o)
                0x08008194                strlen
 .text          0x080081f4       0xa8 e:/elektronik/toolchain/yagarto/bin/../lib/gcc/arm-none-eabi/4.6.2/../../../../arm-none-eabi/lib/thumb/v7m\libg.a(lib_a-strncmp.o)
                0x080081f4                strncmp
 .text          0x0800829c       0x70 e:/elektronik/toolchain/yagarto/bin/../lib/gcc/arm-none-eabi/4.6.2/../../../../arm-none-eabi/lib/thumb/v7m\libg.a(lib_a-strncpy.o)
                0x0800829c                strncpy
 .text          0x0800830c     0x1314 e:/elektronik/toolchain/yagarto/bin/../lib/gcc/arm-none-eabi/4.6.2/../../../../arm-none-eabi/lib/thumb/v7m\libg.a(lib_a-svfprintf.o)
                0x0800830c                _svfprintf_r
 .text          0x08009620       0x1c e:/elektronik/toolchain/yagarto/bin/../lib/gcc/arm-none-eabi/4.6.2/../../../../arm-none-eabi/lib/thumb/v7m\libg.a(lib_a-syswrite.o)
                0x08009620                write
 .text          0x0800963c      0xb54 e:/elektronik/toolchain/yagarto/bin/../lib/gcc/arm-none-eabi/4.6.2/../../../../arm-none-eabi/lib/thumb/v7m\libg.a(lib_a-vfiprintf.o)
                0x0800963c                __sprint_r
                0x080096bc                _vfiprintf_r
                0x0800a174                vfiprintf
 .text          0x0800a190       0xc8 e:/elektronik/toolchain/yagarto/bin/../lib/gcc/arm-none-eabi/4.6.2/../../../../arm-none-eabi/lib/thumb/v7m\libg.a(lib_a-wbuf.o)
                0x0800a190                __swbuf_r
                0x0800a248                __swbuf
 .text          0x0800a258       0xb8 e:/elektronik/toolchain/yagarto/bin/../lib/gcc/arm-none-eabi/4.6.2/../../../../arm-none-eabi/lib/thumb/v7m\libg.a(lib_a-wsetup.o)
                0x0800a258                __swsetup_r
 .text          0x0800a310       0xb0 e:/elektronik/toolchain/yagarto/bin/../lib/gcc/arm-none-eabi/4.6.2/../../../../arm-none-eabi/lib/thumb/v7m\libg.a(lib_a-__atexit.o)
                0x0800a310                __register_exitproc
 .text          0x0800a3c0     0x1040 e:/elektronik/toolchain/yagarto/bin/../lib/gcc/arm-none-eabi/4.6.2/../../../../arm-none-eabi/lib/thumb/v7m\libg.a(lib_a-dtoa.o)
                0x0800a504                _dtoa_r
 .text          0x0800b400      0x1a4 e:/elektronik/toolchain/yagarto/bin/../lib/gcc/arm-none-eabi/4.6.2/../../../../arm-none-eabi/lib/thumb/v7m\libg.a(lib_a-fflush.o)
                0x0800b400                _fflush_r
                0x0800b584                fflush
 .text          0x0800b5a4      0x1c4 e:/elektronik/toolchain/yagarto/bin/../lib/gcc/arm-none-eabi/4.6.2/../../../../arm-none-eabi/lib/thumb/v7m\libg.a(lib_a-findfp.o)
                0x0800b5ac                _cleanup_r
                0x0800b60c                __sfmoreglue
                0x0800b638                _cleanup
                0x0800b644                __sinit
                0x0800b68c                __sfp
                0x0800b728                __sfp_lock_acquire
                0x0800b72c                __sfp_lock_release
                0x0800b730                __sinit_lock_acquire
                0x0800b734                __sinit_lock_release
                0x0800b738                __fp_lock_all
                0x0800b750                __fp_unlock_all
 .text          0x0800b768      0x104 e:/elektronik/toolchain/yagarto/bin/../lib/gcc/arm-none-eabi/4.6.2/../../../../arm-none-eabi/lib/thumb/v7m\libg.a(lib_a-fputwc.o)
                0x0800b768                _fputwc_r
                0x0800b848                fputwc
 .text          0x0800b86c      0x224 e:/elektronik/toolchain/yagarto/bin/../lib/gcc/arm-none-eabi/4.6.2/../../../../arm-none-eabi/lib/thumb/v7m\libg.a(lib_a-freer.o)
                0x0800b86c                _malloc_trim_r
                0x0800b90c                _free_r
 .text          0x0800ba90       0xa0 e:/elektronik/toolchain/yagarto/bin/../lib/gcc/arm-none-eabi/4.6.2/../../../../arm-none-eabi/lib/thumb/v7m\libg.a(lib_a-fwalk.o)
                0x0800ba90                _fwalk
                0x0800badc                _fwalk_reent
 .text          0x0800bb30       0x88 e:/elektronik/toolchain/yagarto/bin/../lib/gcc/arm-none-eabi/4.6.2/../../../../arm-none-eabi/lib/thumb/v7m\libg.a(lib_a-locale.o)
                0x0800bb30                _setlocale_r
                0x0800bb74                __locale_charset
                0x0800bb80                __locale_mb_cur_max
                0x0800bb8c                __locale_msgcharset
                0x0800bb94                __locale_cjk_lang
                0x0800bb98                _localeconv_r
                0x0800bba0                setlocale
                0x0800bbb0                localeconv
 .text          0x0800bbb8       0xe4 e:/elektronik/toolchain/yagarto/bin/../lib/gcc/arm-none-eabi/4.6.2/../../../../arm-none-eabi/lib/thumb/v7m\libg.a(lib_a-makebuf.o)
                0x0800bbb8                __smakebuf_r
 .text          0x0800bc9c      0x8c8 e:/elektronik/toolchain/yagarto/bin/../lib/gcc/arm-none-eabi/4.6.2/../../../../arm-none-eabi/lib/thumb/v7m\libg.a(lib_a-mprec.o)
                0x0800bc9c                _Balloc
                0x0800bce8                _Bfree
                0x0800bcfc                __multadd
                0x0800bd80                __s2b
                0x0800be14                __hi0bits
                0x0800be50                __lo0bits
                0x0800beac                __i2b
                0x0800bec0                __multiply
                0x0800bff8                __pow5mult
                0x0800c090                __lshift
                0x0800c150                __mcmp
                0x0800c190                __mdiff
                0x0800c274                __ulp
                0x0800c2b8                __b2d
                0x0800c364                __d2b
                0x0800c42c                __ratio
                0x0800c488                _mprec_log10
                0x0800c4bc                __copybits
                0x0800c504                __any_on
 .text          0x0800c564       0x90 e:/elektronik/toolchain/yagarto/bin/../lib/gcc/arm-none-eabi/4.6.2/../../../../arm-none-eabi/lib/thumb/v7m\libg.a(lib_a-s_fpclassify.o)
                0x0800c564                __fpclassifyd
 .text          0x0800c5f4       0x8c e:/elektronik/toolchain/yagarto/bin/../lib/gcc/arm-none-eabi/4.6.2/../../../../arm-none-eabi/lib/thumb/v7m\libg.a(lib_a-stdio.o)
                0x0800c5f4                __sread
                0x0800c618                __seofread
                0x0800c61c                __swrite
                0x0800c654                __sseek
                0x0800c678                __sclose
 .text          0x0800c680      0xa00 e:/elektronik/toolchain/yagarto/bin/../lib/gcc/arm-none-eabi/4.6.2/../../../../arm-none-eabi/lib/thumb/v7m\libg.a(lib_a-svfiprintf.o)
                0x0800c680                __ssprint_r
                0x0800c798                _svfiprintf_r
 .text          0x0800d080       0xac e:/elektronik/toolchain/yagarto/bin/../lib/gcc/arm-none-eabi/4.6.2/../../../../arm-none-eabi/lib/thumb/v7m\libg.a(lib_a-wcrtomb.o)
                0x0800d080                _wcrtomb_r
                0x0800d0cc                wcrtomb
 .text          0x0800d12c       0x4c e:/elektronik/toolchain/yagarto/bin/../lib/gcc/arm-none-eabi/4.6.2/../../../../arm-none-eabi/lib/thumb/v7m\libg.a(lib_a-wctomb_r.o)
                0x0800d12c                __ascii_wctomb
                0x0800d148                _wctomb_r
 .text          0x0800d178       0x60 e:/elektronik/toolchain/yagarto/bin/../lib/gcc/arm-none-eabi/4.6.2/../../../../arm-none-eabi/lib/thumb/v7m\libg.a(lib_a-callocr.o)
                0x0800d178                _calloc_r
 .text          0x0800d1d8       0x9c e:/elektronik/toolchain/yagarto/bin/../lib/gcc/arm-none-eabi/4.6.2/../../../../arm-none-eabi/lib/thumb/v7m\libg.a(lib_a-fclose.o)
                0x0800d1d8                _fclose_r
                0x0800d264                fclose
 *fill*         0x0800d274        0x4 00
 .text          0x0800d278      0x278 e:/elektronik/toolchain/yagarto/bin/../lib/gcc/arm-none-eabi/4.6.2/thumb/v7m\libgcc.a(_udivsi3.o)
                0x0800d278                __aeabi_uidiv
                0x0800d278                __udivsi3
                0x0800d4d4                __aeabi_uidivmod
 .text          0x0800d4f0        0x4 e:/elektronik/toolchain/yagarto/bin/../lib/gcc/arm-none-eabi/4.6.2/thumb/v7m\libgcc.a(_dvmd_tls.o)
                0x0800d4f0                __aeabi_idiv0
                0x0800d4f0                __aeabi_ldiv0
 .text          0x0800d4f4      0x370 e:/elektronik/toolchain/yagarto/bin/../lib/gcc/arm-none-eabi/4.6.2/thumb/v7m\libgcc.a(_arm_addsubdf3.o)
                0x0800d4f4                __aeabi_drsub
                0x0800d4fc                __aeabi_dsub
                0x0800d4fc                __subdf3
                0x0800d500                __aeabi_dadd
                0x0800d500                __adddf3
                0x0800d778                __floatunsidf
                0x0800d778                __aeabi_ui2d
                0x0800d798                __floatsidf
                0x0800d798                __aeabi_i2d
                0x0800d7bc                __aeabi_f2d
                0x0800d7bc                __extendsfdf2
                0x0800d7f8                __floatundidf
                0x0800d7f8                __aeabi_ul2d
                0x0800d808                __floatdidf
                0x0800d808                __aeabi_l2d
 .text          0x0800d864      0x424 e:/elektronik/toolchain/yagarto/bin/../lib/gcc/arm-none-eabi/4.6.2/thumb/v7m\libgcc.a(_arm_muldivdf3.o)
                0x0800d864                __aeabi_dmul
                0x0800d864                __muldf3
                0x0800dab8                __divdf3
                0x0800dab8                __aeabi_ddiv
 .text          0x0800dc88      0x110 e:/elektronik/toolchain/yagarto/bin/../lib/gcc/arm-none-eabi/4.6.2/thumb/v7m\libgcc.a(_arm_cmpdf2.o)
                0x0800dc88                __gtdf2
                0x0800dc88                __gedf2
                0x0800dc90                __ltdf2
                0x0800dc90                __ledf2
                0x0800dc98                __nedf2
                0x0800dc98                __eqdf2
                0x0800dc98                __cmpdf2
                0x0800dd14                __aeabi_cdrcmple
                0x0800dd24                __aeabi_cdcmpeq
                0x0800dd24                __aeabi_cdcmple
                0x0800dd34                __aeabi_dcmpeq
                0x0800dd48                __aeabi_dcmplt
                0x0800dd5c                __aeabi_dcmple
                0x0800dd70                __aeabi_dcmpge
                0x0800dd84                __aeabi_dcmpgt
 .text          0x0800dd98       0x50 e:/elektronik/toolchain/yagarto/bin/../lib/gcc/arm-none-eabi/4.6.2/thumb/v7m\libgcc.a(_arm_fixdfsi.o)
                0x0800dd98                __aeabi_d2iz
                0x0800dd98                __fixdfsi
 *(.text*)
 .text.USB_OTG_EnableCommonInt
                0x0800dde8       0x44 ./STM32_USB_OTG_Driver/src/usb_core.o
 .text.USB_OTG_CoreReset
                0x0800de2c       0xa8 ./STM32_USB_OTG_Driver/src/usb_core.o
 .text.USB_OTG_WritePacket
                0x0800ded4       0x88 ./STM32_USB_OTG_Driver/src/usb_core.o
                0x0800ded4                USB_OTG_WritePacket
 .text.USB_OTG_ReadPacket
                0x0800df5c       0x68 ./STM32_USB_OTG_Driver/src/usb_core.o
                0x0800df5c                USB_OTG_ReadPacket
 .text.USB_OTG_SelectCore
                0x0800dfc4      0x1c4 ./STM32_USB_OTG_Driver/src/usb_core.o
                0x0800dfc4                USB_OTG_SelectCore
 .text.USB_OTG_CoreInit
                0x0800e188      0x200 ./STM32_USB_OTG_Driver/src/usb_core.o
                0x0800e188                USB_OTG_CoreInit
 .text.USB_OTG_EnableGlobalInt
                0x0800e388       0x3c ./STM32_USB_OTG_Driver/src/usb_core.o
                0x0800e388                USB_OTG_EnableGlobalInt
 .text.USB_OTG_DisableGlobalInt
                0x0800e3c4       0x40 ./STM32_USB_OTG_Driver/src/usb_core.o
                0x0800e3c4                USB_OTG_DisableGlobalInt
 .text.USB_OTG_FlushTxFifo
                0x0800e404       0x80 ./STM32_USB_OTG_Driver/src/usb_core.o
                0x0800e404                USB_OTG_FlushTxFifo
 .text.USB_OTG_FlushRxFifo
                0x0800e484       0x6c ./STM32_USB_OTG_Driver/src/usb_core.o
                0x0800e484                USB_OTG_FlushRxFifo
 .text.USB_OTG_SetCurrentMode
                0x0800e4f0       0x64 ./STM32_USB_OTG_Driver/src/usb_core.o
                0x0800e4f0                USB_OTG_SetCurrentMode
 .text.USB_OTG_GetMode
                0x0800e554       0x20 ./STM32_USB_OTG_Driver/src/usb_core.o
                0x0800e554                USB_OTG_GetMode
 .text.USB_OTG_IsHostMode
                0x0800e574       0x24 ./STM32_USB_OTG_Driver/src/usb_core.o
                0x0800e574                USB_OTG_IsHostMode
 .text.USB_OTG_ReadCoreItr
                0x0800e598       0x30 ./STM32_USB_OTG_Driver/src/usb_core.o
                0x0800e598                USB_OTG_ReadCoreItr
 .text.USB_OTG_CoreInitHost
                0x0800e5c8      0x148 ./STM32_USB_OTG_Driver/src/usb_core.o
                0x0800e5c8                USB_OTG_CoreInitHost
 .text.USB_OTG_IsEvenFrame
                0x0800e710       0x28 ./STM32_USB_OTG_Driver/src/usb_core.o
                0x0800e710                USB_OTG_IsEvenFrame
 .text.USB_OTG_DriveVbus
                0x0800e738       0x80 ./STM32_USB_OTG_Driver/src/usb_core.o
                0x0800e738                USB_OTG_DriveVbus
 .text.USB_OTG_EnableHostInt
                0x0800e7b8       0x8c ./STM32_USB_OTG_Driver/src/usb_core.o
                0x0800e7b8                USB_OTG_EnableHostInt
 .text.USB_OTG_InitFSLSPClkSel
                0x0800e844       0x38 ./STM32_USB_OTG_Driver/src/usb_core.o
                0x0800e844                USB_OTG_InitFSLSPClkSel
 .text.USB_OTG_ReadHPRT0
                0x0800e87c       0x40 ./STM32_USB_OTG_Driver/src/usb_core.o
                0x0800e87c                USB_OTG_ReadHPRT0
 .text.USB_OTG_ReadHostAllChannels_intr
                0x0800e8bc       0x1c ./STM32_USB_OTG_Driver/src/usb_core.o
                0x0800e8bc                USB_OTG_ReadHostAllChannels_intr
 .text.USB_OTG_ResetPort
                0x0800e8d8       0x54 ./STM32_USB_OTG_Driver/src/usb_core.o
                0x0800e8d8                USB_OTG_ResetPort
 .text.USB_OTG_HC_Init
                0x0800e92c      0x2d8 ./STM32_USB_OTG_Driver/src/usb_core.o
                0x0800e92c                USB_OTG_HC_Init
 .text.USB_OTG_HC_StartXfer
                0x0800ec04      0x310 ./STM32_USB_OTG_Driver/src/usb_core.o
                0x0800ec04                USB_OTG_HC_StartXfer
 .text.USB_OTG_HC_Halt
                0x0800ef14       0xac ./STM32_USB_OTG_Driver/src/usb_core.o
                0x0800ef14                USB_OTG_HC_Halt
 .text.USB_OTG_HC_DoPing
                0x0800efc0       0x88 ./STM32_USB_OTG_Driver/src/usb_core.o
                0x0800efc0                USB_OTG_HC_DoPing
 .text.HCD_Init
                0x0800f048       0xa8 ./STM32_USB_OTG_Driver/src/usb_hcd.o
                0x0800f048                HCD_Init
 .text.HCD_GetCurrentSpeed
                0x0800f0f0       0x28 ./STM32_USB_OTG_Driver/src/usb_hcd.o
                0x0800f0f0                HCD_GetCurrentSpeed
 .text.HCD_ResetPort
                0x0800f118       0x1c ./STM32_USB_OTG_Driver/src/usb_hcd.o
                0x0800f118                HCD_ResetPort
 .text.HCD_IsDeviceConnected
                0x0800f134       0x1c ./STM32_USB_OTG_Driver/src/usb_hcd.o
                0x0800f134                HCD_IsDeviceConnected
 .text.HCD_GetCurrentFrame
                0x0800f150       0x24 ./STM32_USB_OTG_Driver/src/usb_hcd.o
                0x0800f150                HCD_GetCurrentFrame
 .text.HCD_GetURB_State
                0x0800f174       0x24 ./STM32_USB_OTG_Driver/src/usb_hcd.o
                0x0800f174                HCD_GetURB_State
 .text.HCD_GetXferCnt
                0x0800f198       0x24 ./STM32_USB_OTG_Driver/src/usb_hcd.o
                0x0800f198                HCD_GetXferCnt
 .text.HCD_SubmitRequest
                0x0800f1bc       0x44 ./STM32_USB_OTG_Driver/src/usb_hcd.o
                0x0800f1bc                HCD_SubmitRequest
 .text.USBH_OTG_ISR_Handler
                0x0800f200      0x114 ./STM32_USB_OTG_Driver/src/usb_hcd_int.o
                0x0800f200                USBH_OTG_ISR_Handler
 .text.USB_OTG_USBH_handle_hc_ISR
                0x0800f314       0x9c ./STM32_USB_OTG_Driver/src/usb_hcd_int.o
 .text.USB_OTG_USBH_handle_sof_ISR
                0x0800f3b0       0x30 ./STM32_USB_OTG_Driver/src/usb_hcd_int.o
 .text.USB_OTG_USBH_handle_Disconnect_ISR
                0x0800f3e0       0x44 ./STM32_USB_OTG_Driver/src/usb_hcd_int.o
 .text.USB_OTG_USBH_handle_nptxfempty_ISR
                0x0800f424      0x1b0 ./STM32_USB_OTG_Driver/src/usb_hcd_int.o
 .text.USB_OTG_USBH_handle_ptxfempty_ISR
                0x0800f5d4      0x1b0 ./STM32_USB_OTG_Driver/src/usb_hcd_int.o
 .text.USB_OTG_USBH_handle_port_ISR
                0x0800f784      0x180 ./STM32_USB_OTG_Driver/src/usb_hcd_int.o
 .text.USB_OTG_USBH_handle_hc_n_Out_ISR
                0x0800f904      0x560 ./STM32_USB_OTG_Driver/src/usb_hcd_int.o
 .text.USB_OTG_USBH_handle_hc_n_In_ISR
                0x0800fe64      0x60c ./STM32_USB_OTG_Driver/src/usb_hcd_int.o
 .text.USB_OTG_USBH_handle_rx_qlvl_ISR
                0x08010470      0x1cc ./STM32_USB_OTG_Driver/src/usb_hcd_int.o
 .text.USB_OTG_USBH_handle_IncompletePeriodicXfer_ISR
                0x0801063c       0x54 ./STM32_USB_OTG_Driver/src/usb_hcd_int.o
 .text.USBH_Connect
                0x08010690       0x30 ./STM32_USB_HOST_Library/Core/src/usbh_core.o
                0x08010690                USBH_Connect
 .text.USBH_Disconnect
                0x080106c0       0x30 ./STM32_USB_HOST_Library/Core/src/usbh_core.o
                0x080106c0                USBH_Disconnect
 .text.USBH_Init
                0x080106f0       0x7c ./STM32_USB_HOST_Library/Core/src/usbh_core.o
                0x080106f0                USBH_Init
 .text.USBH_DeInit
                0x0801076c       0x74 ./STM32_USB_HOST_Library/Core/src/usbh_core.o
                0x0801076c                USBH_DeInit
 .text.USBH_Process
                0x080107e0      0x294 ./STM32_USB_HOST_Library/Core/src/usbh_core.o
                0x080107e0                USBH_Process
 .text.USBH_ErrorHandle
                0x08010a74       0x4c ./STM32_USB_HOST_Library/Core/src/usbh_core.o
                0x08010a74                USBH_ErrorHandle
 .text.USBH_HandleEnum
                0x08010ac0      0x338 ./STM32_USB_HOST_Library/Core/src/usbh_core.o
 .text.USBH_HandleControl
                0x08010df8      0x3ac ./STM32_USB_HOST_Library/Core/src/usbh_core.o
                0x08010df8                USBH_HandleControl
 .text.USBH_Open_Channel
                0x080111a4      0x108 ./STM32_USB_HOST_Library/Core/src/usbh_hcs.o
                0x080111a4                USBH_Open_Channel
 .text.USBH_Modify_Channel
                0x080112ac       0x9c ./STM32_USB_HOST_Library/Core/src/usbh_hcs.o
                0x080112ac                USBH_Modify_Channel
 .text.USBH_Alloc_Channel
                0x08011348       0x4c ./STM32_USB_HOST_Library/Core/src/usbh_hcs.o
                0x08011348                USBH_Alloc_Channel
 .text.USBH_Free_Channel
                0x08011394       0x4c ./STM32_USB_HOST_Library/Core/src/usbh_hcs.o
                0x08011394                USBH_Free_Channel
 .text.USBH_DeAllocate_AllChannel
                0x080113e0       0x44 ./STM32_USB_HOST_Library/Core/src/usbh_hcs.o
                0x080113e0                USBH_DeAllocate_AllChannel
 .text.USBH_GetFreeChannel
                0x08011424       0x54 ./STM32_USB_HOST_Library/Core/src/usbh_hcs.o
 .text.USBH_CtlReq
                0x08011478       0xa8 ./STM32_USB_HOST_Library/Core/src/usbh_ioreq.o
                0x08011478                USBH_CtlReq
 .text.USBH_CtlSendSetup
                0x08011520       0x7c ./STM32_USB_HOST_Library/Core/src/usbh_ioreq.o
                0x08011520                USBH_CtlSendSetup
 .text.USBH_CtlSendData
                0x0801159c       0xc4 ./STM32_USB_HOST_Library/Core/src/usbh_ioreq.o
                0x0801159c                USBH_CtlSendData
 .text.USBH_CtlReceiveData
                0x08011660       0x7c ./STM32_USB_HOST_Library/Core/src/usbh_ioreq.o
                0x08011660                USBH_CtlReceiveData
 .text.USBH_BulkSendData
                0x080116dc       0xa8 ./STM32_USB_HOST_Library/Core/src/usbh_ioreq.o
                0x080116dc                USBH_BulkSendData
 .text.USBH_BulkReceiveData
                0x08011784       0xa8 ./STM32_USB_HOST_Library/Core/src/usbh_ioreq.o
                0x08011784                USBH_BulkReceiveData
 .text.USBH_SubmitSetupRequest
                0x0801182c       0x44 ./STM32_USB_HOST_Library/Core/src/usbh_ioreq.o
 .text.USBH_Get_DevDesc
                0x08011870       0x5c ./STM32_USB_HOST_Library/Core/src/usbh_stdreq.o
                0x08011870                USBH_Get_DevDesc
 .text.USBH_Get_CfgDesc
                0x080118cc       0x60 ./STM32_USB_HOST_Library/Core/src/usbh_stdreq.o
                0x080118cc                USBH_Get_CfgDesc
 .text.USBH_Get_StringDesc
                0x0801192c       0x5c ./STM32_USB_HOST_Library/Core/src/usbh_stdreq.o
                0x0801192c                USBH_Get_StringDesc
 .text.USBH_GetDescriptor
                0x08011988       0x64 ./STM32_USB_HOST_Library/Core/src/usbh_stdreq.o
                0x08011988                USBH_GetDescriptor
 .text.USBH_SetAddress
                0x080119ec       0x54 ./STM32_USB_HOST_Library/Core/src/usbh_stdreq.o
                0x080119ec                USBH_SetAddress
 .text.USBH_SetCfg
                0x08011a40       0x50 ./STM32_USB_HOST_Library/Core/src/usbh_stdreq.o
                0x08011a40                USBH_SetCfg
 .text.USBH_ClrFeature
                0x08011a90       0x84 ./STM32_USB_HOST_Library/Core/src/usbh_stdreq.o
                0x08011a90                USBH_ClrFeature
 .text.USBH_ParseDevDesc
                0x08011b14       0xf0 ./STM32_USB_HOST_Library/Core/src/usbh_stdreq.o
 .text.USBH_ParseCfgDesc
                0x08011c04      0x164 ./STM32_USB_HOST_Library/Core/src/usbh_stdreq.o
 .text.USBH_ParseInterfaceDesc
                0x08011d68       0x5c ./STM32_USB_HOST_Library/Core/src/usbh_stdreq.o
 .text.USBH_ParseEPDesc
                0x08011dc4       0x5c ./STM32_USB_HOST_Library/Core/src/usbh_stdreq.o
 .text.USBH_ParseStringDesc
                0x08011e20       0x74 ./STM32_USB_HOST_Library/Core/src/usbh_stdreq.o
 .text.USBH_GetNextDesc
                0x08011e94       0x34 ./STM32_USB_HOST_Library/Core/src/usbh_stdreq.o
 .text.USBH_MSC_Init
                0x08011ec8       0x78 ./STM32_USB_HOST_Library/Class/MSC/src/usbh_msc_bot.o
                0x08011ec8                USBH_MSC_Init
 .text.USBH_MSC_HandleBOTXfer
                0x08011f40      0x5e4 ./STM32_USB_HOST_Library/Class/MSC/src/usbh_msc_bot.o
                0x08011f40                USBH_MSC_HandleBOTXfer
 .text.USBH_MSC_BOT_Abort
                0x08012524       0xa0 ./STM32_USB_HOST_Library/Class/MSC/src/usbh_msc_bot.o
                0x08012524                USBH_MSC_BOT_Abort
 .text.USBH_MSC_DecodeCSW
                0x080125c4       0xd4 ./STM32_USB_HOST_Library/Class/MSC/src/usbh_msc_bot.o
                0x080125c4                USBH_MSC_DecodeCSW
 .text.USBH_MSC_InterfaceInit
                0x08012698      0x180 ./STM32_USB_HOST_Library/Class/MSC/src/usbh_msc_core.o
 .text.USBH_MSC_InterfaceDeInit
                0x08012818       0x94 ./STM32_USB_HOST_Library/Class/MSC/src/usbh_msc_core.o
 .text.USBH_MSC_ClassRequest
                0x080128ac       0x2c ./STM32_USB_HOST_Library/Class/MSC/src/usbh_msc_core.o
 .text.USBH_MSC_Handle
                0x080128d8      0x2f4 ./STM32_USB_HOST_Library/Class/MSC/src/usbh_msc_core.o
 .text.USBH_MSC_BOTReset
                0x08012bcc       0x50 ./STM32_USB_HOST_Library/Class/MSC/src/usbh_msc_core.o
 .text.USBH_MSC_GETMaxLUN
                0x08012c1c       0x50 ./STM32_USB_HOST_Library/Class/MSC/src/usbh_msc_core.o
 .text.USBH_MSC_ErrorHandle
                0x08012c6c       0x84 ./STM32_USB_HOST_Library/Class/MSC/src/usbh_msc_core.o
                0x08012c6c                USBH_MSC_ErrorHandle
 .text.disk_initialize
                0x08012cf0       0x50 ./STM32_USB_HOST_Library/Class/MSC/src/usbh_msc_fatfs.o
                0x08012cf0                disk_initialize
 .text.disk_status
                0x08012d40       0x30 ./STM32_USB_HOST_Library/Class/MSC/src/usbh_msc_fatfs.o
                0x08012d40                disk_status
 .text.disk_read
                0x08012d70       0xbc ./STM32_USB_HOST_Library/Class/MSC/src/usbh_msc_fatfs.o
                0x08012d70                disk_read
 .text.disk_write
                0x08012e2c       0xd8 ./STM32_USB_HOST_Library/Class/MSC/src/usbh_msc_fatfs.o
                0x08012e2c                disk_write
 .text.USBH_MSC_TestUnitReady
                0x08012f04      0x17c ./STM32_USB_HOST_Library/Class/MSC/src/usbh_msc_scsi.o
                0x08012f04                USBH_MSC_TestUnitReady
 .text.USBH_MSC_ReadCapacity10
                0x08013080      0x1dc ./STM32_USB_HOST_Library/Class/MSC/src/usbh_msc_scsi.o
                0x08013080                USBH_MSC_ReadCapacity10
 .text.USBH_MSC_ModeSense6
                0x0801325c      0x1b8 ./STM32_USB_HOST_Library/Class/MSC/src/usbh_msc_scsi.o
                0x0801325c                USBH_MSC_ModeSense6
 .text.USBH_MSC_RequestSense
                0x08013414      0x1e4 ./STM32_USB_HOST_Library/Class/MSC/src/usbh_msc_scsi.o
                0x08013414                USBH_MSC_RequestSense
 .text.USBH_MSC_Write10
                0x080135f8      0x1c4 ./STM32_USB_HOST_Library/Class/MSC/src/usbh_msc_scsi.o
                0x080135f8                USBH_MSC_Write10
 .text.USBH_MSC_Read10
                0x080137bc      0x204 ./STM32_USB_HOST_Library/Class/MSC/src/usbh_msc_scsi.o
                0x080137bc                USBH_MSC_Read10
 .text.NVIC_PriorityGroupConfig
                0x080139c0       0x28 ./STM32F4xx_StdPeriph_Driver/src/misc.o
                0x080139c0                NVIC_PriorityGroupConfig
 .text.NVIC_Init
                0x080139e8       0xe4 ./STM32F4xx_StdPeriph_Driver/src/misc.o
                0x080139e8                NVIC_Init
 .text.DAC_Init
                0x08013acc       0x74 ./STM32F4xx_StdPeriph_Driver/src/stm32f4xx_dac.o
                0x08013acc                DAC_Init
 .text.DAC_Cmd  0x08013b40       0x68 ./STM32F4xx_StdPeriph_Driver/src/stm32f4xx_dac.o
                0x08013b40                DAC_Cmd
 .text.DAC_SetChannel1Data
                0x08013ba8       0x38 ./STM32F4xx_StdPeriph_Driver/src/stm32f4xx_dac.o
                0x08013ba8                DAC_SetChannel1Data
 .text.DMA_DeInit
                0x08013be0      0x244 ./STM32F4xx_StdPeriph_Driver/src/stm32f4xx_dma.o
                0x08013be0                DMA_DeInit
 .text.DMA_Init
                0x08013e24       0xb0 ./STM32F4xx_StdPeriph_Driver/src/stm32f4xx_dma.o
                0x08013e24                DMA_Init
 .text.DMA_Cmd  0x08013ed4       0x38 ./STM32F4xx_StdPeriph_Driver/src/stm32f4xx_dma.o
                0x08013ed4                DMA_Cmd
 .text.DMA_GetCmdStatus
                0x08013f0c       0x38 ./STM32F4xx_StdPeriph_Driver/src/stm32f4xx_dma.o
                0x08013f0c                DMA_GetCmdStatus
 .text.DMA_GetFlagStatus
                0x08013f44       0x88 ./STM32F4xx_StdPeriph_Driver/src/stm32f4xx_dma.o
                0x08013f44                DMA_GetFlagStatus
 .text.DMA_ClearFlag
                0x08013fcc       0x64 ./STM32F4xx_StdPeriph_Driver/src/stm32f4xx_dma.o
                0x08013fcc                DMA_ClearFlag
 .text.DMA_ITConfig
                0x08014030       0x78 ./STM32F4xx_StdPeriph_Driver/src/stm32f4xx_dma.o
                0x08014030                DMA_ITConfig
 .text.EXTI_Init
                0x080140a8      0x144 ./STM32F4xx_StdPeriph_Driver/src/stm32f4xx_exti.o
                0x080140a8                EXTI_Init
 .text.EXTI_GetITStatus
                0x080141ec       0x5c ./STM32F4xx_StdPeriph_Driver/src/stm32f4xx_exti.o
                0x080141ec                EXTI_GetITStatus
 .text.EXTI_ClearITPendingBit
                0x08014248       0x20 ./STM32F4xx_StdPeriph_Driver/src/stm32f4xx_exti.o
                0x08014248                EXTI_ClearITPendingBit
 .text.GPIO_Init
                0x08014268      0x154 ./STM32F4xx_StdPeriph_Driver/src/stm32f4xx_gpio.o
                0x08014268                GPIO_Init
 .text.GPIO_ReadInputData
                0x080143bc       0x1c ./STM32F4xx_StdPeriph_Driver/src/stm32f4xx_gpio.o
                0x080143bc                GPIO_ReadInputData
 .text.GPIO_SetBits
                0x080143d8       0x1c ./STM32F4xx_StdPeriph_Driver/src/stm32f4xx_gpio.o
                0x080143d8                GPIO_SetBits
 .text.GPIO_ResetBits
                0x080143f4       0x1c ./STM32F4xx_StdPeriph_Driver/src/stm32f4xx_gpio.o
                0x080143f4                GPIO_ResetBits
 .text.GPIO_WriteBit
                0x08014410       0x30 ./STM32F4xx_StdPeriph_Driver/src/stm32f4xx_gpio.o
                0x08014410                GPIO_WriteBit
 .text.GPIO_PinAFConfig
                0x08014440       0xac ./STM32F4xx_StdPeriph_Driver/src/stm32f4xx_gpio.o
                0x08014440                GPIO_PinAFConfig
 .text.I2C_DeInit
                0x080144ec       0x88 ./STM32F4xx_StdPeriph_Driver/src/stm32f4xx_i2c.o
                0x080144ec                I2C_DeInit
 .text.I2C_Init
                0x08014574      0x1ac ./STM32F4xx_StdPeriph_Driver/src/stm32f4xx_i2c.o
                0x08014574                I2C_Init
 .text.I2C_Cmd  0x08014720       0x40 ./STM32F4xx_StdPeriph_Driver/src/stm32f4xx_i2c.o
                0x08014720                I2C_Cmd
 .text.I2C_GenerateSTART
                0x08014760       0x40 ./STM32F4xx_StdPeriph_Driver/src/stm32f4xx_i2c.o
                0x08014760                I2C_GenerateSTART
 .text.I2C_GenerateSTOP
                0x080147a0       0x40 ./STM32F4xx_StdPeriph_Driver/src/stm32f4xx_i2c.o
                0x080147a0                I2C_GenerateSTOP
 .text.I2C_Send7bitAddress
                0x080147e0       0x3c ./STM32F4xx_StdPeriph_Driver/src/stm32f4xx_i2c.o
                0x080147e0                I2C_Send7bitAddress
 .text.I2C_AcknowledgeConfig
                0x0801481c       0x40 ./STM32F4xx_StdPeriph_Driver/src/stm32f4xx_i2c.o
                0x0801481c                I2C_AcknowledgeConfig
 .text.I2C_SendData
                0x0801485c       0x20 ./STM32F4xx_StdPeriph_Driver/src/stm32f4xx_i2c.o
                0x0801485c                I2C_SendData
 .text.I2C_ReceiveData
                0x0801487c       0x1c ./STM32F4xx_StdPeriph_Driver/src/stm32f4xx_i2c.o
                0x0801487c                I2C_ReceiveData
 .text.I2C_CheckEvent
                0x08014898       0x70 ./STM32F4xx_StdPeriph_Driver/src/stm32f4xx_i2c.o
                0x08014898                I2C_CheckEvent
 .text.I2C_GetFlagStatus
                0x08014908       0x78 ./STM32F4xx_StdPeriph_Driver/src/stm32f4xx_i2c.o
                0x08014908                I2C_GetFlagStatus
 .text.I2C_ClearFlag
                0x08014980       0x30 ./STM32F4xx_StdPeriph_Driver/src/stm32f4xx_i2c.o
                0x08014980                I2C_ClearFlag
 .text.RCC_GetClocksFreq
                0x080149b0      0x1d0 ./STM32F4xx_StdPeriph_Driver/src/stm32f4xx_rcc.o
                0x080149b0                RCC_GetClocksFreq
 .text.RCC_AHB1PeriphClockCmd
                0x08014b80       0x58 ./STM32F4xx_StdPeriph_Driver/src/stm32f4xx_rcc.o
                0x08014b80                RCC_AHB1PeriphClockCmd
 .text.RCC_AHB2PeriphClockCmd
                0x08014bd8       0x58 ./STM32F4xx_StdPeriph_Driver/src/stm32f4xx_rcc.o
                0x08014bd8                RCC_AHB2PeriphClockCmd
 .text.RCC_APB1PeriphClockCmd
                0x08014c30       0x58 ./STM32F4xx_StdPeriph_Driver/src/stm32f4xx_rcc.o
                0x08014c30                RCC_APB1PeriphClockCmd
 .text.RCC_APB2PeriphClockCmd
                0x08014c88       0x58 ./STM32F4xx_StdPeriph_Driver/src/stm32f4xx_rcc.o
                0x08014c88                RCC_APB2PeriphClockCmd
 .text.RCC_APB1PeriphResetCmd
                0x08014ce0       0x58 ./STM32F4xx_StdPeriph_Driver/src/stm32f4xx_rcc.o
                0x08014ce0                RCC_APB1PeriphResetCmd
 .text.RCC_APB2PeriphResetCmd
                0x08014d38       0x58 ./STM32F4xx_StdPeriph_Driver/src/stm32f4xx_rcc.o
                0x08014d38                RCC_APB2PeriphResetCmd
 .text.SPI_I2S_DeInit
                0x08014d90       0x88 ./STM32F4xx_StdPeriph_Driver/src/stm32f4xx_spi.o
                0x08014d90                SPI_I2S_DeInit
 .text.SPI_Init
                0x08014e18       0x88 ./STM32F4xx_StdPeriph_Driver/src/stm32f4xx_spi.o
                0x08014e18                SPI_Init
 .text.I2S_Init
                0x08014ea0      0x214 ./STM32F4xx_StdPeriph_Driver/src/stm32f4xx_spi.o
                0x08014ea0                I2S_Init
 .text.SPI_Cmd  0x080150b4       0x40 ./STM32F4xx_StdPeriph_Driver/src/stm32f4xx_spi.o
                0x080150b4                SPI_Cmd
 .text.I2S_Cmd  0x080150f4       0x40 ./STM32F4xx_StdPeriph_Driver/src/stm32f4xx_spi.o
                0x080150f4                I2S_Cmd
 .text.SPI_I2S_ReceiveData
                0x08015134       0x1c ./STM32F4xx_StdPeriph_Driver/src/stm32f4xx_spi.o
                0x08015134                SPI_I2S_ReceiveData
 .text.SPI_I2S_SendData
                0x08015150       0x1c ./STM32F4xx_StdPeriph_Driver/src/stm32f4xx_spi.o
                0x08015150                SPI_I2S_SendData
 .text.SPI_I2S_DMACmd
                0x0801516c       0x48 ./STM32F4xx_StdPeriph_Driver/src/stm32f4xx_spi.o
                0x0801516c                SPI_I2S_DMACmd
 .text.SPI_I2S_ITConfig
                0x080151b4       0x6c ./STM32F4xx_StdPeriph_Driver/src/stm32f4xx_spi.o
                0x080151b4                SPI_I2S_ITConfig
 .text.SPI_I2S_GetFlagStatus
                0x08015220       0x40 ./STM32F4xx_StdPeriph_Driver/src/stm32f4xx_spi.o
                0x08015220                SPI_I2S_GetFlagStatus
 .text.SYSCFG_EXTILineConfig
                0x08015260       0xb4 ./STM32F4xx_StdPeriph_Driver/src/stm32f4xx_syscfg.o
                0x08015260                SYSCFG_EXTILineConfig
 .text.TIM_ITConfig
                0x08015314       0x48 ./STM32F4xx_StdPeriph_Driver/src/stm32f4xx_tim.o
                0x08015314                TIM_ITConfig
 .text.STM_EVAL_LEDInit
                0x0801535c       0x6c ./STM32F4-Discovery/stm32f4_discovery.o
                0x0801535c                STM_EVAL_LEDInit
 .text.STM_EVAL_LEDOn
                0x080153c8       0x34 ./STM32F4-Discovery/stm32f4_discovery.o
                0x080153c8                STM_EVAL_LEDOn
 .text.STM_EVAL_LEDOff
                0x080153fc       0x34 ./STM32F4-Discovery/stm32f4_discovery.o
                0x080153fc                STM_EVAL_LEDOff
 .text.STM_EVAL_LEDToggle
                0x08015430       0x48 ./STM32F4-Discovery/stm32f4_discovery.o
                0x08015430                STM_EVAL_LEDToggle
 .text.EVAL_AUDIO_SetAudioInterface
                0x08015478      0x170 ./STM32F4-Discovery/stm32f4_discovery_audio_codec.o
                0x08015478                EVAL_AUDIO_SetAudioInterface
 .text.EVAL_AUDIO_Init
                0x080155e8       0x68 ./STM32F4-Discovery/stm32f4_discovery_audio_codec.o
                0x080155e8                EVAL_AUDIO_Init
 .text.EVAL_AUDIO_PauseResume
                0x08015650       0x34 ./STM32F4-Discovery/stm32f4_discovery_audio_codec.o
                0x08015650                EVAL_AUDIO_PauseResume
 .text.EVAL_AUDIO_Stop
                0x08015684       0x40 ./STM32F4-Discovery/stm32f4_discovery_audio_codec.o
                0x08015684                EVAL_AUDIO_Stop
 .text.Audio_MAL_IRQHandler
                0x080156c4      0x180 ./STM32F4-Discovery/stm32f4_discovery_audio_codec.o
 .text.DMA1_Stream7_IRQHandler
                0x08015844        0xc ./STM32F4-Discovery/stm32f4_discovery_audio_codec.o
                0x08015844                DMA1_Stream7_IRQHandler
 .text.DMA1_Stream0_IRQHandler
                0x08015850        0xc ./STM32F4-Discovery/stm32f4_discovery_audio_codec.o
                0x08015850                DMA1_Stream0_IRQHandler
 .text.SPI3_IRQHandler
                0x0801585c       0x50 ./STM32F4-Discovery/stm32f4_discovery_audio_codec.o
                0x0801585c                SPI3_IRQHandler
 .text.Codec_Init
                0x080158ac      0x1a8 ./STM32F4-Discovery/stm32f4_discovery_audio_codec.o
 .text.Codec_PauseResume
                0x08015a54       0x88 ./STM32F4-Discovery/stm32f4_discovery_audio_codec.o
 .text.Codec_Stop
                0x08015adc       0x70 ./STM32F4-Discovery/stm32f4_discovery_audio_codec.o
 .text.Codec_VolumeCtrl
                0x08015b4c       0x8c ./STM32F4-Discovery/stm32f4_discovery_audio_codec.o
 .text.Codec_Mute
                0x08015bd8       0x54 ./STM32F4-Discovery/stm32f4_discovery_audio_codec.o
 .text.Codec_Reset
                0x08015c2c       0x38 ./STM32F4-Discovery/stm32f4_discovery_audio_codec.o
 .text.Codec_WriteRegister
                0x08015c64      0x23c ./STM32F4-Discovery/stm32f4_discovery_audio_codec.o
 .text.Codec_ReadRegister
                0x08015ea0      0x388 ./STM32F4-Discovery/stm32f4_discovery_audio_codec.o
 .text.Codec_CtrlInterface_Init
                0x08016228       0x70 ./STM32F4-Discovery/stm32f4_discovery_audio_codec.o
 .text.Codec_AudioInterface_Init
                0x08016298       0xa4 ./STM32F4-Discovery/stm32f4_discovery_audio_codec.o
 .text.Codec_GPIO_Init
                0x0801633c      0x1ac ./STM32F4-Discovery/stm32f4_discovery_audio_codec.o
 .text.Delay    0x080164e8       0x24 ./STM32F4-Discovery/stm32f4_discovery_audio_codec.o
 .text.Audio_MAL_Init
                0x0801650c      0x1ec ./STM32F4-Discovery/stm32f4_discovery_audio_codec.o
 .text.Audio_MAL_Play
                0x080166f8       0xd4 ./STM32F4-Discovery/stm32f4_discovery_audio_codec.o
                0x080166f8                Audio_MAL_Play
 .text.Audio_MAL_PauseResume
                0x080167cc       0x90 ./STM32F4-Discovery/stm32f4_discovery_audio_codec.o
 .text.Audio_MAL_Stop
                0x0801685c       0x6c ./STM32F4-Discovery/stm32f4_discovery_audio_codec.o
 .text.DAC_Config
                0x080168c8       0x78 ./STM32F4-Discovery/stm32f4_discovery_audio_codec.o
                0x080168c8                DAC_Config
 .text.LIS302DL_Init
                0x08016940       0x54 ./STM32F4-Discovery/stm32f4_discovery_lis302dl.o
                0x08016940                LIS302DL_Init
 .text.LIS302DL_InterruptConfig
                0x08016994       0x50 ./STM32F4-Discovery/stm32f4_discovery_lis302dl.o
                0x08016994                LIS302DL_InterruptConfig
 .text.LIS302DL_Write
                0x080169e4       0x70 ./STM32F4-Discovery/stm32f4_discovery_lis302dl.o
                0x080169e4                LIS302DL_Write
 .text.LIS302DL_Read
                0x08016a54       0x80 ./STM32F4-Discovery/stm32f4_discovery_lis302dl.o
                0x08016a54                LIS302DL_Read
 .text.LIS302DL_LowLevel_Init
                0x08016ad4      0x1cc ./STM32F4-Discovery/stm32f4_discovery_lis302dl.o
 .text.LIS302DL_SendByte
                0x08016ca0       0xe4 ./STM32F4-Discovery/stm32f4_discovery_lis302dl.o
 .text._ZNK5CTask7IsValidEv
                0x08016d84       0x24 ./Menue/CMenue.o
                0x08016d84                CTask::IsValid() const
 .text._ZN5CTask6DetachEv
                0x08016da8       0x24 ./Menue/CMenue.o
                0x08016da8                CTask::Detach()
 .text._ZN12AManagedTask8OnCreateEPKctm
                0x08016dcc       0x20 ./Menue/CMenue.o
                0x08016dcc                AManagedTask::OnCreate(char const*, unsigned short, unsigned long)
 .text._ZN6CMenueC2EP11CGraphicLCD
                0x08016dec       0x30 ./Menue/CMenue.o
                0x08016dec                CMenue::CMenue(CGraphicLCD*)
                0x08016dec                CMenue::CMenue(CGraphicLCD*)
 .text._ZN6CMenueD2Ev
                0x08016e1c       0x38 ./Menue/CMenue.o
                0x08016e1c                CMenue::~CMenue()
                0x08016e1c                CMenue::~CMenue()
 .text._ZN6CMenueD0Ev
                0x08016e54       0x20 ./Menue/CMenue.o
                0x08016e54                CMenue::~CMenue()
 .text._ZN6CMenue12HardwareInitEv
                0x08016e74       0x18 ./Menue/CMenue.o
                0x08016e74                CMenue::HardwareInit()
 .text._ZN6CMenue3RunEv
                0x08016e8c      0x1fc ./Menue/CMenue.o
                0x08016e8c                CMenue::Run()
 .text.ClearBuffer
                0x08017088       0x3c ./HelixMP3/real/buffers.o
                0x08017088                ClearBuffer
 .text.xmp3_AllocateBuffers
                0x080170c4      0x11c ./HelixMP3/real/buffers.o
                0x080170c4                xmp3_AllocateBuffers
 .text.MP3InitDecoder
                0x080171e0       0x1c ./HelixMP3/mp3dec.o
                0x080171e0                MP3InitDecoder
 .text._ZN11CGraphicLCDC2Ev
                0x080171fc       0x28 ./GraphicLCD/CGraphicLCD.o
                0x080171fc                CGraphicLCD::CGraphicLCD()
                0x080171fc                CGraphicLCD::CGraphicLCD()
 .text._ZN11CGraphicLCDD2Ev
                0x08017224       0x34 ./GraphicLCD/CGraphicLCD.o
                0x08017224                CGraphicLCD::~CGraphicLCD()
                0x08017224                CGraphicLCD::~CGraphicLCD()
 .text._ZN11CGraphicLCDD0Ev
                0x08017258       0x20 ./GraphicLCD/CGraphicLCD.o
                0x08017258                CGraphicLCD::~CGraphicLCD()
 .text._ZN11CGraphicLCD7InverseEv
                0x08017278       0x18 ./GraphicLCD/CGraphicLCD.o
                0x08017278                CGraphicLCD::Inverse()
 .text._ZN11CGraphicLCD7InverseEb
                0x08017290       0x1c ./GraphicLCD/CGraphicLCD.o
                0x08017290                CGraphicLCD::Inverse(bool)
 .text._ZN13CT6963CDriverC2Ev
                0x080172ac       0x28 ./GraphicLCD/CT6963CDriver.o
                0x080172ac                CT6963CDriver::CT6963CDriver()
                0x080172ac                CT6963CDriver::CT6963CDriver()
 .text._ZN13CT6963CDriverD2Ev
                0x080172d4       0x38 ./GraphicLCD/CT6963CDriver.o
                0x080172d4                CT6963CDriver::~CT6963CDriver()
                0x080172d4                CT6963CDriver::~CT6963CDriver()
 .text._ZN13CT6963CDriverD0Ev
                0x0801730c       0x20 ./GraphicLCD/CT6963CDriver.o
                0x0801730c                CT6963CDriver::~CT6963CDriver()
 .text._ZN13CT6963CDriver4InitEv
                0x0801732c      0x160 ./GraphicLCD/CT6963CDriver.o
                0x0801732c                CT6963CDriver::Init()
 .text._ZN13CT6963CDriver17SetAddressPointerEj
                0x0801748c       0x58 ./GraphicLCD/CT6963CDriver.o
                0x0801748c                CT6963CDriver::SetAddressPointer(unsigned int)
 .text._ZN13CT6963CDriver8TextGoToEhh
                0x080174e4       0x34 ./GraphicLCD/CT6963CDriver.o
                0x080174e4                CT6963CDriver::TextGoTo(unsigned char, unsigned char)
 .text._ZN13CT6963CDriver11GraphicGoToEhh
                0x08017518       0x40 ./GraphicLCD/CT6963CDriver.o
                0x08017518                CT6963CDriver::GraphicGoTo(unsigned char, unsigned char)
 .text._ZN13CT6963CDriver5ClearEv
                0x08017558       0x9c ./GraphicLCD/CT6963CDriver.o
                0x08017558                CT6963CDriver::Clear()
 .text._ZN13CT6963CDriver16WriteDisplayDataEh
                0x080175f4       0x38 ./GraphicLCD/CT6963CDriver.o
                0x080175f4                CT6963CDriver::WriteDisplayData(unsigned char)
 .text._ZN13CT6963CDriver9WriteCharEc
                0x0801762c       0x24 ./GraphicLCD/CT6963CDriver.o
                0x0801762c                CT6963CDriver::WriteChar(char)
 .text._ZN13CT6963CDriver11WriteStringEPKcRK5tFontjj
                0x08017650      0x19c ./GraphicLCD/CT6963CDriver.o
                0x08017650                CT6963CDriver::WriteString(char const*, tFont const&, unsigned int, unsigned int)
 .text._ZN13CT6963CDriver8SetPixelEhh
                0x080177ec       0x88 ./GraphicLCD/CT6963CDriver.o
                0x080177ec                CT6963CDriver::SetPixel(unsigned char, unsigned char)
 .text._ZN13CT6963CDriver4LineEjjjj
                0x08017874      0x150 ./GraphicLCD/CT6963CDriver.o
                0x08017874                CT6963CDriver::Line(unsigned int, unsigned int, unsigned int, unsigned int)
 .text._ZN13CT6963CDriver6WindowEjjjj
                0x080179c4      0x348 ./GraphicLCD/CT6963CDriver.o
                0x080179c4                CT6963CDriver::Window(unsigned int, unsigned int, unsigned int, unsigned int)
 .text._ZN13CT6963CDriver9RectangleEjjjjb
                0x08017d0c      0x144 ./GraphicLCD/CT6963CDriver.o
                0x08017d0c                CT6963CDriver::Rectangle(unsigned int, unsigned int, unsigned int, unsigned int, bool)
 .text._ZN13CT6963CDriver11SectorClearEjjjj
                0x08017e50       0x60 ./GraphicLCD/CT6963CDriver.o
                0x08017e50                CT6963CDriver::SectorClear(unsigned int, unsigned int, unsigned int, unsigned int)
 .text._ZN13CT6963CDriver6CircleEhhh
                0x08017eb0      0x184 ./GraphicLCD/CT6963CDriver.o
                0x08017eb0                CT6963CDriver::Circle(unsigned char, unsigned char, unsigned char)
 .text._ZN13CT6963CDriver6BitmapEPhhhhh
                0x08018034       0xd4 ./GraphicLCD/CT6963CDriver.o
                0x08018034                CT6963CDriver::Bitmap(unsigned char*, unsigned char, unsigned char, unsigned char, unsigned char)
 .text._ZN21CT6963_GPIO_InterfaceC2Ev
                0x08018108       0x28 ./GraphicLCD/CT6963GPIOInterface.o
                0x08018108                CT6963_GPIO_Interface::CT6963_GPIO_Interface()
                0x08018108                CT6963_GPIO_Interface::CT6963_GPIO_Interface()
 .text._ZN21CT6963_GPIO_InterfaceD2Ev
                0x08018130       0x38 ./GraphicLCD/CT6963GPIOInterface.o
                0x08018130                CT6963_GPIO_Interface::~CT6963_GPIO_Interface()
                0x08018130                CT6963_GPIO_Interface::~CT6963_GPIO_Interface()
 .text._ZN21CT6963_GPIO_InterfaceD0Ev
                0x08018168       0x20 ./GraphicLCD/CT6963GPIOInterface.o
                0x08018168                CT6963_GPIO_Interface::~CT6963_GPIO_Interface()
 .text._Z11CheckStatusv
                0x08018188       0xbc ./GraphicLCD/CT6963GPIOInterface.o
                0x08018188                CheckStatus()
 .text._ZN21CT6963_GPIO_Interface12HardwareInitEv
                0x08018244       0xc0 ./GraphicLCD/CT6963GPIOInterface.o
                0x08018244                CT6963_GPIO_Interface::HardwareInit()
 .text._ZN21CT6963_GPIO_Interface5ResetEv
                0x08018304       0x38 ./GraphicLCD/CT6963GPIOInterface.o
                0x08018304                CT6963_GPIO_Interface::Reset()
 .text._ZN21CT6963_GPIO_Interface12WriteCommandEh
                0x0801833c       0xac ./GraphicLCD/CT6963GPIOInterface.o
                0x0801833c                CT6963_GPIO_Interface::WriteCommand(unsigned char)
 .text._ZN21CT6963_GPIO_Interface9WriteDataEh
                0x080183e8       0xcc ./GraphicLCD/CT6963GPIOInterface.o
                0x080183e8                CT6963_GPIO_Interface::WriteData(unsigned char)
 .text._ZN21CT6963_GPIO_Interface8ReadDataEv
                0x080184b4       0xe4 ./GraphicLCD/CT6963GPIOInterface.o
                0x080184b4                CT6963_GPIO_Interface::ReadData()
 .text._ZN5CTask13EnterCriticalEv
                0x08018598        0xc ./FreeRTOS_EC/Source/AManagedTask.o
                0x08018598                CTask::EnterCritical()
 .text._ZN5CTask12ExitCriticalEv
                0x080185a4        0xc ./FreeRTOS_EC/Source/AManagedTask.o
                0x080185a4                CTask::ExitCritical()
 .text._ZN12AManagedTask12HardwareInitEv
                0x080185b0       0x18 ./FreeRTOS_EC/Source/AManagedTask.o
                0x080185b0                AManagedTask::HardwareInit()
 .text._ZN9CFreeRTOS15SuspendAllTasksEv
                0x080185c8        0xc ./FreeRTOS_EC/Source/AManagedTask.o
                0x080185c8                CFreeRTOS::SuspendAllTasks()
 .text._ZN9CFreeRTOS14ResumeAllTasksEv
                0x080185d4       0x10 ./FreeRTOS_EC/Source/AManagedTask.o
                0x080185d4                CFreeRTOS::ResumeAllTasks()
 .text._ZN12AManagedTaskC2Ev
                0x080185e4       0x38 ./FreeRTOS_EC/Source/AManagedTask.o
                0x080185e4                AManagedTask::AManagedTask()
                0x080185e4                AManagedTask::AManagedTask()
 .text._ZN12AManagedTaskD2Ev
                0x0801861c       0x40 ./FreeRTOS_EC/Source/AManagedTask.o
                0x0801861c                AManagedTask::~AManagedTask()
                0x0801861c                AManagedTask::~AManagedTask()
 .text._ZN12AManagedTaskD0Ev
                0x0801865c       0x20 ./FreeRTOS_EC/Source/AManagedTask.o
                0x0801865c                AManagedTask::~AManagedTask()
 .text._ZN12AManagedTask6CreateEPKctm
                0x0801867c       0x64 ./FreeRTOS_EC/Source/AManagedTask.o
                0x0801867c                AManagedTask::Create(char const*, unsigned short, unsigned long)
 .text._ZN12AManagedTask15taskControlFuncEPv
                0x080186e0       0x20 ./FreeRTOS_EC/Source/AManagedTask.o
                0x080186e0                AManagedTask::taskControlFunc(void*)
 .text._ZN12AManagedTask16AddToManagedTaskEPS_
                0x08018700       0x50 ./FreeRTOS_EC/Source/AManagedTask.o
                0x08018700                AManagedTask::AddToManagedTask(AManagedTask*)
 .text._ZN12AManagedTask21RemoveFromManagedTaskEPS_
                0x08018750       0x88 ./FreeRTOS_EC/Source/AManagedTask.o
                0x08018750                AManagedTask::RemoveFromManagedTask(AManagedTask*)
 .text._ZN12AManagedTask27InitHardwareForManagedTasksEv
                0x080187d8       0x5c ./FreeRTOS_EC/Source/AManagedTask.o
                0x080187d8                AManagedTask::InitHardwareForManagedTasks()
 .text._ZN12IFreeRTOSObjC2Ev
                0x08018834       0x20 ./FreeRTOS_EC/Source/ASyncObject.o
                0x08018834                IFreeRTOSObj::IFreeRTOSObj()
                0x08018834                IFreeRTOSObj::IFreeRTOSObj()
 .text._ZN9CFreeRTOS27InitHardwareForManagedTasksEv
                0x08018854       0x10 ./FreeRTOS_EC/Source/CFreeRTOS.o
                0x08018854                CFreeRTOS::InitHardwareForManagedTasks()
 .text._ZN5CTaskC2Ev
                0x08018864       0x30 ./FreeRTOS_EC/Source/CTask.o
                0x08018864                CTask::CTask()
                0x08018864                CTask::CTask()
 .text._ZN5CTaskD2Ev
                0x08018894       0x44 ./FreeRTOS_EC/Source/CTask.o
                0x08018894                CTask::~CTask()
                0x08018894                CTask::~CTask()
 .text._ZN5CTaskD0Ev
                0x080188d8       0x20 ./FreeRTOS_EC/Source/CTask.o
                0x080188d8                CTask::~CTask()
 .text._ZN5CTask6AttachEPv
                0x080188f8       0x54 ./FreeRTOS_EC/Source/CTask.o
                0x080188f8                CTask::Attach(void*)
 .text._ZN5CTask6CreateEPFvPvEPKctS0_m
                0x0801894c       0x5c ./FreeRTOS_EC/Source/CTask.o
                0x0801894c                CTask::Create(void (*)(void*), char const*, unsigned short, void*, unsigned long)
 .text._ZN5CTask6DeleteEv
                0x080189a8       0x2c ./FreeRTOS_EC/Source/CTask.o
                0x080189a8                CTask::Delete()
 .text.pxPortInitialiseStack
                0x080189d4       0x68 ./FreeRTOS/Source/portable/GCC/ARM_CM4F/port.o
                0x080189d4                pxPortInitialiseStack
 .text.SVC_Handler
                0x08018a3c       0x20 ./FreeRTOS/Source/portable/GCC/ARM_CM4F/port.o
                0x08018a3c                SVC_Handler
 .text.vPortStartFirstTask
                0x08018a5c       0x14 ./FreeRTOS/Source/portable/GCC/ARM_CM4F/port.o
                0x08018a5c                vPortStartFirstTask
 .text.xPortStartScheduler
                0x08018a70       0x54 ./FreeRTOS/Source/portable/GCC/ARM_CM4F/port.o
                0x08018a70                xPortStartScheduler
 .text.vPortYieldFromISR
                0x08018ac4       0x18 ./FreeRTOS/Source/portable/GCC/ARM_CM4F/port.o
                0x08018ac4                vPortYieldFromISR
 .text.vPortEnterCritical
                0x08018adc       0x2c ./FreeRTOS/Source/portable/GCC/ARM_CM4F/port.o
                0x08018adc                vPortEnterCritical
 .text.vPortExitCritical
                0x08018b08       0x38 ./FreeRTOS/Source/portable/GCC/ARM_CM4F/port.o
                0x08018b08                vPortExitCritical
 .text.PendSV_Handler
                0x08018b40       0x58 ./FreeRTOS/Source/portable/GCC/ARM_CM4F/port.o
                0x08018b40                PendSV_Handler
 .text.SysTick_Handler
                0x08018b98       0x38 ./FreeRTOS/Source/portable/GCC/ARM_CM4F/port.o
                0x08018b98                SysTick_Handler
 .text.prvSetupTimerInterrupt
                0x08018bd0       0x40 ./FreeRTOS/Source/portable/GCC/ARM_CM4F/port.o
 .text.vListInitialise
                0x08018c10       0x40 ./FreeRTOS/Source/list.o
                0x08018c10                vListInitialise
 .text.vListInitialiseItem
                0x08018c50       0x1c ./FreeRTOS/Source/list.o
                0x08018c50                vListInitialiseItem
 .text.vListInsertEnd
                0x08018c6c       0x54 ./FreeRTOS/Source/list.o
                0x08018c6c                vListInsertEnd
 .text.vListInsert
                0x08018cc0       0x78 ./FreeRTOS/Source/list.o
                0x08018cc0                vListInsert
 .text.vListRemove
                0x08018d38       0x54 ./FreeRTOS/Source/list.o
                0x08018d38                vListRemove
 .text.xTaskGenericCreate
                0x08018d8c      0x1ac ./FreeRTOS/Source/tasks.o
                0x08018d8c                xTaskGenericCreate
 .text.vTaskDelete
                0x08018f38       0xc0 ./FreeRTOS/Source/tasks.o
                0x08018f38                vTaskDelete
 .text.vTaskDelay
                0x08018ff8       0x5c ./FreeRTOS/Source/tasks.o
                0x08018ff8                vTaskDelay
 .text.vTaskStartScheduler
                0x08019054       0x7c ./FreeRTOS/Source/tasks.o
                0x08019054                vTaskStartScheduler
 .text.vTaskSuspendAll
                0x080190d0       0x24 ./FreeRTOS/Source/tasks.o
                0x080190d0                vTaskSuspendAll
 .text.xTaskResumeAll
                0x080190f4      0x154 ./FreeRTOS/Source/tasks.o
                0x080190f4                xTaskResumeAll
 .text.vTaskIncrementTick
                0x08019248      0x1b8 ./FreeRTOS/Source/tasks.o
                0x08019248                vTaskIncrementTick
 .text.vTaskSwitchContext
                0x08019400      0x140 ./FreeRTOS/Source/tasks.o
                0x08019400                vTaskSwitchContext
 .text.prvIdleTask
                0x08019540       0x24 ./FreeRTOS/Source/tasks.o
 .text.prvInitialiseTCBVariables
                0x08019564       0x88 ./FreeRTOS/Source/tasks.o
 .text.prvInitialiseTaskLists
                0x080195ec       0xa4 ./FreeRTOS/Source/tasks.o
 .text.prvCheckTasksWaitingTermination
                0x08019690       0x98 ./FreeRTOS/Source/tasks.o
 .text.prvAddCurrentTaskToDelayedList
                0x08019728       0x8c ./FreeRTOS/Source/tasks.o
 .text.prvAllocateTCBAndStack
                0x080197b4       0x74 ./FreeRTOS/Source/tasks.o
 .text.prvDeleteTCB
                0x08019828       0x20 ./FreeRTOS/Source/tasks.o
 .text._ZN16CUSB_MassStorageC2Ev
                0x08019848       0x28 ./Audio_MP3/USB_MSC/CUSBMassStorage.o
                0x08019848                CUSB_MassStorage::CUSB_MassStorage()
                0x08019848                CUSB_MassStorage::CUSB_MassStorage()
 .text._ZN16CUSB_MassStorageD2Ev
                0x08019870       0x38 ./Audio_MP3/USB_MSC/CUSBMassStorage.o
                0x08019870                CUSB_MassStorage::~CUSB_MassStorage()
                0x08019870                CUSB_MassStorage::~CUSB_MassStorage()
 .text._ZN16CUSB_MassStorageD0Ev
                0x080198a8       0x20 ./Audio_MP3/USB_MSC/CUSBMassStorage.o
                0x080198a8                CUSB_MassStorage::~CUSB_MassStorage()
 .text._ZN16CUSB_MassStorage12HardwareInitEv
                0x080198c8       0x40 ./Audio_MP3/USB_MSC/CUSBMassStorage.o
                0x080198c8                CUSB_MassStorage::HardwareInit()
 .text._ZN16CUSB_MassStorage3RunEv
                0x08019908       0x20 ./Audio_MP3/USB_MSC/CUSBMassStorage.o
                0x08019908                CUSB_MassStorage::Run()
 .text.USB_OTG_BSP_Init
                0x08019928       0xe0 ./Audio_MP3/USB_MSC/usb_bsp.o
                0x08019928                USB_OTG_BSP_Init
 .text.USB_OTG_BSP_EnableInterrupt
                0x08019a08       0x5c ./Audio_MP3/USB_MSC/usb_bsp.o
                0x08019a08                USB_OTG_BSP_EnableInterrupt
 .text.USB_OTG_BSP_DriveVBUS
                0x08019a64       0x3c ./Audio_MP3/USB_MSC/usb_bsp.o
                0x08019a64                USB_OTG_BSP_DriveVBUS
 .text.USB_OTG_BSP_ConfigVBUS
                0x08019aa0       0x64 ./Audio_MP3/USB_MSC/usb_bsp.o
                0x08019aa0                USB_OTG_BSP_ConfigVBUS
 .text.USB_OTG_BSP_uDelay
                0x08019b04       0x58 ./Audio_MP3/USB_MSC/usb_bsp.o
                0x08019b04                USB_OTG_BSP_uDelay
 .text.USB_OTG_BSP_mDelay
                0x08019b5c       0x20 ./Audio_MP3/USB_MSC/usb_bsp.o
                0x08019b5c                USB_OTG_BSP_mDelay
 .text.USBH_USR_Init
                0x08019b7c        0xc ./Audio_MP3/USB_MSC/usbh_usr.o
                0x08019b7c                USBH_USR_Init
 .text.USBH_USR_DeviceAttached
                0x08019b88       0x18 ./Audio_MP3/USB_MSC/usbh_usr.o
                0x08019b88                USBH_USR_DeviceAttached
 .text.USBH_USR_UnrecoveredError
                0x08019ba0        0xc ./Audio_MP3/USB_MSC/usbh_usr.o
                0x08019ba0                USBH_USR_UnrecoveredError
 .text.USBH_USR_DeviceDisconnected
                0x08019bac       0x48 ./Audio_MP3/USB_MSC/usbh_usr.o
                0x08019bac                USBH_USR_DeviceDisconnected
 .text.USBH_USR_ResetDevice
                0x08019bf4        0xc ./Audio_MP3/USB_MSC/usbh_usr.o
                0x08019bf4                USBH_USR_ResetDevice
 .text.USBH_USR_DeviceSpeedDetected
                0x08019c00       0x14 ./Audio_MP3/USB_MSC/usbh_usr.o
                0x08019c00                USBH_USR_DeviceSpeedDetected
 .text.USBH_USR_Device_DescAvailable
                0x08019c14       0x14 ./Audio_MP3/USB_MSC/usbh_usr.o
                0x08019c14                USBH_USR_Device_DescAvailable
 .text.USBH_USR_DeviceAddressAssigned
                0x08019c28        0xc ./Audio_MP3/USB_MSC/usbh_usr.o
                0x08019c28                USBH_USR_DeviceAddressAssigned
 .text.USBH_USR_Configuration_DescAvailable
                0x08019c34       0x18 ./Audio_MP3/USB_MSC/usbh_usr.o
                0x08019c34                USBH_USR_Configuration_DescAvailable
 .text.USBH_USR_Manufacturer_String
                0x08019c4c       0x14 ./Audio_MP3/USB_MSC/usbh_usr.o
                0x08019c4c                USBH_USR_Manufacturer_String
 .text.USBH_USR_Product_String
                0x08019c60       0x14 ./Audio_MP3/USB_MSC/usbh_usr.o
                0x08019c60                USBH_USR_Product_String
 .text.USBH_USR_SerialNum_String
                0x08019c74       0x14 ./Audio_MP3/USB_MSC/usbh_usr.o
                0x08019c74                USBH_USR_SerialNum_String
 .text.USBH_USR_EnumerationDone
                0x08019c88       0x14 ./Audio_MP3/USB_MSC/usbh_usr.o
                0x08019c88                USBH_USR_EnumerationDone
 .text.USBH_USR_DeviceNotSupported
                0x08019c9c        0xc ./Audio_MP3/USB_MSC/usbh_usr.o
                0x08019c9c                USBH_USR_DeviceNotSupported
 .text.USBH_USR_UserInput
                0x08019ca8       0x10 ./Audio_MP3/USB_MSC/usbh_usr.o
                0x08019ca8                USBH_USR_UserInput
 .text.USBH_USR_OverCurrentDetected
                0x08019cb8        0xc ./Audio_MP3/USB_MSC/usbh_usr.o
                0x08019cb8                USBH_USR_OverCurrentDetected
 .text.USBH_USR_MSC_Application
                0x08019cc4       0x7c ./Audio_MP3/USB_MSC/usbh_usr.o
                0x08019cc4                USBH_USR_MSC_Application
 .text.COMMAND_AudioExecuteApplication
                0x08019d40       0x20 ./Audio_MP3/USB_MSC/usbh_usr.o
                0x08019d40                COMMAND_AudioExecuteApplication
 .text.USBH_USR_DeInit
                0x08019d60       0x18 ./Audio_MP3/USB_MSC/usbh_usr.o
                0x08019d60                USBH_USR_DeInit
 .text.mem_cpy  0x08019d78       0x50 ./Audio_MP3/FatFs/src/ff.o
 .text.mem_set  0x08019dc8       0x44 ./Audio_MP3/FatFs/src/ff.o
 .text.mem_cmp  0x08019e0c       0x70 ./Audio_MP3/FatFs/src/ff.o
 .text.chk_chr  0x08019e7c       0x38 ./Audio_MP3/FatFs/src/ff.o
 .text.move_window
                0x08019eb4       0xd4 ./Audio_MP3/FatFs/src/ff.o
 .text.get_fat  0x08019f88      0x1f4 ./Audio_MP3/FatFs/src/ff.o
 .text.put_fat  0x0801a17c      0x274 ./Audio_MP3/FatFs/src/ff.o
 .text.remove_chain
                0x0801a3f0       0xb0 ./Audio_MP3/FatFs/src/ff.o
 .text.create_chain
                0x0801a4a0      0x120 ./Audio_MP3/FatFs/src/ff.o
 .text.clust2sect
                0x0801a5c0       0x44 ./Audio_MP3/FatFs/src/ff.o
 .text.dir_seek
                0x0801a604      0x118 ./Audio_MP3/FatFs/src/ff.o
 .text.dir_next
                0x0801a71c      0x1e4 ./Audio_MP3/FatFs/src/ff.o
 .text.dir_find
                0x0801a900       0xa4 ./Audio_MP3/FatFs/src/ff.o
 .text.dir_register
                0x0801a9a4       0xd4 ./Audio_MP3/FatFs/src/ff.o
 .text.create_name
                0x0801aa78      0x210 ./Audio_MP3/FatFs/src/ff.o
 .text.follow_path
                0x0801ac88      0x11c ./Audio_MP3/FatFs/src/ff.o
 .text.check_fs
                0x0801ada4       0xbc ./Audio_MP3/FatFs/src/ff.o
 .text.auto_mount
                0x0801ae60      0x520 ./Audio_MP3/FatFs/src/ff.o
 .text.validate
                0x0801b380       0x54 ./Audio_MP3/FatFs/src/ff.o
 .text.f_mount  0x0801b3d4       0x64 ./Audio_MP3/FatFs/src/ff.o
                0x0801b3d4                f_mount
 .text.f_open   0x0801b438      0x364 ./Audio_MP3/FatFs/src/ff.o
                0x0801b438                f_open
 .text.f_read   0x0801b79c      0x314 ./Audio_MP3/FatFs/src/ff.o
                0x0801b79c                f_read
 .text.f_lseek  0x0801bab0      0x30c ./Audio_MP3/FatFs/src/ff.o
                0x0801bab0                f_lseek
 .text.f_opendir
                0x0801bdbc       0xdc ./Audio_MP3/FatFs/src/ff.o
                0x0801bdbc                f_opendir
 .text._ZN12CFileHandlerC2Ev
                0x0801be98       0x30 ./Audio_MP3/CFileHandler.o
                0x0801be98                CFileHandler::CFileHandler()
                0x0801be98                CFileHandler::CFileHandler()
 .text._ZN12CFileHandlerD2Ev
                0x0801bec8       0x38 ./Audio_MP3/CFileHandler.o
                0x0801bec8                CFileHandler::~CFileHandler()
                0x0801bec8                CFileHandler::~CFileHandler()
 .text._ZN12CFileHandlerD0Ev
                0x0801bf00       0x20 ./Audio_MP3/CFileHandler.o
                0x0801bf00                CFileHandler::~CFileHandler()
 .text._ZN12CFileHandler12HardwareInitEv
                0x0801bf20       0x18 ./Audio_MP3/CFileHandler.o
                0x0801bf20                CFileHandler::HardwareInit()
 .text._ZN12CFileHandler3RunEv
                0x0801bf38       0x14 ./Audio_MP3/CFileHandler.o
                0x0801bf38                CFileHandler::Run()
 .text.get_fattime
                0x0801bf4c       0x10 ./Audio_MP3/fattime.o
                0x0801bf4c                get_fattime
 .text.WavePlayBack
                0x0801bf5c      0x2a0 ./Audio_MP3/waveplayer.o
                0x0801bf5c                WavePlayBack
 .text.WavePlayerPauseResume
                0x0801c1fc       0x1c ./Audio_MP3/waveplayer.o
                0x0801c1fc                WavePlayerPauseResume
 .text.WavePlayerStop
                0x0801c218       0x10 ./Audio_MP3/waveplayer.o
                0x0801c218                WavePlayerStop
 .text.WavePlayerInit
                0x0801c228       0x40 ./Audio_MP3/waveplayer.o
                0x0801c228                WavePlayerInit
 .text.LIS302DL_TIMEOUT_UserCallback
                0x0801c268        0x8 ./Audio_MP3/waveplayer.o
                0x0801c268                LIS302DL_TIMEOUT_UserCallback
 .text.EVAL_AUDIO_TransferComplete_CallBack
                0x0801c270       0x68 ./Audio_MP3/waveplayer.o
                0x0801c270                EVAL_AUDIO_TransferComplete_CallBack
 .text.EVAL_AUDIO_GetSampleCallBack
                0x0801c2d8       0x10 ./Audio_MP3/waveplayer.o
                0x0801c2d8                EVAL_AUDIO_GetSampleCallBack
 .text.Codec_TIMEOUT_UserCallback
                0x0801c2e8       0x10 ./Audio_MP3/waveplayer.o
                0x0801c2e8                Codec_TIMEOUT_UserCallback
 .text.Delay    0x0801c2f8       0x30 ./Audio_MP3/waveplayer.o
                0x0801c2f8                Delay
 .text.WavePlayerStart
                0x0801c328      0x120 ./Audio_MP3/waveplayer.o
                0x0801c328                WavePlayerStart
 .text.WavePlayer_CallBack
                0x0801c448       0x8c ./Audio_MP3/waveplayer.o
                0x0801c448                WavePlayer_CallBack
 .text.WavePlayer_WaveParsing
                0x0801c4d4      0x358 ./Audio_MP3/waveplayer.o
 .text.ReadUnit
                0x0801c82c       0x74 ./Audio_MP3/waveplayer.o
                0x0801c82c                ReadUnit
 .text.Mems_Config
                0x0801c8a0      0x118 ./Audio_MP3/waveplayer.o
 .text.EXTILine_Config
                0x0801c9b8       0xa4 ./Audio_MP3/waveplayer.o
 .text._ZN24CLedHeartBeatSTM32F4DiscC2Em
                0x0801ca5c       0x38 ./CLedHeartBeatSTM32F4Disc.o
                0x0801ca5c                CLedHeartBeatSTM32F4Disc::CLedHeartBeatSTM32F4Disc(unsigned long)
                0x0801ca5c                CLedHeartBeatSTM32F4Disc::CLedHeartBeatSTM32F4Disc(unsigned long)
 .text._ZN24CLedHeartBeatSTM32F4DiscD2Ev
                0x0801ca94       0x38 ./CLedHeartBeatSTM32F4Disc.o
                0x0801ca94                CLedHeartBeatSTM32F4Disc::~CLedHeartBeatSTM32F4Disc()
                0x0801ca94                CLedHeartBeatSTM32F4Disc::~CLedHeartBeatSTM32F4Disc()
 .text._ZN24CLedHeartBeatSTM32F4DiscD0Ev
                0x0801cacc       0x20 ./CLedHeartBeatSTM32F4Disc.o
                0x0801cacc                CLedHeartBeatSTM32F4Disc::~CLedHeartBeatSTM32F4Disc()
 .text._ZN24CLedHeartBeatSTM32F4Disc12HardwareInitEv
                0x0801caec       0x38 ./CLedHeartBeatSTM32F4Disc.o
                0x0801caec                CLedHeartBeatSTM32F4Disc::HardwareInit()
 .text._ZN24CLedHeartBeatSTM32F4Disc3RunEv
                0x0801cb24       0xe8 ./CLedHeartBeatSTM32F4Disc.o
                0x0801cb24                CLedHeartBeatSTM32F4Disc::Run()
 .text._ZN9CFreeRTOS14StartSchedulerEv
                0x0801cc0c        0xc ./main.o
                0x0801cc0c                CFreeRTOS::StartScheduler()
 .text.main     0x0801cc18       0x50 ./main.o
                0x0801cc18                main
 .text.vApplicationStackOverflowHook
                0x0801cc68        0xc ./main.o
                0x0801cc68                vApplicationStackOverflowHook
 .text._Z41__static_initialization_and_destruction_0ii
                0x0801cc74      0x100 ./main.o
 .text._GLOBAL__sub_I_g_LedTast
                0x0801cd74       0x14 ./main.o
 .text.Reset_Handler
                0x0801cd88       0x58 ./startup_stm32f4xx.o
                0x0801cd88                Reset_Handler
 .text.Default_Handler
                0x0801cde0        0x2 ./startup_stm32f4xx.o
                0x0801cde0                RTC_Alarm_IRQHandler
                0x0801cde0                HASH_RNG_IRQHandler
                0x0801cde0                EXTI2_IRQHandler
                0x0801cde0                TIM8_CC_IRQHandler
                0x0801cde0                TIM1_CC_IRQHandler
                0x0801cde0                DMA2_Stream5_IRQHandler
                0x0801cde0                DMA1_Stream5_IRQHandler
                0x0801cde0                PVD_IRQHandler
                0x0801cde0                SDIO_IRQHandler
                0x0801cde0                TAMP_STAMP_IRQHandler
                0x0801cde0                CAN2_RX1_IRQHandler
                0x0801cde0                EXTI3_IRQHandler
                0x0801cde0                TIM8_TRG_COM_TIM14_IRQHandler
                0x0801cde0                TIM1_UP_TIM10_IRQHandler
                0x0801cde0                TIM8_UP_TIM13_IRQHandler
                0x0801cde0                I2C3_ER_IRQHandler
                0x0801cde0                I2C2_EV_IRQHandler
                0x0801cde0                DMA1_Stream2_IRQHandler
                0x0801cde0                CAN1_RX0_IRQHandler
                0x0801cde0                FPU_IRQHandler
                0x0801cde0                OTG_HS_WKUP_IRQHandler
                0x0801cde0                CAN2_SCE_IRQHandler
                0x0801cde0                DMA2_Stream2_IRQHandler
                0x0801cde0                SPI1_IRQHandler
                0x0801cde0                TIM6_DAC_IRQHandler
                0x0801cde0                TIM1_BRK_TIM9_IRQHandler
                0x0801cde0                DCMI_IRQHandler
                0x0801cde0                CAN2_RX0_IRQHandler
                0x0801cde0                DMA2_Stream3_IRQHandler
                0x0801cde0                USART6_IRQHandler
                0x0801cde0                USART3_IRQHandler
                0x0801cde0                CRYP_IRQHandler
                0x0801cde0                CAN1_RX1_IRQHandler
                0x0801cde0                UART5_IRQHandler
                0x0801cde0                DMA2_Stream0_IRQHandler
                0x0801cde0                TIM4_IRQHandler
                0x0801cde0                I2C1_EV_IRQHandler
                0x0801cde0                DMA1_Stream6_IRQHandler
                0x0801cde0                DMA1_Stream1_IRQHandler
                0x0801cde0                UART4_IRQHandler
                0x0801cde0                TIM3_IRQHandler
                0x0801cde0                RCC_IRQHandler
                0x0801cde0                TIM8_BRK_TIM12_IRQHandler
                0x0801cde0                Default_Handler
                0x0801cde0                EXTI15_10_IRQHandler
                0x0801cde0                ADC_IRQHandler
                0x0801cde0                TIM7_IRQHandler
                0x0801cde0                CAN2_TX_IRQHandler
                0x0801cde0                TIM5_IRQHandler
                0x0801cde0                DMA2_Stream7_IRQHandler
                0x0801cde0                I2C3_EV_IRQHandler
                0x0801cde0                EXTI9_5_IRQHandler
                0x0801cde0                RTC_WKUP_IRQHandler
                0x0801cde0                ETH_WKUP_IRQHandler
                0x0801cde0                SPI2_IRQHandler
                0x0801cde0                OTG_HS_EP1_IN_IRQHandler
                0x0801cde0                CAN1_TX_IRQHandler
                0x0801cde0                EXTI4_IRQHandler
                0x0801cde0                FSMC_IRQHandler
                0x0801cde0                ETH_IRQHandler
                0x0801cde0                OTG_HS_EP1_OUT_IRQHandler
                0x0801cde0                WWDG_IRQHandler
                0x0801cde0                TIM2_IRQHandler
                0x0801cde0                OTG_FS_WKUP_IRQHandler
                0x0801cde0                TIM1_TRG_COM_TIM11_IRQHandler
                0x0801cde0                OTG_HS_IRQHandler
                0x0801cde0                USART2_IRQHandler
                0x0801cde0                I2C2_ER_IRQHandler
                0x0801cde0                DMA2_Stream1_IRQHandler
                0x0801cde0                CAN1_SCE_IRQHandler
                0x0801cde0                FLASH_IRQHandler
                0x0801cde0                DMA2_Stream4_IRQHandler
                0x0801cde0                USART1_IRQHandler
                0x0801cde0                DMA1_Stream4_IRQHandler
                0x0801cde0                I2C1_ER_IRQHandler
                0x0801cde0                DMA2_Stream6_IRQHandler
                0x0801cde0                DMA1_Stream3_IRQHandler
 *fill*         0x0801cde2        0x2 00
 .text.NMI_Handler
                0x0801cde4        0xc ./stm32f4xx_it.o
                0x0801cde4                NMI_Handler
 .text.HardFault_Handler
                0x0801cdf0        0x8 ./stm32f4xx_it.o
                0x0801cdf0                HardFault_Handler
 .text.MemManage_Handler
                0x0801cdf8        0x8 ./stm32f4xx_it.o
                0x0801cdf8                MemManage_Handler
 .text.BusFault_Handler
                0x0801ce00        0x8 ./stm32f4xx_it.o
                0x0801ce00                BusFault_Handler
 .text.UsageFault_Handler
                0x0801ce08        0x8 ./stm32f4xx_it.o
                0x0801ce08                UsageFault_Handler
 .text.DebugMon_Handler
                0x0801ce10        0xc ./stm32f4xx_it.o
                0x0801ce10                DebugMon_Handler
 .text.EXTI1_IRQHandler
                0x0801ce1c       0x1c ./stm32f4xx_it.o
                0x0801ce1c                EXTI1_IRQHandler
 .text.EXTI0_IRQHandler
                0x0801ce38       0x18 ./stm32f4xx_it.o
                0x0801ce38                EXTI0_IRQHandler
 .text.OTG_FS_IRQHandler
                0x0801ce50       0x14 ./stm32f4xx_it.o
                0x0801ce50                OTG_FS_IRQHandler
 .text._exit    0x0801ce64        0xc ./syscalls.o
                0x0801ce64                _exit
 .text._read_r  0x0801ce70       0x20 ./syscalls.o
                0x0801ce70                _read_r
 .text._write_r
                0x0801ce90       0x20 ./syscalls.o
                0x0801ce90                _write_r
 .text._lseek_r
                0x0801ceb0       0x28 ./syscalls.o
                0x0801ceb0                _lseek_r
 .text._close_r
                0x0801ced8       0x24 ./syscalls.o
                0x0801ced8                _close_r
 .text._fstat_r
                0x0801cefc       0x40 ./syscalls.o
                0x0801cefc                _fstat_r
 .text._isatty_r
                0x0801cf3c       0x1c ./syscalls.o
                0x0801cf3c                _isatty_r
 .text._sbrk_r  0x0801cf58       0x90 ./syscalls.o
                0x0801cf58                _sbrk_r
 .text._kill_r  0x0801cfe8       0x24 ./syscalls.o
                0x0801cfe8                _kill_r
 .text._getpid_r
                0x0801d00c       0x20 ./syscalls.o
                0x0801d00c                _getpid_r
 .text.__malloc_lock
                0x0801d02c       0x14 ./syscalls.o
                0x0801d02c                __malloc_lock
 .text.__malloc_unlock
                0x0801d040       0x14 ./syscalls.o
                0x0801d040                __malloc_unlock
 .text.SystemInit
                0x0801d054       0x94 ./system_stm32f4xx.o
                0x0801d054                SystemInit
 .text.SetSysClock
                0x0801d0e8      0x1e0 ./system_stm32f4xx.o
 .text.get_us_time
                0x0801d2c8       0x8c ./ustime.o
                0x0801d2c8                get_us_time
 .text.delay_us
                0x0801d354       0x5c ./ustime.o
                0x0801d354                delay_us
 .text.init_us_timer
                0x0801d3b0       0x70 ./ustime.o
                0x0801d3b0                init_us_timer
 .text.__aeabi_atexit
                0x0801d420        0xc e:/elektronik/toolchain/yagarto/bin/../lib/gcc/arm-none-eabi/4.6.2/../../../../arm-none-eabi/lib/thumb/v7m\libstdc++.a(atexit_arm.o)
                0x0801d420                __aeabi_atexit
 .text._ZdlPv   0x0801d42c        0x8 e:/elektronik/toolchain/yagarto/bin/../lib/gcc/arm-none-eabi/4.6.2/../../../../arm-none-eabi/lib/thumb/v7m\libstdc++.a(del_op.o)
                0x0801d42c                operator delete(void*)
 .text.__cxa_pure_virtual
                0x0801d434       0x18 e:/elektronik/toolchain/yagarto/bin/../lib/gcc/arm-none-eabi/4.6.2/../../../../arm-none-eabi/lib/thumb/v7m\libstdc++.a(pure.o)
                0x0801d434                __cxa_pure_virtual
 .text._ZN10__cxxabiv111__terminateEPFvvE