Archive member included because of file (symbol)

d:/elektronik/ides/eclipse/yagarto/bin/../lib/gcc/arm-none-eabi/4.6.2/../../../../arm-none-eabi/lib/thumb/v7m\libstdc++.a(atexit_arm.o)
                              ./main.o (__aeabi_atexit)
d:/elektronik/ides/eclipse/yagarto/bin/../lib/gcc/arm-none-eabi/4.6.2/../../../../arm-none-eabi/lib/thumb/v7m\libstdc++.a(del_op.o)
                              ./Menue/CMenue.o (operator delete(void*))
d:/elektronik/ides/eclipse/yagarto/bin/../lib/gcc/arm-none-eabi/4.6.2/../../../../arm-none-eabi/lib/thumb/v7m\libstdc++.a(pure.o)
                              ./GraphicLCD/CGraphicLCD.o (__cxa_pure_virtual)
d:/elektronik/ides/eclipse/yagarto/bin/../lib/gcc/arm-none-eabi/4.6.2/../../../../arm-none-eabi/lib/thumb/v7m\libstdc++.a(eh_terminate.o)
                              d:/elektronik/ides/eclipse/yagarto/bin/../lib/gcc/arm-none-eabi/4.6.2/../../../../arm-none-eabi/lib/thumb/v7m\libstdc++.a(pure.o) (std::terminate())
d:/elektronik/ides/eclipse/yagarto/bin/../lib/gcc/arm-none-eabi/4.6.2/../../../../arm-none-eabi/lib/thumb/v7m\libstdc++.a(eh_term_handler.o)
                              d:/elektronik/ides/eclipse/yagarto/bin/../lib/gcc/arm-none-eabi/4.6.2/../../../../arm-none-eabi/lib/thumb/v7m\libstdc++.a(eh_terminate.o) (__cxxabiv1::__terminate_handler)
d:/elektronik/ides/eclipse/yagarto/bin/../lib/gcc/arm-none-eabi/4.6.2/../../../../arm-none-eabi/lib/thumb/v7m\libstdc++.a(eh_unex_handler.o)
                              d:/elektronik/ides/eclipse/yagarto/bin/../lib/gcc/arm-none-eabi/4.6.2/../../../../arm-none-eabi/lib/thumb/v7m\libstdc++.a(eh_terminate.o) (__cxxabiv1::__unexpected_handler)
d:/elektronik/ides/eclipse/yagarto/bin/../lib/gcc/arm-none-eabi/4.6.2/../../../../arm-none-eabi/lib/thumb/v7m\libstdc++.a(vterminate.o)
                              d:/elektronik/ides/eclipse/yagarto/bin/../lib/gcc/arm-none-eabi/4.6.2/../../../../arm-none-eabi/lib/thumb/v7m\libstdc++.a(eh_term_handler.o) (__gnu_cxx::__verbose_terminate_handler())
d:/elektronik/ides/eclipse/yagarto/bin/../lib/gcc/arm-none-eabi/4.6.2/../../../../arm-none-eabi/lib/thumb/v7m\libstdc++.a(cp-demangle.o)
                              d:/elektronik/ides/eclipse/yagarto/bin/../lib/gcc/arm-none-eabi/4.6.2/../../../../arm-none-eabi/lib/thumb/v7m\libstdc++.a(vterminate.o) (__cxa_demangle)
d:/elektronik/ides/eclipse/yagarto/bin/../lib/gcc/arm-none-eabi/4.6.2/../../../../arm-none-eabi/lib/thumb/v7m\libstdc++.a(eh_arm.o)
                              d:/elektronik/ides/eclipse/yagarto/bin/../lib/gcc/arm-none-eabi/4.6.2/../../../../arm-none-eabi/lib/thumb/v7m\libstdc++.a(eh_terminate.o) (__cxa_end_cleanup)
d:/elektronik/ides/eclipse/yagarto/bin/../lib/gcc/arm-none-eabi/4.6.2/../../../../arm-none-eabi/lib/thumb/v7m\libstdc++.a(eh_aux_runtime.o)
                              d:/elektronik/ides/eclipse/yagarto/bin/../lib/gcc/arm-none-eabi/4.6.2/../../../../arm-none-eabi/lib/thumb/v7m\libstdc++.a(eh_arm.o) (__cxa_bad_typeid)
d:/elektronik/ides/eclipse/yagarto/bin/../lib/gcc/arm-none-eabi/4.6.2/../../../../arm-none-eabi/lib/thumb/v7m\libstdc++.a(eh_call.o)
                              d:/elektronik/ides/eclipse/yagarto/bin/../lib/gcc/arm-none-eabi/4.6.2/../../../../arm-none-eabi/lib/thumb/v7m\libstdc++.a(eh_terminate.o) (__cxa_call_unexpected)
d:/elektronik/ides/eclipse/yagarto/bin/../lib/gcc/arm-none-eabi/4.6.2/../../../../arm-none-eabi/lib/thumb/v7m\libstdc++.a(eh_catch.o)
                              d:/elektronik/ides/eclipse/yagarto/bin/../lib/gcc/arm-none-eabi/4.6.2/../../../../arm-none-eabi/lib/thumb/v7m\libstdc++.a(eh_terminate.o) (__cxa_begin_catch)
d:/elektronik/ides/eclipse/yagarto/bin/../lib/gcc/arm-none-eabi/4.6.2/../../../../arm-none-eabi/lib/thumb/v7m\libstdc++.a(eh_exception.o)
                              d:/elektronik/ides/eclipse/yagarto/bin/../lib/gcc/arm-none-eabi/4.6.2/../../../../arm-none-eabi/lib/thumb/v7m\libstdc++.a(vterminate.o) (typeinfo for std::exception)
d:/elektronik/ides/eclipse/yagarto/bin/../lib/gcc/arm-none-eabi/4.6.2/../../../../arm-none-eabi/lib/thumb/v7m\libstdc++.a(eh_globals.o)
                              d:/elektronik/ides/eclipse/yagarto/bin/../lib/gcc/arm-none-eabi/4.6.2/../../../../arm-none-eabi/lib/thumb/v7m\libstdc++.a(eh_call.o) (__cxa_get_globals_fast)
d:/elektronik/ides/eclipse/yagarto/bin/../lib/gcc/arm-none-eabi/4.6.2/../../../../arm-none-eabi/lib/thumb/v7m\libstdc++.a(eh_personality.o)
                              d:/elektronik/ides/eclipse/yagarto/bin/../lib/gcc/arm-none-eabi/4.6.2/../../../../arm-none-eabi/lib/thumb/v7m\libstdc++.a(eh_terminate.o) (__gxx_personality_v0)
d:/elektronik/ides/eclipse/yagarto/bin/../lib/gcc/arm-none-eabi/4.6.2/../../../../arm-none-eabi/lib/thumb/v7m\libstdc++.a(eh_throw.o)
                              d:/elektronik/ides/eclipse/yagarto/bin/../lib/gcc/arm-none-eabi/4.6.2/../../../../arm-none-eabi/lib/thumb/v7m\libstdc++.a(eh_aux_runtime.o) (__cxa_throw)
[...]
Memory Configuration

Name             Origin             Length             Attributes
FLASH            0x08000000         0x00100000         xr
RAM              0x20000000         0x00020000         xrw
MEMORY_B1        0x60000000         0x00000000         xr
*default*        0x00000000         0xffffffff

Linker script and memory map

LOAD d:/elektronik/ides/eclipse/yagarto/bin/../lib/gcc/arm-none-eabi/4.6.2/thumb/v7m/crti.o
LOAD d:/elektronik/ides/eclipse/yagarto/bin/../lib/gcc/arm-none-eabi/4.6.2/thumb/v7m/crtbegin.o
LOAD d:/elektronik/ides/eclipse/yagarto/bin/../lib/gcc/arm-none-eabi/4.6.2/../../../../arm-none-eabi/lib/thumb/v7m/crt0.o
LOAD ./STM32_USB_OTG_Driver/src/usb_core.o
LOAD ./STM32_USB_OTG_Driver/src/usb_hcd.o
LOAD ./STM32_USB_OTG_Driver/src/usb_hcd_int.o
LOAD ./STM32_USB_HOST_Library/Core/src/usbh_core.o
LOAD ./STM32_USB_HOST_Library/Core/src/usbh_hcs.o
LOAD ./STM32_USB_HOST_Library/Core/src/usbh_ioreq.o
LOAD ./STM32_USB_HOST_Library/Core/src/usbh_stdreq.o
LOAD ./STM32_USB_HOST_Library/Class/MSC/src/usbh_msc_bot.o
LOAD ./STM32_USB_HOST_Library/Class/MSC/src/usbh_msc_core.o
LOAD ./STM32_USB_HOST_Library/Class/MSC/src/usbh_msc_fatfs.o
LOAD ./STM32_USB_HOST_Library/Class/MSC/src/usbh_msc_scsi.o
LOAD ./STM32F4xx_StdPeriph_Driver/src/misc.o
LOAD ./STM32F4xx_StdPeriph_Driver/src/stm32f4xx_adc.o
LOAD ./STM32F4xx_StdPeriph_Driver/src/stm32f4xx_dac.o
LOAD ./STM32F4xx_StdPeriph_Driver/src/stm32f4xx_dbgmcu.o
LOAD ./STM32F4xx_StdPeriph_Driver/src/stm32f4xx_dma.o
LOAD ./STM32F4xx_StdPeriph_Driver/src/stm32f4xx_exti.o
LOAD ./STM32F4xx_StdPeriph_Driver/src/stm32f4xx_flash.o
LOAD ./STM32F4xx_StdPeriph_Driver/src/stm32f4xx_fsmc.o
LOAD ./STM32F4xx_StdPeriph_Driver/src/stm32f4xx_gpio.o
LOAD ./STM32F4xx_StdPeriph_Driver/src/stm32f4xx_i2c.o
LOAD ./STM32F4xx_StdPeriph_Driver/src/stm32f4xx_iwdg.o
LOAD ./STM32F4xx_StdPeriph_Driver/src/stm32f4xx_pwr.o
LOAD ./STM32F4xx_StdPeriph_Driver/src/stm32f4xx_rcc.o
LOAD ./STM32F4xx_StdPeriph_Driver/src/stm32f4xx_rng.o
LOAD ./STM32F4xx_StdPeriph_Driver/src/stm32f4xx_rtc.o
LOAD ./STM32F4xx_StdPeriph_Driver/src/stm32f4xx_sdio.o
LOAD ./STM32F4xx_StdPeriph_Driver/src/stm32f4xx_spi.o
LOAD ./STM32F4xx_StdPeriph_Driver/src/stm32f4xx_syscfg.o
LOAD ./STM32F4xx_StdPeriph_Driver/src/stm32f4xx_tim.o
LOAD ./STM32F4xx_StdPeriph_Driver/src/stm32f4xx_usart.o
LOAD ./STM32F4xx_StdPeriph_Driver/src/stm32f4xx_wwdg.o
LOAD ./STM32F4-Discovery/stm32f4_discovery.o
LOAD ./STM32F4-Discovery/stm32f4_discovery_audio_codec.o
LOAD ./STM32F4-Discovery/stm32f4_discovery_lis302dl.o
LOAD ./Menue/CMenue.o
LOAD ./HelixMP3/real/bitstream.o
LOAD ./HelixMP3/real/buffers.o
LOAD ./HelixMP3/real/dct32.o
LOAD ./HelixMP3/real/dequant.o
LOAD ./HelixMP3/real/dqchan.o
LOAD ./HelixMP3/real/huffman.o
LOAD ./HelixMP3/real/hufftabs.o
LOAD ./HelixMP3/real/imdct.o
LOAD ./HelixMP3/real/polyphase.o
LOAD ./HelixMP3/real/scalfact.o
LOAD ./HelixMP3/real/stproc.o
LOAD ./HelixMP3/real/subband.o
LOAD ./HelixMP3/real/trigtabs.o
LOAD ./HelixMP3/mp3dec.o
LOAD ./HelixMP3/mp3tabs.o
LOAD ./GraphicLCD/CGraphicLCD.o
LOAD ./GraphicLCD/CT6963CDriver.o
LOAD ./GraphicLCD/CT6963GPIOInterface.o
LOAD ./GraphicLCD/SansSerif12.o
LOAD ./GraphicLCD/SansSerif26.o
LOAD ./FreeRTOS_EC/Source/AManagedTask.o
LOAD ./FreeRTOS_EC/Source/ASyncObject.o
LOAD ./FreeRTOS_EC/Source/ATimer.o
LOAD ./FreeRTOS_EC/Source/CBinarySemaphore.o
LOAD ./FreeRTOS_EC/Source/CCountingSemaphore.o
LOAD ./FreeRTOS_EC/Source/CFreeRTOS.o
LOAD ./FreeRTOS_EC/Source/CMessageTask.o
LOAD ./FreeRTOS_EC/Source/CMutex.o
LOAD ./FreeRTOS_EC/Source/CQueue.o
LOAD ./FreeRTOS_EC/Source/CRecursiveMutex.o
LOAD ./FreeRTOS_EC/Source/CTask.o
LOAD ./FreeRTOS/Source/portable/GCC/ARM_CM4F/port.o
LOAD ./FreeRTOS/Source/croutine.o
LOAD ./FreeRTOS/Source/list.o
LOAD ./FreeRTOS/Source/queue.o
LOAD ./FreeRTOS/Source/tasks.o
LOAD ./FreeRTOS/Source/timers.o
LOAD ./Clock/CRTCHandler.o
LOAD ./Audio_MP3/USB_MSC/CUSBMassStorage.o
LOAD ./Audio_MP3/USB_MSC/usb_bsp.o
LOAD ./Audio_MP3/USB_MSC/usbh_usr.o
LOAD ./Audio_MP3/FatFs/src/option/syscall.o
LOAD ./Audio_MP3/FatFs/src/ff.o
LOAD ./Audio_MP3/CFileHandler.o
LOAD ./Audio_MP3/fattime.o
LOAD ./CLedHeartBeatSTM32F4Disc.o
LOAD ./main.o
LOAD ./startup_stm32f4xx.o
LOAD ./stm32f4xx_it.o
LOAD ./syscalls.o
LOAD ./system_stm32f4xx.o
LOAD ./ustime.o
LOAD d:/elektronik/ides/eclipse/yagarto/bin/../lib/gcc/arm-none-eabi/4.6.2/../../../../arm-none-eabi/lib/thumb/v7m\libstdc++.a
LOAD d:/elektronik/ides/eclipse/yagarto/bin/../lib/gcc/arm-none-eabi/4.6.2/../../../../arm-none-eabi/lib/thumb/v7m\libm.a
START GROUP
LOAD d:/elektronik/ides/eclipse/yagarto/bin/../lib/gcc/arm-none-eabi/4.6.2/thumb/v7m\libgcc.a
LOAD d:/elektronik/ides/eclipse/yagarto/bin/../lib/gcc/arm-none-eabi/4.6.2/../../../../arm-none-eabi/lib/thumb/v7m\libg.a
LOAD d:/elektronik/ides/eclipse/yagarto/bin/../lib/gcc/arm-none-eabi/4.6.2/../../../../arm-none-eabi/lib/thumb/v7m\libc.a
END GROUP
LOAD d:/elektronik/ides/eclipse/yagarto/bin/../lib/gcc/arm-none-eabi/4.6.2/thumb/v7m/crtend.o
LOAD d:/elektronik/ides/eclipse/yagarto/bin/../lib/gcc/arm-none-eabi/4.6.2/thumb/v7m/crtn.o
                0x20020000                _estack = 0x20020000
                0x00000000                _Min_Heap_Size = 0x0
                0x00000400                _Min_Stack_Size = 0x400

.isr_vector     0x08000000      0x188
                0x08000000                . = ALIGN (0x4)
 *(.isr_vector)
 .isr_vector    0x08000000      0x188 ./startup_stm32f4xx.o
                0x08000000                g_pfnVectors
                0x08000188                . = ALIGN (0x4)

.text           0x08000188    0x39a5c
                0x08000188                . = ALIGN (0x4)
 *(.text)
 .text          0x08000188       0x54 d:/elektronik/ides/eclipse/yagarto/bin/../lib/gcc/arm-none-eabi/4.6.2/thumb/v7m/crtbegin.o
 .text          0x080001dc     0x1330 ./STM32_USB_OTG_Driver/src/usb_core.o
                0x080002c8                USB_OTG_WritePacket
                0x08000350                USB_OTG_ReadPacket
                0x080003b8                USB_OTG_SelectCore
                0x0800057c                USB_OTG_CoreInit
                0x0800077c                USB_OTG_EnableGlobalInt
                0x080007b8                USB_OTG_DisableGlobalInt
                0x080007f8                USB_OTG_FlushTxFifo
                0x08000878                USB_OTG_FlushRxFifo
                0x080008e4                USB_OTG_SetCurrentMode
                0x08000948                USB_OTG_GetMode
                0x08000968                USB_OTG_IsDeviceMode
                0x0800098c                USB_OTG_IsHostMode
                0x080009b0                USB_OTG_ReadCoreItr
                0x080009e0                USB_OTG_ReadOtgItr
                0x080009fc                USB_OTG_CoreInitHost
                0x08000b44                USB_OTG_IsEvenFrame
                0x08000b6c                USB_OTG_DriveVbus
                0x08000bec                USB_OTG_EnableHostInt
                0x08000c78                USB_OTG_InitFSLSPClkSel
                0x08000cb0                USB_OTG_ReadHPRT0
                0x08000cf0                USB_OTG_ReadHostAllChannels_intr
                0x08000d0c                USB_OTG_ResetPort
                0x08000d60                USB_OTG_HC_Init
                0x08001038                USB_OTG_HC_StartXfer
                0x08001348                USB_OTG_HC_Halt
                0x080013f4                USB_OTG_HC_DoPing
                0x0800147c                USB_OTG_StopHost
 .text          0x0800150c      0x200 ./STM32_USB_OTG_Driver/src/usb_hcd.o
                0x0800150c                HCD_Init
                0x080015b4                HCD_GetCurrentSpeed
                0x080015dc                HCD_ResetPort
                0x080015f8                HCD_IsDeviceConnected
                0x08001614                HCD_GetCurrentFrame
                0x08001638                HCD_GetURB_State
                0x0800165c                HCD_GetXferCnt
                0x08001680                HCD_GetHCState
                0x080016a4                HCD_HC_Init
                0x080016c8                HCD_SubmitRequest
 .text          0x0800170c     0x1490 ./STM32_USB_OTG_Driver/src/usb_hcd_int.o
                0x0800170c                USBH_OTG_ISR_Handler
 .text          0x08002b9c      0xb14 ./STM32_USB_HOST_Library/Core/src/usbh_core.o
                0x08002b9c                USBH_Connect
                0x08002bcc                USBH_Disconnect
                0x08002bfc                USBH_Init
                0x08002c78                USBH_DeInit
                0x08002cec                USBH_Process
                0x08002f80                USBH_ErrorHandle
                0x08003304                USBH_HandleControl
 .text          0x080036b0      0x2d4 ./STM32_USB_HOST_Library/Core/src/usbh_hcs.o
                0x080036b0                USBH_Open_Channel
                0x080037b8                USBH_Modify_Channel
                0x08003854                USBH_Alloc_Channel
                0x080038a0                USBH_Free_Channel
                0x080038ec                USBH_DeAllocate_AllChannel
 .text          0x08003984      0x598 ./STM32_USB_HOST_Library/Core/src/usbh_ioreq.o
                0x08003984                USBH_CtlReq
                0x08003a2c                USBH_CtlSendSetup
                0x08003aa8                USBH_CtlSendData
                0x08003b6c                USBH_CtlReceiveData
                0x08003be8                USBH_BulkSendData
                0x08003c90                USBH_BulkReceiveData
                0x08003d38                USBH_InterruptReceiveData
                0x08003e08                USBH_InterruptSendData
 .text          0x08003f1c      0x658 ./STM32_USB_HOST_Library/Core/src/usbh_stdreq.o
                0x08003f1c                USBH_Get_DevDesc
                0x08003f78                USBH_Get_CfgDesc
                0x08003fd8                USBH_Get_StringDesc
                0x08004034                USBH_GetDescriptor
                0x08004098                USBH_SetAddress
                0x080040ec                USBH_SetCfg
                0x0800413c                USBH_ClrFeature
 .text          0x08004574      0x7d0 ./STM32_USB_HOST_Library/Class/MSC/src/usbh_msc_bot.o
                0x08004574                USBH_MSC_Init
                0x080045ec                USBH_MSC_HandleBOTXfer
                0x08004bd0                USBH_MSC_BOT_Abort
                0x08004c70                USBH_MSC_DecodeCSW
 .text          0x08004d44      0x658 ./STM32_USB_HOST_Library/Class/MSC/src/usbh_msc_core.o
                0x08005318                USBH_MSC_ErrorHandle
 .text          0x0800539c      0x2c4 ./STM32_USB_HOST_Library/Class/MSC/src/usbh_msc_fatfs.o
                0x0800539c                disk_initialize
                0x080053ec                disk_status
                0x0800541c                disk_read
                0x080054d8                disk_write
                0x080055b0                disk_ioctl
 .text          0x08005660      0xabc ./STM32_USB_HOST_Library/Class/MSC/src/usbh_msc_scsi.o
                0x08005660                USBH_MSC_TestUnitReady
                0x080057dc                USBH_MSC_ReadCapacity10
                0x080059b8                USBH_MSC_ModeSense6
                0x08005b70                USBH_MSC_RequestSense
                0x08005d54                USBH_MSC_Write10
                0x08005f18                USBH_MSC_Read10
 .text          0x0800611c      0x1dc ./STM32F4xx_StdPeriph_Driver/src/misc.o
                0x0800611c                NVIC_PriorityGroupConfig
                0x08006144                NVIC_Init
                0x08006228                NVIC_SetVectorTable
                0x08006254                NVIC_SystemLPConfig
                0x080062ac                SysTick_CLKSourceConfig
 .text          0x080062f8      0x530 ./STM32F4xx_StdPeriph_Driver/src/stm32f4xx_dac.o
                0x080062f8                DAC_DeInit
                0x08006318                DAC_Init
                0x0800638c                DAC_StructInit
                0x080063c0                DAC_Cmd
                0x08006428                DAC_SoftwareTriggerCmd
                0x08006498                DAC_DualSoftwareTriggerCmd
                0x080064e4                DAC_WaveGenerationCmd
                0x08006548                DAC_SetChannel1Data
                0x08006580                DAC_SetChannel2Data
                0x080065b8                DAC_SetDualChannelData
                0x0800661c                DAC_GetDataOutputValue
                0x08006658                DAC_DMACmd
                0x080066c0                DAC_ITConfig
                0x08006724                DAC_GetFlagStatus
                0x0800676c                DAC_ClearFlag
                0x08006794                DAC_GetITStatus
                0x08006800                DAC_ClearITPendingBit
 .text          0x08006828      0x820 ./STM32F4xx_StdPeriph_Driver/src/stm32f4xx_dma.o
                0x08006828                DMA_DeInit
                0x08006a6c                DMA_Init
                0x08006b1c                DMA_StructInit
                0x08006ba8                DMA_Cmd
                0x08006be0                DMA_PeriphIncOffsetSizeConfig
                0x08006c14                DMA_FlowControllerConfig
                0x08006c48                DMA_SetCurrDataCounter
                0x08006c64                DMA_GetCurrDataCounter
                0x08006c80                DMA_DoubleBufferModeConfig
                0x08006cbc                DMA_DoubleBufferModeCmd
                0x08006cf4                DMA_MemoryTargetConfig
                0x08006d20                DMA_GetCurrentMemoryTarget
                0x08006d58                DMA_GetCmdStatus
                0x08006d90                DMA_GetFIFOStatus
                0x08006db8                DMA_GetFlagStatus
                0x08006e40                DMA_ClearFlag
                0x08006ea4                DMA_ITConfig
                0x08006f1c                DMA_GetITStatus
                0x08006fe4                DMA_ClearITPendingBit
 .text          0x08007048      0x2d4 ./STM32F4xx_StdPeriph_Driver/src/stm32f4xx_exti.o
                0x08007048                EXTI_DeInit
                0x0800709c                EXTI_Init
                0x080071e0                EXTI_StructInit
                0x08007214                EXTI_GenerateSWInterrupt
                0x08007240                EXTI_GetFlagStatus
                0x08007280                EXTI_ClearFlag
                0x080072a0                EXTI_GetITStatus
                0x080072fc                EXTI_ClearITPendingBit
 .text          0x0800731c      0x550 ./STM32F4xx_StdPeriph_Driver/src/stm32f4xx_gpio.o
                0x0800731c                GPIO_DeInit
                0x08007494                GPIO_Init
                0x080075e8                GPIO_StructInit
                0x08007624                GPIO_PinLockConfig
                0x08007668                GPIO_ReadInputDataBit
                0x080076a4                GPIO_ReadInputData
                0x080076c0                GPIO_ReadOutputDataBit
                0x080076fc                GPIO_ReadOutputData
                0x08007718                GPIO_SetBits
                0x08007734                GPIO_ResetBits
                0x08007750                GPIO_WriteBit
                0x08007780                GPIO_Write
                0x0800779c                GPIO_ToggleBits
                0x080077c0                GPIO_PinAFConfig
 .text          0x0800786c      0xa10 ./STM32F4xx_StdPeriph_Driver/src/stm32f4xx_i2c.o
                0x0800786c                I2C_DeInit
                0x080078f4                I2C_Init
                0x08007aa0                I2C_StructInit
                0x08007ae4                I2C_Cmd
                0x08007b24                I2C_GenerateSTART
                0x08007b64                I2C_GenerateSTOP
                0x08007ba4                I2C_Send7bitAddress
                0x08007be0                I2C_AcknowledgeConfig
                0x08007c20                I2C_OwnAddress2Config
                0x08007c64                I2C_DualAddressCmd
                0x08007ca4                I2C_GeneralCallCmd
                0x08007ce4                I2C_SoftwareResetCmd
                0x08007d2c                I2C_StretchClockCmd
                0x08007d6c                I2C_FastModeDutyCycleConfig
                0x08007dac                I2C_NACKPositionConfig
                0x08007dec                I2C_SMBusAlertConfig
                0x08007e2c                I2C_ARPCmd
                0x08007e6c                I2C_SendData
                0x08007e8c                I2C_ReceiveData
                0x08007ea8                I2C_TransmitPEC
                0x08007ee8                I2C_PECPositionConfig
                0x08007f28                I2C_CalculatePEC
                0x08007f68                I2C_GetPEC
                0x08007f8c                I2C_DMACmd
                0x08007fcc                I2C_DMALastTransferCmd
                0x0800800c                I2C_ReadRegister
                0x0800803c                I2C_ITConfig
                0x08008084                I2C_CheckEvent
                0x080080f4                I2C_GetLastEvent
                0x08008140                I2C_GetFlagStatus
                0x080081b8                I2C_ClearFlag
                0x080081e8                I2C_GetITStatus
                0x0800824c                I2C_ClearITPendingBit
 .text          0x0800827c      0x290 ./STM32F4xx_StdPeriph_Driver/src/stm32f4xx_pwr.o
                0x0800827c                PWR_DeInit
                0x0800829c                PWR_BackupAccessCmd
                0x080082bc                PWR_PVDLevelConfig
                0x080082fc                PWR_PVDCmd
                0x0800831c                PWR_WakeUpPinCmd
                0x0800833c                PWR_BackupRegulatorCmd
                0x0800835c                PWR_MainRegulatorModeConfig
                0x080083a8                PWR_FlashPowerDownCmd
                0x080083c8                PWR_EnterSTOPMode
                0x08008448                PWR_EnterSTANDBYMode
                0x0800849c                PWR_GetFlagStatus
                0x080084dc                PWR_ClearFlag
 .text          0x0800850c      0xdd0 ./STM32F4xx_StdPeriph_Driver/src/stm32f4xx_rcc.o
                0x0800850c                RCC_DeInit
                0x08008590                RCC_HSEConfig
                0x080085c0                RCC_WaitForHSEStartUp
                0x08008624                RCC_AdjustHSICalibrationValue
                0x0800866c                RCC_HSICmd
                0x0800868c                RCC_LSEConfig
                0x080086ec                RCC_LSICmd
                0x0800870c                RCC_PLLConfig
                0x08008754                RCC_PLLCmd
                0x08008774                RCC_PLLI2SConfig
                0x080087a4                RCC_PLLI2SCmd
                0x080087c4                RCC_ClockSecuritySystemCmd
                0x080087e4                RCC_MCO1Config
                0x0800882c                RCC_MCO2Config
                0x08008874                RCC_SYSCLKConfig
                0x080088b4                RCC_GetSYSCLKSource
                0x080088d4                RCC_HCLKConfig
                0x08008914                RCC_PCLK1Config
                0x08008954                RCC_PCLK2Config
                0x08008998                RCC_GetClocksFreq
                0x08008b68                RCC_RTCCLKConfig
                0x08008be0                RCC_RTCCLKCmd
                0x08008c00                RCC_BackupResetCmd
                0x08008c20                RCC_I2SCLKConfig
                0x08008c40                RCC_AHB1PeriphClockCmd
                0x08008c98                RCC_AHB2PeriphClockCmd
                0x08008cf0                RCC_AHB3PeriphClockCmd
                0x08008d48                RCC_APB1PeriphClockCmd
                0x08008da0                RCC_APB2PeriphClockCmd
                0x08008df8                RCC_AHB1PeriphResetCmd
                0x08008e50                RCC_AHB2PeriphResetCmd
                0x08008ea8                RCC_AHB3PeriphResetCmd
                0x08008f00                RCC_APB1PeriphResetCmd
                0x08008f58                RCC_APB2PeriphResetCmd
                0x08008fb0                RCC_AHB1PeriphClockLPModeCmd
                0x08009008                RCC_AHB2PeriphClockLPModeCmd
                0x08009060                RCC_AHB3PeriphClockLPModeCmd
                0x080090b8                RCC_APB1PeriphClockLPModeCmd
                0x08009110                RCC_APB2PeriphClockLPModeCmd
                0x08009168                RCC_ITConfig
                0x080091c8                RCC_GetFlagStatus
                0x08009258                RCC_ClearFlag
                0x0800927c                RCC_GetITStatus
                0x080092bc                RCC_ClearITPendingBit
 .text          0x080092dc     0x1c18 ./STM32F4xx_StdPeriph_Driver/src/stm32f4xx_rtc.o
                0x080092dc                RTC_DeInit
                0x08009448                RTC_Init
                0x0800950c                RTC_StructInit
                0x08009538                RTC_WriteProtectionCmd
                0x08009580                RTC_EnterInitMode
                0x08009614                RTC_ExitInitMode
                0x08009638                RTC_WaitForSynchro
                0x080096e8                RTC_RefClockCmd
                0x08009784                RTC_BypassShadowCmd
                0x080097fc                RTC_SetTime
                0x08009944                RTC_TimeStructInit
                0x08009978                RTC_GetTime
                0x08009a24                RTC_GetSubSecond
                0x08009a54                RTC_SetDate
                0x08009b94                RTC_DateStructInit
                0x08009bc8                RTC_GetDate
                0x08009c70                RTC_SetAlarm
                0x08009dec                RTC_AlarmStructInit
                0x08009e38                RTC_GetAlarm
                0x08009f24                RTC_AlarmCmd
                0x0800a014                RTC_AlarmSubSecondConfig
                0x0800a084                RTC_GetAlarmSubSecond
                0x0800a0d4                RTC_WakeUpClockConfig
                0x0800a144                RTC_SetWakeUpCounter
                0x0800a18c                RTC_GetWakeUpCounter
                0x0800a1ac                RTC_WakeUpCmd
                0x0800a284                RTC_DayLightSavingConfig
                0x0800a2f8                RTC_GetStoreOperation
                0x0800a314                RTC_OutputConfig
                0x0800a388                RTC_CoarseCalibConfig
                0x0800a3fc                RTC_CoarseCalibCmd
                0x0800a498                RTC_CalibOutputCmd
                0x0800a510                RTC_CalibOutputConfig
                0x0800a580                RTC_SmoothCalibConfig
                0x0800a63c                RTC_TimeStampCmd
                0x0800a6c0                RTC_GetTimeStamp
                0x0800a7f4                RTC_GetTimeStampSubSecond
                0x0800a80c                RTC_TamperTriggerConfig
                0x0800a868                RTC_TamperCmd
                0x0800a8c0                RTC_TamperFilterConfig
                0x0800a904                RTC_TamperSamplingFreqConfig
                0x0800a948                RTC_TamperPinsPrechargeDuration
                0x0800a98c                RTC_TimeStampOnTamperDetectionCmd
                0x0800a9d8                RTC_TamperPullUpCmd
                0x0800aa24                RTC_WriteBackupRegister
                0x0800aa5c                RTC_ReadBackupRegister
                0x0800aa90                RTC_TamperPinSelection
                0x0800aad4                RTC_TimeStampPinSelection
                0x0800ab18                RTC_OutputTypeConfig
                0x0800ab5c                RTC_SynchroShiftConfig
                0x0800ac3c                RTC_ITConfig
                0x0800ad04                RTC_GetFlagStatus
                0x0800ad54                RTC_ClearFlag
                0x0800ad94                RTC_GetITStatus
                0x0800ae24                RTC_ClearITPendingBit
 .text          0x0800aef4      0x908 ./STM32F4xx_StdPeriph_Driver/src/stm32f4xx_spi.o
                0x0800aef4                SPI_I2S_DeInit
                0x0800af7c                SPI_Init
                0x0800b004                I2S_Init
                0x0800b238                SPI_StructInit
                0x0800b294                I2S_StructInit
                0x0800b2d8                SPI_Cmd
                0x0800b318                I2S_Cmd
                0x0800b358                SPI_DataSizeConfig
                0x0800b390                SPI_BiDirectionalLineConfig
                0x0800b3d0                SPI_NSSInternalSoftwareConfig
                0x0800b414                SPI_SSOutputCmd
                0x0800b454                SPI_TIModeCmd
                0x0800b494                I2S_FullDuplexConfig
                0x0800b538                SPI_I2S_ReceiveData
                0x0800b554                SPI_I2S_SendData
                0x0800b570                SPI_CalculateCRC
                0x0800b5b0                SPI_TransmitCRC
                0x0800b5d4                SPI_GetCRC
                0x0800b608                SPI_GetCRCPolynomial
                0x0800b624                SPI_I2S_DMACmd
                0x0800b66c                SPI_I2S_ITConfig
                0x0800b6d8                SPI_I2S_GetFlagStatus
                0x0800b718                SPI_I2S_ClearFlag
                0x0800b73c                SPI_I2S_GetITStatus
                0x0800b7c4                SPI_I2S_ClearITPendingBit
 .text          0x0800b7fc      0x170 ./STM32F4xx_StdPeriph_Driver/src/stm32f4xx_syscfg.o
                0x0800b7fc                SYSCFG_DeInit
                0x0800b81c                SYSCFG_MemoryRemapConfig
                0x0800b83c                SYSCFG_EXTILineConfig
                0x0800b8f0                SYSCFG_ETH_MediaInterfaceConfig
                0x0800b910                SYSCFG_CompensationCellCmd
                0x0800b930                SYSCFG_GetCompensationCellStatus
 .text          0x0800b96c     0x1d74 ./STM32F4xx_StdPeriph_Driver/src/stm32f4xx_tim.o
                0x0800b96c                TIM_DeInit
                0x0800bba4                TIM_TimeBaseInit
                0x0800bc98                TIM_TimeBaseStructInit
                0x0800bcd4                TIM_PrescalerConfig
                0x0800bcfc                TIM_CounterModeConfig
                0x0800bd34                TIM_SetCounter
                0x0800bd50                TIM_SetAutoreload
                0x0800bd6c                TIM_GetCounter
                0x0800bd84                TIM_GetPrescaler
                0x0800bda0                TIM_UpdateDisableConfig
                0x0800bde0                TIM_UpdateRequestConfig
                0x0800be20                TIM_ARRPreloadConfig
                0x0800be60                TIM_SelectOnePulseMode
                0x0800be98                TIM_SetClockDivision
                0x0800bed0                TIM_Cmd
                0x0800bf10                TIM_OC1Init
                0x0800c00c                TIM_OC2Init
                0x0800c134                TIM_OC3Init
                0x0800c254                TIM_OC4Init
                0x0800c334                TIM_OCStructInit
                0x0800c388                TIM_SelectOCxM
                0x0800c448                TIM_SetCompare1
                0x0800c464                TIM_SetCompare2
                0x0800c480                TIM_SetCompare3
                0x0800c49c                TIM_SetCompare4
                0x0800c4b8                TIM_ForcedOC1Config
                0x0800c4f0                TIM_ForcedOC2Config
                0x0800c530                TIM_ForcedOC3Config
                0x0800c568                TIM_ForcedOC4Config
                0x0800c5a8                TIM_OC1PreloadConfig
                0x0800c5e0                TIM_OC2PreloadConfig
                0x0800c620                TIM_OC3PreloadConfig
                0x0800c658                TIM_OC4PreloadConfig
                0x0800c698                TIM_OC1FastConfig
                0x0800c6d0                TIM_OC2FastConfig
                0x0800c710                TIM_OC3FastConfig
                0x0800c748                TIM_OC4FastConfig
                0x0800c788                TIM_ClearOC1Ref
                0x0800c7c0                TIM_ClearOC2Ref
                0x0800c804                TIM_ClearOC3Ref
                0x0800c83c                TIM_ClearOC4Ref
                0x0800c880                TIM_OC1PolarityConfig
                0x0800c8b8                TIM_OC1NPolarityConfig
                0x0800c8f0                TIM_OC2PolarityConfig
                0x0800c930                TIM_OC2NPolarityConfig
                0x0800c970                TIM_OC3PolarityConfig
                0x0800c9b0                TIM_OC3NPolarityConfig
                0x0800c9f0                TIM_OC4PolarityConfig
                0x0800ca30                TIM_CCxCmd
                0x0800ca8c                TIM_CCxNCmd
                0x0800cae8                TIM_ICInit
                0x0800cb90                TIM_ICStructInit
                0x0800cbcc                TIM_PWMIConfig
                0x0800cc90                TIM_GetCapture1
                0x0800cca8                TIM_GetCapture2
                0x0800ccc0                TIM_GetCapture3
                0x0800ccd8                TIM_GetCapture4
                0x0800ccf0                TIM_SetIC1Prescaler
                0x0800cd28                TIM_SetIC2Prescaler
                0x0800cd64                TIM_SetIC3Prescaler
                0x0800cd9c                TIM_SetIC4Prescaler
                0x0800cdd8                TIM_BDTRConfig
                0x0800ce28                TIM_BDTRStructInit
                0x0800ce74                TIM_CtrlPWMOutputs
                0x0800cec4                TIM_SelectCOM
                0x0800cf04                TIM_CCPreloadControl
                0x0800cf44                TIM_ITConfig
                0x0800cf8c                TIM_GenerateEvent
                0x0800cfa8                TIM_GetFlagStatus
                0x0800cfe8                TIM_ClearFlag
                0x0800d00c                TIM_GetITStatus
                0x0800d06c                TIM_ClearITPendingBit
                0x0800d090                TIM_DMAConfig
                0x0800d0b8                TIM_DMACmd
                0x0800d100                TIM_SelectCCDMA
                0x0800d140                TIM_InternalClockConfig
                0x0800d164                TIM_ITRxExternalClockConfig
                0x0800d194                TIM_TIxExternalClockConfig
                0x0800d1ec                TIM_ETRClockMode1Config
                0x0800d240                TIM_ETRClockMode2Config
                0x0800d274                TIM_SelectInputTrigger
                0x0800d2ac                TIM_SelectOutputTrigger
                0x0800d2e4                TIM_SelectSlaveMode
                0x0800d31c                TIM_SelectMasterSlaveMode
                0x0800d354                TIM_ETRConfig
                0x0800d3a0                TIM_EncoderInterfaceConfig
                0x0800d434                TIM_SelectHallSensor
                0x0800d474                TIM_RemapConfig
 .text          0x0800d6e0      0x244 ./STM32F4-Discovery/stm32f4_discovery.o
                0x0800d6e0                STM_EVAL_LEDInit
                0x0800d74c                STM_EVAL_LEDOn
                0x0800d780                STM_EVAL_LEDOff
                0x0800d7b4                STM_EVAL_LEDToggle
                0x0800d7fc                STM_EVAL_PBInit
                0x0800d8e8                STM_EVAL_PBGetState
 .text          0x0800d924     0x141c ./STM32F4-Discovery/stm32f4_discovery_audio_codec.o
                0x0800d974                EVAL_AUDIO_SetAudioInterface
                0x0800dae4                EVAL_AUDIO_Init
                0x0800db4c                EVAL_AUDIO_DeInit
                0x0800db60                EVAL_AUDIO_Play
                0x0800dbdc                EVAL_AUDIO_PauseResume
                0x0800dc10                EVAL_AUDIO_Stop
                0x0800dc50                EVAL_AUDIO_VolumeCtl
                0x0800dc9c                EVAL_AUDIO_Mute
                0x0800de38                DMA1_Stream7_IRQHandler
                0x0800de44                DMA1_Stream0_IRQHandler
                0x0800de50                SPI3_IRQHandler
                0x0800e8a0                Codec_TIMEOUT_UserCallback
                0x0800eaf8                Audio_MAL_Play
                0x0800ecc8                DAC_Config
 .text          0x0800ed40      0x6a4 ./STM32F4-Discovery/stm32f4_discovery_lis302dl.o
                0x0800ed40                LIS302DL_Init
                0x0800ed94                LIS302DL_FilterConfig
                0x0800edf4                LIS302DL_InterruptConfig
                0x0800ee44                LIS302DL_LowpowerCmd
                0x0800ee90                LIS302DL_DataRateCmd
                0x0800eedc                LIS302DL_FullScaleCmd
                0x0800ef28                LIS302DL_RebootCmd
                0x0800ef64                LIS302DL_Write
                0x0800efd4                LIS302DL_Read
                0x0800f054                LIS302DL_ReadACC
                0x0800f3dc                LIS302DL_TIMEOUT_UserCallback
 .text          0x0800f3e4      0x29c ./Menue/CMenue.o
                0x0800f3e4                CMenue::CMenue(CGraphicLCD*)
                0x0800f3e4                CMenue::CMenue(CGraphicLCD*)
                0x0800f414                CMenue::~CMenue()
                0x0800f414                CMenue::~CMenue()
                0x0800f44c                CMenue::~CMenue()
                0x0800f46c                CMenue::HardwareInit()
                0x0800f484                CMenue::Run()
 .text          0x0800f680      0x970 ./HelixMP3/real/bitstream.o
                0x0800f680                xmp3_SetBitstreamPointer
                0x0800f7c4                xmp3_GetBits
                0x0800f860                xmp3_CalcBitsUsed
                0x0800f89c                xmp3_CheckPadBit
                0x0800f8d8                xmp3_UnpackFrameHeader
                0x0800fc44                xmp3_UnpackSideInfo
 .text          0x0800fff0      0x16c ./HelixMP3/real/buffers.o
                0x0800fff0                ClearBuffer
                0x0801002c                xmp3_AllocateBuffers
                0x08010148                xmp3_FreeBuffers
 .text          0x0801015c     0x10dc ./HelixMP3/real/dct32.o
                0x08010180                xmp3_FDCT32
 .text          0x08011238      0x430 ./HelixMP3/real/dequant.o
                0x08011258                xmp3_Dequantize
 .text          0x08011668      0x6d8 ./HelixMP3/real/dqchan.o
                0x08011970                xmp3_DequantChannel
 .text          0x08011d40      0xc84 ./HelixMP3/real/huffman.o
                0x08012694                xmp3_DecodeHuffman
 .text          0x080129c4     0x1ff8 ./HelixMP3/real/imdct.o
                0x0801467c                xmp3_IMDCT
 .text          0x080149bc     0x1950 ./HelixMP3/real/polyphase.o
                0x08014a8c                xmp3_PolyphaseMono
                0x0801537c                xmp3_PolyphaseStereo
 .text          0x0801630c      0xab0 ./HelixMP3/real/scalfact.o
                0x08016bc4                xmp3_UnpackScaleFactors
 .text          0x08016dbc      0xb70 ./HelixMP3/real/stproc.o
                0x08016e10                xmp3_MidSideProc
                0x08016ed0                xmp3_IntensityProcMPEG1
                0x080173b0                xmp3_IntensityProcMPEG2
 .text          0x0801792c      0x1c8 ./HelixMP3/real/subband.o
                0x0801792c                xmp3_Subband
 .text          0x08017af4      0x768 ./HelixMP3/mp3dec.o
                0x08017af4                MP3InitDecoder
                0x08017b10                MP3FreeDecoder
                0x08017b34                MP3FindSyncWord
                0x08017c50                MP3GetLastFrameInfo
                0x08017d28                MP3GetNextFrameInfo
                0x08017ddc                MP3Decode
 .text          0x0801825c       0xdc ./GraphicLCD/CGraphicLCD.o
                0x0801825c                CGraphicLCD::CGraphicLCD()
                0x0801825c                CGraphicLCD::CGraphicLCD()
                0x08018284                CGraphicLCD::CGraphicLCD(bool)
                0x08018284                CGraphicLCD::CGraphicLCD(bool)
                0x080182b0                CGraphicLCD::~CGraphicLCD()
                0x080182b0                CGraphicLCD::~CGraphicLCD()
                0x080182e4                CGraphicLCD::~CGraphicLCD()
                0x08018304                CGraphicLCD::Inverse()
                0x0801831c                CGraphicLCD::Inverse(bool)
 .text          0x08018338      0xe5c ./GraphicLCD/CT6963CDriver.o
                0x08018338                CT6963CDriver::CT6963CDriver()
                0x08018338                CT6963CDriver::CT6963CDriver()
                0x08018360                CT6963CDriver::~CT6963CDriver()
                0x08018360                CT6963CDriver::~CT6963CDriver()
                0x08018398                CT6963CDriver::~CT6963CDriver()
                0x080183b8                CT6963CDriver::Init()
                0x08018518                CT6963CDriver::SetAddressPointer(unsigned int)
                0x08018570                CT6963CDriver::TextGoTo(unsigned char, unsigned char)
                0x080185a4                CT6963CDriver::GraphicGoTo(unsigned char, unsigned char)
                0x080185e4                CT6963CDriver::Clear()
                0x08018680                CT6963CDriver::WriteDisplayData(unsigned char)
                0x080186b8                CT6963CDriver::WriteChar(char)
                0x080186dc                CT6963CDriver::WriteString(char const*, tFont const&, unsigned int, unsigned int)
                0x08018878                CT6963CDriver::SetPixel(unsigned char, unsigned char)
                0x08018900                CT6963CDriver::Line(unsigned int, unsigned int, unsigned int, unsigned int)
                0x08018a50                CT6963CDriver::Window(unsigned int, unsigned int, unsigned int, unsigned int)
                0x08018d98                CT6963CDriver::Rectangle(unsigned int, unsigned int, unsigned int, unsigned int, bool)
                0x08018edc                CT6963CDriver::SectorClear(unsigned int, unsigned int, unsigned int, unsigned int)
                0x08018f3c                CT6963CDriver::Circle(unsigned char, unsigned char, unsigned char)
                0x080190c0                CT6963CDriver::Bitmap(unsigned char*, unsigned char, unsigned char, unsigned char, unsigned char)
 .text          0x08019194      0x490 ./GraphicLCD/CT6963GPIOInterface.o
                0x08019194                CT6963_GPIO_Interface::CT6963_GPIO_Interface()
                0x08019194                CT6963_GPIO_Interface::CT6963_GPIO_Interface()
                0x080191bc                CT6963_GPIO_Interface::~CT6963_GPIO_Interface()
                0x080191bc                CT6963_GPIO_Interface::~CT6963_GPIO_Interface()
                0x080191f4                CT6963_GPIO_Interface::~CT6963_GPIO_Interface()
                0x08019214                CheckStatus()
                0x080192d0                CT6963_GPIO_Interface::HardwareInit()
                0x08019390                CT6963_GPIO_Interface::Reset()
                0x080193c8                CT6963_GPIO_Interface::WriteCommand(unsigned char)
                0x08019474                CT6963_GPIO_Interface::WriteData(unsigned char)
                0x08019540                CT6963_GPIO_Interface::ReadData()
 .text          0x08019624      0x250 ./FreeRTOS_EC/Source/AManagedTask.o
                0x08019624                AManagedTask::AManagedTask()
                0x08019624                AManagedTask::AManagedTask()
                0x0801965c                AManagedTask::~AManagedTask()
                0x0801965c                AManagedTask::~AManagedTask()
                0x0801969c                AManagedTask::~AManagedTask()
                0x080196bc                AManagedTask::Create(char const*, unsigned short, unsigned long)
                0x08019720                AManagedTask::taskControlFunc(void*)
                0x08019740                AManagedTask::AddToManagedTask(AManagedTask*)
                0x08019790                AManagedTask::RemoveFromManagedTask(AManagedTask*)
                0x08019818                AManagedTask::InitHardwareForManagedTasks()
 .text          0x08019874       0x40 ./FreeRTOS_EC/Source/CFreeRTOS.o
                0x08019874                CFreeRTOS::CFreeRTOS()
                0x08019874                CFreeRTOS::CFreeRTOS()
                0x0801988c                CFreeRTOS::~CFreeRTOS()
                0x0801988c                CFreeRTOS::~CFreeRTOS()
                0x080198a4                CFreeRTOS::InitHardwareForManagedTasks()
 .text          0x080198b4      0x1c0 ./FreeRTOS_EC/Source/CTask.o
                0x080198b4                CTask::CTask()
                0x080198b4                CTask::CTask()
                0x080198e4                CTask::CTask(void*)
                0x080198e4                CTask::CTask(void*)
                0x08019914                CTask::~CTask()
                0x08019914                CTask::~CTask()
                0x08019958                CTask::~CTask()
                0x08019978                CTask::Attach(void*)
                0x080199cc                CTask::Create(void (*)(void*), char const*, unsigned short, void*, unsigned long)
                0x08019a28                CTask::CreateRestricted(xTASK_PARAMTERS*)
                0x08019a48                CTask::Delete()
 .text          0x08019a74      0x248 ./FreeRTOS/Source/portable/GCC/ARM_CM4F/port.o
                0x08019a74                pxPortInitialiseStack
                0x08019adc                SVC_Handler
                0x08019afc                vPortStartFirstTask
                0x08019b0c                xPortStartScheduler
                0x08019b60                vPortEndScheduler
                0x08019b6c                vPortYieldFromISR
                0x08019b84                vPortEnterCritical
                0x08019bb0                vPortExitCritical
                0x08019be8                PendSV_Handler
                0x08019c40                SysTick_Handler
 .text          0x08019cbc      0x17c ./FreeRTOS/Source/list.o
                0x08019cbc                vListInitialise
                0x08019cfc                vListInitialiseItem
                0x08019d18                vListInsertEnd
                0x08019d6c                vListInsert
                0x08019de4                vListRemove
 .text          0x08019e38      0x7fc ./FreeRTOS/Source/queue.o
                0x08019e38                xQueueCreate
                0x08019f08                xQueueCreateMutex
                0x08019fa0                xQueueGenericSend
                0x0801a0c4                xQueueGenericSendFromISR
                0x0801a154                xQueueGenericReceive
                0x0801a2dc                xQueueReceiveFromISR
                0x0801a370                uxQueueMessagesWaiting
                0x0801a394                uxQueueMessagesWaitingFromISR
                0x0801a3b0                vQueueDelete
                0x0801a5b4                xQueueIsQueueEmptyFromISR
                0x0801a608                xQueueIsQueueFullFromISR
 .text          0x0801a634     0x17c0 ./FreeRTOS/Source/tasks.o
                0x0801a634                xTaskGenericCreate
                0x0801a7e0                vTaskDelete
                0x0801a8a0                vTaskDelayUntil
                0x0801a954                vTaskDelay
                0x0801a9b0                uxTaskPriorityGet
                0x0801a9e8                vTaskPrioritySet
                0x0801ab14                vTaskSuspend
                0x0801abd4                xTaskIsTaskSuspended
                0x0801ac24                vTaskResume
                0x0801acd0                xTaskResumeFromISR
                0x0801ad90                vTaskStartScheduler
                0x0801ae0c                vTaskEndScheduler
                0x0801ae2c                vTaskSuspendAll
                0x0801ae50                xTaskResumeAll
                0x0801afa4                xTaskGetTickCount
                0x0801afcc                xTaskGetTickCountFromISR
                0x0801b004                uxTaskGetNumberOfTasks
                0x0801b01c                vTaskGetRunTimeStats
                0x0801b17c                xTaskGetIdleTaskHandle
                0x0801b194                vTaskIncrementTick
                0x0801b34c                vTaskSetApplicationTaskTag
                0x0801b384                xTaskGetApplicationTaskTag
                0x0801b3c0                xTaskCallApplicationTaskHook
                0x0801b40c                vTaskSwitchContext
                0x0801b54c                vTaskPlaceOnEventList
                0x0801b5c4                xTaskRemoveFromEventList
                0x0801b688                vTaskSetTimeOutState
                0x0801b6b8                xTaskCheckForTimeOut
                0x0801b75c                vTaskMissedYield
                0x0801bc10                uxTaskGetStackHighWaterMark
                0x0801bc6c                xTaskGetCurrentTaskHandle
                0x0801bc8c                vTaskPriorityInherit
                0x0801bd64                vTaskPriorityDisinherit
 .text          0x0801bdf4      0x43c ./Clock/CRTCHandler.o
                0x0801bdf4                rtc_handler_namespace::CRTCHandler::CRTCHandler()
                0x0801bdf4                rtc_handler_namespace::CRTCHandler::CRTCHandler()
                0x0801be1c                rtc_handler_namespace::CRTCHandler::~CRTCHandler()
                0x0801be1c                rtc_handler_namespace::CRTCHandler::~CRTCHandler()
                0x0801be54                rtc_handler_namespace::CRTCHandler::~CRTCHandler()
                0x0801be74                rtc_handler_namespace::CRTCHandler::GetTimeString()
                0x0801be90                rtc_handler_namespace::CRTCHandler::GetAlarmString(rtc_handler_namespace::eAlarms)
                0x0801beb0                rtc_handler_namespace::CRTCHandler::SetTimeString(char const*)
                0x0801bec4                rtc_handler_namespace::CRTCHandler::SetAlarmString(char const*, rtc_handler_namespace::eAlarms)
                0x0801bedc                rtc_handler_namespace::CRTCHandler::HardwareInit()
                0x0801bf24                rtc_handler_namespace::CRTCHandler::Run()
                0x0801bf38                rtc_handler_namespace::CRTCHandler::RTC_Config()
                0x0801c020                rtc_handler_namespace::CRTCHandler::GetLSIFrequency()
                0x0801c188                TIM5_IRQHandler
 .text          0x0801c230      0x10c ./Audio_MP3/USB_MSC/CUSBMassStorage.o
                0x0801c230                CUSB_MassStorage::CUSB_MassStorage()
                0x0801c230                CUSB_MassStorage::CUSB_MassStorage()
                0x0801c258                CUSB_MassStorage::~CUSB_MassStorage()
                0x0801c258                CUSB_MassStorage::~CUSB_MassStorage()
                0x0801c290                CUSB_MassStorage::~CUSB_MassStorage()
                0x0801c2b0                CUSB_MassStorage::HardwareInit()
                0x0801c2f0                CUSB_MassStorage::Run()
                0x0801c310                CUSB_MassStorage::IsDeviceConnected()
 .text          0x0801c33c      0x254 ./Audio_MP3/USB_MSC/usb_bsp.o
                0x0801c33c                BSP_Init
                0x0801c350                USB_OTG_BSP_Init
                0x0801c430                USB_OTG_BSP_EnableInterrupt
                0x0801c46c                USB_OTG_BSP_DriveVBUS
                0x0801c4a8                USB_OTG_BSP_ConfigVBUS
                0x0801c50c                USB_OTG_BSP_uDelay
                0x0801c564                USB_OTG_BSP_mDelay
                0x0801c584                USB_OTG_BSP_TimerIRQ
 .text          0x0801c590      0x254 ./Audio_MP3/USB_MSC/usbh_usr.o
                0x0801c590                USBH_USR_Init
                0x0801c654                USBH_USR_DeviceAttached
                0x0801c660                USBH_USR_UnrecoveredError
                0x0801c66c                USBH_USR_DeviceDisconnected
                0x0801c690                USBH_USR_ResetDevice
                0x0801c69c                USBH_USR_DeviceSpeedDetected
                0x0801c6b0                USBH_USR_Device_DescAvailable
                0x0801c6c4                USBH_USR_DeviceAddressAssigned
                0x0801c6d0                USBH_USR_Configuration_DescAvailable
                0x0801c6e8                USBH_USR_Manufacturer_String
                0x0801c6fc                USBH_USR_Product_String
                0x0801c710                USBH_USR_SerialNum_String
                0x0801c724                USBH_USR_EnumerationDone
                0x0801c768                USBH_USR_DeviceNotSupported
                0x0801c774                USBH_USR_UserInput
                0x0801c784                USBH_USR_OverCurrentDetected
                0x0801c790                USBH_USR_MSC_Application
                0x0801c7d8                USBH_USR_DeInit
 .text          0x0801c7e4     0x44a0 ./Audio_MP3/FatFs/src/ff.o
                0x0801e240                f_mount
                0x0801e2a4                f_open
                0x0801e608                f_read
                0x0801e91c                f_write
                0x0801ec90                f_sync
                0x0801ee50                f_close
                0x0801ee7c                f_chdrive
                0x0801eeb0                f_chdir
                0x0801ef8c                f_lseek
                0x0801f298                f_opendir
                0x0801f374                f_readdir
                0x0801f410                f_stat
                0x0801f488                f_getfree
                0x0801f654                f_truncate
                0x0801f77c                f_unlink
                0x0801f934                f_mkdir
                0x0801fcc8                f_chmod
                0x0801fda4                f_utime
                0x0801fe90                f_rename
                0x080200f8                f_mkfs
 .text          0x08020c84      0xd84 ./Audio_MP3/CFileHandler.o
                0x08020c84                CFileHandler::CFileHandler()
                0x08020c84                CFileHandler::CFileHandler()
                0x08020d1c                CFileHandler::~CFileHandler()
                0x08020d1c                CFileHandler::~CFileHandler()
                0x08020d54                CFileHandler::~CFileHandler()
                0x08020d74                CFileHandler::HardwareInit()
                0x08020e6c                CFileHandler::Run()
                0x08020ecc                CFileHandler::RefillBuffer()
                0x08020fa0                CFileHandler::ReadConfig()
                0x08020fb4                CFileHandler::WriteConfig()
                0x08020fc8                CFileHandler::MP3Player()
                0x080212d4                CFileHandler::GetUSBRelease(unsigned long)
                0x08021320                CFileHandler::ReleaseUSB()
                0x0802134c                CFileHandler::PlayMP3(char const*)
                0x08021774                CFileHandler::GetSong()
                0x08021794                CFileHandler::PlayPause()
                0x080217d4                CFileHandler::SetVolume(unsigned char)
                0x080217f8                CFileHandler::Mems_Config()
                0x08021914                CFileHandler::EXTILine_Config()
                0x080219b8                EVAL_AUDIO_TransferComplete_CallBack
                0x080219f8                EVAL_AUDIO_GetSampleCallBack
 .text          0x08021a08       0x10 ./Audio_MP3/fattime.o
                0x08021a08                get_fattime
 .text          0x08021a18      0x1b0 ./CLedHeartBeatSTM32F4Disc.o
                0x08021a18                CLedHeartBeatSTM32F4Disc::CLedHeartBeatSTM32F4Disc(unsigned long)
                0x08021a18                CLedHeartBeatSTM32F4Disc::CLedHeartBeatSTM32F4Disc(unsigned long)
                0x08021a50                CLedHeartBeatSTM32F4Disc::~CLedHeartBeatSTM32F4Disc()
                0x08021a50                CLedHeartBeatSTM32F4Disc::~CLedHeartBeatSTM32F4Disc()
                0x08021a88                CLedHeartBeatSTM32F4Disc::~CLedHeartBeatSTM32F4Disc()
                0x08021aa8                CLedHeartBeatSTM32F4Disc::HardwareInit()
                0x08021ae0                CLedHeartBeatSTM32F4Disc::Run()
 .text          0x08021bc8      0x1b0 ./main.o
                0x08021bc8                main
                0x08021c34                vApplicationTickHook
                0x08021c40                vApplicationIdleHook
                0x08021c4c                vApplicationMallocFailedHook
                0x08021c58                vApplicationStackOverflowHook
 .text          0x08021d78       0xfc ./stm32f4xx_it.o
                0x08021d78                NMI_Handler
                0x08021d84                HardFault_Handler
                0x08021d8c                MemManage_Handler
                0x08021d94                BusFault_Handler
                0x08021d9c                UsageFault_Handler
                0x08021da4                DebugMon_Handler
                0x08021db0                EXTI1_IRQHandler
                0x08021e04                EXTI0_IRQHandler
                0x08021e60                OTG_FS_IRQHandler
 .text          0x08021e74      0x1f0 ./syscalls.o
                0x08021e74                _exit
                0x08021e80                _read_r
                0x08021ea0                _write_r
                0x08021ec0                _lseek_r
                0x08021ee8                _close_r
                0x08021f0c                _fstat_r
                0x08021f4c                _isatty_r
                0x08021f68                _sbrk_r
                0x08021ff8                _kill_r
                0x0802201c                _getpid_r
                0x0802203c                __malloc_lock
                0x08022050                __malloc_unlock
 .text          0x08022064      0x3e8 ./system_stm32f4xx.o
                0x08022064                SystemInit
                0x080220f8                SystemCoreClockUpdate
 .text          0x0802244c      0x178 ./ustime.o
                0x0802244c                get_us_time
                0x080224d8                delay_us
                0x08022534                delay_ms
                0x08022554                init_us_timer
 .text          0x080225c4     0x58f8 d:/elektronik/ides/eclipse/yagarto/bin/../lib/gcc/arm-none-eabi/4.6.2/../../../../arm-none-eabi/lib/thumb/v7m\libstdc++.a(cp-demangle.o)
                0x08027d8c                __cxa_demangle
                0x08027e70                __gcclibcxx_demangle_callback
 .text          0x08027ebc      0xa10 d:/elektronik/ides/eclipse/yagarto/bin/../lib/gcc/arm-none-eabi/4.6.2/thumb/v7m\libgcc.a(unwind-arm.o)
                0x08028178                _Unwind_VRS_Get
                0x080281c4                _Unwind_VRS_Set
                0x080284d8                __aeabi_unwind_cpp_pr2
                0x080284dc                __aeabi_unwind_cpp_pr1
                0x080284e0                __aeabi_unwind_cpp_pr0
                0x080284e4                _Unwind_VRS_Pop
                0x08028774                _Unwind_GetCFA
                0x08028778                __gnu_Unwind_RaiseException
                0x080287d8                __gnu_Unwind_ForcedUnwind
                0x080287ec                __gnu_Unwind_Resume
                0x08028828                __gnu_Unwind_Resume_or_Rethrow
                0x08028838                _Unwind_Complete
                0x0802883c                _Unwind_DeleteException
                0x0802884c                __gnu_Unwind_Backtrace
 .text          0x080288cc      0x1ac d:/elektronik/ides/eclipse/yagarto/bin/../lib/gcc/arm-none-eabi/4.6.2/thumb/v7m\libgcc.a(libunwind.o)
                0x080288cc                __restore_core_regs
                0x080288cc                restore_core_regs
                0x080288e4                __gnu_Unwind_Restore_VFP
                0x080288ec                __gnu_Unwind_Save_VFP
                0x080288f4                __gnu_Unwind_Restore_VFP_D
                0x080288fc                __gnu_Unwind_Save_VFP_D
                0x08028904                __gnu_Unwind_Restore_VFP_D_16_to_31
                0x0802890c                __gnu_Unwind_Save_VFP_D_16_to_31
                0x08028914                __gnu_Unwind_Restore_WMMXD
                0x08028958                __gnu_Unwind_Save_WMMXD
                0x0802899c                __gnu_Unwind_Restore_WMMXC
                0x080289b0                __gnu_Unwind_Save_WMMXC
                0x080289c4                ___Unwind_RaiseException
                0x080289c4                _Unwind_RaiseException
                0x080289e8                _Unwind_Resume
                0x080289e8                ___Unwind_Resume
                0x08028a0c                _Unwind_Resume_or_Rethrow
                0x08028a0c                ___Unwind_Resume_or_Rethrow
                0x08028a30                _Unwind_ForcedUnwind
                0x08028a30                ___Unwind_ForcedUnwind
                0x08028a54                ___Unwind_Backtrace
                0x08028a54                _Unwind_Backtrace
 .text          0x08028a78      0x3d4 d:/elektronik/ides/eclipse/yagarto/bin/../lib/gcc/arm-none-eabi/4.6.2/thumb/v7m\libgcc.a(pr-support.o)
                0x08028acc                __gnu_unwind_execute
                0x08028df0                __gnu_unwind_frame
                0x08028e1c                _Unwind_GetRegionStart
                0x08028e28                _Unwind_GetLanguageSpecificData
                0x08028e3c                _Unwind_GetDataRelBase
                0x08028e44                _Unwind_GetTextRelBase
 .text          0x08028e4c       0x10 d:/elektronik/ides/eclipse/yagarto/bin/../lib/gcc/arm-none-eabi/4.6.2/../../../../arm-none-eabi/lib/thumb/v7m\libg.a(lib_a-abort.o)
                0x08028e4c                abort
 .text          0x08028e5c       0x48 d:/elektronik/ides/eclipse/yagarto/bin/../lib/gcc/arm-none-eabi/4.6.2/../../../../arm-none-eabi/lib/thumb/v7m\libg.a(lib_a-assert.o)
                0x08028e5c                __assert_func
                0x08028e98                __assert
 .text          0x08028ea4       0x14 d:/elektronik/ides/eclipse/yagarto/bin/../lib/gcc/arm-none-eabi/4.6.2/../../../../arm-none-eabi/lib/thumb/v7m\libg.a(lib_a-cxa_atexit.o)
                0x08028ea4                __cxa_atexit
 .text          0x08028eb8       0x4c d:/elektronik/ides/eclipse/yagarto/bin/../lib/gcc/arm-none-eabi/4.6.2/../../../../arm-none-eabi/lib/thumb/v7m\libg.a(lib_a-fiprintf.o)
                0x08028eb8                _fiprintf_r
                0x08028ed8                fiprintf
 .text          0x08028f04       0x4c d:/elektronik/ides/eclipse/yagarto/bin/../lib/gcc/arm-none-eabi/4.6.2/../../../../arm-none-eabi/lib/thumb/v7m\libg.a(lib_a-fputc.o)
                0x08028f04                _fputc_r
                0x08028f28                fputc
 .text          0x08028f50       0x60 d:/elektronik/ides/eclipse/yagarto/bin/../lib/gcc/arm-none-eabi/4.6.2/../../../../arm-none-eabi/lib/thumb/v7m\libg.a(lib_a-fputs.o)
                0x08028f50                _fputs_r
                0x08028fa0                fputs
 .text          0x08028fb0      0x334 d:/elektronik/ides/eclipse/yagarto/bin/../lib/gcc/arm-none-eabi/4.6.2/../../../../arm-none-eabi/lib/thumb/v7m\libg.a(lib_a-fvwrite.o)
                0x08028fb0                __sfvwrite_r
 .text          0x080292e4       0x94 d:/elektronik/ides/eclipse/yagarto/bin/../lib/gcc/arm-none-eabi/4.6.2/../../../../arm-none-eabi/lib/thumb/v7m\libg.a(lib_a-fwrite.o)
                0x080292e4                _fwrite_r
                0x08029350                fwrite
 .text          0x08029378       0x48 d:/elektronik/ides/eclipse/yagarto/bin/../lib/gcc/arm-none-eabi/4.6.2/../../../../arm-none-eabi/lib/thumb/v7m\libg.a(lib_a-init.o)
                0x08029378                __libc_init_array
 .text          0x080293c0       0x20 d:/elektronik/ides/eclipse/yagarto/bin/../lib/gcc/arm-none-eabi/4.6.2/../../../../arm-none-eabi/lib/thumb/v7m\libg.a(lib_a-malloc.o)
                0x080293c0                malloc
                0x080293d0                free
 .text          0x080293e0      0x564 d:/elektronik/ides/eclipse/yagarto/bin/../lib/gcc/arm-none-eabi/4.6.2/../../../../arm-none-eabi/lib/thumb/v7m\libg.a(lib_a-mallocr.o)
                0x080293e0                _malloc_r
 .text          0x08029944       0x88 d:/elektronik/ides/eclipse/yagarto/bin/../lib/gcc/arm-none-eabi/4.6.2/../../../../arm-none-eabi/lib/thumb/v7m\libg.a(lib_a-memchr.o)
                0x08029944                memchr
 .text          0x080299cc       0x60 d:/elektronik/ides/eclipse/yagarto/bin/../lib/gcc/arm-none-eabi/4.6.2/../../../../arm-none-eabi/lib/thumb/v7m\libg.a(lib_a-memcmp.o)
                0x080299cc                memcmp
 .text          0x08029a2c       0x84 d:/elektronik/ides/eclipse/yagarto/bin/../lib/gcc/arm-none-eabi/4.6.2/../../../../arm-none-eabi/lib/thumb/v7m\libg.a(lib_a-memcpy.o)
                0x08029a2c                memcpy
 .text          0x08029ab0       0xc8 d:/elektronik/ides/eclipse/yagarto/bin/../lib/gcc/arm-none-eabi/4.6.2/../../../../arm-none-eabi/lib/thumb/v7m\libg.a(lib_a-memmove.o)
                0x08029ab0                memmove
 .text          0x08029b78       0x94 d:/elektronik/ides/eclipse/yagarto/bin/../lib/gcc/arm-none-eabi/4.6.2/../../../../arm-none-eabi/lib/thumb/v7m\libg.a(lib_a-memset.o)
                0x08029b78                memset
 .text          0x08029c0c       0xc8 d:/elektronik/ides/eclipse/yagarto/bin/../lib/gcc/arm-none-eabi/4.6.2/../../../../arm-none-eabi/lib/thumb/v7m\libg.a(lib_a-putc.o)
                0x08029c0c                _putc_r
                0x08029c6c                putc
 .text          0x08029cd4       0x14 d:/elektronik/ides/eclipse/yagarto/bin/../lib/gcc/arm-none-eabi/4.6.2/../../../../arm-none-eabi/lib/thumb/v7m\libg.a(lib_a-realloc.o)
                0x08029cd4                realloc
 .text          0x08029ce8      0x410 d:/elektronik/ides/eclipse/yagarto/bin/../lib/gcc/arm-none-eabi/4.6.2/../../../../arm-none-eabi/lib/thumb/v7m\libg.a(lib_a-reallocr.o)
                0x08029ce8                _realloc_r
 .text          0x0802a0f8      0x158 d:/elektronik/ides/eclipse/yagarto/bin/../lib/gcc/arm-none-eabi/4.6.2/../../../../arm-none-eabi/lib/thumb/v7m\libg.a(lib_a-signal.o)
                0x0802a0f8                _init_signal_r
                0x0802a12c                _signal_r
                0x0802a16c                _raise_r
                0x0802a1c4                __sigtramp_r
                0x0802a214                raise
                0x0802a224                signal
                0x0802a234                _init_signal
                0x0802a240                __sigtramp
 .text          0x0802a250       0x94 d:/elektronik/ides/eclipse/yagarto/bin/../lib/gcc/arm-none-eabi/4.6.2/../../../../arm-none-eabi/lib/thumb/v7m\libg.a(lib_a-sprintf.o)
                0x0802a250                _sprintf_r
                0x0802a294                sprintf
 .text          0x0802a2e4       0x50 d:/elektronik/ides/eclipse/yagarto/bin/../lib/gcc/arm-none-eabi/4.6.2/../../../../arm-none-eabi/lib/thumb/v7m\libg.a(lib_a-strcat.o)
                0x0802a2e4                strcat
 .text          0x0802a334      0x1dc d:/elektronik/ides/eclipse/yagarto/bin/../lib/gcc/arm-none-eabi/4.6.2/../../../../arm-none-eabi/lib/thumb/v7m\libg.a(lib_a-strcmp.o)
                0x0802a334                strcmp
 .text          0x0802a510       0xbc d:/elektronik/ides/eclipse/yagarto/bin/../lib/gcc/arm-none-eabi/4.6.2/../../../../arm-none-eabi/lib/thumb/v7m\libg.a(lib_a-strcpy.o)
                0x0802a510                strcpy
 .text          0x0802a5cc       0x60 d:/elektronik/ides/eclipse/yagarto/bin/../lib/gcc/arm-none-eabi/4.6.2/../../../../arm-none-eabi/lib/thumb/v7m\libg.a(lib_a-strlen.o)
                0x0802a5cc                strlen
 .text          0x0802a62c       0xa8 d:/elektronik/ides/eclipse/yagarto/bin/../lib/gcc/arm-none-eabi/4.6.2/../../../../arm-none-eabi/lib/thumb/v7m\libg.a(lib_a-strncmp.o)
                0x0802a62c                strncmp
 .text          0x0802a6d4       0x70 d:/elektronik/ides/eclipse/yagarto/bin/../lib/gcc/arm-none-eabi/4.6.2/../../../../arm-none-eabi/lib/thumb/v7m\libg.a(lib_a-strncpy.o)
                0x0802a6d4                strncpy
 .text          0x0802a744     0x1314 d:/elektronik/ides/eclipse/yagarto/bin/../lib/gcc/arm-none-eabi/4.6.2/../../../../arm-none-eabi/lib/thumb/v7m\libg.a(lib_a-svfprintf.o)
                0x0802a744                _svfprintf_r
 .text          0x0802ba58       0x1c d:/elektronik/ides/eclipse/yagarto/bin/../lib/gcc/arm-none-eabi/4.6.2/../../../../arm-none-eabi/lib/thumb/v7m\libg.a(lib_a-syswrite.o)
                0x0802ba58                write
 .text          0x0802ba74       0x18 d:/elektronik/ides/eclipse/yagarto/bin/../lib/gcc/arm-none-eabi/4.6.2/../../../../arm-none-eabi/lib/thumb/v7m\libg.a(lib_a-toupper.o)
                0x0802ba74                toupper
 .text          0x0802ba8c      0xb54 d:/elektronik/ides/eclipse/yagarto/bin/../lib/gcc/arm-none-eabi/4.6.2/../../../../arm-none-eabi/lib/thumb/v7m\libg.a(lib_a-vfiprintf.o)
                0x0802ba8c                __sprint_r
                0x0802bb0c                _vfiprintf_r
                0x0802c5c4                vfiprintf
 .text          0x0802c5e0       0xc8 d:/elektronik/ides/eclipse/yagarto/bin/../lib/gcc/arm-none-eabi/4.6.2/../../../../arm-none-eabi/lib/thumb/v7m\libg.a(lib_a-wbuf.o)
                0x0802c5e0                __swbuf_r
                0x0802c698                __swbuf
 .text          0x0802c6a8       0xb8 d:/elektronik/ides/eclipse/yagarto/bin/../lib/gcc/arm-none-eabi/4.6.2/../../../../arm-none-eabi/lib/thumb/v7m\libg.a(lib_a-wsetup.o)
                0x0802c6a8                __swsetup_r
 .text          0x0802c760       0xb0 d:/elektronik/ides/eclipse/yagarto/bin/../lib/gcc/arm-none-eabi/4.6.2/../../../../arm-none-eabi/lib/thumb/v7m\libg.a(lib_a-__atexit.o)
                0x0802c760                __register_exitproc
 .text          0x0802c810     0x1040 d:/elektronik/ides/eclipse/yagarto/bin/../lib/gcc/arm-none-eabi/4.6.2/../../../../arm-none-eabi/lib/thumb/v7m\libg.a(lib_a-dtoa.o)
                0x0802c954                _dtoa_r
 .text          0x0802d850      0x1a4 d:/elektronik/ides/eclipse/yagarto/bin/../lib/gcc/arm-none-eabi/4.6.2/../../../../arm-none-eabi/lib/thumb/v7m\libg.a(lib_a-fflush.o)
                0x0802d850                _fflush_r
                0x0802d9d4                fflush
 .text          0x0802d9f4      0x1c4 d:/elektronik/ides/eclipse/yagarto/bin/../lib/gcc/arm-none-eabi/4.6.2/../../../../arm-none-eabi/lib/thumb/v7m\libg.a(lib_a-findfp.o)
                0x0802d9fc                _cleanup_r
                0x0802da5c                __sfmoreglue
                0x0802da88                _cleanup
                0x0802da94                __sinit
                0x0802dadc                __sfp
                0x0802db78                __sfp_lock_acquire
                0x0802db7c                __sfp_lock_release
                0x0802db80                __sinit_lock_acquire
                0x0802db84                __sinit_lock_release
                0x0802db88                __fp_lock_all
                0x0802dba0                __fp_unlock_all
 .text          0x0802dbb8      0x104 d:/elektronik/ides/eclipse/yagarto/bin/../lib/gcc/arm-none-eabi/4.6.2/../../../../arm-none-eabi/lib/thumb/v7m\libg.a(lib_a-fputwc.o)
                0x0802dbb8                _fputwc_r
                0x0802dc98                fputwc
 .text          0x0802dcbc      0x224 d:/elektronik/ides/eclipse/yagarto/bin/../lib/gcc/arm-none-eabi/4.6.2/../../../../arm-none-eabi/lib/thumb/v7m\libg.a(lib_a-freer.o)
                0x0802dcbc                _malloc_trim_r
                0x0802dd5c                _free_r
 .text          0x0802dee0       0xa0 d:/elektronik/ides/eclipse/yagarto/bin/../lib/gcc/arm-none-eabi/4.6.2/../../../../arm-none-eabi/lib/thumb/v7m\libg.a(lib_a-fwalk.o)
                0x0802dee0                _fwalk
                0x0802df2c                _fwalk_reent
 .text          0x0802df80       0x88 d:/elektronik/ides/eclipse/yagarto/bin/../lib/gcc/arm-none-eabi/4.6.2/../../../../arm-none-eabi/lib/thumb/v7m\libg.a(lib_a-locale.o)
                0x0802df80                _setlocale_r
                0x0802dfc4                __locale_charset
                0x0802dfd0                __locale_mb_cur_max
                0x0802dfdc                __locale_msgcharset
                0x0802dfe4                __locale_cjk_lang
                0x0802dfe8                _localeconv_r
                0x0802dff0                setlocale
                0x0802e000                localeconv
 .text          0x0802e008       0xe4 d:/elektronik/ides/eclipse/yagarto/bin/../lib/gcc/arm-none-eabi/4.6.2/../../../../arm-none-eabi/lib/thumb/v7m\libg.a(lib_a-makebuf.o)
                0x0802e008                __smakebuf_r
 .text          0x0802e0ec      0x8c8 d:/elektronik/ides/eclipse/yagarto/bin/../lib/gcc/arm-none-eabi/4.6.2/../../../../arm-none-eabi/lib/thumb/v7m\libg.a(lib_a-mprec.o)
                0x0802e0ec                _Balloc
                0x0802e138                _Bfree
                0x0802e14c                __multadd
                0x0802e1d0                __s2b
                0x0802e264                __hi0bits
                0x0802e2a0                __lo0bits
                0x0802e2fc                __i2b
                0x0802e310                __multiply
                0x0802e448                __pow5mult
                0x0802e4e0                __lshift
                0x0802e5a0                __mcmp
                0x0802e5e0                __mdiff
                0x0802e6c4                __ulp
                0x0802e708                __b2d
                0x0802e7b4                __d2b
                0x0802e87c                __ratio
                0x0802e8d8                _mprec_log10
                0x0802e90c                __copybits
                0x0802e954                __any_on
 .text          0x0802e9b4       0x90 d:/elektronik/ides/eclipse/yagarto/bin/../lib/gcc/arm-none-eabi/4.6.2/../../../../arm-none-eabi/lib/thumb/v7m\libg.a(lib_a-s_fpclassify.o)
                0x0802e9b4                __fpclassifyd
 .text          0x0802ea44       0x8c d:/elektronik/ides/eclipse/yagarto/bin/../lib/gcc/arm-none-eabi/4.6.2/../../../../arm-none-eabi/lib/thumb/v7m\libg.a(lib_a-stdio.o)
                0x0802ea44                __sread
                0x0802ea68                __seofread
                0x0802ea6c                __swrite
                0x0802eaa4                __sseek
                0x0802eac8                __sclose
 .text          0x0802ead0      0xa00 d:/elektronik/ides/eclipse/yagarto/bin/../lib/gcc/arm-none-eabi/4.6.2/../../../../arm-none-eabi/lib/thumb/v7m\libg.a(lib_a-svfiprintf.o)
                0x0802ead0                __ssprint_r
                0x0802ebe8                _svfiprintf_r
 .text          0x0802f4d0       0xac d:/elektronik/ides/eclipse/yagarto/bin/../lib/gcc/arm-none-eabi/4.6.2/../../../../arm-none-eabi/lib/thumb/v7m\libg.a(lib_a-wcrtomb.o)
                0x0802f4d0                _wcrtomb_r
                0x0802f51c                wcrtomb
 .text          0x0802f57c       0x4c d:/elektronik/ides/eclipse/yagarto/bin/../lib/gcc/arm-none-eabi/4.6.2/../../../../arm-none-eabi/lib/thumb/v7m\libg.a(lib_a-wctomb_r.o)
                0x0802f57c                __ascii_wctomb
                0x0802f598                _wctomb_r
 .text          0x0802f5c8       0x60 d:/elektronik/ides/eclipse/yagarto/bin/../lib/gcc/arm-none-eabi/4.6.2/../../../../arm-none-eabi/lib/thumb/v7m\libg.a(lib_a-callocr.o)
                0x0802f5c8                _calloc_r
 .text          0x0802f628       0x9c d:/elektronik/ides/eclipse/yagarto/bin/../lib/gcc/arm-none-eabi/4.6.2/../../../../arm-none-eabi/lib/thumb/v7m\libg.a(lib_a-fclose.o)
                0x0802f628                _fclose_r
                0x0802f6b4                fclose
 *fill*         0x0802f6c4        0x4 00
 .text          0x0802f6c8      0x278 d:/elektronik/ides/eclipse/yagarto/bin/../lib/gcc/arm-none-eabi/4.6.2/thumb/v7m\libgcc.a(_udivsi3.o)
                0x0802f6c8                __aeabi_uidiv
                0x0802f6c8                __udivsi3
                0x0802f924                __aeabi_uidivmod
 .text          0x0802f940        0x4 d:/elektronik/ides/eclipse/yagarto/bin/../lib/gcc/arm-none-eabi/4.6.2/thumb/v7m\libgcc.a(_dvmd_tls.o)
                0x0802f940                __aeabi_idiv0
                0x0802f940                __aeabi_ldiv0
 .text          0x0802f944      0x370 d:/elektronik/ides/eclipse/yagarto/bin/../lib/gcc/arm-none-eabi/4.6.2/thumb/v7m\libgcc.a(_arm_addsubdf3.o)
                0x0802f944                __aeabi_drsub
                0x0802f94c                __aeabi_dsub
                0x0802f94c                __subdf3
                0x0802f950                __aeabi_dadd
                0x0802f950                __adddf3
                0x0802fbc8                __floatunsidf
                0x0802fbc8                __aeabi_ui2d
                0x0802fbe8                __floatsidf
                0x0802fbe8                __aeabi_i2d
                0x0802fc0c                __aeabi_f2d
                0x0802fc0c                __extendsfdf2
                0x0802fc48                __floatundidf
                0x0802fc48                __aeabi_ul2d
                0x0802fc58                __floatdidf
                0x0802fc58                __aeabi_l2d
 .text          0x0802fcb4      0x424 d:/elektronik/ides/eclipse/yagarto/bin/../lib/gcc/arm-none-eabi/4.6.2/thumb/v7m\libgcc.a(_arm_muldivdf3.o)
                0x0802fcb4                __aeabi_dmul
                0x0802fcb4                __muldf3
                0x0802ff08                __divdf3
                0x0802ff08                __aeabi_ddiv
 .text          0x080300d8      0x110 d:/elektronik/ides/eclipse/yagarto/bin/../lib/gcc/arm-none-eabi/4.6.2/thumb/v7m\libgcc.a(_arm_cmpdf2.o)
                0x080300d8                __gtdf2
                0x080300d8                __gedf2
                0x080300e0                __ltdf2
                0x080300e0                __ledf2
                0x080300e8                __nedf2
                0x080300e8                __eqdf2
                0x080300e8                __cmpdf2
                0x08030164                __aeabi_cdrcmple
                0x08030174                __aeabi_cdcmpeq
                0x08030174                __aeabi_cdcmple
                0x08030184                __aeabi_dcmpeq
                0x08030198                __aeabi_dcmplt
                0x080301ac                __aeabi_dcmple
                0x080301c0                __aeabi_dcmpge
                0x080301d4                __aeabi_dcmpgt
 .text          0x080301e8       0x50 d:/elektronik/ides/eclipse/yagarto/bin/../lib/gcc/arm-none-eabi/4.6.2/thumb/v7m\libgcc.a(_arm_fixdfsi.o)
                0x080301e8                __aeabi_d2iz
                0x080301e8                __fixdfsi
 *(.text*)
 .text._ZNK5CTask7IsValidEv
                0x08030238       0x24 ./Menue/CMenue.o
                0x08030238                CTask::IsValid() const
 .text._ZN5CTask6DetachEv
                0x0803025c       0x24 ./Menue/CMenue.o
                0x0803025c                CTask::Detach()
 .text._ZN12AManagedTask8OnCreateEPKctm
                0x08030280       0x20 ./Menue/CMenue.o
                0x08030280                AManagedTask::OnCreate(char const*, unsigned short, unsigned long)
 .text._ZN5CTask13EnterCriticalEv
                0x080302a0        0xc ./FreeRTOS_EC/Source/AManagedTask.o
                0x080302a0                CTask::EnterCritical()
 .text._ZN5CTask12ExitCriticalEv
                0x080302ac        0xc ./FreeRTOS_EC/Source/AManagedTask.o
                0x080302ac                CTask::ExitCritical()
 .text._ZN12AManagedTask12HardwareInitEv
                0x080302b8       0x18 ./FreeRTOS_EC/Source/AManagedTask.o
                0x080302b8                AManagedTask::HardwareInit()
 .text._ZN9CFreeRTOS15SuspendAllTasksEv
                0x080302d0        0xc ./FreeRTOS_EC/Source/AManagedTask.o
                0x080302d0                CFreeRTOS::SuspendAllTasks()
 .text._ZN9CFreeRTOS14ResumeAllTasksEv
                0x080302dc       0x10 ./FreeRTOS_EC/Source/AManagedTask.o
                0x080302dc                CFreeRTOS::ResumeAllTasks()
 .text._ZN12IFreeRTOSObjC2Ev
                0x080302ec       0x20 ./FreeRTOS_EC/Source/ASyncObject.o
                0x080302ec                IFreeRTOSObj::IFreeRTOSObj()
                0x080302ec                IFreeRTOSObj::IFreeRTOSObj()
 .text._ZN12CFileHandler15GetUSBConnectedEv
                0x0803030c       0x20 ./Audio_MP3/CFileHandler.o
                0x0803030c                CFileHandler::GetUSBConnected()
 .text._ZN9CFreeRTOS14StartSchedulerEv
                0x0803032c        0xc ./main.o
                0x0803032c                CFreeRTOS::StartScheduler()
 .text.Reset_Handler
                0x08030338       0x58 ./startup_stm32f4xx.o
                0x08030338                Reset_Handler
 .text.Default_Handler
                0x08030390        0x2 ./startup_stm32f4xx.o
                0x08030390                RTC_Alarm_IRQHandler
                0x08030390                HASH_RNG_IRQHandler
                0x08030390                EXTI2_IRQHandler
                0x08030390                TIM8_CC_IRQHandler
                0x08030390                TIM1_CC_IRQHandler
                0x08030390                DMA2_Stream5_IRQHandler
                0x08030390                DMA1_Stream5_IRQHandler
                0x08030390                PVD_IRQHandler
                0x08030390                SDIO_IRQHandler
                0x08030390                TAMP_STAMP_IRQHandler
                0x08030390                CAN2_RX1_IRQHandler
                0x08030390                EXTI3_IRQHandler
                0x08030390                TIM8_TRG_COM_TIM14_IRQHandler
                0x08030390                TIM1_UP_TIM10_IRQHandler
                0x08030390                TIM8_UP_TIM13_IRQHandler
                0x08030390                I2C3_ER_IRQHandler
                0x08030390                I2C2_EV_IRQHandler
                0x08030390                DMA1_Stream2_IRQHandler
                0x08030390                CAN1_RX0_IRQHandler
                0x08030390                FPU_IRQHandler
                0x08030390                OTG_HS_WKUP_IRQHandler
                0x08030390                CAN2_SCE_IRQHandler
                0x08030390                DMA2_Stream2_IRQHandler
                0x08030390                SPI1_IRQHandler
                0x08030390                TIM6_DAC_IRQHandler
                0x08030390                TIM1_BRK_TIM9_IRQHandler
                0x08030390                DCMI_IRQHandler
                0x08030390                CAN2_RX0_IRQHandler
                0x08030390                DMA2_Stream3_IRQHandler
                0x08030390                USART6_IRQHandler
                0x08030390                USART3_IRQHandler
                0x08030390                CRYP_IRQHandler
                0x08030390                CAN1_RX1_IRQHandler
                0x08030390                UART5_IRQHandler
                0x08030390                DMA2_Stream0_IRQHandler
                0x08030390                TIM4_IRQHandler
                0x08030390                I2C1_EV_IRQHandler
                0x08030390                DMA1_Stream6_IRQHandler
                0x08030390                DMA1_Stream1_IRQHandler
                0x08030390                UART4_IRQHandler
                0x08030390                TIM3_IRQHandler
                0x08030390                RCC_IRQHandler
                0x08030390                TIM8_BRK_TIM12_IRQHandler
                0x08030390                Default_Handler
                0x08030390                EXTI15_10_IRQHandler
                0x08030390                ADC_IRQHandler
                0x08030390                TIM7_IRQHandler
                0x08030390                CAN2_TX_IRQHandler
                0x08030390                DMA2_Stream7_IRQHandler
                0x08030390                I2C3_EV_IRQHandler
                0x08030390                EXTI9_5_IRQHandler
                0x08030390                RTC_WKUP_IRQHandler
                0x08030390                ETH_WKUP_IRQHandler
                0x08030390                SPI2_IRQHandler
                0x08030390                OTG_HS_EP1_IN_IRQHandler
                0x08030390                CAN1_TX_IRQHandler
                0x08030390                EXTI4_IRQHandler
                0x08030390                FSMC_IRQHandler
                0x08030390                ETH_IRQHandler
                0x08030390                OTG_HS_EP1_OUT_IRQHandler
                0x08030390                WWDG_IRQHandler
                0x08030390                TIM2_IRQHandler
                0x08030390                OTG_FS_WKUP_IRQHandler
                0x08030390                TIM1_TRG_COM_TIM11_IRQHandler
                0x08030390                OTG_HS_IRQHandler
                0x08030390                USART2_IRQHandler
                0x08030390                I2C2_ER_IRQHandler
                0x08030390                DMA2_Stream1_IRQHandler
                0x08030390                CAN1_SCE_IRQHandler
                0x08030390                FLASH_IRQHandler
                0x08030390                DMA2_Stream4_IRQHandler
                0x08030390                USART1_IRQHandler
                0x08030390                DMA1_Stream4_IRQHandler
                0x08030390                I2C1_ER_IRQHandler
                0x08030390                DMA2_Stream6_IRQHandler
                0x08030390                DMA1_Stream3_IRQHandler
 *fill*         0x08030392        0x2 00
 .text.__aeabi_atexit
                0x08030394        0xc d:/elektronik/ides/eclipse/yagarto/bin/../lib/gcc/arm-none-eabi/4.6.2/../../../../arm-none-eabi/lib/thumb/v7m\libstdc++.a(atexit_arm.o)
                0x08030394                __aeabi_atexit
 .text._ZdlPv   0x080303a0        0x8 d:/elektronik/ides/eclipse/yagarto/bin/../lib/gcc/arm-none-eabi/4.6.2/../../../../arm-none-eabi/lib/thumb/v7m\libstdc++.a(del_op.o)
                0x080303a0                operator delete(void*)
 .text.__cxa_pure_virtual
                0x080303a8       0x18 d:/elektronik/ides/eclipse/yagarto/bin/../lib/gcc/arm-none-eabi/4.6.2/../../../../arm-none-eabi/lib/thumb/v7m\libstdc++.a(pure.o)
                0x080303a8                __cxa_pure_virtual
 .text._ZN10__cxxabiv111__terminateEPFvvE
                0x080303c0       0x28 d:/elektronik/ides/eclipse/yagarto/bin/../lib/gcc/arm-none-eabi/4.6.2/../../../../arm-none-eabi/lib/thumb/v7m\libstdc++.a(eh_terminate.o)
                0x080303c0                __cxxabiv1::__terminate(void (*)())
 .text._ZSt9terminatev
                0x080303e8       0x10 d:/elektronik/ides/eclipse/yagarto/bin/../lib/gcc/arm-none-eabi/4.6.2/../../../../arm-none-eabi/lib/thumb/v7m\libstdc++.a(eh_terminate.o)
                0x080303e8                std::terminate()
 .text._ZN10__cxxabiv112__unexpectedEPFvvE
                0x080303f8        0x8 d:/elektronik/ides/eclipse/yagarto/bin/../lib/gcc/arm-none-eabi/4.6.2/../../../../arm-none-eabi/lib/thumb/v7m\libstdc++.a(eh_terminate.o)
                0x080303f8                __cxxabiv1::__unexpected(void (*)())
 .text._ZSt10unexpectedv
                0x08030400       0x14 d:/elektronik/ides/eclipse/yagarto/bin/../lib/gcc/arm-none-eabi/4.6.2/../../../../arm-none-eabi/lib/thumb/v7m\libstdc++.a(eh_terminate.o)
                0x08030400                std::unexpected()
 .text._ZN9__gnu_cxx27__verbose_terminate_handlerEv
                0x08030414      0x118 d:/elektronik/ides/eclipse/yagarto/bin/../lib/gcc/arm-none-eabi/4.6.2/../../../../arm-none-eabi/lib/thumb/v7m\libstdc++.a(vterminate.o)
                0x08030414                __gnu_cxx::__verbose_terminate_handler()
 .text.__cxa_end_cleanup
                0x0803052c        0xc d:/elektronik/ides/eclipse/yagarto/bin/../lib/gcc/arm-none-eabi/4.6.2/../../../../arm-none-eabi/lib/thumb/v7m\libstdc++.a(eh_arm.o)
                0x0803052c                __cxa_end_cleanup
 .text.__cxa_type_match
                0x08030538       0xe4 d:/elektronik/ides/eclipse/yagarto/bin/../lib/gcc/arm-none-eabi/4.6.2/../../../../arm-none-eabi/lib/thumb/v7m\libstdc++.a(eh_arm.o)
                0x08030538                __cxa_type_match
 .text.__cxa_begin_cleanup
                0x0803061c       0x68 d:/elektronik/ides/eclipse/yagarto/bin/../lib/gcc/arm-none-eabi/4.6.2/../../../../arm-none-eabi/lib/thumb/v7m\libstdc++.a(eh_arm.o)
                0x0803061c                __cxa_begin_cleanup
 .text.__gnu_end_cleanup
                0x08030684       0x74 d:/elektronik/ides/eclipse/yagarto/bin/../lib/gcc/arm-none-eabi/4.6.2/../../../../arm-none-eabi/lib/thumb/v7m\libstdc++.a(eh_arm.o)
                0x08030684                __gnu_end_cleanup
 .text.__cxa_bad_typeid
                0x080306f8       0x24 d:/elektronik/ides/eclipse/yagarto/bin/../lib/gcc/arm-none-eabi/4.6.2/../../../../arm-none-eabi/lib/thumb/v7m\libstdc++.a(eh_aux_runtime.o)
                0x080306f8                __cxa_bad_typeid
 .text.__cxa_call_terminate
                0x0803071c       0x48 d:/elektronik/ides/eclipse/yagarto/bin/../lib/gcc/arm-none-eabi/4.6.2/../../../../arm-none-eabi/lib/thumb/v7m\libstdc++.a(eh_call.o)
                0x0803071c                __cxa_call_terminate
 .text.__cxa_call_unexpected
                0x08030764      0x11c d:/elektronik/ides/eclipse/yagarto/bin/../lib/gcc/arm-none-eabi/4.6.2/../../../../arm-none-eabi/lib/thumb/v7m\libstdc++.a(eh_call.o)
                0x08030764                __cxa_call_unexpected
 .text.__cxa_begin_catch
                0x08030880       0x88 d:/elektronik/ides/eclipse/yagarto/bin/../lib/gcc/arm-none-eabi/4.6.2/../../../../arm-none-eabi/lib/thumb/v7m\libstdc++.a(eh_catch.o)
                0x08030880                __cxa_begin_catch
 .text.__cxa_end_catch
                0x08030908       0x90 d:/elektronik/ides/eclipse/yagarto/bin/../lib/gcc/arm-none-eabi/4.6.2/../../../../arm-none-eabi/lib/thumb/v7m\libstdc++.a(eh_catch.o)
                0x08030908                __cxa_end_catch
 .text._ZNSt9exceptionD2Ev
                0x08030998        0xc d:/elektronik/ides/eclipse/yagarto/bin/../lib/gcc/arm-none-eabi/4.6.2/../../../../arm-none-eabi/lib/thumb/v7m\libstdc++.a(eh_exception.o)
                0x08030998                std::exception::~exception()
                0x08030998                std::exception::~exception()
 .text._ZNSt13bad_exceptionD2Ev
                0x080309a4        0xc d:/elektronik/ides/eclipse/yagarto/bin/../lib/gcc/arm-none-eabi/4.6.2/../../../../arm-none-eabi/lib/thumb/v7m\libstdc++.a(eh_exception.o)
                0x080309a4                std::bad_exception::~bad_exception()
                0x080309a4                std::bad_exception::~bad_exception()
 .text._ZNKSt9exception4whatEv
                0x080309b0        0xc d:/elektronik/ides/eclipse/yagarto/bin/../lib/gcc/arm-none-eabi/4.6.2/../../../../arm-none-eabi/lib/thumb/v7m\libstdc++.a(eh_exception.o)
                0x080309b0                std::exception::what() const
 .text._ZNKSt13bad_exception4whatEv
                0x080309bc        0xc d:/elektronik/ides/eclipse/yagarto/bin/../lib/gcc/arm-none-eabi/4.6.2/../../../../arm-none-eabi/lib/thumb/v7m\libstdc++.a(eh_exception.o)
                0x080309bc                std::bad_exception::what() const
 .text._ZNSt13bad_exceptionD0Ev
                0x080309c8       0x14 d:/elektronik/ides/eclipse/yagarto/bin/../lib/gcc/arm-none-eabi/4.6.2/../../../../arm-none-eabi/lib/thumb/v7m\libstdc++.a(eh_exception.o)
                0x080309c8                std::bad_exception::~bad_exception()
 .text._ZNSt9exceptionD0Ev
                0x080309dc       0x14 d:/elektronik/ides/eclipse/yagarto/bin/../lib/gcc/arm-none-eabi/4.6.2/../../../../arm-none-eabi/lib/thumb/v7m\libstdc++.a(eh_exception.o)
                0x080309dc                std::exception::~exception()
 .text.__cxa_get_globals_fast
                0x080309f0        0xc d:/elektronik/ides/eclipse/yagarto/bin/../lib/gcc/arm-none-eabi/4.6.2/../../../../arm-none-eabi/lib/thumb/v7m\libstdc++.a(eh_globals.o)
                0x080309f0                __cxa_get_globals_fast
 .text.__cxa_get_globals
                0x080309fc        0xc d:/elektronik/ides/eclipse/yagarto/bin/../lib/gcc/arm-none-eabi/4.6.2/../../../../arm-none-eabi/lib/thumb/v7m\libstdc++.a(eh_globals.o)
                0x080309fc                __cxa_get_globals
 .text._ZL12read_sleb128PKhPl
                0x08030a08       0x3c d:/elektronik/ides/eclipse/yagarto/bin/../lib/gcc/arm-none-eabi/4.6.2/../../../../arm-none-eabi/lib/thumb/v7m\libstdc++.a(eh_personality.o)
 .text._ZL28read_encoded_value_with_basehjPKhPj
                0x08030a44       0xc0 d:/elektronik/ides/eclipse/yagarto/bin/../lib/gcc/arm-none-eabi/4.6.2/../../../../arm-none-eabi/lib/thumb/v7m\libstdc++.a(eh_personality.o)
 .text._ZL21base_of_encoded_valuehP15_Unwind_Context
                0x08030b04       0x4c d:/elektronik/ides/eclipse/yagarto/bin/../lib/gcc/arm-none-eabi/4.6.2/../../../../arm-none-eabi/lib/thumb/v7m\libstdc++.a(eh_personality.o)
 .text._ZL17parse_lsda_headerP15_Unwind_ContextPKhP16lsda_header_info.constprop.1
                0x08030b50       0x8c d:/elektronik/ides/eclipse/yagarto/bin/../lib/gcc/arm-none-eabi/4.6.2/../../../../arm-none-eabi/lib/thumb/v7m\libstdc++.a(eh_personality.o)
 .text.__gxx_personality_v0
                0x08030bdc      0x3a8 d:/elektronik/ides/eclipse/yagarto/bin/../lib/gcc/arm-none-eabi/4.6.2/../../../../arm-none-eabi/lib/thumb/v7m\libstdc++.a(eh_personality.o)
                0x08030bdc                __gxx_personality_v0
 .text._ZL23__gxx_exception_cleanup19_Unwind_Reason_CodeP21_Unwind_Control_Block
                0x08030f84       0x4c d:/elektronik/ides/eclipse/yagarto/bin/../lib/gcc/arm-none-eabi/4.6.2/../../../../arm-none-eabi/lib/thumb/v7m\libstdc++.a(eh_throw.o)
 .text.__cxa_throw
                0x08030fd0       0x78 d:/elektronik/ides/eclipse/yagarto/bin/../lib/gcc/arm-none-eabi/4.6.2/../../../../arm-none-eabi/lib/thumb/v7m\libstdc++.a(eh_throw.o)
                0x08030fd0                __cxa_throw
 .text.__cxa_rethrow
                0x08031048       0x70 d:/elektronik/ides/eclipse/yagarto/bin/../lib/gcc/arm-none-eabi/4.6.2/../../../../arm-none-eabi/lib/thumb/v7m\libstdc++.a(eh_throw.o)
                0x08031048                __cxa_rethrow
 .text.__cxa_current_exception_type