Archive member included because of file (symbol)

c:/chibistudio/tools/gnu tools arm embedded/4.6 2012q2/bin/../lib/gcc/arm-none-eabi/4.6.2/../../../../arm-none-eabi/lib/armv7e-m\libstdc++.a(pure.o)
                              ./GraphicLCD/CGraphicLCD.o (__cxa_pure_virtual)
c:/chibistudio/tools/gnu tools arm embedded/4.6 2012q2/bin/../lib/gcc/arm-none-eabi/4.6.2/../../../../arm-none-eabi/lib/armv7e-m\libstdc++.a(del_op.o)
                              ./Menue/CMenue.o (operator delete(void*))
c:/chibistudio/tools/gnu tools arm embedded/4.6 2012q2/bin/../lib/gcc/arm-none-eabi/4.6.2/../../../../arm-none-eabi/lib/armv7e-m\libstdc++.a(atexit_arm.o)
                              ./main.o (__aeabi_atexit)
c:/chibistudio/tools/gnu tools arm embedded/4.6 2012q2/bin/../lib/gcc/arm-none-eabi/4.6.2/../../../../arm-none-eabi/lib/armv7e-m\libstdc++.a(eh_terminate.o)
                              c:/chibistudio/tools/gnu tools arm embedded/4.6 2012q2/bin/../lib/gcc/arm-none-eabi/4.6.2/../../../../arm-none-eabi/lib/armv7e-m\libstdc++.a(pure.o) (std::terminate())
c:/chibistudio/tools/gnu tools arm embedded/4.6 2012q2/bin/../lib/gcc/arm-none-eabi/4.6.2/../../../../arm-none-eabi/lib/armv7e-m\libstdc++.a(eh_unex_handler.o)
                              c:/chibistudio/tools/gnu tools arm embedded/4.6 2012q2/bin/../lib/gcc/arm-none-eabi/4.6.2/../../../../arm-none-eabi/lib/armv7e-m\libstdc++.a(eh_terminate.o) (__cxxabiv1::__unexpected_handler)
c:/chibistudio/tools/gnu tools arm embedded/4.6 2012q2/bin/../lib/gcc/arm-none-eabi/4.6.2/../../../../arm-none-eabi/lib/armv7e-m\libstdc++.a(eh_call.o)
                              c:/chibistudio/tools/gnu tools arm embedded/4.6 2012q2/bin/../lib/gcc/arm-none-eabi/4.6.2/../../../../arm-none-eabi/lib/armv7e-m\libstdc++.a(eh_terminate.o) (__cxa_call_unexpected)
c:/chibistudio/tools/gnu tools arm embedded/4.6 2012q2/bin/../lib/gcc/arm-none-eabi/4.6.2/../../../../arm-none-eabi/lib/armv7e-m\libstdc++.a(eh_arm.o)
                              c:/chibistudio/tools/gnu tools arm embedded/4.6 2012q2/bin/../lib/gcc/arm-none-eabi/4.6.2/../../../../arm-none-eabi/lib/armv7e-m\libstdc++.a(eh_terminate.o) (__cxa_end_cleanup)
c:/chibistudio/tools/gnu tools arm embedded/4.6 2012q2/bin/../lib/gcc/arm-none-eabi/4.6.2/../../../../arm-none-eabi/lib/armv7e-m\libstdc++.a(eh_aux_runtime.o)
                              c:/chibistudio/tools/gnu tools arm embedded/4.6 2012q2/bin/../lib/gcc/arm-none-eabi/4.6.2/../../../../arm-none-eabi/lib/armv7e-m\libstdc++.a(eh_arm.o) (__cxa_bad_typeid)
c:/chibistudio/tools/gnu tools arm embedded/4.6 2012q2/bin/../lib/gcc/arm-none-eabi/4.6.2/../../../../arm-none-eabi/lib/armv7e-m\libstdc++.a(eh_globals.o)
                              c:/chibistudio/tools/gnu tools arm embedded/4.6 2012q2/bin/../lib/gcc/arm-none-eabi/4.6.2/../../../../arm-none-eabi/lib/armv7e-m\libstdc++.a(eh_call.o) (__cxa_get_globals_fast)
c:/chibistudio/tools/gnu tools arm embedded/4.6 2012q2/bin/../lib/gcc/arm-none-eabi/4.6.2/../../../../arm-none-eabi/lib/armv7e-m\libstdc++.a(bad_cast.o)
                              c:/chibistudio/tools/gnu tools arm embedded/4.6 2012q2/bin/../lib/gcc/arm-none-eabi/4.6.2/../../../../arm-none-eabi/lib/armv7e-m\libstdc++.a(eh_aux_runtime.o) (typeinfo for std::bad_cast)
c:/chibistudio/tools/gnu tools arm embedded/4.6 2012q2/bin/../lib/gcc/arm-none-eabi/4.6.2/../../../../arm-none-eabi/lib/armv7e-m\libstdc++.a(eh_catch.o)
                              c:/chibistudio/tools/gnu tools arm embedded/4.6 2012q2/bin/../lib/gcc/arm-none-eabi/4.6.2/../../../../arm-none-eabi/lib/armv7e-m\libstdc++.a(eh_terminate.o) (__cxa_begin_catch)
c:/chibistudio/tools/gnu tools arm embedded/4.6 2012q2/bin/../lib/gcc/arm-none-eabi/4.6.2/../../../../arm-none-eabi/lib/armv7e-m\libstdc++.a(eh_exception.o)
                              c:/chibistudio/tools/gnu tools arm embedded/4.6 2012q2/bin/../lib/gcc/arm-none-eabi/4.6.2/../../../../arm-none-eabi/lib/armv7e-m\libstdc++.a(bad_cast.o) (std::exception::~exception())
c:/chibistudio/tools/gnu tools arm embedded/4.6 2012q2/bin/../lib/gcc/arm-none-eabi/4.6.2/../../../../arm-none-eabi/lib/armv7e-m\libstdc++.a(class_type_info.o)
                              c:/chibistudio/tools/gnu tools arm embedded/4.6 2012q2/bin/../lib/gcc/arm-none-eabi/4.6.2/../../../../arm-none-eabi/lib/armv7e-m\libstdc++.a(eh_exception.o) (vtable for __cxxabiv1::__class_type_info)
c:/chibistudio/tools/gnu tools arm embedded/4.6 2012q2/bin/../lib/gcc/arm-none-eabi/4.6.2/../../../../arm-none-eabi/lib/armv7e-m\libstdc++.a(eh_throw.o)
                              c:/chibistudio/tools/gnu tools arm embedded/4.6 2012q2/bin/../lib/gcc/arm-none-eabi/4.6.2/../../../../arm-none-eabi/lib/armv7e-m\libstdc++.a(eh_call.o) (__cxa_throw)
c:/chibistudio/tools/gnu tools arm embedded/4.6 2012q2/bin/../lib/gcc/arm-none-eabi/4.6.2/../../../../arm-none-eabi/lib/armv7e-m\libstdc++.a(eh_personality.o)
[...]
Memory Configuration

Name             Origin             Length             Attributes
FLASH            0x08000000         0x00100000         xr
RAM              0x20000000         0x00020000         xrw
MEMORY_B1        0x60000000         0x00000000         xr
*default*        0x00000000         0xffffffff

Linker script and memory map

LOAD c:/chibistudio/tools/gnu tools arm embedded/4.6 2012q2/bin/../lib/gcc/arm-none-eabi/4.6.2/armv7e-m/crti.o
LOAD c:/chibistudio/tools/gnu tools arm embedded/4.6 2012q2/bin/../lib/gcc/arm-none-eabi/4.6.2/armv7e-m/crtbegin.o
LOAD c:/chibistudio/tools/gnu tools arm embedded/4.6 2012q2/bin/../lib/gcc/arm-none-eabi/4.6.2/../../../../arm-none-eabi/lib/armv7e-m/crt0.o
LOAD ./STM32_USB_OTG_Driver/src/usb_core.o
LOAD ./STM32_USB_OTG_Driver/src/usb_hcd.o
LOAD ./STM32_USB_OTG_Driver/src/usb_hcd_int.o
LOAD ./STM32_USB_HOST_Library/Core/src/usbh_core.o
LOAD ./STM32_USB_HOST_Library/Core/src/usbh_hcs.o
LOAD ./STM32_USB_HOST_Library/Core/src/usbh_ioreq.o
LOAD ./STM32_USB_HOST_Library/Core/src/usbh_stdreq.o
LOAD ./STM32_USB_HOST_Library/Class/MSC/src/usbh_msc_bot.o
LOAD ./STM32_USB_HOST_Library/Class/MSC/src/usbh_msc_core.o
LOAD ./STM32_USB_HOST_Library/Class/MSC/src/usbh_msc_fatfs.o
LOAD ./STM32_USB_HOST_Library/Class/MSC/src/usbh_msc_scsi.o
LOAD ./STM32F4xx_StdPeriph_Driver/src/misc.o
LOAD ./STM32F4xx_StdPeriph_Driver/src/stm32f4xx_adc.o
LOAD ./STM32F4xx_StdPeriph_Driver/src/stm32f4xx_dac.o
LOAD ./STM32F4xx_StdPeriph_Driver/src/stm32f4xx_dbgmcu.o
LOAD ./STM32F4xx_StdPeriph_Driver/src/stm32f4xx_dma.o
LOAD ./STM32F4xx_StdPeriph_Driver/src/stm32f4xx_exti.o
LOAD ./STM32F4xx_StdPeriph_Driver/src/stm32f4xx_flash.o
LOAD ./STM32F4xx_StdPeriph_Driver/src/stm32f4xx_fsmc.o
LOAD ./STM32F4xx_StdPeriph_Driver/src/stm32f4xx_gpio.o
LOAD ./STM32F4xx_StdPeriph_Driver/src/stm32f4xx_i2c.o
LOAD ./STM32F4xx_StdPeriph_Driver/src/stm32f4xx_iwdg.o
LOAD ./STM32F4xx_StdPeriph_Driver/src/stm32f4xx_pwr.o
LOAD ./STM32F4xx_StdPeriph_Driver/src/stm32f4xx_rcc.o
LOAD ./STM32F4xx_StdPeriph_Driver/src/stm32f4xx_rng.o
LOAD ./STM32F4xx_StdPeriph_Driver/src/stm32f4xx_rtc.o
LOAD ./STM32F4xx_StdPeriph_Driver/src/stm32f4xx_sdio.o
LOAD ./STM32F4xx_StdPeriph_Driver/src/stm32f4xx_spi.o
LOAD ./STM32F4xx_StdPeriph_Driver/src/stm32f4xx_syscfg.o
LOAD ./STM32F4xx_StdPeriph_Driver/src/stm32f4xx_tim.o
LOAD ./STM32F4xx_StdPeriph_Driver/src/stm32f4xx_usart.o
LOAD ./STM32F4xx_StdPeriph_Driver/src/stm32f4xx_wwdg.o
LOAD ./STM32F4-Discovery/stm32f4_discovery.o
LOAD ./STM32F4-Discovery/stm32f4_discovery_audio_codec.o
LOAD ./STM32F4-Discovery/stm32f4_discovery_lis302dl.o
LOAD ./Menue/CMenue.o
LOAD ./HelixMP3/real/bitstream.o
LOAD ./HelixMP3/real/buffers.o
LOAD ./HelixMP3/real/dct32.o
LOAD ./HelixMP3/real/dequant.o
LOAD ./HelixMP3/real/dqchan.o
LOAD ./HelixMP3/real/huffman.o
LOAD ./HelixMP3/real/hufftabs.o
LOAD ./HelixMP3/real/imdct.o
LOAD ./HelixMP3/real/polyphase.o
LOAD ./HelixMP3/real/scalfact.o
LOAD ./HelixMP3/real/stproc.o
LOAD ./HelixMP3/real/subband.o
LOAD ./HelixMP3/real/trigtabs.o
LOAD ./HelixMP3/mp3dec.o
LOAD ./HelixMP3/mp3tabs.o
LOAD ./GraphicLCD/CGraphicLCD.o
LOAD ./GraphicLCD/CT6963CDriver.o
LOAD ./GraphicLCD/CT6963GPIOInterface.o
LOAD ./GraphicLCD/SansSerif12.o
LOAD ./GraphicLCD/SansSerif26.o
LOAD ./FreeRTOS_EC/Source/AManagedTask.o
LOAD ./FreeRTOS_EC/Source/ASyncObject.o
LOAD ./FreeRTOS_EC/Source/ATimer.o
LOAD ./FreeRTOS_EC/Source/CBinarySemaphore.o
LOAD ./FreeRTOS_EC/Source/CCountingSemaphore.o
LOAD ./FreeRTOS_EC/Source/CFreeRTOS.o
LOAD ./FreeRTOS_EC/Source/CMessageTask.o
LOAD ./FreeRTOS_EC/Source/CMutex.o
LOAD ./FreeRTOS_EC/Source/CQueue.o
LOAD ./FreeRTOS_EC/Source/CRecursiveMutex.o
LOAD ./FreeRTOS_EC/Source/CTask.o
LOAD ./FreeRTOS/Source/portable/GCC/ARM_CM4F/port.o
LOAD ./FreeRTOS/Source/croutine.o
LOAD ./FreeRTOS/Source/list.o
LOAD ./FreeRTOS/Source/queue.o
LOAD ./FreeRTOS/Source/tasks.o
LOAD ./FreeRTOS/Source/timers.o
LOAD ./Clock/CRTCHandler.o
LOAD ./Audio_MP3/USB_MSC/CUSBMassStorage.o
LOAD ./Audio_MP3/USB_MSC/usb_bsp.o
LOAD ./Audio_MP3/USB_MSC/usbh_usr.o
LOAD ./Audio_MP3/FatFs/src/option/syscall.o
LOAD ./Audio_MP3/FatFs/src/ff.o
LOAD ./Audio_MP3/CFileHandler.o
LOAD ./Audio_MP3/fattime.o
LOAD ./CLedHeartBeatSTM32F4Disc.o
LOAD ./main.o
LOAD ./startup_stm32f4xx.o
LOAD ./stm32f4xx_it.o
LOAD ./syscalls.o
LOAD ./system_stm32f4xx.o
LOAD ./ustime.o
LOAD c:/chibistudio/tools/gnu tools arm embedded/4.6 2012q2/bin/../lib/gcc/arm-none-eabi/4.6.2/../../../../arm-none-eabi/lib/armv7e-m\libstdc++.a
LOAD c:/chibistudio/tools/gnu tools arm embedded/4.6 2012q2/bin/../lib/gcc/arm-none-eabi/4.6.2/../../../../arm-none-eabi/lib/armv7e-m\libm.a
START GROUP
LOAD c:/chibistudio/tools/gnu tools arm embedded/4.6 2012q2/bin/../lib/gcc/arm-none-eabi/4.6.2/armv7e-m\libgcc.a
LOAD c:/chibistudio/tools/gnu tools arm embedded/4.6 2012q2/bin/../lib/gcc/arm-none-eabi/4.6.2/../../../../arm-none-eabi/lib/armv7e-m\libg.a
LOAD c:/chibistudio/tools/gnu tools arm embedded/4.6 2012q2/bin/../lib/gcc/arm-none-eabi/4.6.2/../../../../arm-none-eabi/lib/armv7e-m\libc.a
END GROUP
LOAD c:/chibistudio/tools/gnu tools arm embedded/4.6 2012q2/bin/../lib/gcc/arm-none-eabi/4.6.2/armv7e-m/crtend.o
LOAD c:/chibistudio/tools/gnu tools arm embedded/4.6 2012q2/bin/../lib/gcc/arm-none-eabi/4.6.2/armv7e-m/crtn.o
                0x20020000                _estack = 0x20020000
                0x00000000                _Min_Heap_Size = 0x0
                0x00000400                _Min_Stack_Size = 0x400

.isr_vector     0x08000000      0x188
                0x08000000                . = ALIGN (0x4)
 *(.isr_vector)
 .isr_vector    0x08000000      0x188 ./startup_stm32f4xx.o
                0x08000000                g_pfnVectors
                0x08000188                . = ALIGN (0x4)

.text           0x08000188    0x3cd1c
                0x08000188                . = ALIGN (0x4)
 *(.text)
 .text          0x08000188       0x54 c:/chibistudio/tools/gnu tools arm embedded/4.6 2012q2/bin/../lib/gcc/arm-none-eabi/4.6.2/armv7e-m/crtbegin.o
 .text          0x080001dc     0x135c ./STM32_USB_OTG_Driver/src/usb_core.o
                0x080002c8                USB_OTG_WritePacket
                0x0800034c                USB_OTG_ReadPacket
                0x080003b4                USB_OTG_SelectCore
                0x08000578                USB_OTG_CoreInit
                0x08000778                USB_OTG_EnableGlobalInt
                0x080007b4                USB_OTG_DisableGlobalInt
                0x080007f4                USB_OTG_FlushTxFifo
                0x08000874                USB_OTG_FlushRxFifo
                0x080008e0                USB_OTG_SetCurrentMode
                0x08000944                USB_OTG_GetMode
                0x08000964                USB_OTG_IsDeviceMode
                0x08000988                USB_OTG_IsHostMode
                0x080009ac                USB_OTG_ReadCoreItr
                0x080009dc                USB_OTG_ReadOtgItr
                0x080009f8                USB_OTG_CoreInitHost
                0x08000b70                USB_OTG_IsEvenFrame
                0x08000b98                USB_OTG_DriveVbus
                0x08000c18                USB_OTG_EnableHostInt
                0x08000ca4                USB_OTG_InitFSLSPClkSel
                0x08000cdc                USB_OTG_ReadHPRT0
                0x08000d1c                USB_OTG_ReadHostAllChannels_intr
                0x08000d38                USB_OTG_ResetPort
                0x08000d8c                USB_OTG_HC_Init
                0x08001064                USB_OTG_HC_StartXfer
                0x08001374                USB_OTG_HC_Halt
                0x08001420                USB_OTG_HC_DoPing
                0x080014a8                USB_OTG_StopHost
 .text          0x08001538      0x200 ./STM32_USB_OTG_Driver/src/usb_hcd.o
                0x08001538                HCD_Init
                0x080015e0                HCD_GetCurrentSpeed
                0x08001608                HCD_ResetPort
                0x08001624                HCD_IsDeviceConnected
                0x08001640                HCD_GetCurrentFrame
                0x08001664                HCD_GetURB_State
                0x08001688                HCD_GetXferCnt
                0x080016ac                HCD_GetHCState
                0x080016d0                HCD_HC_Init
                0x080016f4                HCD_SubmitRequest
 .text          0x08001738     0x1490 ./STM32_USB_OTG_Driver/src/usb_hcd_int.o
                0x08001738                USBH_OTG_ISR_Handler
 .text          0x08002bc8      0xb14 ./STM32_USB_HOST_Library/Core/src/usbh_core.o
                0x08002bc8                USBH_Connect
                0x08002bf8                USBH_Disconnect
                0x08002c28                USBH_Init
                0x08002ca4                USBH_DeInit
                0x08002d18                USBH_Process
                0x08002fac                USBH_ErrorHandle
                0x08003330                USBH_HandleControl
 .text          0x080036dc      0x2d4 ./STM32_USB_HOST_Library/Core/src/usbh_hcs.o
                0x080036dc                USBH_Open_Channel
                0x080037e4                USBH_Modify_Channel
                0x08003880                USBH_Alloc_Channel
                0x080038cc                USBH_Free_Channel
                0x08003918                USBH_DeAllocate_AllChannel
 .text          0x080039b0      0x598 ./STM32_USB_HOST_Library/Core/src/usbh_ioreq.o
                0x080039b0                USBH_CtlReq
                0x08003a58                USBH_CtlSendSetup
                0x08003ad4                USBH_CtlSendData
                0x08003b98                USBH_CtlReceiveData
                0x08003c14                USBH_BulkSendData
                0x08003cbc                USBH_BulkReceiveData
                0x08003d64                USBH_InterruptReceiveData
                0x08003e34                USBH_InterruptSendData
 .text          0x08003f48      0x658 ./STM32_USB_HOST_Library/Core/src/usbh_stdreq.o
                0x08003f48                USBH_Get_DevDesc
                0x08003fa4                USBH_Get_CfgDesc
                0x08004004                USBH_Get_StringDesc
                0x08004060                USBH_GetDescriptor
                0x080040c4                USBH_SetAddress
                0x08004118                USBH_SetCfg
                0x08004168                USBH_ClrFeature
 .text          0x080045a0      0x7d0 ./STM32_USB_HOST_Library/Class/MSC/src/usbh_msc_bot.o
                0x080045a0                USBH_MSC_Init
                0x08004618                USBH_MSC_HandleBOTXfer
                0x08004bfc                USBH_MSC_BOT_Abort
                0x08004c9c                USBH_MSC_DecodeCSW
 .text          0x08004d70      0x658 ./STM32_USB_HOST_Library/Class/MSC/src/usbh_msc_core.o
                0x08005344                USBH_MSC_ErrorHandle
 .text          0x080053c8      0x2c4 ./STM32_USB_HOST_Library/Class/MSC/src/usbh_msc_fatfs.o
                0x080053c8                disk_initialize
                0x08005418                disk_status
                0x08005448                disk_read
                0x08005504                disk_write
                0x080055dc                disk_ioctl
 .text          0x0800568c      0xabc ./STM32_USB_HOST_Library/Class/MSC/src/usbh_msc_scsi.o
                0x0800568c                USBH_MSC_TestUnitReady
                0x08005808                USBH_MSC_ReadCapacity10
                0x080059e4                USBH_MSC_ModeSense6
                0x08005b9c                USBH_MSC_RequestSense
                0x08005d80                USBH_MSC_Write10
                0x08005f44                USBH_MSC_Read10
 .text          0x08006148      0x1dc ./STM32F4xx_StdPeriph_Driver/src/misc.o
                0x08006148                NVIC_PriorityGroupConfig
                0x08006170                NVIC_Init
                0x08006254                NVIC_SetVectorTable
                0x08006280                NVIC_SystemLPConfig
                0x080062d8                SysTick_CLKSourceConfig
 .text          0x08006324      0x530 ./STM32F4xx_StdPeriph_Driver/src/stm32f4xx_dac.o
                0x08006324                DAC_DeInit
                0x08006344                DAC_Init
                0x080063b8                DAC_StructInit
                0x080063ec                DAC_Cmd
                0x08006454                DAC_SoftwareTriggerCmd
                0x080064c4                DAC_DualSoftwareTriggerCmd
                0x08006510                DAC_WaveGenerationCmd
                0x08006574                DAC_SetChannel1Data
                0x080065ac                DAC_SetChannel2Data
                0x080065e4                DAC_SetDualChannelData
                0x08006648                DAC_GetDataOutputValue
                0x08006684                DAC_DMACmd
                0x080066ec                DAC_ITConfig
                0x08006750                DAC_GetFlagStatus
                0x08006798                DAC_ClearFlag
                0x080067c0                DAC_GetITStatus
                0x0800682c                DAC_ClearITPendingBit
 .text          0x08006854      0x820 ./STM32F4xx_StdPeriph_Driver/src/stm32f4xx_dma.o
                0x08006854                DMA_DeInit
                0x08006a98                DMA_Init
                0x08006b48                DMA_StructInit
                0x08006bd4                DMA_Cmd
                0x08006c0c                DMA_PeriphIncOffsetSizeConfig
                0x08006c40                DMA_FlowControllerConfig
                0x08006c74                DMA_SetCurrDataCounter
                0x08006c90                DMA_GetCurrDataCounter
                0x08006cac                DMA_DoubleBufferModeConfig
                0x08006ce8                DMA_DoubleBufferModeCmd
                0x08006d20                DMA_MemoryTargetConfig
                0x08006d4c                DMA_GetCurrentMemoryTarget
                0x08006d84                DMA_GetCmdStatus
                0x08006dbc                DMA_GetFIFOStatus
                0x08006de4                DMA_GetFlagStatus
                0x08006e6c                DMA_ClearFlag
                0x08006ed0                DMA_ITConfig
                0x08006f48                DMA_GetITStatus
                0x08007010                DMA_ClearITPendingBit
 .text          0x08007074      0x2d4 ./STM32F4xx_StdPeriph_Driver/src/stm32f4xx_exti.o
                0x08007074                EXTI_DeInit
                0x080070c8                EXTI_Init
                0x0800720c                EXTI_StructInit
                0x08007240                EXTI_GenerateSWInterrupt
                0x0800726c                EXTI_GetFlagStatus
                0x080072ac                EXTI_ClearFlag
                0x080072cc                EXTI_GetITStatus
                0x08007328                EXTI_ClearITPendingBit
 .text          0x08007348      0x550 ./STM32F4xx_StdPeriph_Driver/src/stm32f4xx_gpio.o
                0x08007348                GPIO_DeInit
                0x080074c0                GPIO_Init
                0x08007614                GPIO_StructInit
                0x08007650                GPIO_PinLockConfig
                0x08007694                GPIO_ReadInputDataBit
                0x080076d0                GPIO_ReadInputData
                0x080076ec                GPIO_ReadOutputDataBit
                0x08007728                GPIO_ReadOutputData
                0x08007744                GPIO_SetBits
                0x08007760                GPIO_ResetBits
                0x0800777c                GPIO_WriteBit
                0x080077ac                GPIO_Write
                0x080077c8                GPIO_ToggleBits
                0x080077ec                GPIO_PinAFConfig
 .text          0x08007898      0xa10 ./STM32F4xx_StdPeriph_Driver/src/stm32f4xx_i2c.o
                0x08007898                I2C_DeInit
                0x08007920                I2C_Init
                0x08007acc                I2C_StructInit
                0x08007b10                I2C_Cmd
                0x08007b50                I2C_GenerateSTART
                0x08007b90                I2C_GenerateSTOP
                0x08007bd0                I2C_Send7bitAddress
                0x08007c0c                I2C_AcknowledgeConfig
                0x08007c4c                I2C_OwnAddress2Config
                0x08007c90                I2C_DualAddressCmd
                0x08007cd0                I2C_GeneralCallCmd
                0x08007d10                I2C_SoftwareResetCmd
                0x08007d58                I2C_StretchClockCmd
                0x08007d98                I2C_FastModeDutyCycleConfig
                0x08007dd8                I2C_NACKPositionConfig
                0x08007e18                I2C_SMBusAlertConfig
                0x08007e58                I2C_ARPCmd
                0x08007e98                I2C_SendData
                0x08007eb8                I2C_ReceiveData
                0x08007ed4                I2C_TransmitPEC
                0x08007f14                I2C_PECPositionConfig
                0x08007f54                I2C_CalculatePEC
                0x08007f94                I2C_GetPEC
                0x08007fb8                I2C_DMACmd
                0x08007ff8                I2C_DMALastTransferCmd
                0x08008038                I2C_ReadRegister
                0x08008068                I2C_ITConfig
                0x080080b0                I2C_CheckEvent
                0x08008120                I2C_GetLastEvent
                0x0800816c                I2C_GetFlagStatus
                0x080081e4                I2C_ClearFlag
                0x08008214                I2C_GetITStatus
                0x08008278                I2C_ClearITPendingBit
 .text          0x080082a8      0x290 ./STM32F4xx_StdPeriph_Driver/src/stm32f4xx_pwr.o
                0x080082a8                PWR_DeInit
                0x080082c8                PWR_BackupAccessCmd
                0x080082e8                PWR_PVDLevelConfig
                0x08008328                PWR_PVDCmd
                0x08008348                PWR_WakeUpPinCmd
                0x08008368                PWR_BackupRegulatorCmd
                0x08008388                PWR_MainRegulatorModeConfig
                0x080083d4                PWR_FlashPowerDownCmd
                0x080083f4                PWR_EnterSTOPMode
                0x08008474                PWR_EnterSTANDBYMode
                0x080084c8                PWR_GetFlagStatus
                0x08008508                PWR_ClearFlag
 .text          0x08008538      0xdd0 ./STM32F4xx_StdPeriph_Driver/src/stm32f4xx_rcc.o
                0x08008538                RCC_DeInit
                0x080085bc                RCC_HSEConfig
                0x080085ec                RCC_WaitForHSEStartUp
                0x08008650                RCC_AdjustHSICalibrationValue
                0x08008698                RCC_HSICmd
                0x080086b8                RCC_LSEConfig
                0x08008718                RCC_LSICmd
                0x08008738                RCC_PLLConfig
                0x08008780                RCC_PLLCmd
                0x080087a0                RCC_PLLI2SConfig
                0x080087d0                RCC_PLLI2SCmd
                0x080087f0                RCC_ClockSecuritySystemCmd
                0x08008810                RCC_MCO1Config
                0x08008858                RCC_MCO2Config
                0x080088a0                RCC_SYSCLKConfig
                0x080088e0                RCC_GetSYSCLKSource
                0x08008900                RCC_HCLKConfig
                0x08008940                RCC_PCLK1Config
                0x08008980                RCC_PCLK2Config
                0x080089c4                RCC_GetClocksFreq
                0x08008b94                RCC_RTCCLKConfig
                0x08008c0c                RCC_RTCCLKCmd
                0x08008c2c                RCC_BackupResetCmd
                0x08008c4c                RCC_I2SCLKConfig
                0x08008c6c                RCC_AHB1PeriphClockCmd
                0x08008cc4                RCC_AHB2PeriphClockCmd
                0x08008d1c                RCC_AHB3PeriphClockCmd
                0x08008d74                RCC_APB1PeriphClockCmd
                0x08008dcc                RCC_APB2PeriphClockCmd
                0x08008e24                RCC_AHB1PeriphResetCmd
                0x08008e7c                RCC_AHB2PeriphResetCmd
                0x08008ed4                RCC_AHB3PeriphResetCmd
                0x08008f2c                RCC_APB1PeriphResetCmd
                0x08008f84                RCC_APB2PeriphResetCmd
                0x08008fdc                RCC_AHB1PeriphClockLPModeCmd
                0x08009034                RCC_AHB2PeriphClockLPModeCmd
                0x0800908c                RCC_AHB3PeriphClockLPModeCmd
                0x080090e4                RCC_APB1PeriphClockLPModeCmd
                0x0800913c                RCC_APB2PeriphClockLPModeCmd
                0x08009194                RCC_ITConfig
                0x080091f4                RCC_GetFlagStatus
                0x08009284                RCC_ClearFlag
                0x080092a8                RCC_GetITStatus
                0x080092e8                RCC_ClearITPendingBit
 .text          0x08009308     0x1c18 ./STM32F4xx_StdPeriph_Driver/src/stm32f4xx_rtc.o
                0x08009308                RTC_DeInit
                0x08009474                RTC_Init
                0x08009538                RTC_StructInit
                0x08009564                RTC_WriteProtectionCmd
                0x080095ac                RTC_EnterInitMode
                0x08009640                RTC_ExitInitMode
                0x08009664                RTC_WaitForSynchro
                0x08009714                RTC_RefClockCmd
                0x080097b0                RTC_BypassShadowCmd
                0x08009828                RTC_SetTime
                0x08009970                RTC_TimeStructInit
                0x080099a4                RTC_GetTime
                0x08009a50                RTC_GetSubSecond
                0x08009a80                RTC_SetDate
                0x08009bc0                RTC_DateStructInit
                0x08009bf4                RTC_GetDate
                0x08009c9c                RTC_SetAlarm
                0x08009e18                RTC_AlarmStructInit
                0x08009e64                RTC_GetAlarm
                0x08009f50                RTC_AlarmCmd
                0x0800a040                RTC_AlarmSubSecondConfig
                0x0800a0b0                RTC_GetAlarmSubSecond
                0x0800a100                RTC_WakeUpClockConfig
                0x0800a170                RTC_SetWakeUpCounter
                0x0800a1b8                RTC_GetWakeUpCounter
                0x0800a1d8                RTC_WakeUpCmd
                0x0800a2b0                RTC_DayLightSavingConfig
                0x0800a324                RTC_GetStoreOperation
                0x0800a340                RTC_OutputConfig
                0x0800a3b4                RTC_CoarseCalibConfig
                0x0800a428                RTC_CoarseCalibCmd
                0x0800a4c4                RTC_CalibOutputCmd
                0x0800a53c                RTC_CalibOutputConfig
                0x0800a5ac                RTC_SmoothCalibConfig
                0x0800a668                RTC_TimeStampCmd
                0x0800a6ec                RTC_GetTimeStamp
                0x0800a820                RTC_GetTimeStampSubSecond
                0x0800a838                RTC_TamperTriggerConfig
                0x0800a894                RTC_TamperCmd
                0x0800a8ec                RTC_TamperFilterConfig
                0x0800a930                RTC_TamperSamplingFreqConfig
                0x0800a974                RTC_TamperPinsPrechargeDuration
                0x0800a9b8                RTC_TimeStampOnTamperDetectionCmd
                0x0800aa04                RTC_TamperPullUpCmd
                0x0800aa50                RTC_WriteBackupRegister
                0x0800aa88                RTC_ReadBackupRegister
                0x0800aabc                RTC_TamperPinSelection
                0x0800ab00                RTC_TimeStampPinSelection
                0x0800ab44                RTC_OutputTypeConfig
                0x0800ab88                RTC_SynchroShiftConfig
                0x0800ac68                RTC_ITConfig
                0x0800ad30                RTC_GetFlagStatus
                0x0800ad80                RTC_ClearFlag
                0x0800adc0                RTC_GetITStatus
                0x0800ae50                RTC_ClearITPendingBit
 .text          0x0800af20      0x908 ./STM32F4xx_StdPeriph_Driver/src/stm32f4xx_spi.o
                0x0800af20                SPI_I2S_DeInit
                0x0800afa8                SPI_Init
                0x0800b030                I2S_Init
                0x0800b264                SPI_StructInit
                0x0800b2c0                I2S_StructInit
                0x0800b304                SPI_Cmd
                0x0800b344                I2S_Cmd
                0x0800b384                SPI_DataSizeConfig
                0x0800b3bc                SPI_BiDirectionalLineConfig
                0x0800b3fc                SPI_NSSInternalSoftwareConfig
                0x0800b440                SPI_SSOutputCmd
                0x0800b480                SPI_TIModeCmd
                0x0800b4c0                I2S_FullDuplexConfig
                0x0800b564                SPI_I2S_ReceiveData
                0x0800b580                SPI_I2S_SendData
                0x0800b59c                SPI_CalculateCRC
                0x0800b5dc                SPI_TransmitCRC
                0x0800b600                SPI_GetCRC
                0x0800b634                SPI_GetCRCPolynomial
                0x0800b650                SPI_I2S_DMACmd
                0x0800b698                SPI_I2S_ITConfig
                0x0800b704                SPI_I2S_GetFlagStatus
                0x0800b744                SPI_I2S_ClearFlag
                0x0800b768                SPI_I2S_GetITStatus
                0x0800b7f0                SPI_I2S_ClearITPendingBit
 .text          0x0800b828      0x170 ./STM32F4xx_StdPeriph_Driver/src/stm32f4xx_syscfg.o
                0x0800b828                SYSCFG_DeInit
                0x0800b848                SYSCFG_MemoryRemapConfig
                0x0800b868                SYSCFG_EXTILineConfig
                0x0800b91c                SYSCFG_ETH_MediaInterfaceConfig
                0x0800b93c                SYSCFG_CompensationCellCmd
                0x0800b95c                SYSCFG_GetCompensationCellStatus
 .text          0x0800b998     0x1d74 ./STM32F4xx_StdPeriph_Driver/src/stm32f4xx_tim.o
                0x0800b998                TIM_DeInit
                0x0800bbd0                TIM_TimeBaseInit
                0x0800bcc4                TIM_TimeBaseStructInit
                0x0800bd00                TIM_PrescalerConfig
                0x0800bd28                TIM_CounterModeConfig
                0x0800bd60                TIM_SetCounter
                0x0800bd7c                TIM_SetAutoreload
                0x0800bd98                TIM_GetCounter
                0x0800bdb0                TIM_GetPrescaler
                0x0800bdcc                TIM_UpdateDisableConfig
                0x0800be0c                TIM_UpdateRequestConfig
                0x0800be4c                TIM_ARRPreloadConfig
                0x0800be8c                TIM_SelectOnePulseMode
                0x0800bec4                TIM_SetClockDivision
                0x0800befc                TIM_Cmd
                0x0800bf3c                TIM_OC1Init
                0x0800c038                TIM_OC2Init
                0x0800c160                TIM_OC3Init
                0x0800c280                TIM_OC4Init
                0x0800c360                TIM_OCStructInit
                0x0800c3b4                TIM_SelectOCxM
                0x0800c474                TIM_SetCompare1
                0x0800c490                TIM_SetCompare2
                0x0800c4ac                TIM_SetCompare3
                0x0800c4c8                TIM_SetCompare4
                0x0800c4e4                TIM_ForcedOC1Config
                0x0800c51c                TIM_ForcedOC2Config
                0x0800c55c                TIM_ForcedOC3Config
                0x0800c594                TIM_ForcedOC4Config
                0x0800c5d4                TIM_OC1PreloadConfig
                0x0800c60c                TIM_OC2PreloadConfig
                0x0800c64c                TIM_OC3PreloadConfig
                0x0800c684                TIM_OC4PreloadConfig
                0x0800c6c4                TIM_OC1FastConfig
                0x0800c6fc                TIM_OC2FastConfig
                0x0800c73c                TIM_OC3FastConfig
                0x0800c774                TIM_OC4FastConfig
                0x0800c7b4                TIM_ClearOC1Ref
                0x0800c7ec                TIM_ClearOC2Ref
                0x0800c830                TIM_ClearOC3Ref
                0x0800c868                TIM_ClearOC4Ref
                0x0800c8ac                TIM_OC1PolarityConfig
                0x0800c8e4                TIM_OC1NPolarityConfig
                0x0800c91c                TIM_OC2PolarityConfig
                0x0800c95c                TIM_OC2NPolarityConfig
                0x0800c99c                TIM_OC3PolarityConfig
                0x0800c9dc                TIM_OC3NPolarityConfig
                0x0800ca1c                TIM_OC4PolarityConfig
                0x0800ca5c                TIM_CCxCmd
                0x0800cab8                TIM_CCxNCmd
                0x0800cb14                TIM_ICInit
                0x0800cbbc                TIM_ICStructInit
                0x0800cbf8                TIM_PWMIConfig
                0x0800ccbc                TIM_GetCapture1
                0x0800ccd4                TIM_GetCapture2
                0x0800ccec                TIM_GetCapture3
                0x0800cd04                TIM_GetCapture4
                0x0800cd1c                TIM_SetIC1Prescaler
                0x0800cd54                TIM_SetIC2Prescaler
                0x0800cd90                TIM_SetIC3Prescaler
                0x0800cdc8                TIM_SetIC4Prescaler
                0x0800ce04                TIM_BDTRConfig
                0x0800ce54                TIM_BDTRStructInit
                0x0800cea0                TIM_CtrlPWMOutputs
                0x0800cef0                TIM_SelectCOM
                0x0800cf30                TIM_CCPreloadControl
                0x0800cf70                TIM_ITConfig
                0x0800cfb8                TIM_GenerateEvent
                0x0800cfd4                TIM_GetFlagStatus
                0x0800d014                TIM_ClearFlag
                0x0800d038                TIM_GetITStatus
                0x0800d098                TIM_ClearITPendingBit
                0x0800d0bc                TIM_DMAConfig
                0x0800d0e4                TIM_DMACmd
                0x0800d12c                TIM_SelectCCDMA
                0x0800d16c                TIM_InternalClockConfig
                0x0800d190                TIM_ITRxExternalClockConfig
                0x0800d1c0                TIM_TIxExternalClockConfig
                0x0800d218                TIM_ETRClockMode1Config
                0x0800d26c                TIM_ETRClockMode2Config
                0x0800d2a0                TIM_SelectInputTrigger
                0x0800d2d8                TIM_SelectOutputTrigger
                0x0800d310                TIM_SelectSlaveMode
                0x0800d348                TIM_SelectMasterSlaveMode
                0x0800d380                TIM_ETRConfig
                0x0800d3cc                TIM_EncoderInterfaceConfig
                0x0800d460                TIM_SelectHallSensor
                0x0800d4a0                TIM_RemapConfig
 .text          0x0800d70c      0x244 ./STM32F4-Discovery/stm32f4_discovery.o
                0x0800d70c                STM_EVAL_LEDInit
                0x0800d778                STM_EVAL_LEDOn
                0x0800d7ac                STM_EVAL_LEDOff
                0x0800d7e0                STM_EVAL_LEDToggle
                0x0800d828                STM_EVAL_PBInit
                0x0800d914                STM_EVAL_PBGetState
 .text          0x0800d950     0x141c ./STM32F4-Discovery/stm32f4_discovery_audio_codec.o
                0x0800d9a0                EVAL_AUDIO_SetAudioInterface
                0x0800db10                EVAL_AUDIO_Init
                0x0800db78                EVAL_AUDIO_DeInit
                0x0800db8c                EVAL_AUDIO_Play
                0x0800dc08                EVAL_AUDIO_PauseResume
                0x0800dc3c                EVAL_AUDIO_Stop
                0x0800dc7c                EVAL_AUDIO_VolumeCtl
                0x0800dcc8                EVAL_AUDIO_Mute
                0x0800de64                DMA1_Stream7_IRQHandler
                0x0800de70                DMA1_Stream0_IRQHandler
                0x0800de7c                SPI3_IRQHandler
                0x0800e8cc                Codec_TIMEOUT_UserCallback
                0x0800eb24                Audio_MAL_Play
                0x0800ecf4                DAC_Config
 .text          0x0800ed6c      0x6a4 ./STM32F4-Discovery/stm32f4_discovery_lis302dl.o
                0x0800ed6c                LIS302DL_Init
                0x0800edc0                LIS302DL_FilterConfig
                0x0800ee20                LIS302DL_InterruptConfig
                0x0800ee70                LIS302DL_LowpowerCmd
                0x0800eebc                LIS302DL_DataRateCmd
                0x0800ef08                LIS302DL_FullScaleCmd
                0x0800ef54                LIS302DL_RebootCmd
                0x0800ef90                LIS302DL_Write
                0x0800f000                LIS302DL_Read
                0x0800f080                LIS302DL_ReadACC
                0x0800f408                LIS302DL_TIMEOUT_UserCallback
 .text          0x0800f410      0x29c ./Menue/CMenue.o
                0x0800f410                CMenue::CMenue(CGraphicLCD*)
                0x0800f410                CMenue::CMenue(CGraphicLCD*)
                0x0800f440                CMenue::~CMenue()
                0x0800f440                CMenue::~CMenue()
                0x0800f478                CMenue::~CMenue()
                0x0800f498                CMenue::HardwareInit()
                0x0800f4b0                CMenue::Run()
 .text          0x0800f6ac      0x970 ./HelixMP3/real/bitstream.o
                0x0800f6ac                xmp3_SetBitstreamPointer
                0x0800f7f0                xmp3_GetBits
                0x0800f88c                xmp3_CalcBitsUsed
                0x0800f8c8                xmp3_CheckPadBit
                0x0800f904                xmp3_UnpackFrameHeader
                0x0800fc70                xmp3_UnpackSideInfo
 .text          0x0801001c      0x16c ./HelixMP3/real/buffers.o
                0x0801001c                ClearBuffer
                0x08010058                xmp3_AllocateBuffers
                0x08010174                xmp3_FreeBuffers
 .text          0x08010188     0x10dc ./HelixMP3/real/dct32.o
                0x080101ac                xmp3_FDCT32
 .text          0x08011264      0x430 ./HelixMP3/real/dequant.o
                0x08011284                xmp3_Dequantize
 .text          0x08011694      0x6d8 ./HelixMP3/real/dqchan.o
                0x0801199c                xmp3_DequantChannel
 .text          0x08011d6c      0xc84 ./HelixMP3/real/huffman.o
                0x080126c0                xmp3_DecodeHuffman
 .text          0x080129f0     0x1ff8 ./HelixMP3/real/imdct.o
                0x080146a8                xmp3_IMDCT
 .text          0x080149e8     0x1950 ./HelixMP3/real/polyphase.o
                0x08014ab8                xmp3_PolyphaseMono
                0x080153a8                xmp3_PolyphaseStereo
 .text          0x08016338      0xaac ./HelixMP3/real/scalfact.o
                0x08016bf0                xmp3_UnpackScaleFactors
 .text          0x08016de4      0xb70 ./HelixMP3/real/stproc.o
                0x08016e38                xmp3_MidSideProc
                0x08016ef8                xmp3_IntensityProcMPEG1
                0x080173d8                xmp3_IntensityProcMPEG2
 .text          0x08017954      0x1c8 ./HelixMP3/real/subband.o
                0x08017954                xmp3_Subband
 .text          0x08017b1c      0x768 ./HelixMP3/mp3dec.o
                0x08017b1c                MP3InitDecoder
                0x08017b38                MP3FreeDecoder
                0x08017b5c                MP3FindSyncWord
                0x08017c78                MP3GetLastFrameInfo
                0x08017d50                MP3GetNextFrameInfo
                0x08017e04                MP3Decode
 .text          0x08018284       0xdc ./GraphicLCD/CGraphicLCD.o
                0x08018284                CGraphicLCD::CGraphicLCD()
                0x08018284                CGraphicLCD::CGraphicLCD()
                0x080182ac                CGraphicLCD::CGraphicLCD(bool)
                0x080182ac                CGraphicLCD::CGraphicLCD(bool)
                0x080182d8                CGraphicLCD::~CGraphicLCD()
                0x080182d8                CGraphicLCD::~CGraphicLCD()
                0x0801830c                CGraphicLCD::~CGraphicLCD()
                0x0801832c                CGraphicLCD::Inverse()
                0x08018344                CGraphicLCD::Inverse(bool)
 .text          0x08018360      0xe5c ./GraphicLCD/CT6963CDriver.o
                0x08018360                CT6963CDriver::CT6963CDriver()
                0x08018360                CT6963CDriver::CT6963CDriver()
                0x08018388                CT6963CDriver::~CT6963CDriver()
                0x08018388                CT6963CDriver::~CT6963CDriver()
                0x080183c0                CT6963CDriver::~CT6963CDriver()
                0x080183e0                CT6963CDriver::Init()
                0x08018540                CT6963CDriver::SetAddressPointer(unsigned int)
                0x08018598                CT6963CDriver::TextGoTo(unsigned char, unsigned char)
                0x080185cc                CT6963CDriver::GraphicGoTo(unsigned char, unsigned char)
                0x0801860c                CT6963CDriver::Clear()
                0x080186a8                CT6963CDriver::WriteDisplayData(unsigned char)
                0x080186e0                CT6963CDriver::WriteChar(char)
                0x08018704                CT6963CDriver::WriteString(char const*, tFont const&, unsigned int, unsigned int)
                0x080188a0                CT6963CDriver::SetPixel(unsigned char, unsigned char)
                0x08018928                CT6963CDriver::Line(unsigned int, unsigned int, unsigned int, unsigned int)
                0x08018a78                CT6963CDriver::Window(unsigned int, unsigned int, unsigned int, unsigned int)
                0x08018dc0                CT6963CDriver::Rectangle(unsigned int, unsigned int, unsigned int, unsigned int, bool)
                0x08018f04                CT6963CDriver::SectorClear(unsigned int, unsigned int, unsigned int, unsigned int)
                0x08018f64                CT6963CDriver::Circle(unsigned char, unsigned char, unsigned char)
                0x080190e8                CT6963CDriver::Bitmap(unsigned char*, unsigned char, unsigned char, unsigned char, unsigned char)
 .text          0x080191bc      0x490 ./GraphicLCD/CT6963GPIOInterface.o
                0x080191bc                CT6963_GPIO_Interface::CT6963_GPIO_Interface()
                0x080191bc                CT6963_GPIO_Interface::CT6963_GPIO_Interface()
                0x080191e4                CT6963_GPIO_Interface::~CT6963_GPIO_Interface()
                0x080191e4                CT6963_GPIO_Interface::~CT6963_GPIO_Interface()
                0x0801921c                CT6963_GPIO_Interface::~CT6963_GPIO_Interface()
                0x0801923c                CheckStatus()
                0x080192f8                CT6963_GPIO_Interface::HardwareInit()
                0x080193b8                CT6963_GPIO_Interface::Reset()
                0x080193f0                CT6963_GPIO_Interface::WriteCommand(unsigned char)
                0x0801949c                CT6963_GPIO_Interface::WriteData(unsigned char)
                0x08019568                CT6963_GPIO_Interface::ReadData()
 .text          0x0801964c      0x250 ./FreeRTOS_EC/Source/AManagedTask.o
                0x0801964c                AManagedTask::AManagedTask()
                0x0801964c                AManagedTask::AManagedTask()
                0x08019684                AManagedTask::~AManagedTask()
                0x08019684                AManagedTask::~AManagedTask()
                0x080196c4                AManagedTask::~AManagedTask()
                0x080196e4                AManagedTask::Create(char const*, unsigned short, unsigned long)
                0x08019748                AManagedTask::taskControlFunc(void*)
                0x08019768                AManagedTask::AddToManagedTask(AManagedTask*)
                0x080197b8                AManagedTask::RemoveFromManagedTask(AManagedTask*)
                0x08019840                AManagedTask::InitHardwareForManagedTasks()
 .text          0x0801989c       0x40 ./FreeRTOS_EC/Source/CFreeRTOS.o
                0x0801989c                CFreeRTOS::CFreeRTOS()
                0x0801989c                CFreeRTOS::CFreeRTOS()
                0x080198b4                CFreeRTOS::~CFreeRTOS()
                0x080198b4                CFreeRTOS::~CFreeRTOS()
                0x080198cc                CFreeRTOS::InitHardwareForManagedTasks()
 .text          0x080198dc      0x1c0 ./FreeRTOS_EC/Source/CTask.o
                0x080198dc                CTask::CTask()
                0x080198dc                CTask::CTask()
                0x0801990c                CTask::CTask(void*)
                0x0801990c                CTask::CTask(void*)
                0x0801993c                CTask::~CTask()
                0x0801993c                CTask::~CTask()
                0x08019980                CTask::~CTask()
                0x080199a0                CTask::Attach(void*)
                0x080199f4                CTask::Create(void (*)(void*), char const*, unsigned short, void*, unsigned long)
                0x08019a50                CTask::CreateRestricted(xTASK_PARAMTERS*)
                0x08019a70                CTask::Delete()
 .text          0x08019a9c      0x248 ./FreeRTOS/Source/portable/GCC/ARM_CM4F/port.o
                0x08019a9c                pxPortInitialiseStack
                0x08019b04                SVC_Handler
                0x08019b24                vPortStartFirstTask
                0x08019b34                xPortStartScheduler
                0x08019b88                vPortEndScheduler
                0x08019b94                vPortYieldFromISR
                0x08019bac                vPortEnterCritical
                0x08019bd8                vPortExitCritical
                0x08019c10                PendSV_Handler
                0x08019c68                SysTick_Handler
 .text          0x08019ce4      0x17c ./FreeRTOS/Source/list.o
                0x08019ce4                vListInitialise
                0x08019d24                vListInitialiseItem
                0x08019d40                vListInsertEnd
                0x08019d94                vListInsert
                0x08019e0c                vListRemove
 .text          0x08019e60      0x7fc ./FreeRTOS/Source/queue.o
                0x08019e60                xQueueCreate
                0x08019f30                xQueueCreateMutex
                0x08019fc8                xQueueGenericSend
                0x0801a0ec                xQueueGenericSendFromISR
                0x0801a17c                xQueueGenericReceive
                0x0801a304                xQueueReceiveFromISR
                0x0801a398                uxQueueMessagesWaiting
                0x0801a3bc                uxQueueMessagesWaitingFromISR
                0x0801a3d8                vQueueDelete
                0x0801a5dc                xQueueIsQueueEmptyFromISR
                0x0801a630                xQueueIsQueueFullFromISR
 .text          0x0801a65c     0x17c0 ./FreeRTOS/Source/tasks.o
                0x0801a65c                xTaskGenericCreate
                0x0801a808                vTaskDelete
                0x0801a8c8                vTaskDelayUntil
                0x0801a97c                vTaskDelay
                0x0801a9d8                uxTaskPriorityGet
                0x0801aa10                vTaskPrioritySet
                0x0801ab3c                vTaskSuspend
                0x0801abfc                xTaskIsTaskSuspended
                0x0801ac4c                vTaskResume
                0x0801acf8                xTaskResumeFromISR
                0x0801adb8                vTaskStartScheduler
                0x0801ae34                vTaskEndScheduler
                0x0801ae54                vTaskSuspendAll
                0x0801ae78                xTaskResumeAll
                0x0801afcc                xTaskGetTickCount
                0x0801aff4                xTaskGetTickCountFromISR
                0x0801b02c                uxTaskGetNumberOfTasks
                0x0801b044                vTaskGetRunTimeStats
                0x0801b1a4                xTaskGetIdleTaskHandle
                0x0801b1bc                vTaskIncrementTick
                0x0801b374                vTaskSetApplicationTaskTag
                0x0801b3ac                xTaskGetApplicationTaskTag
                0x0801b3e8                xTaskCallApplicationTaskHook
                0x0801b434                vTaskSwitchContext
                0x0801b574                vTaskPlaceOnEventList
                0x0801b5ec                xTaskRemoveFromEventList
                0x0801b6b0                vTaskSetTimeOutState
                0x0801b6e0                xTaskCheckForTimeOut
                0x0801b784                vTaskMissedYield
                0x0801bc38                uxTaskGetStackHighWaterMark
                0x0801bc94                xTaskGetCurrentTaskHandle
                0x0801bcb4                vTaskPriorityInherit
                0x0801bd8c                vTaskPriorityDisinherit
 .text          0x0801be1c      0x43c ./Clock/CRTCHandler.o
                0x0801be1c                rtc_handler_namespace::CRTCHandler::CRTCHandler()
                0x0801be1c                rtc_handler_namespace::CRTCHandler::CRTCHandler()
                0x0801be44                rtc_handler_namespace::CRTCHandler::~CRTCHandler()
                0x0801be44                rtc_handler_namespace::CRTCHandler::~CRTCHandler()
                0x0801be7c                rtc_handler_namespace::CRTCHandler::~CRTCHandler()
                0x0801be9c                rtc_handler_namespace::CRTCHandler::GetTimeString()
                0x0801beb8                rtc_handler_namespace::CRTCHandler::GetAlarmString(rtc_handler_namespace::eAlarms)
                0x0801bed8                rtc_handler_namespace::CRTCHandler::SetTimeString(char const*)
                0x0801beec                rtc_handler_namespace::CRTCHandler::SetAlarmString(char const*, rtc_handler_namespace::eAlarms)
                0x0801bf04                rtc_handler_namespace::CRTCHandler::HardwareInit()
                0x0801bf4c                rtc_handler_namespace::CRTCHandler::Run()
                0x0801bf60                rtc_handler_namespace::CRTCHandler::RTC_Config()
                0x0801c048                rtc_handler_namespace::CRTCHandler::GetLSIFrequency()
                0x0801c1b0                TIM5_IRQHandler
 .text          0x0801c258      0x10c ./Audio_MP3/USB_MSC/CUSBMassStorage.o
                0x0801c258                CUSB_MassStorage::CUSB_MassStorage()
                0x0801c258                CUSB_MassStorage::CUSB_MassStorage()
                0x0801c280                CUSB_MassStorage::~CUSB_MassStorage()
                0x0801c280                CUSB_MassStorage::~CUSB_MassStorage()
                0x0801c2b8                CUSB_MassStorage::~CUSB_MassStorage()
                0x0801c2d8                CUSB_MassStorage::HardwareInit()
                0x0801c318                CUSB_MassStorage::Run()
                0x0801c338                CUSB_MassStorage::IsDeviceConnected()
 .text          0x0801c364      0x254 ./Audio_MP3/USB_MSC/usb_bsp.o
                0x0801c364                BSP_Init
                0x0801c378                USB_OTG_BSP_Init
                0x0801c458                USB_OTG_BSP_EnableInterrupt
                0x0801c494                USB_OTG_BSP_DriveVBUS
                0x0801c4d0                USB_OTG_BSP_ConfigVBUS
                0x0801c534                USB_OTG_BSP_uDelay
                0x0801c58c                USB_OTG_BSP_mDelay
                0x0801c5ac                USB_OTG_BSP_TimerIRQ
 .text          0x0801c5b8      0x254 ./Audio_MP3/USB_MSC/usbh_usr.o
                0x0801c5b8                USBH_USR_Init
                0x0801c67c                USBH_USR_DeviceAttached
                0x0801c688                USBH_USR_UnrecoveredError
                0x0801c694                USBH_USR_DeviceDisconnected
                0x0801c6b8                USBH_USR_ResetDevice
                0x0801c6c4                USBH_USR_DeviceSpeedDetected
                0x0801c6d8                USBH_USR_Device_DescAvailable
                0x0801c6ec                USBH_USR_DeviceAddressAssigned
                0x0801c6f8                USBH_USR_Configuration_DescAvailable
                0x0801c710                USBH_USR_Manufacturer_String
                0x0801c724                USBH_USR_Product_String
                0x0801c738                USBH_USR_SerialNum_String
                0x0801c74c                USBH_USR_EnumerationDone
                0x0801c790                USBH_USR_DeviceNotSupported
                0x0801c79c                USBH_USR_UserInput
                0x0801c7ac                USBH_USR_OverCurrentDetected
                0x0801c7b8                USBH_USR_MSC_Application
                0x0801c800                USBH_USR_DeInit
 .text          0x0801c80c     0x44a0 ./Audio_MP3/FatFs/src/ff.o
                0x0801e268                f_mount
                0x0801e2cc                f_open
                0x0801e630                f_read
                0x0801e944                f_write
                0x0801ecb8                f_sync
                0x0801ee78                f_close
                0x0801eea4                f_chdrive
                0x0801eed8                f_chdir
                0x0801efb4                f_lseek
                0x0801f2c0                f_opendir
                0x0801f39c                f_readdir
                0x0801f438                f_stat
                0x0801f4b0                f_getfree
                0x0801f67c                f_truncate
                0x0801f7a4                f_unlink
                0x0801f95c                f_mkdir
                0x0801fcf0                f_chmod
                0x0801fdcc                f_utime
                0x0801feb8                f_rename
                0x08020120                f_mkfs
 .text          0x08020cac      0xd84 ./Audio_MP3/CFileHandler.o
                0x08020cac                CFileHandler::CFileHandler()
                0x08020cac                CFileHandler::CFileHandler()
                0x08020d44                CFileHandler::~CFileHandler()
                0x08020d44                CFileHandler::~CFileHandler()
                0x08020d7c                CFileHandler::~CFileHandler()
                0x08020d9c                CFileHandler::HardwareInit()
                0x08020e94                CFileHandler::Run()
                0x08020ef4                CFileHandler::RefillBuffer()
                0x08020fc8                CFileHandler::ReadConfig()
                0x08020fdc                CFileHandler::WriteConfig()
                0x08020ff0                CFileHandler::MP3Player()
                0x080212fc                CFileHandler::GetUSBRelease(unsigned long)
                0x08021348                CFileHandler::ReleaseUSB()
                0x08021374                CFileHandler::PlayMP3(char const*)
                0x0802179c                CFileHandler::GetSong()
                0x080217bc                CFileHandler::PlayPause()
                0x080217fc                CFileHandler::SetVolume(unsigned char)
                0x08021820                CFileHandler::Mems_Config()
                0x0802193c                CFileHandler::EXTILine_Config()
                0x080219e0                EVAL_AUDIO_TransferComplete_CallBack
                0x08021a20                EVAL_AUDIO_GetSampleCallBack
 .text          0x08021a30       0x10 ./Audio_MP3/fattime.o
                0x08021a30                get_fattime
 .text          0x08021a40      0x1b0 ./CLedHeartBeatSTM32F4Disc.o
                0x08021a40                CLedHeartBeatSTM32F4Disc::CLedHeartBeatSTM32F4Disc(unsigned long)
                0x08021a40                CLedHeartBeatSTM32F4Disc::CLedHeartBeatSTM32F4Disc(unsigned long)
                0x08021a78                CLedHeartBeatSTM32F4Disc::~CLedHeartBeatSTM32F4Disc()
                0x08021a78                CLedHeartBeatSTM32F4Disc::~CLedHeartBeatSTM32F4Disc()
                0x08021ab0                CLedHeartBeatSTM32F4Disc::~CLedHeartBeatSTM32F4Disc()
                0x08021ad0                CLedHeartBeatSTM32F4Disc::HardwareInit()
                0x08021b08                CLedHeartBeatSTM32F4Disc::Run()
 .text          0x08021bf0      0x1b0 ./main.o
                0x08021bf0                main
                0x08021c5c                vApplicationTickHook
                0x08021c68                vApplicationIdleHook
                0x08021c74                vApplicationMallocFailedHook
                0x08021c80                vApplicationStackOverflowHook
 .text          0x08021da0       0xfc ./stm32f4xx_it.o
                0x08021da0                NMI_Handler
                0x08021dac                HardFault_Handler
                0x08021db4                MemManage_Handler
                0x08021dbc                BusFault_Handler
                0x08021dc4                UsageFault_Handler
                0x08021dcc                DebugMon_Handler
                0x08021dd8                EXTI1_IRQHandler
                0x08021e2c                EXTI0_IRQHandler
                0x08021e88                OTG_FS_IRQHandler
 .text          0x08021e9c      0x1f0 ./syscalls.o
                0x08021e9c                _exit
                0x08021ea8                _read_r
                0x08021ec8                _write_r
                0x08021ee8                _lseek_r
                0x08021f10                _close_r
                0x08021f34                _fstat_r
                0x08021f74                _isatty_r
                0x08021f90                _sbrk_r
                0x08022020                _kill_r
                0x08022044                _getpid_r
                0x08022064                __malloc_lock
                0x08022078                __malloc_unlock
 .text          0x0802208c      0x3e8 ./system_stm32f4xx.o
                0x0802208c                SystemInit
                0x08022120                SystemCoreClockUpdate
 .text          0x08022474      0x178 ./ustime.o
                0x08022474                get_us_time
                0x08022500                delay_us
                0x0802255c                delay_ms
                0x0802257c                init_us_timer
 .text          0x080225ec     0x9850 c:/chibistudio/tools/gnu tools arm embedded/4.6 2012q2/bin/../lib/gcc/arm-none-eabi/4.6.2/../../../../arm-none-eabi/lib/armv7e-m\libstdc++.a(cp-demangle.o)
                0x0802bd54                __cxa_demangle
                0x0802be18                __gcclibcxx_demangle_callback
 .text          0x0802be3c      0xb54 c:/chibistudio/tools/gnu tools arm embedded/4.6 2012q2/bin/../lib/gcc/arm-none-eabi/4.6.2/armv7e-m\libgcc.a(unwind-arm.o)
                0x0802c0e4                _Unwind_VRS_Get
                0x0802c124                _Unwind_VRS_Set
                0x0802c484                __aeabi_unwind_cpp_pr2
                0x0802c488                __aeabi_unwind_cpp_pr1
                0x0802c48c                __aeabi_unwind_cpp_pr0
                0x0802c490                _Unwind_VRS_Pop
                0x0802c844                _Unwind_GetCFA
                0x0802c848                __gnu_Unwind_RaiseException
                0x0802c8a8                __gnu_Unwind_ForcedUnwind
                0x0802c8bc                __gnu_Unwind_Resume
                0x0802c8f8                __gnu_Unwind_Resume_or_Rethrow
                0x0802c908                _Unwind_Complete
                0x0802c90c                _Unwind_DeleteException
                0x0802c91c                __gnu_Unwind_Backtrace
 .text          0x0802c990      0x1ac c:/chibistudio/tools/gnu tools arm embedded/4.6 2012q2/bin/../lib/gcc/arm-none-eabi/4.6.2/armv7e-m\libgcc.a(libunwind.o)
                0x0802c990                __restore_core_regs
                0x0802c990                restore_core_regs
                0x0802c9a8                __gnu_Unwind_Restore_VFP
                0x0802c9b0                __gnu_Unwind_Save_VFP
                0x0802c9b8                __gnu_Unwind_Restore_VFP_D
                0x0802c9c0                __gnu_Unwind_Save_VFP_D
                0x0802c9c8                __gnu_Unwind_Restore_VFP_D_16_to_31
                0x0802c9d0                __gnu_Unwind_Save_VFP_D_16_to_31
                0x0802c9d8                __gnu_Unwind_Restore_WMMXD
                0x0802ca1c                __gnu_Unwind_Save_WMMXD
                0x0802ca60                __gnu_Unwind_Restore_WMMXC
                0x0802ca74                __gnu_Unwind_Save_WMMXC
                0x0802ca88                ___Unwind_RaiseException
                0x0802ca88                _Unwind_RaiseException
                0x0802caac                _Unwind_Resume
                0x0802caac                ___Unwind_Resume
                0x0802cad0                _Unwind_Resume_or_Rethrow
                0x0802cad0                ___Unwind_Resume_or_Rethrow
                0x0802caf4                _Unwind_ForcedUnwind
                0x0802caf4                ___Unwind_ForcedUnwind
                0x0802cb18                ___Unwind_Backtrace
                0x0802cb18                _Unwind_Backtrace
 .text          0x0802cb3c      0x374 c:/chibistudio/tools/gnu tools arm embedded/4.6 2012q2/bin/../lib/gcc/arm-none-eabi/4.6.2/armv7e-m\libgcc.a(pr-support.o)
                0x0802cb90                __gnu_unwind_execute
                0x0802ce58                __gnu_unwind_frame
                0x0802ce80                _Unwind_GetRegionStart
                0x0802ce8c                _Unwind_GetLanguageSpecificData
                0x0802cea0                _Unwind_GetDataRelBase
                0x0802cea8                _Unwind_GetTextRelBase
 .text          0x0802ceb0      0x370 c:/chibistudio/tools/gnu tools arm embedded/4.6 2012q2/bin/../lib/gcc/arm-none-eabi/4.6.2/armv7e-m\libgcc.a(_arm_addsubdf3.o)
                0x0802ceb0                __aeabi_drsub
                0x0802ceb8                __aeabi_dsub
                0x0802ceb8                __subdf3
                0x0802cebc                __aeabi_dadd
                0x0802cebc                __adddf3
                0x0802d134                __floatunsidf
                0x0802d134                __aeabi_ui2d
                0x0802d154                __floatsidf
                0x0802d154                __aeabi_i2d
                0x0802d178                __aeabi_f2d
                0x0802d178                __extendsfdf2
                0x0802d1b4                __floatundidf
                0x0802d1b4                __aeabi_ul2d
                0x0802d1c4                __floatdidf
                0x0802d1c4                __aeabi_l2d
 .text          0x0802d220      0x424 c:/chibistudio/tools/gnu tools arm embedded/4.6 2012q2/bin/../lib/gcc/arm-none-eabi/4.6.2/armv7e-m\libgcc.a(_arm_muldivdf3.o)
                0x0802d220                __aeabi_dmul
                0x0802d220                __muldf3
                0x0802d474                __divdf3
                0x0802d474                __aeabi_ddiv
 .text          0x0802d644      0x110 c:/chibistudio/tools/gnu tools arm embedded/4.6 2012q2/bin/../lib/gcc/arm-none-eabi/4.6.2/armv7e-m\libgcc.a(_arm_cmpdf2.o)
                0x0802d644                __gtdf2
                0x0802d644                __gedf2
                0x0802d64c                __ltdf2
                0x0802d64c                __ledf2
                0x0802d654                __nedf2
                0x0802d654                __eqdf2
                0x0802d654                __cmpdf2
                0x0802d6d0                __aeabi_cdrcmple
                0x0802d6e0                __aeabi_cdcmpeq
                0x0802d6e0                __aeabi_cdcmple
                0x0802d6f0                __aeabi_dcmpeq
                0x0802d704                __aeabi_dcmplt
                0x0802d718                __aeabi_dcmple
                0x0802d72c                __aeabi_dcmpge
                0x0802d740                __aeabi_dcmpgt
 .text          0x0802d754       0x50 c:/chibistudio/tools/gnu tools arm embedded/4.6 2012q2/bin/../lib/gcc/arm-none-eabi/4.6.2/armv7e-m\libgcc.a(_arm_fixdfsi.o)
                0x0802d754                __aeabi_d2iz
                0x0802d754                __fixdfsi
 .text          0x0802d7a4       0x2c c:/chibistudio/tools/gnu tools arm embedded/4.6 2012q2/bin/../lib/gcc/arm-none-eabi/4.6.2/armv7e-m\libgcc.a(_aeabi_uldivmod.o)
                0x0802d7a4                __aeabi_uldivmod
 .text          0x0802d7d0       0x58 c:/chibistudio/tools/gnu tools arm embedded/4.6 2012q2/bin/../lib/gcc/arm-none-eabi/4.6.2/armv7e-m\libgcc.a(bpabi.o)
                0x0802d7d0                __gnu_ldivmod_helper
                0x0802d7fc                __gnu_uldivmod_helper
 .text          0x0802d828        0x4 c:/chibistudio/tools/gnu tools arm embedded/4.6 2012q2/bin/../lib/gcc/arm-none-eabi/4.6.2/armv7e-m\libgcc.a(_dvmd_tls.o)
                0x0802d828                __aeabi_idiv0
                0x0802d828                __aeabi_ldiv0
 .text          0x0802d82c      0x2c8 c:/chibistudio/tools/gnu tools arm embedded/4.6 2012q2/bin/../lib/gcc/arm-none-eabi/4.6.2/armv7e-m\libgcc.a(_divdi3.o)
                0x0802d82c                __divdi3
 .text          0x0802daf4      0x298 c:/chibistudio/tools/gnu tools arm embedded/4.6 2012q2/bin/../lib/gcc/arm-none-eabi/4.6.2/armv7e-m\libgcc.a(_udivdi3.o)
                0x0802daf4                __udivdi3
 *(.text*)
 .text._ZNK5CTask7IsValidEv
                0x0802dd8c       0x24 ./Menue/CMenue.o
                0x0802dd8c                CTask::IsValid() const
 .text._ZN5CTask6DetachEv
                0x0802ddb0       0x24 ./Menue/CMenue.o
                0x0802ddb0                CTask::Detach()
 .text._ZN12AManagedTask8OnCreateEPKctm
                0x0802ddd4       0x20 ./Menue/CMenue.o
                0x0802ddd4                AManagedTask::OnCreate(char const*, unsigned short, unsigned long)
 .text._ZN5CTask13EnterCriticalEv
                0x0802ddf4        0xc ./FreeRTOS_EC/Source/AManagedTask.o
                0x0802ddf4                CTask::EnterCritical()
 .text._ZN5CTask12ExitCriticalEv
                0x0802de00        0xc ./FreeRTOS_EC/Source/AManagedTask.o
                0x0802de00                CTask::ExitCritical()
 .text._ZN12AManagedTask12HardwareInitEv
                0x0802de0c       0x18 ./FreeRTOS_EC/Source/AManagedTask.o
                0x0802de0c                AManagedTask::HardwareInit()
 .text._ZN9CFreeRTOS15SuspendAllTasksEv
                0x0802de24        0xc ./FreeRTOS_EC/Source/AManagedTask.o
                0x0802de24                CFreeRTOS::SuspendAllTasks()
 .text._ZN9CFreeRTOS14ResumeAllTasksEv
                0x0802de30       0x10 ./FreeRTOS_EC/Source/AManagedTask.o
                0x0802de30                CFreeRTOS::ResumeAllTasks()
 .text._ZN12IFreeRTOSObjC2Ev
                0x0802de40       0x20 ./FreeRTOS_EC/Source/ASyncObject.o
                0x0802de40                IFreeRTOSObj::IFreeRTOSObj()
                0x0802de40                IFreeRTOSObj::IFreeRTOSObj()
 .text._ZN12CFileHandler15GetUSBConnectedEv
                0x0802de60       0x20 ./Audio_MP3/CFileHandler.o
                0x0802de60                CFileHandler::GetUSBConnected()
 .text._ZN9CFreeRTOS14StartSchedulerEv
                0x0802de80        0xc ./main.o
                0x0802de80                CFreeRTOS::StartScheduler()
 .text.Reset_Handler
                0x0802de8c       0x58 ./startup_stm32f4xx.o
                0x0802de8c                Reset_Handler
 .text.Default_Handler
                0x0802dee4        0x2 ./startup_stm32f4xx.o
                0x0802dee4                RTC_Alarm_IRQHandler
                0x0802dee4                HASH_RNG_IRQHandler
                0x0802dee4                EXTI2_IRQHandler
                0x0802dee4                TIM8_CC_IRQHandler
                0x0802dee4                TIM1_CC_IRQHandler
                0x0802dee4                DMA2_Stream5_IRQHandler
                0x0802dee4                DMA1_Stream5_IRQHandler
                0x0802dee4                PVD_IRQHandler
                0x0802dee4                SDIO_IRQHandler
                0x0802dee4                TAMP_STAMP_IRQHandler
                0x0802dee4                CAN2_RX1_IRQHandler
                0x0802dee4                EXTI3_IRQHandler
                0x0802dee4                TIM8_TRG_COM_TIM14_IRQHandler
                0x0802dee4                TIM1_UP_TIM10_IRQHandler
                0x0802dee4                TIM8_UP_TIM13_IRQHandler
                0x0802dee4                I2C3_ER_IRQHandler
                0x0802dee4                I2C2_EV_IRQHandler
                0x0802dee4                DMA1_Stream2_IRQHandler
                0x0802dee4                CAN1_RX0_IRQHandler
                0x0802dee4                FPU_IRQHandler
                0x0802dee4                OTG_HS_WKUP_IRQHandler
                0x0802dee4                CAN2_SCE_IRQHandler
                0x0802dee4                DMA2_Stream2_IRQHandler
                0x0802dee4                SPI1_IRQHandler
                0x0802dee4                TIM6_DAC_IRQHandler
                0x0802dee4                TIM1_BRK_TIM9_IRQHandler
                0x0802dee4                DCMI_IRQHandler
                0x0802dee4                CAN2_RX0_IRQHandler
                0x0802dee4                DMA2_Stream3_IRQHandler
                0x0802dee4                USART6_IRQHandler
                0x0802dee4                USART3_IRQHandler
                0x0802dee4                CRYP_IRQHandler
                0x0802dee4                CAN1_RX1_IRQHandler
                0x0802dee4                UART5_IRQHandler
                0x0802dee4                DMA2_Stream0_IRQHandler
                0x0802dee4                TIM4_IRQHandler
                0x0802dee4                I2C1_EV_IRQHandler
                0x0802dee4                DMA1_Stream6_IRQHandler
                0x0802dee4                DMA1_Stream1_IRQHandler
                0x0802dee4                UART4_IRQHandler
                0x0802dee4                TIM3_IRQHandler
                0x0802dee4                RCC_IRQHandler
                0x0802dee4                TIM8_BRK_TIM12_IRQHandler
                0x0802dee4                Default_Handler
                0x0802dee4                EXTI15_10_IRQHandler
                0x0802dee4                ADC_IRQHandler
                0x0802dee4                TIM7_IRQHandler
                0x0802dee4                CAN2_TX_IRQHandler
                0x0802dee4                DMA2_Stream7_IRQHandler
                0x0802dee4                I2C3_EV_IRQHandler
                0x0802dee4                EXTI9_5_IRQHandler
                0x0802dee4                RTC_WKUP_IRQHandler
                0x0802dee4                ETH_WKUP_IRQHandler
                0x0802dee4                SPI2_IRQHandler
                0x0802dee4                OTG_HS_EP1_IN_IRQHandler
                0x0802dee4                CAN1_TX_IRQHandler
                0x0802dee4                EXTI4_IRQHandler
                0x0802dee4                FSMC_IRQHandler
                0x0802dee4                ETH_IRQHandler
                0x0802dee4                OTG_HS_EP1_OUT_IRQHandler
                0x0802dee4                WWDG_IRQHandler
                0x0802dee4                TIM2_IRQHandler
                0x0802dee4                OTG_FS_WKUP_IRQHandler
                0x0802dee4                TIM1_TRG_COM_TIM11_IRQHandler
                0x0802dee4                OTG_HS_IRQHandler
                0x0802dee4                USART2_IRQHandler
                0x0802dee4                I2C2_ER_IRQHandler
                0x0802dee4                DMA2_Stream1_IRQHandler
                0x0802dee4                CAN1_SCE_IRQHandler
                0x0802dee4                FLASH_IRQHandler
                0x0802dee4                DMA2_Stream4_IRQHandler
                0x0802dee4                USART1_IRQHandler
                0x0802dee4                DMA1_Stream4_IRQHandler
                0x0802dee4                I2C1_ER_IRQHandler
                0x0802dee4                DMA2_Stream6_IRQHandler
                0x0802dee4                DMA1_Stream3_IRQHandler
 *fill*         0x0802dee6        0x2 00
 .text.__cxa_pure_virtual
                0x0802dee8       0x18 c:/chibistudio/tools/gnu tools arm embedded/4.6 2012q2/bin/../lib/gcc/arm-none-eabi/4.6.2/../../../../arm-none-eabi/lib/armv7e-m\libstdc++.a(pure.o)
                0x0802dee8                __cxa_pure_virtual
 .text._ZdlPv   0x0802df00        0x8 c:/chibistudio/tools/gnu tools arm embedded/4.6 2012q2/bin/../lib/gcc/arm-none-eabi/4.6.2/../../../../arm-none-eabi/lib/armv7e-m\libstdc++.a(del_op.o)
                0x0802df00                operator delete(void*)
 .text.__aeabi_atexit
                0x0802df08        0xc c:/chibistudio/tools/gnu tools arm embedded/4.6 2012q2/bin/../lib/gcc/arm-none-eabi/4.6.2/../../../../arm-none-eabi/lib/armv7e-m\libstdc++.a(atexit_arm.o)
                0x0802df08                __aeabi_atexit
 .text._ZN10__cxxabiv111__terminateEPFvvE
                0x0802df14       0x28 c:/chibistudio/tools/gnu tools arm embedded/4.6 2012q2/bin/../lib/gcc/arm-none-eabi/4.6.2/../../../../arm-none-eabi/lib/armv7e-m\libstdc++.a(eh_terminate.o)
                0x0802df14                __cxxabiv1::__terminate(void (*)())
 .text._ZSt9terminatev
                0x0802df3c       0x10 c:/chibistudio/tools/gnu tools arm embedded/4.6 2012q2/bin/../lib/gcc/arm-none-eabi/4.6.2/../../../../arm-none-eabi/lib/armv7e-m\libstdc++.a(eh_terminate.o)
                0x0802df3c                std::terminate()
 .text._ZN10__cxxabiv112__unexpectedEPFvvE
                0x0802df4c        0x8 c:/chibistudio/tools/gnu tools arm embedded/4.6 2012q2/bin/../lib/gcc/arm-none-eabi/4.6.2/../../../../arm-none-eabi/lib/armv7e-m\libstdc++.a(eh_terminate.o)
                0x0802df4c                __cxxabiv1::__unexpected(void (*)())
 .text._ZSt10unexpectedv
                0x0802df54       0x14 c:/chibistudio/tools/gnu tools arm embedded/4.6 2012q2/bin/../lib/gcc/arm-none-eabi/4.6.2/../../../../arm-none-eabi/lib/armv7e-m\libstdc++.a(eh_terminate.o)
                0x0802df54                std::unexpected()
 .text.__cxa_call_terminate
                0x0802df68       0x50 c:/chibistudio/tools/gnu tools arm embedded/4.6 2012q2/bin/../lib/gcc/arm-none-eabi/4.6.2/../../../../arm-none-eabi/lib/armv7e-m\libstdc++.a(eh_call.o)
                0x0802df68                __cxa_call_terminate
 .text.__cxa_call_unexpected
                0x0802dfb8      0x120 c:/chibistudio/tools/gnu tools arm embedded/4.6 2012q2/bin/../lib/gcc/arm-none-eabi/4.6.2/../../../../arm-none-eabi/lib/armv7e-m\libstdc++.a(eh_call.o)
                0x0802dfb8                __cxa_call_unexpected
 .text.__cxa_end_cleanup
                0x0802e0d8        0xc c:/chibistudio/tools/gnu tools arm embedded/4.6 2012q2/bin/../lib/gcc/arm-none-eabi/4.6.2/../../../../arm-none-eabi/lib/armv7e-m\libstdc++.a(eh_arm.o)
                0x0802e0d8                __cxa_end_cleanup
 .text.__cxa_type_match
                0x0802e0e4       0xec c:/chibistudio/tools/gnu tools arm embedded/4.6 2012q2/bin/../lib/gcc/arm-none-eabi/4.6.2/../../../../arm-none-eabi/lib/armv7e-m\libstdc++.a(eh_arm.o)
                0x0802e0e4                __cxa_type_match
 .text.__cxa_begin_cleanup
                0x0802e1d0       0x78 c:/chibistudio/tools/gnu tools arm embedded/4.6 2012q2/bin/../lib/gcc/arm-none-eabi/4.6.2/../../../../arm-none-eabi/lib/armv7e-m\libstdc++.a(eh_arm.o)
                0x0802e1d0                __cxa_begin_cleanup
 .text.__gnu_end_cleanup
                0x0802e248       0x7c c:/chibistudio/tools/gnu tools arm embedded/4.6 2012q2/bin/../lib/gcc/arm-none-eabi/4.6.2/../../../../arm-none-eabi/lib/armv7e-m\libstdc++.a(eh_arm.o)
                0x0802e248                __gnu_end_cleanup
 .text.__cxa_bad_typeid
                0x0802e2c4       0x24 c:/chibistudio/tools/gnu tools arm embedded/4.6 2012q2/bin/../lib/gcc/arm-none-eabi/4.6.2/../../../../arm-none-eabi/lib/armv7e-m\libstdc++.a(eh_aux_runtime.o)
                0x0802e2c4                __cxa_bad_typeid
 .text.__cxa_get_globals_fast
                0x0802e2e8        0xc c:/chibistudio/tools/gnu tools arm embedded/4.6 2012q2/bin/../lib/gcc/arm-none-eabi/4.6.2/../../../../arm-none-eabi/lib/armv7e-m\libstdc++.a(eh_globals.o)
                0x0802e2e8                __cxa_get_globals_fast
 .text.__cxa_get_globals
                0x0802e2f4        0xc c:/chibistudio/tools/gnu tools arm embedded/4.6 2012q2/bin/../lib/gcc/arm-none-eabi/4.6.2/../../../../arm-none-eabi/lib/armv7e-m\libstdc++.a(eh_globals.o)
                0x0802e2f4                __cxa_get_globals
 .text.__cxa_begin_catch
                0x0802e300       0x98 c:/chibistudio/tools/gnu tools arm embedded/4.6 2012q2/bin/../lib/gcc/arm-none-eabi/4.6.2/../../../../arm-none-eabi/lib/armv7e-m\libstdc++.a(eh_catch.o)
                0x0802e300                __cxa_begin_catch
 .text.__cxa_end_catch
                0x0802e398       0x98 c:/chibistudio/tools/gnu tools arm embedded/4.6 2012q2/bin/../lib/gcc/arm-none-eabi/4.6.2/../../../../arm-none-eabi/lib/armv7e-m\libstdc++.a(eh_catch.o)
                0x0802e398                __cxa_end_catch
 .text._ZNSt9exceptionD2Ev
                0x0802e430        0xc c:/chibistudio/tools/gnu tools arm embedded/4.6 2012q2/bin/../lib/gcc/arm-none-eabi/4.6.2/../../../../arm-none-eabi/lib/armv7e-m\libstdc++.a(eh_exception.o)
                0x0802e430                std::exception::~exception()
                0x0802e430                std::exception::~exception()
 .text._ZNSt13bad_exceptionD2Ev
                0x0802e43c        0xc c:/chibistudio/tools/gnu tools arm embedded/4.6 2012q2/bin/../lib/gcc/arm-none-eabi/4.6.2/../../../../arm-none-eabi/lib/armv7e-m\libstdc++.a(eh_exception.o)
                0x0802e43c                std::bad_exception::~bad_exception()
                0x0802e43c                std::bad_exception::~bad_exception()
 .text._ZNKSt9exception4whatEv
                0x0802e448        0xc c:/chibistudio/tools/gnu tools arm embedded/4.6 2012q2/bin/../lib/gcc/arm-none-eabi/4.6.2/../../../../arm-none-eabi/lib/armv7e-m\libstdc++.a(eh_exception.o)
                0x0802e448                std::exception::what() const
 .text._ZNKSt13bad_exception4whatEv
                0x0802e454        0xc c:/chibistudio/tools/gnu tools arm embedded/4.6 2012q2/bin/../lib/gcc/arm-none-eabi/4.6.2/../../../../arm-none-eabi/lib/armv7e-m\libstdc++.a(eh_exception.o)
                0x0802e454                std::bad_exception::what() const
 .text._ZNSt13bad_exceptionD0Ev
                0x0802e460       0x14 c:/chibistudio/tools/gnu tools arm embedded/4.6 2012q2/bin/../lib/gcc/arm-none-eabi/4.6.2/../../../../arm-none-eabi/lib/armv7e-m\libstdc++.a(eh_exception.o)
                0x0802e460                std::bad_exception::~bad_exception()
 .text._ZNSt9exceptionD0Ev
                0x0802e474       0x14 c:/chibistudio/tools/gnu tools arm embedded/4.6 2012q2/bin/../lib/gcc/arm-none-eabi/4.6.2/../../../../arm-none-eabi/lib/armv7e-m\libstdc++.a(eh_exception.o)
                0x0802e474                std::exception::~exception()
 .text._ZNK10__cxxabiv117__class_type_info11__do_upcastEPKS0_PPv
                0x0802e488       0x38 c:/chibistudio/tools/gnu tools arm embedded/4.6 2012q2/bin/../lib/gcc/arm-none-eabi/4.6.2/../../../../arm-none-eabi/lib/armv7e-m\libstdc++.a(class_type_info.o)
                0x0802e488                __cxxabiv1::__class_type_info::__do_upcast(__cxxabiv1::__class_type_info const*, void**) const
 .text._ZNK10__cxxabiv117__class_type_info20__do_find_public_srcEiPKvPKS0_S2_
                0x0802e4c0        0xc c:/chibistudio/tools/gnu tools arm embedded/4.6 2012q2/bin/../lib/gcc/arm-none-eabi/4.6.2/../../../../arm-none-eabi/lib/armv7e-m\libstdc++.a(class_type_info.o)
                0x0802e4c0                __cxxabiv1::__class_type_info::__do_find_public_src(int, void const*, __cxxabiv1::__class_type_info const*, void const*) const
 .text._ZNK10__cxxabiv117__class_type_info11__do_upcastEPKS0_PKvRNS0_15__upcast_resultE
                0x0802e4cc       0x1c c:/chibistudio/tools/gnu tools arm embedded/4.6 2012q2/bin/../lib/gcc/arm-none-eabi/4.6.2/../../../../arm-none-eabi/lib/armv7e-m\libstdc++.a(class_type_info.o)
                0x0802e4cc                __cxxabiv1::__class_type_info::__do_upcast(__cxxabiv1::__class_type_info const*, void const*, __cxxabiv1::__class_type_info::__upcast_result&) const
 .text._ZN10__cxxabiv117__class_type_infoD2Ev
                0x0802e4e8       0x14 c:/chibistudio/tools/gnu tools arm embedded/4.6 2012q2/bin/../lib/gcc/arm-none-eabi/4.6.2/../../../../arm-none-eabi/lib/armv7e-m\libstdc++.a(class_type_info.o)
                0x0802e4e8                __cxxabiv1::__class_type_info::~__class_type_info()
                0x0802e4e8                __cxxabiv1::__class_type_info::~__class_type_info()
 .text._ZN10__cxxabiv117__class_type_infoD0Ev
                0x0802e4fc       0x1c c:/chibistudio/tools/gnu tools arm embedded/4.6 2012q2/bin/../lib/gcc/arm-none-eabi/4.6.2/../../../../arm-none-eabi/lib/armv7e-m\libstdc++.a(class_type_info.o)
                0x0802e4fc                __cxxabiv1::__class_type_info::~__class_type_info()
 .text._ZNK10__cxxabiv117__class_type_info12__do_dyncastEiNS0_10__sub_kindEPKS0_PKvS3_S5_RNS0_16__dyncast_resultE
                0x0802e518       0x3c c:/chibistudio/tools/gnu tools arm embedded/4.6 2012q2/bin/../lib/gcc/arm-none-eabi/4.6.2/../../../../arm-none-eabi/lib/armv7e-m\libstdc++.a(class_type_info.o)
                0x0802e518                __cxxabiv1::__class_type_info::__do_dyncast(int, __cxxabiv1::__class_type_info::__sub_kind, __cxxabiv1::__class_type_info const*, void const*, __cxxabiv1::__class_type_info const*, void const*, __cxxabiv1::__class_type_info::__dyncast_result&) const
 .text._ZNK10__cxxabiv117__class_type_info10__do_catchEPKSt9type_infoPPvj
                0x0802e554       0x28 c:/chibistudio/tools/gnu tools arm embedded/4.6 2012q2/bin/../lib/gcc/arm-none-eabi/4.6.2/../../../../arm-none-eabi/lib/armv7e-m\libstdc++.a(class_type_info.o)
                0x0802e554                __cxxabiv1::__class_type_info::__do_catch(std::type_info const*, void**, unsigned int) const
 .text._ZL23__gxx_exception_cleanup19_Unwind_Reason_CodeP21_Unwind_Control_Block
                0x0802e57c       0x4c c:/chibistudio/tools/gnu tools arm embedded/4.6 2012q2/bin/../lib/gcc/arm-none-eabi/4.6.2/../../../../arm-none-eabi/lib/armv7e-m\libstdc++.a(eh_throw.o)
 .text.__cxa_throw
                0x0802e5c8       0x80 c:/chibistudio/tools/gnu tools arm embedded/4.6 2012q2/bin/../lib/gcc/arm-none-eabi/4.6.2/../../../../arm-none-eabi/lib/armv7e-m\libstdc++.a(eh_throw.o)
                0x0802e5c8                __cxa_throw
 .text.__cxa_rethrow
                0x0802e648       0x78 c:/chibistudio/tools/gnu tools arm embedded/4.6 2012q2/bin/../lib/gcc/arm-none-eabi/4.6.2/../../../../arm-none-eabi/lib/armv7e-m\libstdc++.a(eh_throw.o)
                0x0802e648                __cxa_rethrow
 .text._ZL12read_sleb128PKhPl
                0x0802e6c0       0x3c c:/chibistudio/tools/gnu tools arm embedded/4.6 2012q2/bin/../lib/gcc/arm-none-eabi/4.6.2/../../../../arm-none-eabi/lib/armv7e-m\libstdc++.a(eh_personality.o)
 .text._ZL28read_encoded_value_with_basehjPKhPj
                0x0802e6fc       0xa4 c:/chibistudio/tools/gnu tools arm embedded/4.6 2012q2/bin/../lib/gcc/arm-none-eabi/4.6.2/../../../../arm-none-eabi/lib/armv7e-m\libstdc++.a(eh_personality.o)
 .text._ZL21base_of_encoded_valuehP15_Unwind_Context
                0x0802e7a0       0x4c c:/chibistudio/tools/gnu tools arm embedded/4.6 2012q2/bin/../lib/gcc/arm-none-eabi/4.6.2/../../../../arm-none-eabi/lib/armv7e-m\libstdc++.a(eh_personality.o)
 .text._ZL17parse_lsda_headerP15_Unwind_ContextPKhP16lsda_header_info.constprop.1
                0x0802e7ec       0x90 c:/chibistudio/tools/gnu tools arm embedded/4.6 2012q2/bin/../lib/gcc/arm-none-eabi/4.6.2/../../../../arm-none-eabi/lib/armv7e-m\libstdc++.a(eh_personality.o)
 .text.__gxx_personality_v0
                0x0802e87c      0x3bc c:/chibistudio/tools/gnu tools arm embedded/4.6 2012q2/bin/../lib/gcc/arm-none-eabi/4.6.2/../../../../arm-none-eabi/lib/armv7e-m\libstdc++.a(eh_personality.o)
                0x0802e87c                __gxx_personality_v0
 .text.__cxa_allocate_exception
                0x0802ec38       0x70 c:/chibistudio/tools/gnu tools arm embedded/4.6 2012q2/bin/../lib/gcc/arm-none-eabi/4.6.2/../../../../arm-none-eabi/lib/armv7e-m\libstdc++.a(eh_alloc.o)
                0x0802ec38                __cxa_allocate_exception
 .text.__cxa_free_exception
                0x0802eca8       0x34 c:/chibistudio/tools/gnu tools arm embedded/4.6 2012q2/bin/../lib/gcc/arm-none-eabi/4.6.2/../../../../arm-none-eabi/lib/armv7e-m\libstdc++.a(eh_alloc.o)
                0x0802eca8                __cxa_free_exception
 .text._ZNKSt10bad_typeid4whatEv
                0x0802ecdc        0xc c:/chibistudio/tools/gnu tools arm embedded/4.6 2012q2/bin/../lib/gcc/arm-none-eabi/4.6.2/../../../../arm-none-eabi/lib/armv7e-m\libstdc++.a(bad_typeid.o)
                0x0802ecdc                std::bad_typeid::what() const
 .text._ZNSt10bad_typeidD2Ev
                0x0802ece8       0x14 c:/chibistudio/tools/gnu tools arm embedded/4.6 2012q2/bin/../lib/gcc/arm-none-eabi/4.6.2/../../../../arm-none-eabi/lib/armv7e-m\libstdc++.a(bad_typeid.o)
                0x0802ece8                std::bad_typeid::~bad_typeid()
                0x0802ece8                std::bad_typeid::~bad_typeid()
 .text._ZNSt10bad_typeidD0Ev
                0x0802ecfc       0x1c c:/chibistudio/tools/gnu tools arm embedded/4.6 2012q2/bin/../lib/gcc/arm-none-eabi/4.6.2/../../../../arm-none-eabi/lib/armv7e-m\libstdc++.a(bad_typeid.o)
                0x0802ecfc                std::bad_typeid::~bad_typeid()
 .text._ZNSt9type_infoD2Ev
                0x0802ed18        0xc c:/chibistudio/tools/gnu tools arm embedded/4.6 2012q2/bin/../lib/gcc/arm-none-eabi/4.6.2/../../../../arm-none-eabi/lib/armv7e-m\libstdc++.a(tinfo.o)
                0x0802ed18                std::type_info::~type_info()
                0x0802ed18                std::type_info::~type_info()
 .text._ZNKSt9type_info14__is_pointer_pEv
                0x0802ed24        0x4 c:/chibistudio/tools/gnu tools arm embedded/4.6 2012q2/bin/../lib/gcc/arm-none-eabi/4.6.2/../../../../arm-none-eabi/lib/armv7e-m\libstdc++.a(tinfo.o)
                0x0802ed24                std::type_info::__is_pointer_p() const
 .text._ZNKSt9type_info15__is_function_pEv
                0x0802ed28        0x4 c:/chibistudio/tools/gnu tools arm embedded/4.6 2012q2/bin/../lib/gcc/arm-none-eabi/4.6.2/../../../../arm-none-eabi/lib/armv7e-m\libstdc++.a(tinfo.o)
                0x0802ed28                std::type_info::__is_function_p() const
 .text._ZNKSt9type_info11__do_upcastEPKN10__cxxabiv117__class_type_infoEPPv
                0x0802ed2c        0x4 c:/chibistudio/tools/gnu tools arm embedded/4.6 2012q2/bin/../lib/gcc/arm-none-eabi/4.6.2/../../../../arm-none-eabi/lib/armv7e-m\libstdc++.a(tinfo.o)
                0x0802ed2c                std::type_info::__do_upcast(__cxxabiv1::__class_type_info const*, void**) const
 .text._ZNSt9type_infoD0Ev
                0x0802ed30       0x14 c:/chibistudio/tools/gnu tools arm embedded/4.6 2012q2/bin/../lib/gcc/arm-none-eabi/4.6.2/../../../../arm-none-eabi/lib/armv7e-m\libstdc++.a(tinfo.o)
                0x0802ed30                std::type_info::~type_info()
 .text._ZNKSt9type_infoeqERKS_
                0x0802ed44       0x30 c:/chibistudio/tools/gnu tools arm embedded/4.6 2012q2/bin/../lib/gcc/arm-none-eabi/4.6.2/../../../../arm-none-eabi/lib/armv7e-m\libstdc++.a(tinfo.o)
                0x0802ed44                std::type_info::operator==(std::type_info const&) const
 .text._ZNKSt9type_info10__do_catchEPKS_PPvj
                0x0802ed74        0x4 c:/chibistudio/tools/gnu tools arm embedded/4.6 2012q2/bin/../lib/gcc/arm-none-eabi/4.6.2/../../../../arm-none-eabi/lib/armv7e-m\libstdc++.a(tinfo.o)
                0x0802ed74                std::type_info::__do_catch(std::type_info const*, void**, unsigned int) const
 .text._ZN10__cxxabiv123__fundamental_type_infoD2Ev
                0x0802ed78       0x14 c:/chibistudio/tools/gnu tools arm embedded/4.6 2012q2/bin/../lib/gcc/arm-none-eabi/4.6.2/../../../../arm-none-eabi/lib/armv7e-m\libstdc++.a(fundamental_type_info.o)
                0x0802ed78                __cxxabiv1::__fundamental_type_info::~__fundamental_type_info()
                0x0802ed78                __cxxabiv1::__fundamental_type_info::~__fundamental_type_info()
 .text._ZN10__cxxabiv123__fundamental_type_infoD0Ev
                0x0802ed8c       0x1c c:/chibistudio/tools/gnu tools arm embedded/4.6 2012q2/bin/../lib/gcc/arm-none-eabi/4.6.2/../../../../arm-none-eabi/lib/armv7e-m\libstdc++.a(fundamental_type_info.o)
                0x0802ed8c                __cxxabiv1::__fundamental_type_info::~__fundamental_type_info()
 .text._ZN10__cxxabiv120__si_class_type_infoD2Ev
                0x0802eda8       0x14 c:/chibistudio/tools/gnu tools arm embedded/4.6 2012q2/bin/../lib/gcc/arm-none-eabi/4.6.2/../../../../arm-none-eabi/lib/armv7e-m\libstdc++.a(si_class_type_info.o)
                0x0802eda8                __cxxabiv1::__si_class_type_info::~__si_class_type_info()
                0x0802eda8                __cxxabiv1::__si_class_type_info::~__si_class_type_info()
 .text._ZN10__cxxabiv120__si_class_type_infoD0Ev
                0x0802edbc       0x1c c:/chibistudio/tools/gnu tools arm embedded/4.6 2012q2/bin/../lib/gcc/arm-none-eabi/4.6.2/../../../../arm-none-eabi/lib/armv7e-m\libstdc++.a(si_class_type_info.o)
                0x0802edbc                __cxxabiv1::__si_class_type_info::~__si_class_type_info()
 .text._ZNK10__cxxabiv120__si_class_type_info11__do_upcastEPKNS_17__class_type_infoEPKvRNS1_15__upcast_resultE
                0x0802edd8       0x24 c:/chibistudio/tools/gnu tools arm embedded/4.6 2012q2/bin/../lib/gcc/arm-none-eabi/4.6.2/../../../../arm-none-eabi/lib/armv7e-m\libstdc++.a(si_class_type_info.o)
                0x0802edd8                __cxxabiv1::__si_class_type_info::__do_upcast(__cxxabiv1::__class_type_info const*, void const*, __cxxabiv1::__class_type_info::__upcast_result&) const
 .text._ZNK10__cxxabiv120__si_class_type_info12__do_dyncastEiNS_17__class_type_info10__sub_kindEPKS1_PKvS4_S6_RNS1_16__dyncast_resultE
                0x0802edfc       0x94 c:/chibistudio/tools/gnu tools arm embedded/4.6 2012q2/bin/../lib/gcc/arm-none-eabi/4.6.2/../../../../arm-none-eabi/lib/armv7e-m\libstdc++.a(si_class_type_info.o)
                0x0802edfc                __cxxabiv1::__si_class_type_info::__do_dyncast(int, __cxxabiv1::__class_type_info::__sub_kind, __cxxabiv1::__class_type_info const*, void const*, __cxxabiv1::__class_type_info const*, void const*, __cxxabiv1::__class_type_info::__dyncast_result&) const
 .text._ZNK10__cxxabiv120__si_class_type_info20__do_find_public_srcEiPKvPKNS_17__class_type_infoES2_
                0x0802ee90       0x34 c:/chibistudio/tools/gnu tools arm embedded/4.6 2012q2/bin/../lib/gcc/arm-none-eabi/4.6.2/../../../../arm-none-eabi/lib/armv7e-m\libstdc++.a(si_class_type_info.o)
                0x0802ee90                __cxxabiv1::__si_class_type_info::__do_find_public_src(int, void const*, __cxxabiv1::__class_type_info const*, void const*) const
 .text._ZN9__gnu_cxx27__verbose_terminate_handlerEv
                0x0802eec4      0x118 c:/chibistudio/tools/gnu tools arm embedded/4.6 2012q2/bin/../lib/gcc/arm-none-eabi/4.6.2/../../../../arm-none-eabi/lib/armv7e-m\libstdc++.a(vterminate.o)
                0x0802eec4                __gnu_cxx::__verbose_terminate_handler()
 .text.__cxa_current_exception_type
                0x0802efdc       0x1c c:/chibistudio/tools/gnu tools arm embedded/4.6 2012q2/bin/../lib/gcc/arm-none-eabi/4.6.2/../../../../arm-none-eabi/lib/armv7e-m\libstdc++.a(eh_type.o)
                0x0802efdc                __cxa_current_exception_type
 .text._ZNK10__cxxabiv119__pointer_type_info14__is_pointer_pEv
                0x0802eff8        0x4 c:/chibistudio/tools/gnu tools arm embedded/4.6 2012q2/bin/../lib/gcc/arm-none-eabi/4.6.2/../../../../arm-none-eabi/lib/armv7e-m\libstdc++.a(pointer_type_info.o)
                0x0802eff8                __cxxabiv1::__pointer_type_info::__is_pointer_p() const
 .text._ZN10__cxxabiv119__pointer_type_infoD2Ev
                0x0802effc       0x14 c:/chibistudio/tools/gnu tools arm embedded/4.6 2012q2/bin/../lib/gcc/arm-none-eabi/4.6.2/../../../../arm-none-eabi/lib/armv7e-m\libstdc++.a(pointer_type_info.o)
                0x0802effc                __cxxabiv1::__pointer_type_info::~__pointer_type_info()
                0x0802effc                __cxxabiv1::__pointer_type_info::~__pointer_type_info()
 .text._ZN10__cxxabiv119__pointer_type_infoD0Ev
                0x0802f010       0x1c c:/chibistudio/tools/gnu tools arm embedded/4.6 2012q2/bin/../lib/gcc/arm-none-eabi/4.6.2/../../../../arm-none-eabi/lib/armv7e-m\libstdc++.a(pointer_type_info.o)
                0x0802f010                __cxxabiv1::__pointer_type_info::~__pointer_type_info()
 .text._ZNK10__cxxabiv119__pointer_type_info15__pointer_catchEPKNS_17__pbase_type_infoEPPvj
                0x0802f02c       0x44 c:/chibistudio/tools/gnu tools arm embedded/4.6 2012q2/bin/../lib/gcc/arm-none-eabi/4.6.2/../../../../arm-none-eabi/lib/armv7e-m\libstdc++.a(pointer_type_info.o)
                0x0802f02c                __cxxabiv1::__pointer_type_info::__pointer_catch(__cxxabiv1::__pbase_type_info const*, void**, unsigned int) const
 .text._ZNK10__cxxabiv117__pbase_type_info15__pointer_catchEPKS0_PPvj
                0x0802f070       0x10 c:/chibistudio/tools/gnu tools arm embedded/4.6 2012q2/bin/../lib/gcc/arm-none-eabi/4.6.2/../../../../arm-none-eabi/lib/armv7e-m\libstdc++.a(pbase_type_info.o)
                0x0802f070                __cxxabiv1::__pbase_type_info::__pointer_catch(__cxxabiv1::__pbase_type_info const*, void**, unsigned int) const
 .text._ZN10__cxxabiv117__pbase_type_infoD2Ev
                0x0802f080       0x14 c:/chibistudio/tools/gnu tools arm embedded/4.6 2012q2/bin/../lib/gcc/arm-none-eabi/4.6.2/../../../../arm-none-eabi/lib/armv7e-m\libstdc++.a(pbase_type_info.o)
                0x0802f080                __cxxabiv1::__pbase_type_info::~__pbase_type_info()
                0x0802f080                __cxxabiv1::__pbase_type_info::~__pbase_type_info()
 .text._ZN10__cxxabiv117__pbase_type_infoD0Ev
                0x0802f094       0x1c c:/chibistudio/tools/gnu tools arm embedded/4.6 2012q2/bin/../lib/gcc/arm-none-eabi/4.6.2/../../../../arm-none-eabi/lib/armv7e-m\libstdc++.a(pbase_type_info.o)