Archive member included because of file (symbol)

e:/elektronik/toolchain/yagarto/bin/../lib/gcc/arm-none-eabi/4.6.2/../../../../arm-none-eabi/lib/thumb/v7m\libstdc++.a(atexit_arm.o)
                              ./main.o (__aeabi_atexit)
e:/elektronik/toolchain/yagarto/bin/../lib/gcc/arm-none-eabi/4.6.2/../../../../arm-none-eabi/lib/thumb/v7m\libstdc++.a(del_op.o)
                              ./Menue/CMenue.o (operator delete(void*))
e:/elektronik/toolchain/yagarto/bin/../lib/gcc/arm-none-eabi/4.6.2/../../../../arm-none-eabi/lib/thumb/v7m\libstdc++.a(pure.o)
                              ./GraphicLCD/CGraphicLCD.o (__cxa_pure_virtual)
e:/elektronik/toolchain/yagarto/bin/../lib/gcc/arm-none-eabi/4.6.2/../../../../arm-none-eabi/lib/thumb/v7m\libstdc++.a(eh_terminate.o)
                              e:/elektronik/toolchain/yagarto/bin/../lib/gcc/arm-none-eabi/4.6.2/../../../../arm-none-eabi/lib/thumb/v7m\libstdc++.a(pure.o) (std::terminate())
e:/elektronik/toolchain/yagarto/bin/../lib/gcc/arm-none-eabi/4.6.2/../../../../arm-none-eabi/lib/thumb/v7m\libstdc++.a(eh_term_handler.o)
                              e:/elektronik/toolchain/yagarto/bin/../lib/gcc/arm-none-eabi/4.6.2/../../../../arm-none-eabi/lib/thumb/v7m\libstdc++.a(eh_terminate.o) (__cxxabiv1::__terminate_handler)
e:/elektronik/toolchain/yagarto/bin/../lib/gcc/arm-none-eabi/4.6.2/../../../../arm-none-eabi/lib/thumb/v7m\libstdc++.a(eh_unex_handler.o)
                              e:/elektronik/toolchain/yagarto/bin/../lib/gcc/arm-none-eabi/4.6.2/../../../../arm-none-eabi/lib/thumb/v7m\libstdc++.a(eh_terminate.o) (__cxxabiv1::__unexpected_handler)
e:/elektronik/toolchain/yagarto/bin/../lib/gcc/arm-none-eabi/4.6.2/../../../../arm-none-eabi/lib/thumb/v7m\libstdc++.a(vterminate.o)
                              e:/elektronik/toolchain/yagarto/bin/../lib/gcc/arm-none-eabi/4.6.2/../../../../arm-none-eabi/lib/thumb/v7m\libstdc++.a(eh_term_handler.o) (__gnu_cxx::__verbose_terminate_handler())
e:/elektronik/toolchain/yagarto/bin/../lib/gcc/arm-none-eabi/4.6.2/../../../../arm-none-eabi/lib/thumb/v7m\libstdc++.a(cp-demangle.o)
                              e:/elektronik/toolchain/yagarto/bin/../lib/gcc/arm-none-eabi/4.6.2/../../../../arm-none-eabi/lib/thumb/v7m\libstdc++.a(vterminate.o) (__cxa_demangle)
e:/elektronik/toolchain/yagarto/bin/../lib/gcc/arm-none-eabi/4.6.2/../../../../arm-none-eabi/lib/thumb/v7m\libstdc++.a(eh_arm.o)
                              e:/elektronik/toolchain/yagarto/bin/../lib/gcc/arm-none-eabi/4.6.2/../../../../arm-none-eabi/lib/thumb/v7m\libstdc++.a(eh_terminate.o) (__cxa_end_cleanup)
e:/elektronik/toolchain/yagarto/bin/../lib/gcc/arm-none-eabi/4.6.2/../../../../arm-none-eabi/lib/thumb/v7m\libstdc++.a(eh_aux_runtime.o)
                              e:/elektronik/toolchain/yagarto/bin/../lib/gcc/arm-none-eabi/4.6.2/../../../../arm-none-eabi/lib/thumb/v7m\libstdc++.a(eh_arm.o) (__cxa_bad_typeid)
e:/elektronik/toolchain/yagarto/bin/../lib/gcc/arm-none-eabi/4.6.2/../../../../arm-none-eabi/lib/thumb/v7m\libstdc++.a(eh_call.o)
                              e:/elektronik/toolchain/yagarto/bin/../lib/gcc/arm-none-eabi/4.6.2/../../../../arm-none-eabi/lib/thumb/v7m\libstdc++.a(eh_terminate.o) (__cxa_call_unexpected)
e:/elektronik/toolchain/yagarto/bin/../lib/gcc/arm-none-eabi/4.6.2/../../../../arm-none-eabi/lib/thumb/v7m\libstdc++.a(eh_catch.o)
                              e:/elektronik/toolchain/yagarto/bin/../lib/gcc/arm-none-eabi/4.6.2/../../../../arm-none-eabi/lib/thumb/v7m\libstdc++.a(eh_terminate.o) (__cxa_begin_catch)
e:/elektronik/toolchain/yagarto/bin/../lib/gcc/arm-none-eabi/4.6.2/../../../../arm-none-eabi/lib/thumb/v7m\libstdc++.a(eh_exception.o)
                              e:/elektronik/toolchain/yagarto/bin/../lib/gcc/arm-none-eabi/4.6.2/../../../../arm-none-eabi/lib/thumb/v7m\libstdc++.a(vterminate.o) (typeinfo for std::exception)
e:/elektronik/toolchain/yagarto/bin/../lib/gcc/arm-none-eabi/4.6.2/../../../../arm-none-eabi/lib/thumb/v7m\libstdc++.a(eh_globals.o)
                              e:/elektronik/toolchain/yagarto/bin/../lib/gcc/arm-none-eabi/4.6.2/../../../../arm-none-eabi/lib/thumb/v7m\libstdc++.a(eh_call.o) (__cxa_get_globals_fast)
e:/elektronik/toolchain/yagarto/bin/../lib/gcc/arm-none-eabi/4.6.2/../../../../arm-none-eabi/lib/thumb/v7m\libstdc++.a(eh_personality.o)
                              e:/elektronik/toolchain/yagarto/bin/../lib/gcc/arm-none-eabi/4.6.2/../../../../arm-none-eabi/lib/thumb/v7m\libstdc++.a(eh_terminate.o) (__gxx_personality_v0)
e:/elektronik/toolchain/yagarto/bin/../lib/gcc/arm-none-eabi/4.6.2/../../../../arm-none-eabi/lib/thumb/v7m\libstdc++.a(eh_throw.o)
                              e:/elektronik/toolchain/yagarto/bin/../lib/gcc/arm-none-eabi/4.6.2/../../../../arm-none-eabi/lib/thumb/v7m\libstdc++.a(eh_aux_runtime.o) (__cxa_throw)
[...]
Memory Configuration

Name             Origin             Length             Attributes
flash            0x08000000         0x00100000
ram              0x20000000         0x0001c000
ethram           0x2001c000         0x00004000
ccmram           0x10000000         0x00010000
*default*        0x00000000         0xffffffff

Linker script and memory map

LOAD e:/elektronik/toolchain/yagarto/bin/../lib/gcc/arm-none-eabi/4.6.2/thumb/v7m/crti.o
LOAD e:/elektronik/toolchain/yagarto/bin/../lib/gcc/arm-none-eabi/4.6.2/thumb/v7m/crtbegin.o
LOAD e:/elektronik/toolchain/yagarto/bin/../lib/gcc/arm-none-eabi/4.6.2/../../../../arm-none-eabi/lib/thumb/v7m/crt0.o
LOAD ./STM32F4xx_StdPeriph_Driver/src/misc.o
LOAD ./STM32F4xx_StdPeriph_Driver/src/stm32f4xx_adc.o
LOAD ./STM32F4xx_StdPeriph_Driver/src/stm32f4xx_can.o
LOAD ./STM32F4xx_StdPeriph_Driver/src/stm32f4xx_crc.o
LOAD ./STM32F4xx_StdPeriph_Driver/src/stm32f4xx_cryp.o
LOAD ./STM32F4xx_StdPeriph_Driver/src/stm32f4xx_cryp_aes.o
LOAD ./STM32F4xx_StdPeriph_Driver/src/stm32f4xx_cryp_des.o
LOAD ./STM32F4xx_StdPeriph_Driver/src/stm32f4xx_cryp_tdes.o
LOAD ./STM32F4xx_StdPeriph_Driver/src/stm32f4xx_dac.o
LOAD ./STM32F4xx_StdPeriph_Driver/src/stm32f4xx_dbgmcu.o
LOAD ./STM32F4xx_StdPeriph_Driver/src/stm32f4xx_dcmi.o
LOAD ./STM32F4xx_StdPeriph_Driver/src/stm32f4xx_dma.o
LOAD ./STM32F4xx_StdPeriph_Driver/src/stm32f4xx_exti.o
LOAD ./STM32F4xx_StdPeriph_Driver/src/stm32f4xx_flash.o
LOAD ./STM32F4xx_StdPeriph_Driver/src/stm32f4xx_fsmc.o
LOAD ./STM32F4xx_StdPeriph_Driver/src/stm32f4xx_gpio.o
LOAD ./STM32F4xx_StdPeriph_Driver/src/stm32f4xx_hash.o
LOAD ./STM32F4xx_StdPeriph_Driver/src/stm32f4xx_hash_md5.o
LOAD ./STM32F4xx_StdPeriph_Driver/src/stm32f4xx_hash_sha1.o
LOAD ./STM32F4xx_StdPeriph_Driver/src/stm32f4xx_i2c.o
LOAD ./STM32F4xx_StdPeriph_Driver/src/stm32f4xx_iwdg.o
LOAD ./STM32F4xx_StdPeriph_Driver/src/stm32f4xx_pwr.o
LOAD ./STM32F4xx_StdPeriph_Driver/src/stm32f4xx_rcc.o
LOAD ./STM32F4xx_StdPeriph_Driver/src/stm32f4xx_rng.o
LOAD ./STM32F4xx_StdPeriph_Driver/src/stm32f4xx_rtc.o
LOAD ./STM32F4xx_StdPeriph_Driver/src/stm32f4xx_sdio.o
LOAD ./STM32F4xx_StdPeriph_Driver/src/stm32f4xx_spi.o
LOAD ./STM32F4xx_StdPeriph_Driver/src/stm32f4xx_syscfg.o
LOAD ./STM32F4xx_StdPeriph_Driver/src/stm32f4xx_tim.o
LOAD ./STM32F4xx_StdPeriph_Driver/src/stm32f4xx_usart.o
LOAD ./STM32F4xx_StdPeriph_Driver/src/stm32f4xx_wwdg.o
LOAD ./STM32F4-Discovery/stm32f4_discovery.o
LOAD ./STM32F4-Discovery/stm32f4_discovery_audio_codec.o
LOAD ./STM32F4-Discovery/stm32f4_discovery_lis302dl.o
LOAD ./Menue/CMenue.o
LOAD ./GraphicLCD/CGraphicLCD.o
LOAD ./GraphicLCD/CT6963CDriver.o
LOAD ./GraphicLCD/CT6963GPIOInterface.o
LOAD ./GraphicLCD/SansSerif12.o
LOAD ./FreeRTOS_EC/Source/AManagedTask.o
LOAD ./FreeRTOS_EC/Source/ASyncObject.o
LOAD ./FreeRTOS_EC/Source/ATimer.o
LOAD ./FreeRTOS_EC/Source/CBinarySemaphore.o
LOAD ./FreeRTOS_EC/Source/CCountingSemaphore.o
LOAD ./FreeRTOS_EC/Source/CFreeRTOS.o
LOAD ./FreeRTOS_EC/Source/CMessageTask.o
LOAD ./FreeRTOS_EC/Source/CMutex.o
LOAD ./FreeRTOS_EC/Source/CQueue.o
LOAD ./FreeRTOS_EC/Source/CRecursiveMutex.o
LOAD ./FreeRTOS_EC/Source/CTask.o
LOAD ./FreeRTOS/Source/portable/GCC/ARM_CM4F/port.o
LOAD ./FreeRTOS/Source/croutine.o
LOAD ./FreeRTOS/Source/list.o
LOAD ./FreeRTOS/Source/queue.o
LOAD ./FreeRTOS/Source/tasks.o
LOAD ./FreeRTOS/Source/timers.o
LOAD ./CLedHeartBeatSTM32F4Disc.o
LOAD ./main.o
LOAD ./startup_stm32f4xx.o
LOAD ./stm32f4xx_it.o
LOAD ./syscalls.o
LOAD ./system_stm32f4xx.o
LOAD ./ustime.o
LOAD e:/elektronik/toolchain/yagarto/bin/../lib/gcc/arm-none-eabi/4.6.2/../../../../arm-none-eabi/lib/thumb/v7m\libstdc++.a
LOAD e:/elektronik/toolchain/yagarto/bin/../lib/gcc/arm-none-eabi/4.6.2/../../../../arm-none-eabi/lib/thumb/v7m\libm.a
START GROUP
LOAD e:/elektronik/toolchain/yagarto/bin/../lib/gcc/arm-none-eabi/4.6.2/thumb/v7m\libgcc.a
LOAD e:/elektronik/toolchain/yagarto/bin/../lib/gcc/arm-none-eabi/4.6.2/../../../../arm-none-eabi/lib/thumb/v7m\libg.a
LOAD e:/elektronik/toolchain/yagarto/bin/../lib/gcc/arm-none-eabi/4.6.2/../../../../arm-none-eabi/lib/thumb/v7m\libc.a
END GROUP
LOAD e:/elektronik/toolchain/yagarto/bin/../lib/gcc/arm-none-eabi/4.6.2/thumb/v7m/crtend.o
LOAD e:/elektronik/toolchain/yagarto/bin/../lib/gcc/arm-none-eabi/4.6.2/thumb/v7m/crtn.o
                0x00000400                __main_stack_size__ = 0x400
                0x00000400                __process_stack_size__ = 0x400
                0x20000000                __ram_start__ = ORIGIN (ram)
                0x0001c000                __ram_size__ = 0x1c000
                0x2001c000                __ram_end__ = (__ram_start__ + __ram_size__)
                0x00000000                . = 0x0
                0x00000000                _text = .

startup
 *(vectors)

constructors    0x08000000        0x8
                0x08000000                PROVIDE (__init_array_start, .)
 *(SORT(.init_array.*))
 *(.init_array)
 .init_array    0x08000000        0x4 e:/elektronik/toolchain/yagarto/bin/../lib/gcc/arm-none-eabi/4.6.2/thumb/v7m/crtbegin.o
 .init_array    0x08000004        0x4 ./main.o
                0x08000008                PROVIDE (__init_array_end, .)

destructors     0x08000008        0x4
                0x08000008                PROVIDE (__fini_array_start, .)
 *(.fini_array)
 .fini_array    0x08000008        0x4 e:/elektronik/toolchain/yagarto/bin/../lib/gcc/arm-none-eabi/4.6.2/thumb/v7m/crtbegin.o
 *(SORT(.fini_array.*))
                0x0800000c                PROVIDE (__fini_array_end, .)

.text           0x08000010    0x12f0c
 *(.text.startup.*)
 *(.text)
 .text          0x08000010       0x54 e:/elektronik/toolchain/yagarto/bin/../lib/gcc/arm-none-eabi/4.6.2/thumb/v7m/crtbegin.o
 *fill*         0x08000064        0xc 00
 .text          0x08000070     0x58f8 e:/elektronik/toolchain/yagarto/bin/../lib/gcc/arm-none-eabi/4.6.2/../../../../arm-none-eabi/lib/thumb/v7m\libstdc++.a(cp-demangle.o)
                0x08005838                __cxa_demangle
                0x0800591c                __gcclibcxx_demangle_callback
 *fill*         0x08005968        0x8 00
 .text          0x08005970      0xa10 e:/elektronik/toolchain/yagarto/bin/../lib/gcc/arm-none-eabi/4.6.2/thumb/v7m\libgcc.a(unwind-arm.o)
                0x08005c2c                _Unwind_VRS_Get
                0x08005c78                _Unwind_VRS_Set
                0x08005f8c                __aeabi_unwind_cpp_pr2
                0x08005f90                __aeabi_unwind_cpp_pr1
                0x08005f94                __aeabi_unwind_cpp_pr0
                0x08005f98                _Unwind_VRS_Pop
                0x08006228                _Unwind_GetCFA
                0x0800622c                __gnu_Unwind_RaiseException
                0x0800628c                __gnu_Unwind_ForcedUnwind
                0x080062a0                __gnu_Unwind_Resume
                0x080062dc                __gnu_Unwind_Resume_or_Rethrow
                0x080062ec                _Unwind_Complete
                0x080062f0                _Unwind_DeleteException
                0x08006300                __gnu_Unwind_Backtrace
 .text          0x08006380      0x1ac e:/elektronik/toolchain/yagarto/bin/../lib/gcc/arm-none-eabi/4.6.2/thumb/v7m\libgcc.a(libunwind.o)
                0x08006380                __restore_core_regs
                0x08006380                restore_core_regs
                0x08006398                __gnu_Unwind_Restore_VFP
                0x080063a0                __gnu_Unwind_Save_VFP
                0x080063a8                __gnu_Unwind_Restore_VFP_D
                0x080063b0                __gnu_Unwind_Save_VFP_D
                0x080063b8                __gnu_Unwind_Restore_VFP_D_16_to_31
                0x080063c0                __gnu_Unwind_Save_VFP_D_16_to_31
                0x080063c8                __gnu_Unwind_Restore_WMMXD
                0x0800640c                __gnu_Unwind_Save_WMMXD
                0x08006450                __gnu_Unwind_Restore_WMMXC
                0x08006464                __gnu_Unwind_Save_WMMXC
                0x08006478                ___Unwind_RaiseException
                0x08006478                _Unwind_RaiseException
                0x0800649c                _Unwind_Resume
                0x0800649c                ___Unwind_Resume
                0x080064c0                _Unwind_Resume_or_Rethrow
                0x080064c0                ___Unwind_Resume_or_Rethrow
                0x080064e4                _Unwind_ForcedUnwind
                0x080064e4                ___Unwind_ForcedUnwind
                0x08006508                ___Unwind_Backtrace
                0x08006508                _Unwind_Backtrace
 *fill*         0x0800652c        0x4 00
 .text          0x08006530      0x3d4 e:/elektronik/toolchain/yagarto/bin/../lib/gcc/arm-none-eabi/4.6.2/thumb/v7m\libgcc.a(pr-support.o)
                0x08006584                __gnu_unwind_execute
                0x080068a8                __gnu_unwind_frame
                0x080068d4                _Unwind_GetRegionStart
                0x080068e0                _Unwind_GetLanguageSpecificData
                0x080068f4                _Unwind_GetDataRelBase
                0x080068fc                _Unwind_GetTextRelBase
 *fill*         0x08006904        0xc 00
 .text          0x08006910       0x10 e:/elektronik/toolchain/yagarto/bin/../lib/gcc/arm-none-eabi/4.6.2/../../../../arm-none-eabi/lib/thumb/v7m\libg.a(lib_a-abort.o)
                0x08006910                abort
 .text          0x08006920       0x48 e:/elektronik/toolchain/yagarto/bin/../lib/gcc/arm-none-eabi/4.6.2/../../../../arm-none-eabi/lib/thumb/v7m\libg.a(lib_a-assert.o)
                0x08006920                __assert_func
                0x0800695c                __assert
 *fill*         0x08006968        0x8 00
 .text          0x08006970       0x14 e:/elektronik/toolchain/yagarto/bin/../lib/gcc/arm-none-eabi/4.6.2/../../../../arm-none-eabi/lib/thumb/v7m\libg.a(lib_a-cxa_atexit.o)
                0x08006970                __cxa_atexit
 *fill*         0x08006984        0xc 00
 .text          0x08006990       0x4c e:/elektronik/toolchain/yagarto/bin/../lib/gcc/arm-none-eabi/4.6.2/../../../../arm-none-eabi/lib/thumb/v7m\libg.a(lib_a-fiprintf.o)
                0x08006990                _fiprintf_r
                0x080069b0                fiprintf
 *fill*         0x080069dc        0x4 00
 .text          0x080069e0       0x4c e:/elektronik/toolchain/yagarto/bin/../lib/gcc/arm-none-eabi/4.6.2/../../../../arm-none-eabi/lib/thumb/v7m\libg.a(lib_a-fputc.o)
                0x080069e0                _fputc_r
                0x08006a04                fputc
 *fill*         0x08006a2c        0x4 00
 .text          0x08006a30       0x60 e:/elektronik/toolchain/yagarto/bin/../lib/gcc/arm-none-eabi/4.6.2/../../../../arm-none-eabi/lib/thumb/v7m\libg.a(lib_a-fputs.o)
                0x08006a30                _fputs_r
                0x08006a80                fputs
 .text          0x08006a90      0x334 e:/elektronik/toolchain/yagarto/bin/../lib/gcc/arm-none-eabi/4.6.2/../../../../arm-none-eabi/lib/thumb/v7m\libg.a(lib_a-fvwrite.o)
                0x08006a90                __sfvwrite_r
 *fill*         0x08006dc4        0xc 00
 .text          0x08006dd0       0x94 e:/elektronik/toolchain/yagarto/bin/../lib/gcc/arm-none-eabi/4.6.2/../../../../arm-none-eabi/lib/thumb/v7m\libg.a(lib_a-fwrite.o)
                0x08006dd0                _fwrite_r
                0x08006e3c                fwrite
 *fill*         0x08006e64        0xc 00
 .text          0x08006e70       0x20 e:/elektronik/toolchain/yagarto/bin/../lib/gcc/arm-none-eabi/4.6.2/../../../../arm-none-eabi/lib/thumb/v7m\libg.a(lib_a-malloc.o)
                0x08006e70                malloc
                0x08006e80                free
 .text          0x08006e90      0x564 e:/elektronik/toolchain/yagarto/bin/../lib/gcc/arm-none-eabi/4.6.2/../../../../arm-none-eabi/lib/thumb/v7m\libg.a(lib_a-mallocr.o)
                0x08006e90                _malloc_r
 *fill*         0x080073f4        0xc 00
 .text          0x08007400       0x88 e:/elektronik/toolchain/yagarto/bin/../lib/gcc/arm-none-eabi/4.6.2/../../../../arm-none-eabi/lib/thumb/v7m\libg.a(lib_a-memchr.o)
                0x08007400                memchr
 *fill*         0x08007488        0x8 00
 .text          0x08007490       0x60 e:/elektronik/toolchain/yagarto/bin/../lib/gcc/arm-none-eabi/4.6.2/../../../../arm-none-eabi/lib/thumb/v7m\libg.a(lib_a-memcmp.o)
                0x08007490                memcmp
 .text          0x080074f0       0x84 e:/elektronik/toolchain/yagarto/bin/../lib/gcc/arm-none-eabi/4.6.2/../../../../arm-none-eabi/lib/thumb/v7m\libg.a(lib_a-memcpy.o)
                0x080074f0                memcpy
 *fill*         0x08007574        0xc 00
 .text          0x08007580       0xc8 e:/elektronik/toolchain/yagarto/bin/../lib/gcc/arm-none-eabi/4.6.2/../../../../arm-none-eabi/lib/thumb/v7m\libg.a(lib_a-memmove.o)
                0x08007580                memmove
 *fill*         0x08007648        0x8 00
 .text          0x08007650       0x94 e:/elektronik/toolchain/yagarto/bin/../lib/gcc/arm-none-eabi/4.6.2/../../../../arm-none-eabi/lib/thumb/v7m\libg.a(lib_a-memset.o)
                0x08007650                memset
 *fill*         0x080076e4        0xc 00
 .text          0x080076f0       0xc8 e:/elektronik/toolchain/yagarto/bin/../lib/gcc/arm-none-eabi/4.6.2/../../../../arm-none-eabi/lib/thumb/v7m\libg.a(lib_a-putc.o)
                0x080076f0                _putc_r
                0x08007750                putc
 *fill*         0x080077b8        0x8 00
 .text          0x080077c0       0x14 e:/elektronik/toolchain/yagarto/bin/../lib/gcc/arm-none-eabi/4.6.2/../../../../arm-none-eabi/lib/thumb/v7m\libg.a(lib_a-realloc.o)
                0x080077c0                realloc
 *fill*         0x080077d4        0xc 00
 .text          0x080077e0      0x410 e:/elektronik/toolchain/yagarto/bin/../lib/gcc/arm-none-eabi/4.6.2/../../../../arm-none-eabi/lib/thumb/v7m\libg.a(lib_a-reallocr.o)
                0x080077e0                _realloc_r
 .text          0x08007bf0      0x158 e:/elektronik/toolchain/yagarto/bin/../lib/gcc/arm-none-eabi/4.6.2/../../../../arm-none-eabi/lib/thumb/v7m\libg.a(lib_a-signal.o)
                0x08007bf0                _init_signal_r
                0x08007c24                _signal_r
                0x08007c64                _raise_r
                0x08007cbc                __sigtramp_r
                0x08007d0c                raise
                0x08007d1c                signal
                0x08007d2c                _init_signal
                0x08007d38                __sigtramp
 *fill*         0x08007d48        0x8 00
 .text          0x08007d50       0x94 e:/elektronik/toolchain/yagarto/bin/../lib/gcc/arm-none-eabi/4.6.2/../../../../arm-none-eabi/lib/thumb/v7m\libg.a(lib_a-sprintf.o)
                0x08007d50                _sprintf_r
                0x08007d94                sprintf
 *fill*         0x08007de4        0xc 00
 .text          0x08007df0      0x1dc e:/elektronik/toolchain/yagarto/bin/../lib/gcc/arm-none-eabi/4.6.2/../../../../arm-none-eabi/lib/thumb/v7m\libg.a(lib_a-strcmp.o)
                0x08007df0                strcmp
 *fill*         0x08007fcc        0x4 00
 .text          0x08007fd0       0xbc e:/elektronik/toolchain/yagarto/bin/../lib/gcc/arm-none-eabi/4.6.2/../../../../arm-none-eabi/lib/thumb/v7m\libg.a(lib_a-strcpy.o)
                0x08007fd0                strcpy
 *fill*         0x0800808c        0x4 00
 .text          0x08008090       0x60 e:/elektronik/toolchain/yagarto/bin/../lib/gcc/arm-none-eabi/4.6.2/../../../../arm-none-eabi/lib/thumb/v7m\libg.a(lib_a-strlen.o)
                0x08008090                strlen
 .text          0x080080f0       0xa8 e:/elektronik/toolchain/yagarto/bin/../lib/gcc/arm-none-eabi/4.6.2/../../../../arm-none-eabi/lib/thumb/v7m\libg.a(lib_a-strncmp.o)
                0x080080f0                strncmp
 *fill*         0x08008198        0x8 00
 .text          0x080081a0     0x1314 e:/elektronik/toolchain/yagarto/bin/../lib/gcc/arm-none-eabi/4.6.2/../../../../arm-none-eabi/lib/thumb/v7m\libg.a(lib_a-svfprintf.o)
                0x080081a0                _svfprintf_r
 *fill*         0x080094b4        0xc 00
 .text          0x080094c0       0x1c e:/elektronik/toolchain/yagarto/bin/../lib/gcc/arm-none-eabi/4.6.2/../../../../arm-none-eabi/lib/thumb/v7m\libg.a(lib_a-syswrite.o)
                0x080094c0                write
 *fill*         0x080094dc        0x4 00
 .text          0x080094e0      0xb54 e:/elektronik/toolchain/yagarto/bin/../lib/gcc/arm-none-eabi/4.6.2/../../../../arm-none-eabi/lib/thumb/v7m\libg.a(lib_a-vfiprintf.o)
                0x080094e0                __sprint_r
                0x08009560                _vfiprintf_r
                0x0800a018                vfiprintf
 *fill*         0x0800a034        0xc 00
 .text          0x0800a040       0xc8 e:/elektronik/toolchain/yagarto/bin/../lib/gcc/arm-none-eabi/4.6.2/../../../../arm-none-eabi/lib/thumb/v7m\libg.a(lib_a-wbuf.o)
                0x0800a040                __swbuf_r
                0x0800a0f8                __swbuf
 *fill*         0x0800a108        0x8 00
 .text          0x0800a110       0xb8 e:/elektronik/toolchain/yagarto/bin/../lib/gcc/arm-none-eabi/4.6.2/../../../../arm-none-eabi/lib/thumb/v7m\libg.a(lib_a-wsetup.o)
                0x0800a110                __swsetup_r
 *fill*         0x0800a1c8        0x8 00
 .text          0x0800a1d0       0xb0 e:/elektronik/toolchain/yagarto/bin/../lib/gcc/arm-none-eabi/4.6.2/../../../../arm-none-eabi/lib/thumb/v7m\libg.a(lib_a-__atexit.o)
                0x0800a1d0                __register_exitproc
 .text          0x0800a280     0x1040 e:/elektronik/toolchain/yagarto/bin/../lib/gcc/arm-none-eabi/4.6.2/../../../../arm-none-eabi/lib/thumb/v7m\libg.a(lib_a-dtoa.o)
                0x0800a3c4                _dtoa_r
 .text          0x0800b2c0      0x1a4 e:/elektronik/toolchain/yagarto/bin/../lib/gcc/arm-none-eabi/4.6.2/../../../../arm-none-eabi/lib/thumb/v7m\libg.a(lib_a-fflush.o)
                0x0800b2c0                _fflush_r
                0x0800b444                fflush
 *fill*         0x0800b464        0xc 00
 .text          0x0800b470      0x1c4 e:/elektronik/toolchain/yagarto/bin/../lib/gcc/arm-none-eabi/4.6.2/../../../../arm-none-eabi/lib/thumb/v7m\libg.a(lib_a-findfp.o)
                0x0800b478                _cleanup_r
                0x0800b4d8                __sfmoreglue
                0x0800b504                _cleanup
                0x0800b510                __sinit
                0x0800b558                __sfp
                0x0800b5f4                __sfp_lock_acquire
                0x0800b5f8                __sfp_lock_release
                0x0800b5fc                __sinit_lock_acquire
                0x0800b600                __sinit_lock_release
                0x0800b604                __fp_lock_all
                0x0800b61c                __fp_unlock_all
 *fill*         0x0800b634        0xc 00
 .text          0x0800b640      0x104 e:/elektronik/toolchain/yagarto/bin/../lib/gcc/arm-none-eabi/4.6.2/../../../../arm-none-eabi/lib/thumb/v7m\libg.a(lib_a-fputwc.o)
                0x0800b640                _fputwc_r
                0x0800b720                fputwc
 *fill*         0x0800b744        0xc 00
 .text          0x0800b750      0x224 e:/elektronik/toolchain/yagarto/bin/../lib/gcc/arm-none-eabi/4.6.2/../../../../arm-none-eabi/lib/thumb/v7m\libg.a(lib_a-freer.o)
                0x0800b750                _malloc_trim_r
                0x0800b7f0                _free_r
 *fill*         0x0800b974        0xc 00
 .text          0x0800b980       0xa0 e:/elektronik/toolchain/yagarto/bin/../lib/gcc/arm-none-eabi/4.6.2/../../../../arm-none-eabi/lib/thumb/v7m\libg.a(lib_a-fwalk.o)
                0x0800b980                _fwalk
                0x0800b9cc                _fwalk_reent
 .text          0x0800ba20       0x88 e:/elektronik/toolchain/yagarto/bin/../lib/gcc/arm-none-eabi/4.6.2/../../../../arm-none-eabi/lib/thumb/v7m\libg.a(lib_a-locale.o)
                0x0800ba20                _setlocale_r
                0x0800ba64                __locale_charset
                0x0800ba70                __locale_mb_cur_max
                0x0800ba7c                __locale_msgcharset
                0x0800ba84                __locale_cjk_lang
                0x0800ba88                _localeconv_r
                0x0800ba90                setlocale
                0x0800baa0                localeconv
 *fill*         0x0800baa8        0x8 00
 .text          0x0800bab0       0xe4 e:/elektronik/toolchain/yagarto/bin/../lib/gcc/arm-none-eabi/4.6.2/../../../../arm-none-eabi/lib/thumb/v7m\libg.a(lib_a-makebuf.o)
                0x0800bab0                __smakebuf_r
 *fill*         0x0800bb94        0xc 00
 .text          0x0800bba0      0x8c8 e:/elektronik/toolchain/yagarto/bin/../lib/gcc/arm-none-eabi/4.6.2/../../../../arm-none-eabi/lib/thumb/v7m\libg.a(lib_a-mprec.o)
                0x0800bba0                _Balloc
                0x0800bbec                _Bfree
                0x0800bc00                __multadd
                0x0800bc84                __s2b
                0x0800bd18                __hi0bits
                0x0800bd54                __lo0bits
                0x0800bdb0                __i2b
                0x0800bdc4                __multiply
                0x0800befc                __pow5mult
                0x0800bf94                __lshift
                0x0800c054                __mcmp
                0x0800c094                __mdiff
                0x0800c178                __ulp
                0x0800c1bc                __b2d
                0x0800c268                __d2b
                0x0800c330                __ratio
                0x0800c38c                _mprec_log10
                0x0800c3c0                __copybits
                0x0800c408                __any_on
 *fill*         0x0800c468        0x8 00
 .text          0x0800c470       0x90 e:/elektronik/toolchain/yagarto/bin/../lib/gcc/arm-none-eabi/4.6.2/../../../../arm-none-eabi/lib/thumb/v7m\libg.a(lib_a-s_fpclassify.o)
                0x0800c470                __fpclassifyd
 .text          0x0800c500       0x8c e:/elektronik/toolchain/yagarto/bin/../lib/gcc/arm-none-eabi/4.6.2/../../../../arm-none-eabi/lib/thumb/v7m\libg.a(lib_a-stdio.o)
                0x0800c500                __sread
                0x0800c524                __seofread
                0x0800c528                __swrite
                0x0800c560                __sseek
                0x0800c584                __sclose
 *fill*         0x0800c58c        0x4 00
 .text          0x0800c590      0xa00 e:/elektronik/toolchain/yagarto/bin/../lib/gcc/arm-none-eabi/4.6.2/../../../../arm-none-eabi/lib/thumb/v7m\libg.a(lib_a-svfiprintf.o)
                0x0800c590                __ssprint_r
                0x0800c6a8                _svfiprintf_r
 .text          0x0800cf90       0xac e:/elektronik/toolchain/yagarto/bin/../lib/gcc/arm-none-eabi/4.6.2/../../../../arm-none-eabi/lib/thumb/v7m\libg.a(lib_a-wcrtomb.o)
                0x0800cf90                _wcrtomb_r
                0x0800cfdc                wcrtomb
 *fill*         0x0800d03c        0x4 00
 .text          0x0800d040       0x4c e:/elektronik/toolchain/yagarto/bin/../lib/gcc/arm-none-eabi/4.6.2/../../../../arm-none-eabi/lib/thumb/v7m\libg.a(lib_a-wctomb_r.o)
                0x0800d040                __ascii_wctomb
                0x0800d05c                _wctomb_r
 *fill*         0x0800d08c        0x4 00
 .text          0x0800d090       0x60 e:/elektronik/toolchain/yagarto/bin/../lib/gcc/arm-none-eabi/4.6.2/../../../../arm-none-eabi/lib/thumb/v7m\libg.a(lib_a-callocr.o)
                0x0800d090                _calloc_r
 .text          0x0800d0f0       0x9c e:/elektronik/toolchain/yagarto/bin/../lib/gcc/arm-none-eabi/4.6.2/../../../../arm-none-eabi/lib/thumb/v7m\libg.a(lib_a-fclose.o)
                0x0800d0f0                _fclose_r
                0x0800d17c                fclose
 *fill*         0x0800d18c        0x4 00
 .text          0x0800d190      0x278 e:/elektronik/toolchain/yagarto/bin/../lib/gcc/arm-none-eabi/4.6.2/thumb/v7m\libgcc.a(_udivsi3.o)
                0x0800d190                __aeabi_uidiv
                0x0800d190                __udivsi3
                0x0800d3ec                __aeabi_uidivmod
 *fill*         0x0800d408        0x8 00
 .text          0x0800d410        0x4 e:/elektronik/toolchain/yagarto/bin/../lib/gcc/arm-none-eabi/4.6.2/thumb/v7m\libgcc.a(_dvmd_tls.o)
                0x0800d410                __aeabi_idiv0
                0x0800d410                __aeabi_ldiv0
 *fill*         0x0800d414        0xc 00
 .text          0x0800d420      0x370 e:/elektronik/toolchain/yagarto/bin/../lib/gcc/arm-none-eabi/4.6.2/thumb/v7m\libgcc.a(_arm_addsubdf3.o)
                0x0800d420                __aeabi_drsub
                0x0800d428                __aeabi_dsub
                0x0800d428                __subdf3
                0x0800d42c                __aeabi_dadd
                0x0800d42c                __adddf3
                0x0800d6a4                __floatunsidf
                0x0800d6a4                __aeabi_ui2d
                0x0800d6c4                __floatsidf
                0x0800d6c4                __aeabi_i2d
                0x0800d6e8                __aeabi_f2d
                0x0800d6e8                __extendsfdf2
                0x0800d724                __floatundidf
                0x0800d724                __aeabi_ul2d
                0x0800d734                __floatdidf
                0x0800d734                __aeabi_l2d
 .text          0x0800d790      0x424 e:/elektronik/toolchain/yagarto/bin/../lib/gcc/arm-none-eabi/4.6.2/thumb/v7m\libgcc.a(_arm_muldivdf3.o)
                0x0800d790                __aeabi_dmul
                0x0800d790                __muldf3
                0x0800d9e4                __divdf3
                0x0800d9e4                __aeabi_ddiv
 *fill*         0x0800dbb4        0xc 00
 .text          0x0800dbc0      0x110 e:/elektronik/toolchain/yagarto/bin/../lib/gcc/arm-none-eabi/4.6.2/thumb/v7m\libgcc.a(_arm_cmpdf2.o)
                0x0800dbc0                __gtdf2
                0x0800dbc0                __gedf2
                0x0800dbc8                __ltdf2
                0x0800dbc8                __ledf2
                0x0800dbd0                __nedf2
                0x0800dbd0                __eqdf2
                0x0800dbd0                __cmpdf2
                0x0800dc4c                __aeabi_cdrcmple
                0x0800dc5c                __aeabi_cdcmpeq
                0x0800dc5c                __aeabi_cdcmple
                0x0800dc6c                __aeabi_dcmpeq
                0x0800dc80                __aeabi_dcmplt
                0x0800dc94                __aeabi_dcmple
                0x0800dca8                __aeabi_dcmpge
                0x0800dcbc                __aeabi_dcmpgt
 .text          0x0800dcd0       0x50 e:/elektronik/toolchain/yagarto/bin/../lib/gcc/arm-none-eabi/4.6.2/thumb/v7m\libgcc.a(_arm_fixdfsi.o)
                0x0800dcd0                __aeabi_d2iz
                0x0800dcd0                __fixdfsi
 *(.text.*)
 .text.GPIO_Init
                0x0800dd20      0x154 ./STM32F4xx_StdPeriph_Driver/src/stm32f4xx_gpio.o
                0x0800dd20                GPIO_Init
 *fill*         0x0800de74        0xc 00
 .text.GPIO_ReadInputData
                0x0800de80       0x1c ./STM32F4xx_StdPeriph_Driver/src/stm32f4xx_gpio.o
                0x0800de80                GPIO_ReadInputData
 *fill*         0x0800de9c        0x4 00
 .text.GPIO_SetBits
                0x0800dea0       0x1c ./STM32F4xx_StdPeriph_Driver/src/stm32f4xx_gpio.o
                0x0800dea0                GPIO_SetBits
 *fill*         0x0800debc        0x4 00
 .text.GPIO_ResetBits
                0x0800dec0       0x1c ./STM32F4xx_StdPeriph_Driver/src/stm32f4xx_gpio.o
                0x0800dec0                GPIO_ResetBits
 *fill*         0x0800dedc        0x4 00
 .text.RCC_AHB1PeriphClockCmd
                0x0800dee0       0x58 ./STM32F4xx_StdPeriph_Driver/src/stm32f4xx_rcc.o
                0x0800dee0                RCC_AHB1PeriphClockCmd
 *fill*         0x0800df38        0x8 00
 .text.STM_EVAL_LEDInit
                0x0800df40       0x6c ./STM32F4-Discovery/stm32f4_discovery.o
                0x0800df40                STM_EVAL_LEDInit
 *fill*         0x0800dfac        0x4 00
 .text.STM_EVAL_LEDOn
                0x0800dfb0       0x34 ./STM32F4-Discovery/stm32f4_discovery.o
                0x0800dfb0                STM_EVAL_LEDOn
 *fill*         0x0800dfe4        0xc 00
 .text.STM_EVAL_LEDOff
                0x0800dff0       0x34 ./STM32F4-Discovery/stm32f4_discovery.o
                0x0800dff0                STM_EVAL_LEDOff
 *fill*         0x0800e024        0xc 00
 .text._ZNK5CTask7IsValidEv
                0x0800e030       0x24 ./Menue/CMenue.o
                0x0800e030                CTask::IsValid() const
 *fill*         0x0800e054        0xc 00
 .text._ZN5CTask6DetachEv
                0x0800e060       0x24 ./Menue/CMenue.o
                0x0800e060                CTask::Detach()
 *fill*         0x0800e084        0xc 00
 .text._ZN12AManagedTask8OnCreateEPKctm
                0x0800e090       0x20 ./Menue/CMenue.o
                0x0800e090                AManagedTask::OnCreate(char const*, unsigned short, unsigned long)
 .text._ZN6CMenueC2EP11CGraphicLCD
                0x0800e0b0       0x30 ./Menue/CMenue.o
                0x0800e0b0                CMenue::CMenue(CGraphicLCD*)
                0x0800e0b0                CMenue::CMenue(CGraphicLCD*)
 .text._ZN6CMenueD2Ev
                0x0800e0e0       0x38 ./Menue/CMenue.o
                0x0800e0e0                CMenue::~CMenue()
                0x0800e0e0                CMenue::~CMenue()
 *fill*         0x0800e118        0x8 00
 .text._ZN6CMenueD0Ev
                0x0800e120       0x20 ./Menue/CMenue.o
                0x0800e120                CMenue::~CMenue()
 .text._ZN6CMenue12HardwareInitEv
                0x0800e140       0x18 ./Menue/CMenue.o
                0x0800e140                CMenue::HardwareInit()
 *fill*         0x0800e158        0x8 00
 .text._ZN6CMenue3RunEv
                0x0800e160       0xd4 ./Menue/CMenue.o
                0x0800e160                CMenue::Run()
 *fill*         0x0800e234        0xc 00
 .text._ZN11CGraphicLCDC2Ev
                0x0800e240       0x28 ./GraphicLCD/CGraphicLCD.o
                0x0800e240                CGraphicLCD::CGraphicLCD()
                0x0800e240                CGraphicLCD::CGraphicLCD()
 *fill*         0x0800e268        0x8 00
 .text._ZN11CGraphicLCDD2Ev
                0x0800e270       0x34 ./GraphicLCD/CGraphicLCD.o
                0x0800e270                CGraphicLCD::~CGraphicLCD()
                0x0800e270                CGraphicLCD::~CGraphicLCD()
 *fill*         0x0800e2a4        0xc 00
 .text._ZN11CGraphicLCDD0Ev
                0x0800e2b0       0x20 ./GraphicLCD/CGraphicLCD.o
                0x0800e2b0                CGraphicLCD::~CGraphicLCD()
 .text._ZN11CGraphicLCD7InverseEv
                0x0800e2d0       0x18 ./GraphicLCD/CGraphicLCD.o
                0x0800e2d0                CGraphicLCD::Inverse()
 *fill*         0x0800e2e8        0x8 00
 .text._ZN11CGraphicLCD7InverseEb
                0x0800e2f0       0x1c ./GraphicLCD/CGraphicLCD.o
                0x0800e2f0                CGraphicLCD::Inverse(bool)
 *fill*         0x0800e30c        0x4 00
 .text._ZN13CT6963CDriverC2Ev
                0x0800e310       0x28 ./GraphicLCD/CT6963CDriver.o
                0x0800e310                CT6963CDriver::CT6963CDriver()
                0x0800e310                CT6963CDriver::CT6963CDriver()
 *fill*         0x0800e338        0x8 00
 .text._ZN13CT6963CDriverD2Ev
                0x0800e340       0x38 ./GraphicLCD/CT6963CDriver.o
                0x0800e340                CT6963CDriver::~CT6963CDriver()
                0x0800e340                CT6963CDriver::~CT6963CDriver()
 *fill*         0x0800e378        0x8 00
 .text._ZN13CT6963CDriverD0Ev
                0x0800e380       0x20 ./GraphicLCD/CT6963CDriver.o
                0x0800e380                CT6963CDriver::~CT6963CDriver()
 .text._ZN13CT6963CDriver4InitEv
                0x0800e3a0      0x160 ./GraphicLCD/CT6963CDriver.o
                0x0800e3a0                CT6963CDriver::Init()
 .text._ZN13CT6963CDriver17SetAddressPointerEj
                0x0800e500       0x50 ./GraphicLCD/CT6963CDriver.o
                0x0800e500                CT6963CDriver::SetAddressPointer(unsigned int)
 .text._ZN13CT6963CDriver11GraphicGoToEhh
                0x0800e550       0x40 ./GraphicLCD/CT6963CDriver.o
                0x0800e550                CT6963CDriver::GraphicGoTo(unsigned char, unsigned char)
 .text._ZN13CT6963CDriver5ClearEv
                0x0800e590       0x80 ./GraphicLCD/CT6963CDriver.o
                0x0800e590                CT6963CDriver::Clear()
 .text._ZN13CT6963CDriver16WriteDisplayDataEh
                0x0800e610       0x38 ./GraphicLCD/CT6963CDriver.o
                0x0800e610                CT6963CDriver::WriteDisplayData(unsigned char)
 *fill*         0x0800e648        0x8 00
 .text._ZN13CT6963CDriver11WriteStringEPc5tFontjj
                0x0800e650       0x20 ./GraphicLCD/CT6963CDriver.o
                0x0800e650                CT6963CDriver::WriteString(char*, tFont, unsigned int, unsigned int)
 .text._ZN13CT6963CDriver8SetPixelEhh
                0x0800e670       0x90 ./GraphicLCD/CT6963CDriver.o
                0x0800e670                CT6963CDriver::SetPixel(unsigned char, unsigned char)
 .text._ZN13CT6963CDriver4LineEjjjj
                0x0800e700      0x150 ./GraphicLCD/CT6963CDriver.o
                0x0800e700                CT6963CDriver::Line(unsigned int, unsigned int, unsigned int, unsigned int)
 .text._ZN13CT6963CDriver6WindowEjjjj
                0x0800e850      0x3b4 ./GraphicLCD/CT6963CDriver.o
                0x0800e850                CT6963CDriver::Window(unsigned int, unsigned int, unsigned int, unsigned int)
 *fill*         0x0800ec04        0xc 00
 .text._ZN13CT6963CDriver9RectangleEjjjjb
                0x0800ec10      0x144 ./GraphicLCD/CT6963CDriver.o
                0x0800ec10                CT6963CDriver::Rectangle(unsigned int, unsigned int, unsigned int, unsigned int, bool)
 *fill*         0x0800ed54        0xc 00
 .text._ZN13CT6963CDriver11SectorClearEjjjj
                0x0800ed60       0x60 ./GraphicLCD/CT6963CDriver.o
                0x0800ed60                CT6963CDriver::SectorClear(unsigned int, unsigned int, unsigned int, unsigned int)
 .text._ZN13CT6963CDriver6CircleEhhh
                0x0800edc0      0x184 ./GraphicLCD/CT6963CDriver.o
                0x0800edc0                CT6963CDriver::Circle(unsigned char, unsigned char, unsigned char)
 *fill*         0x0800ef44        0xc 00
 .text._ZN13CT6963CDriver6BitmapEPhhhhh
                0x0800ef50       0xd4 ./GraphicLCD/CT6963CDriver.o
                0x0800ef50                CT6963CDriver::Bitmap(unsigned char*, unsigned char, unsigned char, unsigned char, unsigned char)
 *fill*         0x0800f024        0xc 00
 .text._ZN21CT6963_GPIO_InterfaceC2Ev
                0x0800f030       0x28 ./GraphicLCD/CT6963GPIOInterface.o
                0x0800f030                CT6963_GPIO_Interface::CT6963_GPIO_Interface()
                0x0800f030                CT6963_GPIO_Interface::CT6963_GPIO_Interface()
 *fill*         0x0800f058        0x8 00
 .text._ZN21CT6963_GPIO_InterfaceD2Ev
                0x0800f060       0x38 ./GraphicLCD/CT6963GPIOInterface.o
                0x0800f060                CT6963_GPIO_Interface::~CT6963_GPIO_Interface()
                0x0800f060                CT6963_GPIO_Interface::~CT6963_GPIO_Interface()
 *fill*         0x0800f098        0x8 00
 .text._ZN21CT6963_GPIO_InterfaceD0Ev
                0x0800f0a0       0x20 ./GraphicLCD/CT6963GPIOInterface.o
                0x0800f0a0                CT6963_GPIO_Interface::~CT6963_GPIO_Interface()
 .text._Z8delay_usj
                0x0800f0c0       0x54 ./GraphicLCD/CT6963GPIOInterface.o
                0x0800f0c0                delay_us(unsigned int)
 *fill*         0x0800f114        0xc 00
 .text._Z11CheckStatusv
                0x0800f120       0xbc ./GraphicLCD/CT6963GPIOInterface.o
                0x0800f120                CheckStatus()
 *fill*         0x0800f1dc        0x4 00
 .text._ZN21CT6963_GPIO_Interface12HardwareInitEv
                0x0800f1e0       0xb4 ./GraphicLCD/CT6963GPIOInterface.o
                0x0800f1e0                CT6963_GPIO_Interface::HardwareInit()
 *fill*         0x0800f294        0xc 00
 .text._ZN21CT6963_GPIO_Interface5ResetEv
                0x0800f2a0       0x38 ./GraphicLCD/CT6963GPIOInterface.o
                0x0800f2a0                CT6963_GPIO_Interface::Reset()
 *fill*         0x0800f2d8        0x8 00
 .text._ZN21CT6963_GPIO_Interface12WriteCommandEh
                0x0800f2e0       0xac ./GraphicLCD/CT6963GPIOInterface.o
                0x0800f2e0                CT6963_GPIO_Interface::WriteCommand(unsigned char)
 *fill*         0x0800f38c        0x4 00
 .text._ZN21CT6963_GPIO_Interface9WriteDataEh
                0x0800f390       0xcc ./GraphicLCD/CT6963GPIOInterface.o
                0x0800f390                CT6963_GPIO_Interface::WriteData(unsigned char)
 *fill*         0x0800f45c        0x4 00
 .text._ZN21CT6963_GPIO_Interface8ReadDataEv
                0x0800f460       0xc4 ./GraphicLCD/CT6963GPIOInterface.o
                0x0800f460                CT6963_GPIO_Interface::ReadData()
 *fill*         0x0800f524        0xc 00
 .text._ZN5CTask13EnterCriticalEv
                0x0800f530        0xc ./FreeRTOS_EC/Source/AManagedTask.o
                0x0800f530                CTask::EnterCritical()
 *fill*         0x0800f53c        0x4 00
 .text._ZN5CTask12ExitCriticalEv
                0x0800f540        0xc ./FreeRTOS_EC/Source/AManagedTask.o
                0x0800f540                CTask::ExitCritical()
 *fill*         0x0800f54c        0x4 00
 .text._ZN12AManagedTask12HardwareInitEv
                0x0800f550       0x18 ./FreeRTOS_EC/Source/AManagedTask.o
                0x0800f550                AManagedTask::HardwareInit()
 *fill*         0x0800f568        0x8 00
 .text._ZN9CFreeRTOS15SuspendAllTasksEv
                0x0800f570        0xc ./FreeRTOS_EC/Source/AManagedTask.o
                0x0800f570                CFreeRTOS::SuspendAllTasks()
 *fill*         0x0800f57c        0x4 00
 .text._ZN9CFreeRTOS14ResumeAllTasksEv
                0x0800f580       0x10 ./FreeRTOS_EC/Source/AManagedTask.o
                0x0800f580                CFreeRTOS::ResumeAllTasks()
 .text._ZN12AManagedTaskC2Ev
                0x0800f590       0x38 ./FreeRTOS_EC/Source/AManagedTask.o
                0x0800f590                AManagedTask::AManagedTask()
                0x0800f590                AManagedTask::AManagedTask()
 *fill*         0x0800f5c8        0x8 00
 .text._ZN12AManagedTaskD2Ev
                0x0800f5d0       0x40 ./FreeRTOS_EC/Source/AManagedTask.o
                0x0800f5d0                AManagedTask::~AManagedTask()
                0x0800f5d0                AManagedTask::~AManagedTask()
 .text._ZN12AManagedTaskD0Ev
                0x0800f610       0x20 ./FreeRTOS_EC/Source/AManagedTask.o
                0x0800f610                AManagedTask::~AManagedTask()
 .text._ZN12AManagedTask16AddToManagedTaskEPS_
                0x0800f630       0x50 ./FreeRTOS_EC/Source/AManagedTask.o
                0x0800f630                AManagedTask::AddToManagedTask(AManagedTask*)
 .text._ZN12AManagedTask21RemoveFromManagedTaskEPS_
                0x0800f680       0x88 ./FreeRTOS_EC/Source/AManagedTask.o
                0x0800f680                AManagedTask::RemoveFromManagedTask(AManagedTask*)
 *fill*         0x0800f708        0x8 00
 .text._ZN12IFreeRTOSObjC2Ev
                0x0800f710       0x20 ./FreeRTOS_EC/Source/ASyncObject.o
                0x0800f710                IFreeRTOSObj::IFreeRTOSObj()
                0x0800f710                IFreeRTOSObj::IFreeRTOSObj()
 .text._ZN5CTaskC2Ev
                0x0800f730       0x30 ./FreeRTOS_EC/Source/CTask.o
                0x0800f730                CTask::CTask()
                0x0800f730                CTask::CTask()
 .text._ZN5CTaskD2Ev
                0x0800f760       0x44 ./FreeRTOS_EC/Source/CTask.o
                0x0800f760                CTask::~CTask()
                0x0800f760                CTask::~CTask()
 *fill*         0x0800f7a4        0xc 00
 .text._ZN5CTaskD0Ev
                0x0800f7b0       0x20 ./FreeRTOS_EC/Source/CTask.o
                0x0800f7b0                CTask::~CTask()
 .text._ZN5CTask6AttachEPv
                0x0800f7d0       0x54 ./FreeRTOS_EC/Source/CTask.o
                0x0800f7d0                CTask::Attach(void*)
 *fill*         0x0800f824        0xc 00
 .text._ZN5CTask6DeleteEv
                0x0800f830       0x2c ./FreeRTOS_EC/Source/CTask.o
                0x0800f830                CTask::Delete()
 *fill*         0x0800f85c        0x4 00
 .text.vPortYieldFromISR
                0x0800f860       0x18 ./FreeRTOS/Source/portable/GCC/ARM_CM4F/port.o
                0x0800f860                vPortYieldFromISR
 *fill*         0x0800f878        0x8 00
 .text.vPortEnterCritical
                0x0800f880       0x2c ./FreeRTOS/Source/portable/GCC/ARM_CM4F/port.o
                0x0800f880                vPortEnterCritical
 *fill*         0x0800f8ac        0x4 00
 .text.vPortExitCritical
                0x0800f8b0       0x38 ./FreeRTOS/Source/portable/GCC/ARM_CM4F/port.o
                0x0800f8b0                vPortExitCritical
 *fill*         0x0800f8e8        0x8 00
 .text.vListInsertEnd
                0x0800f8f0       0x54 ./FreeRTOS/Source/list.o
                0x0800f8f0                vListInsertEnd
 *fill*         0x0800f944        0xc 00
 .text.vListInsert
                0x0800f950       0x78 ./FreeRTOS/Source/list.o
                0x0800f950                vListInsert
 *fill*         0x0800f9c8        0x8 00
 .text.vListRemove
                0x0800f9d0       0x54 ./FreeRTOS/Source/list.o
                0x0800f9d0                vListRemove
 *fill*         0x0800fa24        0xc 00
 .text.vTaskDelete
                0x0800fa30       0xc0 ./FreeRTOS/Source/tasks.o
                0x0800fa30                vTaskDelete
 .text.vTaskDelay
                0x0800faf0       0x5c ./FreeRTOS/Source/tasks.o
                0x0800faf0                vTaskDelay
 *fill*         0x0800fb4c        0x4 00
 .text.vTaskSuspendAll
                0x0800fb50       0x24 ./FreeRTOS/Source/tasks.o
                0x0800fb50                vTaskSuspendAll
 *fill*         0x0800fb74        0xc 00
 .text.xTaskResumeAll
                0x0800fb80      0x154 ./FreeRTOS/Source/tasks.o
                0x0800fb80                xTaskResumeAll
 *fill*         0x0800fcd4        0xc 00
 .text.vTaskIncrementTick
                0x0800fce0      0x1b8 ./FreeRTOS/Source/tasks.o
                0x0800fce0                vTaskIncrementTick
 *fill*         0x0800fe98        0x8 00
 .text.prvAddCurrentTaskToDelayedList
                0x0800fea0       0x8c ./FreeRTOS/Source/tasks.o
 *fill*         0x0800ff2c        0x4 00
 .text._ZN24CLedHeartBeatSTM32F4DiscC2Em
                0x0800ff30       0x38 ./CLedHeartBeatSTM32F4Disc.o
                0x0800ff30                CLedHeartBeatSTM32F4Disc::CLedHeartBeatSTM32F4Disc(unsigned long)
                0x0800ff30                CLedHeartBeatSTM32F4Disc::CLedHeartBeatSTM32F4Disc(unsigned long)
 *fill*         0x0800ff68        0x8 00
 .text._ZN24CLedHeartBeatSTM32F4DiscD2Ev
                0x0800ff70       0x38 ./CLedHeartBeatSTM32F4Disc.o
                0x0800ff70                CLedHeartBeatSTM32F4Disc::~CLedHeartBeatSTM32F4Disc()
                0x0800ff70                CLedHeartBeatSTM32F4Disc::~CLedHeartBeatSTM32F4Disc()
 *fill*         0x0800ffa8        0x8 00
 .text._ZN24CLedHeartBeatSTM32F4DiscD0Ev
                0x0800ffb0       0x20 ./CLedHeartBeatSTM32F4Disc.o
                0x0800ffb0                CLedHeartBeatSTM32F4Disc::~CLedHeartBeatSTM32F4Disc()
 .text._ZN24CLedHeartBeatSTM32F4Disc12HardwareInitEv
                0x0800ffd0       0x38 ./CLedHeartBeatSTM32F4Disc.o
                0x0800ffd0                CLedHeartBeatSTM32F4Disc::HardwareInit()
 *fill*         0x08010008        0x8 00
 .text._ZN24CLedHeartBeatSTM32F4Disc3RunEv
                0x08010010       0xe8 ./CLedHeartBeatSTM32F4Disc.o
                0x08010010                CLedHeartBeatSTM32F4Disc::Run()
 *fill*         0x080100f8        0x8 00
 .text._Z41__static_initialization_and_destruction_0ii
                0x08010100       0xac ./main.o
 *fill*         0x080101ac        0x4 00
 .text._GLOBAL__sub_I_g_LedTast
                0x080101b0       0x14 ./main.o
 *fill*         0x080101c4        0xc 00
 .text._exit    0x080101d0        0xc ./syscalls.o
                0x080101d0                _exit
 *fill*         0x080101dc        0x4 00
 .text._read_r  0x080101e0       0x20 ./syscalls.o
                0x080101e0                _read_r
 .text._write_r
                0x08010200       0x20 ./syscalls.o
                0x08010200                _write_r
 .text._lseek_r
                0x08010220       0x28 ./syscalls.o
                0x08010220                _lseek_r
 *fill*         0x08010248        0x8 00
 .text._close_r
                0x08010250       0x24 ./syscalls.o
                0x08010250                _close_r
 *fill*         0x08010274        0xc 00
 .text._fstat_r
                0x08010280       0x40 ./syscalls.o
                0x08010280                _fstat_r
 .text._isatty_r
                0x080102c0       0x1c ./syscalls.o
                0x080102c0                _isatty_r
 *fill*         0x080102dc        0x4 00
 .text._sbrk_r  0x080102e0       0x90 ./syscalls.o
                0x080102e0                _sbrk_r
 .text._kill_r  0x08010370       0x24 ./syscalls.o
                0x08010370                _kill_r
 *fill*         0x08010394        0xc 00
 .text._getpid_r
                0x080103a0       0x20 ./syscalls.o
                0x080103a0                _getpid_r
 .text.__malloc_lock
                0x080103c0       0x14 ./syscalls.o
                0x080103c0                __malloc_lock
 *fill*         0x080103d4        0xc 00
 .text.__malloc_unlock
                0x080103e0       0x14 ./syscalls.o
                0x080103e0                __malloc_unlock
 *fill*         0x080103f4        0xc 00
 .text.__aeabi_atexit
                0x08010400        0xc e:/elektronik/toolchain/yagarto/bin/../lib/gcc/arm-none-eabi/4.6.2/../../../../arm-none-eabi/lib/thumb/v7m\libstdc++.a(atexit_arm.o)
                0x08010400                __aeabi_atexit
 *fill*         0x0801040c        0x4 00
 .text._ZdlPv   0x08010410        0x8 e:/elektronik/toolchain/yagarto/bin/../lib/gcc/arm-none-eabi/4.6.2/../../../../arm-none-eabi/lib/thumb/v7m\libstdc++.a(del_op.o)
                0x08010410                operator delete(void*)
 *fill*         0x08010418        0x8 00
 .text.__cxa_pure_virtual
                0x08010420       0x18 e:/elektronik/toolchain/yagarto/bin/../lib/gcc/arm-none-eabi/4.6.2/../../../../arm-none-eabi/lib/thumb/v7m\libstdc++.a(pure.o)
                0x08010420                __cxa_pure_virtual
 *fill*         0x08010438        0x8 00
 .text._ZN10__cxxabiv111__terminateEPFvvE
                0x08010440       0x28 e:/elektronik/toolchain/yagarto/bin/../lib/gcc/arm-none-eabi/4.6.2/../../../../arm-none-eabi/lib/thumb/v7m\libstdc++.a(eh_terminate.o)
                0x08010440                __cxxabiv1::__terminate(void (*)())
 *fill*         0x08010468        0x8 00
 .text._ZSt9terminatev
                0x08010470       0x10 e:/elektronik/toolchain/yagarto/bin/../lib/gcc/arm-none-eabi/4.6.2/../../../../arm-none-eabi/lib/thumb/v7m\libstdc++.a(eh_terminate.o)
                0x08010470                std::terminate()
 .text._ZN10__cxxabiv112__unexpectedEPFvvE
                0x08010480        0x8 e:/elektronik/toolchain/yagarto/bin/../lib/gcc/arm-none-eabi/4.6.2/../../../../arm-none-eabi/lib/thumb/v7m\libstdc++.a(eh_terminate.o)
                0x08010480                __cxxabiv1::__unexpected(void (*)())
 *fill*         0x08010488        0x8 00
 .text._ZSt10unexpectedv
                0x08010490       0x14 e:/elektronik/toolchain/yagarto/bin/../lib/gcc/arm-none-eabi/4.6.2/../../../../arm-none-eabi/lib/thumb/v7m\libstdc++.a(eh_terminate.o)
                0x08010490                std::unexpected()
 *fill*         0x080104a4        0xc 00
 .text._ZN9__gnu_cxx27__verbose_terminate_handlerEv
                0x080104b0      0x118 e:/elektronik/toolchain/yagarto/bin/../lib/gcc/arm-none-eabi/4.6.2/../../../../arm-none-eabi/lib/thumb/v7m\libstdc++.a(vterminate.o)
                0x080104b0                __gnu_cxx::__verbose_terminate_handler()
 *fill*         0x080105c8        0x8 00
 .text.__cxa_end_cleanup
                0x080105d0        0xc e:/elektronik/toolchain/yagarto/bin/../lib/gcc/arm-none-eabi/4.6.2/../../../../arm-none-eabi/lib/thumb/v7m\libstdc++.a(eh_arm.o)
                0x080105d0                __cxa_end_cleanup
 *fill*         0x080105dc        0x4 00
 .text.__cxa_type_match
                0x080105e0       0xe4 e:/elektronik/toolchain/yagarto/bin/../lib/gcc/arm-none-eabi/4.6.2/../../../../arm-none-eabi/lib/thumb/v7m\libstdc++.a(eh_arm.o)
                0x080105e0                __cxa_type_match
 *fill*         0x080106c4        0xc 00
 .text.__cxa_begin_cleanup
                0x080106d0       0x68 e:/elektronik/toolchain/yagarto/bin/../lib/gcc/arm-none-eabi/4.6.2/../../../../arm-none-eabi/lib/thumb/v7m\libstdc++.a(eh_arm.o)
                0x080106d0                __cxa_begin_cleanup
 *fill*         0x08010738        0x8 00
 .text.__gnu_end_cleanup
                0x08010740       0x74 e:/elektronik/toolchain/yagarto/bin/../lib/gcc/arm-none-eabi/4.6.2/../../../../arm-none-eabi/lib/thumb/v7m\libstdc++.a(eh_arm.o)
                0x08010740                __gnu_end_cleanup
 *fill*         0x080107b4        0xc 00
 .text.__cxa_bad_typeid
                0x080107c0       0x24 e:/elektronik/toolchain/yagarto/bin/../lib/gcc/arm-none-eabi/4.6.2/../../../../arm-none-eabi/lib/thumb/v7m\libstdc++.a(eh_aux_runtime.o)
                0x080107c0                __cxa_bad_typeid
 *fill*         0x080107e4        0xc 00
 .text.__cxa_call_terminate
                0x080107f0       0x48 e:/elektronik/toolchain/yagarto/bin/../lib/gcc/arm-none-eabi/4.6.2/../../../../arm-none-eabi/lib/thumb/v7m\libstdc++.a(eh_call.o)
                0x080107f0                __cxa_call_terminate
 *fill*         0x08010838        0x8 00
 .text.__cxa_call_unexpected
                0x08010840      0x11c e:/elektronik/toolchain/yagarto/bin/../lib/gcc/arm-none-eabi/4.6.2/../../../../arm-none-eabi/lib/thumb/v7m\libstdc++.a(eh_call.o)
                0x08010840                __cxa_call_unexpected
 *fill*         0x0801095c        0x4 00
 .text.__cxa_begin_catch
                0x08010960       0x88 e:/elektronik/toolchain/yagarto/bin/../lib/gcc/arm-none-eabi/4.6.2/../../../../arm-none-eabi/lib/thumb/v7m\libstdc++.a(eh_catch.o)
                0x08010960                __cxa_begin_catch
 *fill*         0x080109e8        0x8 00
 .text.__cxa_end_catch
                0x080109f0       0x90 e:/elektronik/toolchain/yagarto/bin/../lib/gcc/arm-none-eabi/4.6.2/../../../../arm-none-eabi/lib/thumb/v7m\libstdc++.a(eh_catch.o)
                0x080109f0                __cxa_end_catch
 .text._ZNSt9exceptionD2Ev
                0x08010a80        0xc e:/elektronik/toolchain/yagarto/bin/../lib/gcc/arm-none-eabi/4.6.2/../../../../arm-none-eabi/lib/thumb/v7m\libstdc++.a(eh_exception.o)
                0x08010a80                std::exception::~exception()
                0x08010a80                std::exception::~exception()
 *fill*         0x08010a8c        0x4 00
 .text._ZNSt13bad_exceptionD2Ev
                0x08010a90        0xc e:/elektronik/toolchain/yagarto/bin/../lib/gcc/arm-none-eabi/4.6.2/../../../../arm-none-eabi/lib/thumb/v7m\libstdc++.a(eh_exception.o)
                0x08010a90                std::bad_exception::~bad_exception()
                0x08010a90                std::bad_exception::~bad_exception()
 *fill*         0x08010a9c        0x4 00
 .text._ZNKSt9exception4whatEv
                0x08010aa0        0xc e:/elektronik/toolchain/yagarto/bin/../lib/gcc/arm-none-eabi/4.6.2/../../../../arm-none-eabi/lib/thumb/v7m\libstdc++.a(eh_exception.o)
                0x08010aa0                std::exception::what() const
 *fill*         0x08010aac        0x4 00
 .text._ZNKSt13bad_exception4whatEv
                0x08010ab0        0xc e:/elektronik/toolchain/yagarto/bin/../lib/gcc/arm-none-eabi/4.6.2/../../../../arm-none-eabi/lib/thumb/v7m\libstdc++.a(eh_exception.o)
                0x08010ab0                std::bad_exception::what() const
 *fill*         0x08010abc        0x4 00
 .text._ZNSt13bad_exceptionD0Ev
                0x08010ac0       0x14 e:/elektronik/toolchain/yagarto/bin/../lib/gcc/arm-none-eabi/4.6.2/../../../../arm-none-eabi/lib/thumb/v7m\libstdc++.a(eh_exception.o)
                0x08010ac0                std::bad_exception::~bad_exception()
 *fill*         0x08010ad4        0xc 00
 .text._ZNSt9exceptionD0Ev
                0x08010ae0       0x14 e:/elektronik/toolchain/yagarto/bin/../lib/gcc/arm-none-eabi/4.6.2/../../../../arm-none-eabi/lib/thumb/v7m\libstdc++.a(eh_exception.o)
                0x08010ae0                std::exception::~exception()
 *fill*         0x08010af4        0xc 00
 .text.__cxa_get_globals_fast
                0x08010b00        0xc e:/elektronik/toolchain/yagarto/bin/../lib/gcc/arm-none-eabi/4.6.2/../../../../arm-none-eabi/lib/thumb/v7m\libstdc++.a(eh_globals.o)
                0x08010b00                __cxa_get_globals_fast
 *fill*         0x08010b0c        0x4 00
 .text.__cxa_get_globals
                0x08010b10        0xc e:/elektronik/toolchain/yagarto/bin/../lib/gcc/arm-none-eabi/4.6.2/../../../../arm-none-eabi/lib/thumb/v7m\libstdc++.a(eh_globals.o)
                0x08010b10                __cxa_get_globals
 *fill*         0x08010b1c        0x4 00
 .text._ZL12read_sleb128PKhPl
                0x08010b20       0x3c e:/elektronik/toolchain/yagarto/bin/../lib/gcc/arm-none-eabi/4.6.2/../../../../arm-none-eabi/lib/thumb/v7m\libstdc++.a(eh_personality.o)
 *fill*         0x08010b5c        0x4 00
 .text._ZL28read_encoded_value_with_basehjPKhPj
                0x08010b60       0xc0 e:/elektronik/toolchain/yagarto/bin/../lib/gcc/arm-none-eabi/4.6.2/../../../../arm-none-eabi/lib/thumb/v7m\libstdc++.a(eh_personality.o)
 .text._ZL21base_of_encoded_valuehP15_Unwind_Context
                0x08010c20       0x4c e:/elektronik/toolchain/yagarto/bin/../lib/gcc/arm-none-eabi/4.6.2/../../../../arm-none-eabi/lib/thumb/v7m\libstdc++.a(eh_personality.o)
 *fill*         0x08010c6c        0x4 00
 .text._ZL17parse_lsda_headerP15_Unwind_ContextPKhP16lsda_header_info.constprop.1
                0x08010c70       0x8c e:/elektronik/toolchain/yagarto/bin/../lib/gcc/arm-none-eabi/4.6.2/../../../../arm-none-eabi/lib/thumb/v7m\libstdc++.a(eh_personality.o)
 *fill*         0x08010cfc        0x4 00
 .text.__gxx_personality_v0
                0x08010d00      0x3a8 e:/elektronik/toolchain/yagarto/bin/../lib/gcc/arm-none-eabi/4.6.2/../../../../arm-none-eabi/lib/thumb/v7m\libstdc++.a(eh_personality.o)
                0x08010d00                __gxx_personality_v0
 *fill*         0x080110a8        0x8 00
 .text._ZL23__gxx_exception_cleanup19_Unwind_Reason_CodeP21_Unwind_Control_Block
                0x080110b0       0x4c e:/elektronik/toolchain/yagarto/bin/../lib/gcc/arm-none-eabi/4.6.2/../../../../arm-none-eabi/lib/thumb/v7m\libstdc++.a(eh_throw.o)
 *fill*         0x080110fc        0x4 00
 .text.__cxa_throw
                0x08011100       0x78 e:/elektronik/toolchain/yagarto/bin/../lib/gcc/arm-none-eabi/4.6.2/../../../../arm-none-eabi/lib/thumb/v7m\libstdc++.a(eh_throw.o)
                0x08011100                __cxa_throw
 *fill*         0x08011178        0x8 00
 .text.__cxa_rethrow
                0x08011180       0x70 e:/elektronik/toolchain/yagarto/bin/../lib/gcc/arm-none-eabi/4.6.2/../../../../arm-none-eabi/lib/thumb/v7m\libstdc++.a(eh_throw.o)
                0x08011180                __cxa_rethrow
 .text.__cxa_current_exception_type
                0x080111f0       0x1c e:/elektronik/toolchain/yagarto/bin/../lib/gcc/arm-none-eabi/4.6.2/../../../../arm-none-eabi/lib/thumb/v7m\libstdc++.a(eh_type.o)
                0x080111f0                __cxa_current_exception_type
 *fill*         0x0801120c        0x4 00
 .text._ZN10__cxxabiv123__fundamental_type_infoD2Ev
                0x08011210       0x14 e:/elektronik/toolchain/yagarto/bin/../lib/gcc/arm-none-eabi/4.6.2/../../../../arm-none-eabi/lib/thumb/v7m\libstdc++.a(fundamental_type_info.o)
                0x08011210                __cxxabiv1::__fundamental_type_info::~__fundamental_type_info()
                0x08011210                __cxxabiv1::__fundamental_type_info::~__fundamental_type_info()
 *fill*         0x08011224        0xc 00
 .text._ZN10__cxxabiv123__fundamental_type_infoD0Ev
                0x08011230       0x1c e:/elektronik/toolchain/yagarto/bin/../lib/gcc/arm-none-eabi/4.6.2/../../../../arm-none-eabi/lib/thumb/v7m\libstdc++.a(fundamental_type_info.o)
                0x08011230                __cxxabiv1::__fundamental_type_info::~__fundamental_type_info()
 *fill*         0x0801124c        0x4 00
 .text._ZNK10__cxxabiv119__pointer_type_info14__is_pointer_pEv
                0x08011250        0x4 e:/elektronik/toolchain/yagarto/bin/../lib/gcc/arm-none-eabi/4.6.2/../../../../arm-none-eabi/lib/thumb/v7m\libstdc++.a(pointer_type_info.o)
                0x08011250                __cxxabiv1::__pointer_type_info::__is_pointer_p() const
 *fill*         0x08011254        0xc 00
 .text._ZN10__cxxabiv119__pointer_type_infoD2Ev
                0x08011260       0x14 e:/elektronik/toolchain/yagarto/bin/../lib/gcc/arm-none-eabi/4.6.2/../../../../arm-none-eabi/lib/thumb/v7m\libstdc++.a(pointer_type_info.o)
                0x08011260                __cxxabiv1::__pointer_type_info::~__pointer_type_info()
                0x08011260                __cxxabiv1::__pointer_type_info::~__pointer_type_info()
 *fill*         0x08011274        0xc 00
 .text._ZN10__cxxabiv119__pointer_type_infoD0Ev
                0x08011280       0x1c e:/elektronik/toolchain/yagarto/bin/../lib/gcc/arm-none-eabi/4.6.2/../../../../arm-none-eabi/lib/thumb/v7m\libstdc++.a(pointer_type_info.o)
                0x08011280                __cxxabiv1::__pointer_type_info::~__pointer_type_info()
 *fill*         0x0801129c        0x4 00
 .text._ZNK10__cxxabiv119__pointer_type_info15__pointer_catchEPKNS_17__pbase_type_infoEPPvj
                0x080112a0       0x48 e:/elektronik/toolchain/yagarto/bin/../lib/gcc/arm-none-eabi/4.6.2/../../../../arm-none-eabi/lib/thumb/v7m\libstdc++.a(pointer_type_info.o)
                0x080112a0                __cxxabiv1::__pointer_type_info::__pointer_catch(__cxxabiv1::__pbase_type_info const*, void**, unsigned int) const
 *fill*         0x080112e8        0x8 00
 .text._ZN10__cxxabiv120__si_class_type_infoD2Ev
                0x080112f0       0x14 e:/elektronik/toolchain/yagarto/bin/../lib/gcc/arm-none-eabi/4.6.2/../../../../arm-none-eabi/lib/thumb/v7m\libstdc++.a(si_class_type_info.o)
                0x080112f0                __cxxabiv1::__si_class_type_info::~__si_class_type_info()
                0x080112f0                __cxxabiv1::__si_class_type_info::~__si_class_type_info()
 *fill*         0x08011304        0xc 00
 .text._ZN10__cxxabiv120__si_class_type_infoD0Ev
                0x08011310       0x1c e:/elektronik/toolchain/yagarto/bin/../lib/gcc/arm-none-eabi/4.6.2/../../../../arm-none-eabi/lib/thumb/v7m\libstdc++.a(si_class_type_info.o)
                0x08011310                __cxxabiv1::__si_class_type_info::~__si_class_type_info()
 *fill*         0x0801132c        0x4 00
 .text._ZNK10__cxxabiv120__si_class_type_info11__do_upcastEPKNS_17__class_type_infoEPKvRNS1_15__upcast_resultE
                0x08011330       0x28 e:/elektronik/toolchain/yagarto/bin/../lib/gcc/arm-none-eabi/4.6.2/../../../../arm-none-eabi/lib/thumb/v7m\libstdc++.a(si_class_type_info.o)
                0x08011330                __cxxabiv1::__si_class_type_info::__do_upcast(__cxxabiv1::__class_type_info const*, void const*, __cxxabiv1::__class_type_info::__upcast_result&) const
 *fill*         0x08011358        0x8 00
 .text._ZNK10__cxxabiv120__si_class_type_info12__do_dyncastEiNS_17__class_type_info10__sub_kindEPKS1_PKvS4_S6_RNS1_16__dyncast_resultE
                0x08011360       0x88 e:/elektronik/toolchain/yagarto/bin/../lib/gcc/arm-none-eabi/4.6.2/../../../../arm-none-eabi/lib/thumb/v7m\libstdc++.a(si_class_type_info.o)
                0x08011360                __cxxabiv1::__si_class_type_info::__do_dyncast(int, __cxxabiv1::__class_type_info::__sub_kind, __cxxabiv1::__class_type_info const*, void const*, __cxxabiv1::__class_type_info const*, void const*, __cxxabiv1::__class_type_info::__dyncast_result&) const
 *fill*         0x080113e8        0x8 00
 .text._ZNK10__cxxabiv120__si_class_type_info20__do_find_public_srcEiPKvPKNS_17__class_type_infoES2_
                0x080113f0       0x38 e:/elektronik/toolchain/yagarto/bin/../lib/gcc/arm-none-eabi/4.6.2/../../../../arm-none-eabi/lib/thumb/v7m\libstdc++.a(si_class_type_info.o)
                0x080113f0                __cxxabiv1::__si_class_type_info::__do_find_public_src(int, void const*, __cxxabiv1::__class_type_info const*, void const*) const
 *fill*         0x08011428        0x8 00
 .text._ZNSt9type_infoD2Ev
                0x08011430        0xc e:/elektronik/toolchain/yagarto/bin/../lib/gcc/arm-none-eabi/4.6.2/../../../../arm-none-eabi/lib/thumb/v7m\libstdc++.a(tinfo.o)
                0x08011430                std::type_info::~type_info()
                0x08011430                std::type_info::~type_info()
 *fill*         0x0801143c        0x4 00
 .text._ZNKSt9type_info14__is_pointer_pEv
                0x08011440        0x4 e:/elektronik/toolchain/yagarto/bin/../lib/gcc/arm-none-eabi/4.6.2/../../../../arm-none-eabi/lib/thumb/v7m\libstdc++.a(tinfo.o)
                0x08011440                std::type_info::__is_pointer_p() const
 *fill*         0x08011444        0xc 00
 .text._ZNKSt9type_info15__is_function_pEv
                0x08011450        0x4 e:/elektronik/toolchain/yagarto/bin/../lib/gcc/arm-none-eabi/4.6.2/../../../../arm-none-eabi/lib/thumb/v7m\libstdc++.a(tinfo.o)
                0x08011450                std::type_info::__is_function_p() const
 *fill*         0x08011454        0xc 00
 .text._ZNKSt9type_info11__do_upcastEPKN10__cxxabiv117__class_type_infoEPPv
                0x08011460        0x4 e:/elektronik/toolchain/yagarto/bin/../lib/gcc/arm-none-eabi/4.6.2/../../../../arm-none-eabi/lib/thumb/v7m\libstdc++.a(tinfo.o)
                0x08011460                std::type_info::__do_upcast(__cxxabiv1::__class_type_info const*, void**) const
 *fill*         0x08011464        0xc 00
 .text._ZNSt9type_infoD0Ev
                0x08011470       0x14 e:/elektronik/toolchain/yagarto/bin/../lib/gcc/arm-none-eabi/4.6.2/../../../../arm-none-eabi/lib/thumb/v7m\libstdc++.a(tinfo.o)
                0x08011470                std::type_info::~type_info()
 *fill*         0x08011484        0xc 00
 .text._ZNKSt9type_infoeqERKS_
                0x08011490       0x38 e:/elektronik/toolchain/yagarto/bin/../lib/gcc/arm-none-eabi/4.6.2/../../../../arm-none-eabi/lib/thumb/v7m\libstdc++.a(tinfo.o)
                0x08011490                std::type_info::operator==(std::type_info const&) const
 *fill*         0x080114c8        0x8 00
 .text._ZNKSt9type_info10__do_catchEPKS_PPvj
                0x080114d0        0x4 e:/elektronik/toolchain/yagarto/bin/../lib/gcc/arm-none-eabi/4.6.2/../../../../arm-none-eabi/lib/thumb/v7m\libstdc++.a(tinfo.o)
                0x080114d0                std::type_info::__do_catch(std::type_info const*, void**, unsigned int) const
 *fill*         0x080114d4        0xc 00
 .text._ZNKSt10bad_typeid4whatEv
                0x080114e0        0xc e:/elektronik/toolchain/yagarto/bin/../lib/gcc/arm-none-eabi/4.6.2/../../../../arm-none-eabi/lib/thumb/v7m\libstdc++.a(bad_typeid.o)
                0x080114e0                std::bad_typeid::what() const
 *fill*         0x080114ec        0x4 00
 .text._ZNSt10bad_typeidD2Ev
                0x080114f0       0x14 e:/elektronik/toolchain/yagarto/bin/../lib/gcc/arm-none-eabi/4.6.2/../../../../arm-none-eabi/lib/thumb/v7m\libstdc++.a(bad_typeid.o)
                0x080114f0                std::bad_typeid::~bad_typeid()
                0x080114f0                std::bad_typeid::~bad_typeid()
 *fill*         0x08011504        0xc 00
 .text._ZNSt10bad_typeidD0Ev
                0x08011510       0x1c e:/elektronik/toolchain/yagarto/bin/../lib/gcc/arm-none-eabi/4.6.2/../../../../arm-none-eabi/lib/thumb/v7m\libstdc++.a(bad_typeid.o)
                0x08011510                std::bad_typeid::~bad_typeid()
 *fill*         0x0801152c        0x4 00
 .text._ZNK10__cxxabiv117__class_type_info11__do_upcastEPKS0_PPv
                0x08011530       0x38 e:/elektronik/toolchain/yagarto/bin/../lib/gcc/arm-none-eabi/4.6.2/../../../../arm-none-eabi/lib/thumb/v7m\libstdc++.a(class_type_info.o)
                0x08011530                __cxxabiv1::__class_type_info::__do_upcast(__cxxabiv1::__class_type_info const*, void**) const
 *fill*         0x08011568        0x8 00
 .text._ZNK10__cxxabiv117__class_type_info20__do_find_public_srcEiPKvPKS0_S2_
                0x08011570        0xc e:/elektronik/toolchain/yagarto/bin/../lib/gcc/arm-none-eabi/4.6.2/../../../../arm-none-eabi/lib/thumb/v7m\libstdc++.a(class_type_info.o)
                0x08011570                __cxxabiv1::__class_type_info::__do_find_public_src(int, void const*, __cxxabiv1::__class_type_info const*, void const*) const
 *fill*         0x0801157c        0x4 00
 .text._ZNK10__cxxabiv117__class_type_info11__do_upcastEPKS0_PKvRNS0_15__upcast_resultE
                0x08011580       0x1c e:/elektronik/toolchain/yagarto/bin/../lib/gcc/arm-none-eabi/4.6.2/../../../../arm-none-eabi/lib/thumb/v7m\libstdc++.a(class_type_info.o)
                0x08011580                __cxxabiv1::__class_type_info::__do_upcast(__cxxabiv1::__class_type_info const*, void const*, __cxxabiv1::__class_type_info::__upcast_result&) const
 *fill*         0x0801159c        0x4 00
 .text._ZN10__cxxabiv117__class_type_infoD2Ev
                0x080115a0       0x14 e:/elektronik/toolchain/yagarto/bin/../lib/gcc/arm-none-eabi/4.6.2/../../../../arm-none-eabi/lib/thumb/v7m\libstdc++.a(class_type_info.o)
                0x080115a0                __cxxabiv1::__class_type_info::~__class_type_info()
                0x080115a0                __cxxabiv1::__class_type_info::~__class_type_info()
 *fill*         0x080115b4        0xc 00
 .text._ZN10__cxxabiv117__class_type_infoD0Ev
                0x080115c0       0x1c e:/elektronik/toolchain/yagarto/bin/../lib/gcc/arm-none-eabi/4.6.2/../../../../arm-none-eabi/lib/thumb/v7m\libstdc++.a(class_type_info.o)
                0x080115c0                __cxxabiv1::__class_type_info::~__class_type_info()
 *fill*         0x080115dc        0x4 00
 .text._ZNK10__cxxabiv117__class_type_info12__do_dyncastEiNS0_10__sub_kindEPKS0_PKvS3_S5_RNS0_16__dyncast_resultE
                0x080115e0       0x3c e:/elektronik/toolchain/yagarto/bin/../lib/gcc/arm-none-eabi/4.6.2/../../../../arm-none-eabi/lib/thumb/v7m\libstdc++.a(class_type_info.o)
                0x080115e0                __cxxabiv1::__class_type_info::__do_dyncast(int, __cxxabiv1::__class_type_info::__sub_kind, __cxxabiv1::__class_type_info const*, void const*, __cxxabiv1::__class_type_info const*, void const*, __cxxabiv1::__class_type_info::__dyncast_result&) const
 *fill*         0x0801161c        0x4 00
 .text._ZNK10__cxxabiv117__class_type_info10__do_catchEPKSt9type_infoPPvj
                0x08011620       0x28 e:/elektronik/toolchain/yagarto/bin/../lib/gcc/arm-none-eabi/4.6.2/../../../../arm-none-eabi/lib/thumb/v7m\libstdc++.a(class_type_info.o)
                0x08011620                __cxxabiv1::__class_type_info::__do_catch(std::type_info const*, void**, unsigned int) const
 *fill*         0x08011648        0x8 00
 .text.__cxa_allocate_exception
                0x08011650       0x64 e:/elektronik/toolchain/yagarto/bin/../lib/gcc/arm-none-eabi/4.6.2/../../../../arm-none-eabi/lib/thumb/v7m\libstdc++.a(eh_alloc.o)
                0x08011650                __cxa_allocate_exception
 *fill*         0x080116b4        0xc 00
 .text.__cxa_free_exception
                0x080116c0       0x34 e:/elektronik/toolchain/yagarto/bin/../lib/gcc/arm-none-eabi/4.6.2/../../../../arm-none-eabi/lib/thumb/v7m\libstdc++.a(eh_alloc.o)
                0x080116c0                __cxa_free_exception
 *fill*         0x080116f4        0xc 00
 .text._ZNK10__cxxabiv117__pbase_type_info15__pointer_catchEPKS0_PPvj
                0x08011700       0x14 e:/elektronik/toolchain/yagarto/bin/../lib/gcc/arm-none-eabi/4.6.2/../../../../arm-none-eabi/lib/thumb/v7m\libstdc++.a(pbase_type_info.o)
                0x08011700                __cxxabiv1::__pbase_type_info::__pointer_catch(__cxxabiv1::__pbase_type_info const*, void**, unsigned int) const
 *fill*         0x08011714        0xc 00
 .text._ZN10__cxxabiv117__pbase_type_infoD2Ev
                0x08011720       0x14 e:/elektronik/toolchain/yagarto/bin/../lib/gcc/arm-none-eabi/4.6.2/../../../../arm-none-eabi/lib/thumb/v7m\libstdc++.a(pbase_type_info.o)
                0x08011720                __cxxabiv1::__pbase_type_info::~__pbase_type_info()
                0x08011720                __cxxabiv1::__pbase_type_info::~__pbase_type_info()
 *fill*         0x08011734        0xc 00
 .text._ZN10__cxxabiv117__pbase_type_infoD0Ev
                0x08011740       0x1c e:/elektronik/toolchain/yagarto/bin/../lib/gcc/arm-none-eabi/4.6.2/../../../../arm-none-eabi/lib/thumb/v7m\libstdc++.a(pbase_type_info.o)
                0x08011740                __cxxabiv1::__pbase_type_info::~__pbase_type_info()
 *fill*         0x0801175c        0x4 00
 .text._ZNK10__cxxabiv117__pbase_type_info10__do_catchEPKSt9type_infoPPvj
                0x08011760       0x6c e:/elektronik/toolchain/yagarto/bin/../lib/gcc/arm-none-eabi/4.6.2/../../../../arm-none-eabi/lib/thumb/v7m\libstdc++.a(pbase_type_info.o)
                0x08011760                __cxxabiv1::__pbase_type_info::__do_catch(std::type_info const*, void**, unsigned int) const
 *(.rodata)
 *fill*         0x080117cc        0x4 00
 .rodata        0x080117d0       0x30 ./FreeRTOS_EC/Source/CTask.o
 .rodata        0x08011800      0xdd8 e:/elektronik/toolchain/yagarto/bin/../lib/gcc/arm-none-eabi/4.6.2/../../../../arm-none-eabi/lib/thumb/v7m\libstdc++.a(cp-demangle.o)
 *fill*         0x080125d8        0x8 00
 .rodata        0x080125e0        0x4 e:/elektronik/toolchain/yagarto/bin/../lib/gcc/arm-none-eabi/4.6.2/../../../../arm-none-eabi/lib/thumb/v7m\libg.a(lib_a-impure.o)
                0x080125e0                _global_impure_ptr
 *fill*         0x080125e4        0xc 00
 .rodata        0x080125f0       0x20 e:/elektronik/toolchain/yagarto/bin/../lib/gcc/arm-none-eabi/4.6.2/../../../../arm-none-eabi/lib/thumb/v7m\libg.a(lib_a-svfprintf.o)
 .rodata        0x08012610       0x20 e:/elektronik/toolchain/yagarto/bin/../lib/gcc/arm-none-eabi/4.6.2/../../../../arm-none-eabi/lib/thumb/v7m\libg.a(lib_a-vfiprintf.o)
 .rodata        0x08012630      0x128 e:/elektronik/toolchain/yagarto/bin/../lib/gcc/arm-none-eabi/4.6.2/../../../../arm-none-eabi/lib/thumb/v7m\libg.a(lib_a-mprec.o)
                0x08012640                __mprec_tens
                0x08012708                __mprec_tinytens
                0x08012730                __mprec_bigtens
 *fill*         0x08012758        0x8 00
 .rodata        0x08012760       0x20 e:/elektronik/toolchain/yagarto/bin/../lib/gcc/arm-none-eabi/4.6.2/../../../../arm-none-eabi/lib/thumb/v7m\libg.a(lib_a-svfiprintf.o)
 *(.rodata.*)
 .rodata.GPIO_PIN
                0x08012780        0x8 ./STM32F4-Discovery/stm32f4_discovery.o
                0x08012780                GPIO_PIN
 *fill*         0x08012788        0x8 00
 .rodata.GPIO_CLK
                0x08012790       0x10 ./STM32F4-Discovery/stm32f4_discovery.o
                0x08012790                GPIO_CLK
 .rodata._ZTV6CMenue
                0x080127a0       0x28 ./Menue/CMenue.o
                0x080127a0                vtable for CMenue
 *fill*         0x080127c8        0x8 00
 .rodata._ZTV11CGraphicLCD
                0x080127d0       0x38 ./GraphicLCD/CGraphicLCD.o
                0x080127d0                vtable for CGraphicLCD
 *fill*         0x08012808        0x8 00
 .rodata._ZTV13CT6963CDriver
                0x08012810       0x48 ./GraphicLCD/CT6963CDriver.o
                0x08012810                vtable for CT6963CDriver
 *fill*         0x08012858        0x8 00
 .rodata._ZTV21CT6963_GPIO_Interface
                0x08012860       0x48 ./GraphicLCD/CT6963GPIOInterface.o
                0x08012860                vtable for CT6963_GPIO_Interface
 *fill*         0x080128a8        0x8 00
 .rodata._ZTV12AManagedTask
                0x080128b0       0x28 ./FreeRTOS_EC/Source/AManagedTask.o
                0x080128b0                vtable for AManagedTask
 *fill*         0x080128d8        0x8 00
 .rodata._ZTV12IFreeRTOSObj
                0x080128e0       0x18 ./FreeRTOS_EC/Source/ASyncObject.o
                0x080128e0                vtable for IFreeRTOSObj
 *fill*         0x080128f8        0x8 00
 .rodata._ZTV5CTask
                0x08012900       0x20 ./FreeRTOS_EC/Source/CTask.o
                0x08012900                vtable for CTask
 .rodata._ZZN5CTask6AttachEPvE19__PRETTY_FUNCTION__
                0x08012920       0x2c ./FreeRTOS_EC/Source/CTask.o
 *fill*         0x0801294c        0x4 00
 .rodata._ZTV24CLedHeartBeatSTM32F4Disc
                0x08012950       0x28 ./CLedHeartBeatSTM32F4Disc.o
                0x08012950                vtable for CLedHeartBeatSTM32F4Disc
 *fill*         0x08012978        0x8 00
 .rodata.str1.4
                0x08012980       0x1c e:/elektronik/toolchain/yagarto/bin/../lib/gcc/arm-none-eabi/4.6.2/../../../../arm-none-eabi/lib/thumb/v7m\libstdc++.a(pure.o)
 *fill*         0x0801299c        0x4 00
 .rodata.str1.4
                0x080129a0       0x94 e:/elektronik/toolchain/yagarto/bin/../lib/gcc/arm-none-eabi/4.6.2/../../../../arm-none-eabi/lib/thumb/v7m\libstdc++.a(vterminate.o)
 *fill*         0x08012a34        0xc 00
 .rodata._ZTVSt9exception
                0x08012a40       0x18 e:/elektronik/toolchain/yagarto/bin/../lib/gcc/arm-none-eabi/4.6.2/../../../../arm-none-eabi/lib/thumb/v7m\libstdc++.a(eh_exception.o)
                0x08012a40                vtable for std::exception
 *fill*         0x08012a58        0x8 00
 .rodata._ZTIN10__cxxabiv115__forced_unwindE
                0x08012a60        0x8 e:/elektronik/toolchain/yagarto/bin/../lib/gcc/arm-none-eabi/4.6.2/../../../../arm-none-eabi/lib/thumb/v7m\libstdc++.a(eh_exception.o)
                0x08012a60                typeinfo for __cxxabiv1::__forced_unwind
 *fill*         0x08012a68        0x8 00
 .rodata._ZTISt9exception
                0x08012a70        0x8 e:/elektronik/toolchain/yagarto/bin/../lib/gcc/arm-none-eabi/4.6.2/../../../../arm-none-eabi/lib/thumb/v7m\libstdc++.a(eh_exception.o)
                0x08012a70                typeinfo for std::exception
 *fill*         0x08012a78        0x8 00
 .rodata._ZTSSt13bad_exception
                0x08012a80       0x14 e:/elektronik/toolchain/yagarto/bin/../lib/gcc/arm-none-eabi/4.6.2/../../../../arm-none-eabi/lib/thumb/v7m\libstdc++.a(eh_exception.o)
                0x08012a80                typeinfo name for std::bad_exception
 *fill*         0x08012a94        0xc 00
 .rodata.str1.4
                0x08012aa0       0x23 e:/elektronik/toolchain/yagarto/bin/../lib/gcc/arm-none-eabi/4.6.2/../../../../arm-none-eabi/lib/thumb/v7m\libstdc++.a(eh_exception.o)
                                 0x24 (size before relaxing)
 *fill*         0x08012ac3        0xd 00
 .rodata._ZTSN10__cxxabiv119__foreign_exceptionE
                0x08012ad0       0x24 e:/elektronik/toolchain/yagarto/bin/../lib/gcc/arm-none-eabi/4.6.2/../../../../arm-none-eabi/lib/thumb/v7m\libstdc++.a(eh_exception.o)
                0x08012ad0                typeinfo name for __cxxabiv1::__foreign_exception
 *fill*         0x08012af4        0xc 00
 .rodata._ZTIN10__cxxabiv119__foreign_exceptionE
                0x08012b00        0x8 e:/elektronik/toolchain/yagarto/bin/../lib/gcc/arm-none-eabi/4.6.2/../../../../arm-none-eabi/lib/thumb/v7m\libstdc++.a(eh_exception.o)
                0x08012b00                typeinfo for __cxxabiv1::__foreign_exception
 *fill*         0x08012b08        0x8 00
 .rodata._ZTVSt13bad_exception
                0x08012b10       0x18 e:/elektronik/toolchain/yagarto/bin/../lib/gcc/arm-none-eabi/4.6.2/../../../../arm-none-eabi/lib/thumb/v7m\libstdc++.a(eh_exception.o)
                0x08012b10                vtable for std::bad_exception
 *fill*         0x08012b28        0x8 00
 .rodata._ZTSSt9exception
                0x08012b30       0x10 e:/elektronik/toolchain/yagarto/bin/../lib/gcc/arm-none-eabi/4.6.2/../../../../arm-none-eabi/lib/thumb/v7m\libstdc++.a(eh_exception.o)
                0x08012b30                typeinfo name for std::exception
 .rodata._ZTSN10__cxxabiv115__forced_unwindE
                0x08012b40       0x20 e:/elektronik/toolchain/yagarto/bin/../lib/gcc/arm-none-eabi/4.6.2/../../../../arm-none-eabi/lib/thumb/v7m\libstdc++.a(eh_exception.o)
                0x08012b40                typeinfo name for __cxxabiv1::__forced_unwind
 .rodata._ZTISt13bad_exception
                0x08012b60        0xc e:/elektronik/toolchain/yagarto/bin/../lib/gcc/arm-none-eabi/4.6.2/../../../../arm-none-eabi/lib/thumb/v7m\libstdc++.a(eh_exception.o)
                0x08012b60                typeinfo for std::bad_exception
 *fill*         0x08012b6c        0x4 00
 .rodata._ZTIPv
                0x08012b70       0x10 e:/elektronik/toolchain/yagarto/bin/../lib/gcc/arm-none-eabi/4.6.2/../../../../arm-none-eabi/lib/thumb/v7m\libstdc++.a(fundamental_type_info.o)
                0x08012b70                typeinfo for void*
 .rodata._ZTIv  0x08012b80        0x8 e:/elektronik/toolchain/yagarto/bin/../lib/gcc/arm-none-eabi/4.6.2/../../../../arm-none-eabi/lib/thumb/v7m\libstdc++.a(fundamental_type_info.o)
                0x08012b80                typeinfo for void
 *fill*         0x08012b88        0x8 00
 .rodata._ZTSPv
                0x08012b90        0x4 e:/elektronik/toolchain/yagarto/bin/../lib/gcc/arm-none-eabi/4.6.2/../../../../arm-none-eabi/lib/thumb/v7m\libstdc++.a(fundamental_type_info.o)
                0x08012b90                typeinfo name for void*
 *fill*         0x08012b94        0xc 00
 .rodata._ZTSv  0x08012ba0        0x4 e:/elektronik/toolchain/yagarto/bin/../lib/gcc/arm-none-eabi/4.6.2/../../../../arm-none-eabi/lib/thumb/v7m\libstdc++.a(fundamental_type_info.o)
                0x08012ba0                typeinfo name for void
 *fill*         0x08012ba4        0xc 00
 .rodata._ZTIN10__cxxabiv123__fundamental_type_infoE
                0x08012bb0        0xc e:/elektronik/toolchain/yagarto/bin/../lib/gcc/arm-none-eabi/4.6.2/../../../../arm-none-eabi/lib/thumb/v7m\libstdc++.a(fundamental_type_info.o)
                0x08012bb0                typeinfo for __cxxabiv1::__fundamental_type_info
 *fill*         0x08012bbc        0x4 00
 .rodata._ZTSN10__cxxabiv123__fundamental_type_infoE
                0x08012bc0       0x28 e:/elektronik/toolchain/yagarto/bin/../lib/gcc/arm-none-eabi/4.6.2/../../../../arm-none-eabi/lib/thumb/v7m\libstdc++.a(fundamental_type_info.o)
                0x08012bc0                typeinfo name for __cxxabiv1::__fundamental_type_info
 *fill*         0x08012be8        0x8 00
 .rodata._ZTVN10__cxxabiv123__fundamental_type_infoE
                0x08012bf0       0x20 e:/elektronik/toolchain/yagarto/bin/../lib/gcc/arm-none-eabi/4.6.2/../../../../arm-none-eabi/lib/thumb/v7m\libstdc++.a(fundamental_type_info.o)
                0x08012bf0                vtable for __cxxabiv1::__fundamental_type_info
 .rodata._ZTSN10__cxxabiv119__pointer_type_infoE
                0x08012c10       0x24 e:/elektronik/toolchain/yagarto/bin/../lib/gcc/arm-none-eabi/4.6.2/../../../../arm-none-eabi/lib/thumb/v7m\libstdc++.a(pointer_type_info.o)
                0x08012c10                typeinfo name for __cxxabiv1::__pointer_type_info
 *fill*         0x08012c34        0xc 00
 .rodata._ZTIN10__cxxabiv119__pointer_type_infoE
                0x08012c40        0xc e:/elektronik/toolchain/yagarto/bin/../lib/gcc/arm-none-eabi/4.6.2/../../../../arm-none-eabi/lib/thumb/v7m\libstdc++.a(pointer_type_info.o)
                0x08012c40                typeinfo for __cxxabiv1::__pointer_type_info
 *fill*         0x08012c4c        0x4 00
 .rodata._ZTVN10__cxxabiv119__pointer_type_infoE
                0x08012c50       0x28 e:/elektronik/toolchain/yagarto/bin/../lib/gcc/arm-none-eabi/4.6.2/../../../../arm-none-eabi/lib/thumb/v7m\libstdc++.a(pointer_type_info.o)
                0x08012c50                vtable for __cxxabiv1::__pointer_type_info
 *fill*         0x08012c78        0x8 00
 .rodata._ZTVN10__cxxabiv120__si_class_type_infoE
                0x08012c80       0x30 e:/elektronik/toolchain/yagarto/bin/../lib/gcc/arm-none-eabi/4.6.2/../../../../arm-none-eabi/lib/thumb/v7m\libstdc++.a(si_class_type_info.o)
                0x08012c80                vtable for __cxxabiv1::__si_class_type_info
 .rodata._ZTIN10__cxxabiv120__si_class_type_infoE
                0x08012cb0        0xc e:/elektronik/toolchain/yagarto/bin/../lib/gcc/arm-none-eabi/4.6.2/../../../../arm-none-eabi/lib/thumb/v7m\libstdc++.a(si_class_type_info.o)
                0x08012cb0                typeinfo for __cxxabiv1::__si_class_type_info
 *fill*         0x08012cbc        0x4 00
 .rodata._ZTSN10__cxxabiv120__si_class_type_infoE
                0x08012cc0       0x28 e:/elektronik/toolchain/yagarto/bin/../lib/gcc/arm-none-eabi/4.6.2/../../../../arm-none-eabi/lib/thumb/v7m\libstdc++.a(si_class_type_info.o)
                0x08012cc0                typeinfo name for __cxxabiv1::__si_class_type_info
 *fill*         0x08012ce8        0x8 00
 .rodata._ZTISt9type_info
                0x08012cf0        0x8 e:/elektronik/toolchain/yagarto/bin/../lib/gcc/arm-none-eabi/4.6.2/../../../../arm-none-eabi/lib/thumb/v7m\libstdc++.a(tinfo.o)
                0x08012cf0                typeinfo for std::type_info
 *fill*         0x08012cf8        0x8 00
 .rodata._ZTSSt9type_info
                0x08012d00       0x10 e:/elektronik/toolchain/yagarto/bin/../lib/gcc/arm-none-eabi/4.6.2/../../../../arm-none-eabi/lib/thumb/v7m\libstdc++.a(tinfo.o)
                0x08012d00                typeinfo name for std::type_info
 .rodata._ZTVSt9type_info
                0x08012d10       0x20 e:/elektronik/toolchain/yagarto/bin/../lib/gcc/arm-none-eabi/4.6.2/../../../../arm-none-eabi/lib/thumb/v7m\libstdc++.a(tinfo.o)
                0x08012d10                vtable for std::type_info
 .rodata._ZTVSt10bad_typeid
                0x08012d30       0x18 e:/elektronik/toolchain/yagarto/bin/../lib/gcc/arm-none-eabi/4.6.2/../../../../arm-none-eabi/lib/thumb/v7m\libstdc++.a(bad_typeid.o)
                0x08012d30                vtable for std::bad_typeid
 *fill*         0x08012d48        0x8 00
 .rodata._ZTISt10bad_typeid
                0x08012d50        0xc e:/elektronik/toolchain/yagarto/bin/../lib/gcc/arm-none-eabi/4.6.2/../../../../arm-none-eabi/lib/thumb/v7m\libstdc++.a(bad_typeid.o)
                0x08012d50                typeinfo for std::bad_typeid
 *fill*         0x08012d5c        0x4 00
 .rodata.str1.4
                0x08012d60       0x10 e:/elektronik/toolchain/yagarto/bin/../lib/gcc/arm-none-eabi/4.6.2/../../../../arm-none-eabi/lib/thumb/v7m\libstdc++.a(bad_typeid.o)
 .rodata._ZTSSt10bad_typeid
                0x08012d70       0x10 e:/elektronik/toolchain/yagarto/bin/../lib/gcc/arm-none-eabi/4.6.2/../../../../arm-none-eabi/lib/thumb/v7m\libstdc++.a(bad_typeid.o)
                0x08012d70                typeinfo name for std::bad_typeid
 .rodata._ZTVN10__cxxabiv117__class_type_infoE
                0x08012d80       0x30 e:/elektronik/toolchain/yagarto/bin/../lib/gcc/arm-none-eabi/4.6.2/../../../../arm-none-eabi/lib/thumb/v7m\libstdc++.a(class_type_info.o)
                0x08012d80                vtable for __cxxabiv1::__class_type_info
 .rodata._ZTIN10__cxxabiv117__class_type_infoE
                0x08012db0        0xc e:/elektronik/toolchain/yagarto/bin/../lib/gcc/arm-none-eabi/4.6.2/../../../../arm-none-eabi/lib/thumb/v7m\libstdc++.a(class_type_info.o)
                0x08012db0                typeinfo for __cxxabiv1::__class_type_info
 *fill*         0x08012dbc        0x4 00
 .rodata._ZTSN10__cxxabiv117__class_type_infoE
                0x08012dc0       0x24 e:/elektronik/toolchain/yagarto/bin/../lib/gcc/arm-none-eabi/4.6.2/../../../../arm-none-eabi/lib/thumb/v7m\libstdc++.a(class_type_info.o)
                0x08012dc0                typeinfo name for __cxxabiv1::__class_type_info
 *fill*         0x08012de4        0xc 00
 .rodata._ZTIN10__cxxabiv117__pbase_type_infoE
                0x08012df0        0xc e:/elektronik/toolchain/yagarto/bin/../lib/gcc/arm-none-eabi/4.6.2/../../../../arm-none-eabi/lib/thumb/v7m\libstdc++.a(pbase_type_info.o)
                0x08012df0                typeinfo for __cxxabiv1::__pbase_type_info
 *fill*         0x08012dfc        0x4 00
 .rodata._ZTSN10__cxxabiv117__pbase_type_infoE
                0x08012e00       0x24 e:/elektronik/toolchain/yagarto/bin/../lib/gcc/arm-none-eabi/4.6.2/../../../../arm-none-eabi/lib/thumb/v7m\libstdc++.a(pbase_type_info.o)
                0x08012e00                typeinfo name for __cxxabiv1::__pbase_type_info
 *fill*         0x08012e24        0xc 00
 .rodata._ZTVN10__cxxabiv117__pbase_type_infoE
                0x08012e30       0x28 e:/elektronik/toolchain/yagarto/bin/../lib/gcc/arm-none-eabi/4.6.2/../../../../arm-none-eabi/lib/thumb/v7m\libstdc++.a(pbase_type_info.o)
                0x08012e30                vtable for __cxxabiv1::__pbase_type_info
 *fill*         0x08012e58        0x8 00
 .rodata.str1.4
                0x08012e60       0x3f e:/elektronik/toolchain/yagarto/bin/../lib/gcc/arm-none-eabi/4.6.2/../../../../arm-none-eabi/lib/thumb/v7m\libg.a(lib_a-assert.o)
                                 0x44 (size before relaxing)
 *fill*         0x08012e9f        0x1 00
 .rodata.str1.4
                0x08012ea0        0x2 e:/elektronik/toolchain/yagarto/bin/../lib/gcc/arm-none-eabi/4.6.2/../../../../arm-none-eabi/lib/thumb/v7m\libg.a(lib_a-impure.o)
                                  0x4 (size before relaxing)
 *fill*         0x08012ea2        0xe 00
 .rodata.str1.4
                0x08012eb0       0x42 e:/elektronik/toolchain/yagarto/bin/../lib/gcc/arm-none-eabi/4.6.2/../../../../arm-none-eabi/lib/thumb/v7m\libg.a(lib_a-svfprintf.o)
                                 0x44 (size before relaxing)
 .rodata.str1.4
                0x00000000       0x30 e:/elektronik/toolchain/yagarto/bin/../lib/gcc/arm-none-eabi/4.6.2/../../../../arm-none-eabi/lib/thumb/v7m\libg.a(lib_a-vfiprintf.o)
 *fill*         0x08012ef2        0xe 00
 .rodata.str1.4
                0x08012f00       0x10 e:/elektronik/toolchain/yagarto/bin/../lib/gcc/arm-none-eabi/4.6.2/../../../../arm-none-eabi/lib/thumb/v7m\libg.a(lib_a-dtoa.o)
                                 0x14 (size before relaxing)
 .rodata.str1.4
                0x08012f10        0xc e:/elektronik/toolchain/yagarto/bin/../lib/gcc/arm-none-eabi/4.6.2/../../../../arm-none-eabi/lib/thumb/v7m\libg.a(lib_a-locale.o)
                                 0x14 (size before relaxing)
 .rodata.str1.4
                0x00000000       0x30 e:/elektronik/toolchain/yagarto/bin/../lib/gcc/arm-none-eabi/4.6.2/../../../../arm-none-eabi/lib/thumb/v7m\libg.a(lib_a-svfiprintf.o)
 *(.glue_7t)
 .glue_7t       0x00000000        0x0 linker stubs
 *(.glue_7)
 .glue_7        0x00000000        0x0 linker stubs
 *(.gcc*)

.vfp11_veneer   0x08012f1c        0x0
 .vfp11_veneer  0x00000000        0x0 linker stubs

.v4_bx          0x08012f1c        0x0
 .v4_bx         0x00000000        0x0 linker stubs

.ARM.extab      0x08012f1c      0x138
 *(.ARM.extab* .gnu.linkonce.armextab.*)
 .ARM.extab.text.__cxa_pure_virtual
                0x08012f1c        0xc e:/elektronik/toolchain/yagarto/bin/../lib/gcc/arm-none-eabi/4.6.2/../../../../arm-none-eabi/lib/thumb/v7m\libstdc++.a(pure.o)
 .ARM.extab.text._ZN10__cxxabiv111__terminateEPFvvE
                0x08012f28       0x2c e:/elektronik/toolchain/yagarto/bin/../lib/gcc/arm-none-eabi/4.6.2/../../../../arm-none-eabi/lib/thumb/v7m\libstdc++.a(eh_terminate.o)
 .ARM.extab.text._ZN10__cxxabiv112__unexpectedEPFvvE
                0x08012f54        0xc e:/elektronik/toolchain/yagarto/bin/../lib/gcc/arm-none-eabi/4.6.2/../../../../arm-none-eabi/lib/thumb/v7m\libstdc++.a(eh_terminate.o)
 .ARM.extab.text._ZSt10unexpectedv
                0x08012f60        0xc e:/elektronik/toolchain/yagarto/bin/../lib/gcc/arm-none-eabi/4.6.2/../../../../arm-none-eabi/lib/thumb/v7m\libstdc++.a(eh_terminate.o)
 .ARM.extab.text._ZN9__gnu_cxx27__verbose_terminate_handlerEv
                0x08012f6c       0x3c e:/elektronik/toolchain/yagarto/bin/../lib/gcc/arm-none-eabi/4.6.2/../../../../arm-none-eabi/lib/thumb/v7m\libstdc++.a(vterminate.o)
 .ARM.extab.text.__cxa_bad_typeid
                0x08012fa8        0xc e:/elektronik/toolchain/yagarto/bin/../lib/gcc/arm-none-eabi/4.6.2/../../../../arm-none-eabi/lib/thumb/v7m\libstdc++.a(eh_aux_runtime.o)
 .ARM.extab.text.__cxa_call_unexpected
                0x08012fb4       0x28 e:/elektronik/toolchain/yagarto/bin/../lib/gcc/arm-none-eabi/4.6.2/../../../../arm-none-eabi/lib/thumb/v7m\libstdc++.a(eh_call.o)
 .ARM.extab.text.__cxa_begin_catch
                0x08012fdc       0x1c e:/elektronik/toolchain/yagarto/bin/../lib/gcc/arm-none-eabi/4.6.2/../../../../arm-none-eabi/lib/thumb/v7m\libstdc++.a(eh_catch.o)
 .ARM.extab.text._ZL21base_of_encoded_valuehP15_Unwind_Context
                0x08012ff8        0xc e:/elektronik/toolchain/yagarto/bin/../lib/gcc/arm-none-eabi/4.6.2/../../../../arm-none-eabi/lib/thumb/v7m\libstdc++.a(eh_personality.o)
 .ARM.extab.text.__gxx_personality_v0
                0x08013004       0x20 e:/elektronik/toolchain/yagarto/bin/../lib/gcc/arm-none-eabi/4.6.2/../../../../arm-none-eabi/lib/thumb/v7m\libstdc++.a(eh_personality.o)
 .ARM.extab.text._ZNK10__cxxabiv117__pbase_type_info15__pointer_catchEPKS0_PPvj
                0x08013024        0x0 e:/elektronik/toolchain/yagarto/bin/../lib/gcc/arm-none-eabi/4.6.2/../../../../arm-none-eabi/lib/thumb/v7m\libstdc++.a(pbase_type_info.o)
 .ARM.extab     0x08013024       0x18 e:/elektronik/toolchain/yagarto/bin/../lib/gcc/arm-none-eabi/4.6.2/thumb/v7m\libgcc.a(unwind-arm.o)
 .ARM.extab     0x0801303c       0x18 e:/elektronik/toolchain/yagarto/bin/../lib/gcc/arm-none-eabi/4.6.2/thumb/v7m\libgcc.a(pr-support.o)

.ARM.exidx      0x08013054      0x208
                0x08013054                PROVIDE (__exidx_start, .)
 *(.ARM.exidx* .gnu.linkonce.armexidx.*)
 .ARM.exidx.text.__aeabi_atexit
                0x08013114        0x0 e:/elektronik/toolchain/yagarto/bin/../lib/gcc/arm-none-eabi/4.6.2/../../../../arm-none-eabi/lib/thumb/v7m\libstdc++.a(atexit_arm.o)
                                  0x8 (size before relaxing)
 .ARM.exidx.text._ZdlPv
                0x08013114        0x0 e:/elektronik/toolchain/yagarto/bin/../lib/gcc/arm-none-eabi/4.6.2/../../../../arm-none-eabi/lib/thumb/v7m\libstdc++.a(del_op.o)
                                  0x8 (size before relaxing)
 .ARM.exidx.text.__cxa_pure_virtual
                0x08013114        0x8 e:/elektronik/toolchain/yagarto/bin/../lib/gcc/arm-none-eabi/4.6.2/../../../../arm-none-eabi/lib/thumb/v7m\libstdc++.a(pure.o)
 .ARM.exidx.text._ZN10__cxxabiv111__terminateEPFvvE
                0x0801311c        0x8 e:/elektronik/toolchain/yagarto/bin/../lib/gcc/arm-none-eabi/4.6.2/../../../../arm-none-eabi/lib/thumb/v7m\libstdc++.a(eh_terminate.o)
 .ARM.exidx.text._ZSt9terminatev
                0x08013124        0x8 e:/elektronik/toolchain/yagarto/bin/../lib/gcc/arm-none-eabi/4.6.2/../../../../arm-none-eabi/lib/thumb/v7m\libstdc++.a(eh_terminate.o)
 .ARM.exidx.text._ZN10__cxxabiv112__unexpectedEPFvvE
                0x0801312c        0x8 e:/elektronik/toolchain/yagarto/bin/../lib/gcc/arm-none-eabi/4.6.2/../../../../arm-none-eabi/lib/thumb/v7m\libstdc++.a(eh_terminate.o)
 .ARM.exidx.text._ZSt10unexpectedv
                0x08013134        0x8 e:/elektronik/toolchain/yagarto/bin/../lib/gcc/arm-none-eabi/4.6.2/../../../../arm-none-eabi/lib/thumb/v7m\libstdc++.a(eh_terminate.o)
 .ARM.exidx.text._ZN9__gnu_cxx27__verbose_terminate_handlerEv