Archive member included because of file (symbol)

d:/elektronik/ides/eclipse/yagarto/bin/../lib/gcc/arm-none-eabi/4.6.2/../../../../arm-none-eabi/lib/thumb/v7m\libstdc++.a(atexit_arm.o)
                              ./main.o (__aeabi_atexit)
d:/elektronik/ides/eclipse/yagarto/bin/../lib/gcc/arm-none-eabi/4.6.2/../../../../arm-none-eabi/lib/thumb/v7m\libstdc++.a(del_op.o)
                              ./Menue/CMenue.o (operator delete(void*))
d:/elektronik/ides/eclipse/yagarto/bin/../lib/gcc/arm-none-eabi/4.6.2/../../../../arm-none-eabi/lib/thumb/v7m\libstdc++.a(pure.o)
                              ./GraphicLCD/CGraphicLCD.o (__cxa_pure_virtual)
d:/elektronik/ides/eclipse/yagarto/bin/../lib/gcc/arm-none-eabi/4.6.2/../../../../arm-none-eabi/lib/thumb/v7m\libstdc++.a(eh_terminate.o)
                              d:/elektronik/ides/eclipse/yagarto/bin/../lib/gcc/arm-none-eabi/4.6.2/../../../../arm-none-eabi/lib/thumb/v7m\libstdc++.a(pure.o) (std::terminate())
d:/elektronik/ides/eclipse/yagarto/bin/../lib/gcc/arm-none-eabi/4.6.2/../../../../arm-none-eabi/lib/thumb/v7m\libstdc++.a(eh_term_handler.o)
                              d:/elektronik/ides/eclipse/yagarto/bin/../lib/gcc/arm-none-eabi/4.6.2/../../../../arm-none-eabi/lib/thumb/v7m\libstdc++.a(eh_terminate.o) (__cxxabiv1::__terminate_handler)
d:/elektronik/ides/eclipse/yagarto/bin/../lib/gcc/arm-none-eabi/4.6.2/../../../../arm-none-eabi/lib/thumb/v7m\libstdc++.a(eh_unex_handler.o)
                              d:/elektronik/ides/eclipse/yagarto/bin/../lib/gcc/arm-none-eabi/4.6.2/../../../../arm-none-eabi/lib/thumb/v7m\libstdc++.a(eh_terminate.o) (__cxxabiv1::__unexpected_handler)
d:/elektronik/ides/eclipse/yagarto/bin/../lib/gcc/arm-none-eabi/4.6.2/../../../../arm-none-eabi/lib/thumb/v7m\libstdc++.a(vterminate.o)
                              d:/elektronik/ides/eclipse/yagarto/bin/../lib/gcc/arm-none-eabi/4.6.2/../../../../arm-none-eabi/lib/thumb/v7m\libstdc++.a(eh_term_handler.o) (__gnu_cxx::__verbose_terminate_handler())
d:/elektronik/ides/eclipse/yagarto/bin/../lib/gcc/arm-none-eabi/4.6.2/../../../../arm-none-eabi/lib/thumb/v7m\libstdc++.a(cp-demangle.o)
                              d:/elektronik/ides/eclipse/yagarto/bin/../lib/gcc/arm-none-eabi/4.6.2/../../../../arm-none-eabi/lib/thumb/v7m\libstdc++.a(vterminate.o) (__cxa_demangle)
d:/elektronik/ides/eclipse/yagarto/bin/../lib/gcc/arm-none-eabi/4.6.2/../../../../arm-none-eabi/lib/thumb/v7m\libstdc++.a(eh_arm.o)
                              d:/elektronik/ides/eclipse/yagarto/bin/../lib/gcc/arm-none-eabi/4.6.2/../../../../arm-none-eabi/lib/thumb/v7m\libstdc++.a(eh_terminate.o) (__cxa_end_cleanup)
d:/elektronik/ides/eclipse/yagarto/bin/../lib/gcc/arm-none-eabi/4.6.2/../../../../arm-none-eabi/lib/thumb/v7m\libstdc++.a(eh_aux_runtime.o)
                              d:/elektronik/ides/eclipse/yagarto/bin/../lib/gcc/arm-none-eabi/4.6.2/../../../../arm-none-eabi/lib/thumb/v7m\libstdc++.a(eh_arm.o) (__cxa_bad_typeid)
d:/elektronik/ides/eclipse/yagarto/bin/../lib/gcc/arm-none-eabi/4.6.2/../../../../arm-none-eabi/lib/thumb/v7m\libstdc++.a(eh_call.o)
                              d:/elektronik/ides/eclipse/yagarto/bin/../lib/gcc/arm-none-eabi/4.6.2/../../../../arm-none-eabi/lib/thumb/v7m\libstdc++.a(eh_terminate.o) (__cxa_call_unexpected)
d:/elektronik/ides/eclipse/yagarto/bin/../lib/gcc/arm-none-eabi/4.6.2/../../../../arm-none-eabi/lib/thumb/v7m\libstdc++.a(eh_catch.o)
                              d:/elektronik/ides/eclipse/yagarto/bin/../lib/gcc/arm-none-eabi/4.6.2/../../../../arm-none-eabi/lib/thumb/v7m\libstdc++.a(eh_terminate.o) (__cxa_begin_catch)
d:/elektronik/ides/eclipse/yagarto/bin/../lib/gcc/arm-none-eabi/4.6.2/../../../../arm-none-eabi/lib/thumb/v7m\libstdc++.a(eh_exception.o)
                              d:/elektronik/ides/eclipse/yagarto/bin/../lib/gcc/arm-none-eabi/4.6.2/../../../../arm-none-eabi/lib/thumb/v7m\libstdc++.a(vterminate.o) (typeinfo for std::exception)
d:/elektronik/ides/eclipse/yagarto/bin/../lib/gcc/arm-none-eabi/4.6.2/../../../../arm-none-eabi/lib/thumb/v7m\libstdc++.a(eh_globals.o)
                              d:/elektronik/ides/eclipse/yagarto/bin/../lib/gcc/arm-none-eabi/4.6.2/../../../../arm-none-eabi/lib/thumb/v7m\libstdc++.a(eh_call.o) (__cxa_get_globals_fast)
d:/elektronik/ides/eclipse/yagarto/bin/../lib/gcc/arm-none-eabi/4.6.2/../../../../arm-none-eabi/lib/thumb/v7m\libstdc++.a(eh_personality.o)
                              d:/elektronik/ides/eclipse/yagarto/bin/../lib/gcc/arm-none-eabi/4.6.2/../../../../arm-none-eabi/lib/thumb/v7m\libstdc++.a(eh_terminate.o) (__gxx_personality_v0)
d:/elektronik/ides/eclipse/yagarto/bin/../lib/gcc/arm-none-eabi/4.6.2/../../../../arm-none-eabi/lib/thumb/v7m\libstdc++.a(eh_throw.o)
                              d:/elektronik/ides/eclipse/yagarto/bin/../lib/gcc/arm-none-eabi/4.6.2/../../../../arm-none-eabi/lib/thumb/v7m\libstdc++.a(eh_aux_runtime.o) (__cxa_throw)
[...]
Memory Configuration

Name             Origin             Length             Attributes
FLASH            0x08000000         0x00100000         xr
RAM              0x20000000         0x00020000         xrw
MEMORY_B1        0x60000000         0x00000000         xr
*default*        0x00000000         0xffffffff

Linker script and memory map

LOAD d:/elektronik/ides/eclipse/yagarto/bin/../lib/gcc/arm-none-eabi/4.6.2/thumb/v7m/crti.o
LOAD d:/elektronik/ides/eclipse/yagarto/bin/../lib/gcc/arm-none-eabi/4.6.2/thumb/v7m/crtbegin.o
LOAD d:/elektronik/ides/eclipse/yagarto/bin/../lib/gcc/arm-none-eabi/4.6.2/../../../../arm-none-eabi/lib/thumb/v7m/crt0.o
LOAD ./STM32_USB_OTG_Driver/src/usb_core.o
LOAD ./STM32_USB_OTG_Driver/src/usb_hcd.o
LOAD ./STM32_USB_OTG_Driver/src/usb_hcd_int.o
LOAD ./STM32_USB_HOST_Library/Core/src/usbh_core.o
LOAD ./STM32_USB_HOST_Library/Core/src/usbh_hcs.o
LOAD ./STM32_USB_HOST_Library/Core/src/usbh_ioreq.o
LOAD ./STM32_USB_HOST_Library/Core/src/usbh_stdreq.o
LOAD ./STM32_USB_HOST_Library/Class/MSC/src/usbh_msc_bot.o
LOAD ./STM32_USB_HOST_Library/Class/MSC/src/usbh_msc_core.o
LOAD ./STM32_USB_HOST_Library/Class/MSC/src/usbh_msc_fatfs.o
LOAD ./STM32_USB_HOST_Library/Class/MSC/src/usbh_msc_scsi.o
LOAD ./STM32F4xx_StdPeriph_Driver/src/misc.o
LOAD ./STM32F4xx_StdPeriph_Driver/src/stm32f4xx_adc.o
LOAD ./STM32F4xx_StdPeriph_Driver/src/stm32f4xx_dac.o
LOAD ./STM32F4xx_StdPeriph_Driver/src/stm32f4xx_dbgmcu.o
LOAD ./STM32F4xx_StdPeriph_Driver/src/stm32f4xx_dma.o
LOAD ./STM32F4xx_StdPeriph_Driver/src/stm32f4xx_exti.o
LOAD ./STM32F4xx_StdPeriph_Driver/src/stm32f4xx_flash.o
LOAD ./STM32F4xx_StdPeriph_Driver/src/stm32f4xx_fsmc.o
LOAD ./STM32F4xx_StdPeriph_Driver/src/stm32f4xx_gpio.o
LOAD ./STM32F4xx_StdPeriph_Driver/src/stm32f4xx_i2c.o
LOAD ./STM32F4xx_StdPeriph_Driver/src/stm32f4xx_iwdg.o
LOAD ./STM32F4xx_StdPeriph_Driver/src/stm32f4xx_pwr.o
LOAD ./STM32F4xx_StdPeriph_Driver/src/stm32f4xx_rcc.o
LOAD ./STM32F4xx_StdPeriph_Driver/src/stm32f4xx_rng.o
LOAD ./STM32F4xx_StdPeriph_Driver/src/stm32f4xx_rtc.o
LOAD ./STM32F4xx_StdPeriph_Driver/src/stm32f4xx_sdio.o
LOAD ./STM32F4xx_StdPeriph_Driver/src/stm32f4xx_spi.o
LOAD ./STM32F4xx_StdPeriph_Driver/src/stm32f4xx_syscfg.o
LOAD ./STM32F4xx_StdPeriph_Driver/src/stm32f4xx_tim.o
LOAD ./STM32F4xx_StdPeriph_Driver/src/stm32f4xx_usart.o
LOAD ./STM32F4xx_StdPeriph_Driver/src/stm32f4xx_wwdg.o
LOAD ./STM32F4-Discovery/stm32f4_discovery.o
LOAD ./STM32F4-Discovery/stm32f4_discovery_audio_codec.o
LOAD ./STM32F4-Discovery/stm32f4_discovery_lis302dl.o
LOAD ./Menue/CMenue.o
LOAD ./HelixMP3/real/bitstream.o
LOAD ./HelixMP3/real/buffers.o
LOAD ./HelixMP3/real/dct32.o
LOAD ./HelixMP3/real/dequant.o
LOAD ./HelixMP3/real/dqchan.o
LOAD ./HelixMP3/real/huffman.o
LOAD ./HelixMP3/real/hufftabs.o
LOAD ./HelixMP3/real/imdct.o
LOAD ./HelixMP3/real/polyphase.o
LOAD ./HelixMP3/real/scalfact.o
LOAD ./HelixMP3/real/stproc.o
LOAD ./HelixMP3/real/subband.o
LOAD ./HelixMP3/real/trigtabs.o
LOAD ./HelixMP3/mp3dec.o
LOAD ./HelixMP3/mp3tabs.o
LOAD ./GraphicLCD/CGraphicLCD.o
LOAD ./GraphicLCD/CT6963CDriver.o
LOAD ./GraphicLCD/CT6963GPIOInterface.o
LOAD ./GraphicLCD/SansSerif12.o
LOAD ./GraphicLCD/SansSerif26.o
LOAD ./FreeRTOS_EC/Source/AManagedTask.o
LOAD ./FreeRTOS_EC/Source/ASyncObject.o
LOAD ./FreeRTOS_EC/Source/ATimer.o
LOAD ./FreeRTOS_EC/Source/CBinarySemaphore.o
LOAD ./FreeRTOS_EC/Source/CCountingSemaphore.o
LOAD ./FreeRTOS_EC/Source/CFreeRTOS.o
LOAD ./FreeRTOS_EC/Source/CMessageTask.o
LOAD ./FreeRTOS_EC/Source/CMutex.o
LOAD ./FreeRTOS_EC/Source/CQueue.o
LOAD ./FreeRTOS_EC/Source/CRecursiveMutex.o
LOAD ./FreeRTOS_EC/Source/CTask.o
LOAD ./FreeRTOS/Source/portable/GCC/ARM_CM4F/port.o
LOAD ./FreeRTOS/Source/croutine.o
LOAD ./FreeRTOS/Source/list.o
LOAD ./FreeRTOS/Source/queue.o
LOAD ./FreeRTOS/Source/tasks.o
LOAD ./FreeRTOS/Source/timers.o
LOAD ./Audio_MP3/USB_MSC/CUSBMassStorage.o
LOAD ./Audio_MP3/USB_MSC/usb_bsp.o
LOAD ./Audio_MP3/USB_MSC/usbh_usr.o
LOAD ./Audio_MP3/FatFs/src/option/syscall.o
LOAD ./Audio_MP3/FatFs/src/ff.o
LOAD ./Audio_MP3/CFileHandler.o
LOAD ./Audio_MP3/fattime.o
LOAD ./CLedHeartBeatSTM32F4Disc.o
LOAD ./main.o
LOAD ./startup_stm32f4xx.o
LOAD ./stm32f4xx_it.o
LOAD ./syscalls.o
LOAD ./system_stm32f4xx.o
LOAD ./ustime.o
LOAD d:/elektronik/ides/eclipse/yagarto/bin/../lib/gcc/arm-none-eabi/4.6.2/../../../../arm-none-eabi/lib/thumb/v7m\libstdc++.a
LOAD d:/elektronik/ides/eclipse/yagarto/bin/../lib/gcc/arm-none-eabi/4.6.2/../../../../arm-none-eabi/lib/thumb/v7m\libm.a
START GROUP
LOAD d:/elektronik/ides/eclipse/yagarto/bin/../lib/gcc/arm-none-eabi/4.6.2/thumb/v7m\libgcc.a
LOAD d:/elektronik/ides/eclipse/yagarto/bin/../lib/gcc/arm-none-eabi/4.6.2/../../../../arm-none-eabi/lib/thumb/v7m\libg.a
LOAD d:/elektronik/ides/eclipse/yagarto/bin/../lib/gcc/arm-none-eabi/4.6.2/../../../../arm-none-eabi/lib/thumb/v7m\libc.a
END GROUP
LOAD d:/elektronik/ides/eclipse/yagarto/bin/../lib/gcc/arm-none-eabi/4.6.2/thumb/v7m/crtend.o
LOAD d:/elektronik/ides/eclipse/yagarto/bin/../lib/gcc/arm-none-eabi/4.6.2/thumb/v7m/crtn.o
                0x20020000                _estack = 0x20020000
                0x00000000                _Min_Heap_Size = 0x0
                0x00000400                _Min_Stack_Size = 0x400

.isr_vector     0x08000000      0x188
                0x08000000                . = ALIGN (0x4)
 *(.isr_vector)
 .isr_vector    0x08000000      0x188 ./startup_stm32f4xx.o
                0x08000000                g_pfnVectors
                0x08000188                . = ALIGN (0x4)

.text           0x08000188    0x3592c
                0x08000188                . = ALIGN (0x4)
 *(.text)
 .text          0x08000188       0x54 d:/elektronik/ides/eclipse/yagarto/bin/../lib/gcc/arm-none-eabi/4.6.2/thumb/v7m/crtbegin.o
 .text          0x080001dc     0x1330 ./STM32_USB_OTG_Driver/src/usb_core.o
                0x080002c8                USB_OTG_WritePacket
                0x08000350                USB_OTG_ReadPacket
                0x080003b8                USB_OTG_SelectCore
                0x0800057c                USB_OTG_CoreInit
                0x0800077c                USB_OTG_EnableGlobalInt
                0x080007b8                USB_OTG_DisableGlobalInt
                0x080007f8                USB_OTG_FlushTxFifo
                0x08000878                USB_OTG_FlushRxFifo
                0x080008e4                USB_OTG_SetCurrentMode
                0x08000948                USB_OTG_GetMode
                0x08000968                USB_OTG_IsDeviceMode
                0x0800098c                USB_OTG_IsHostMode
                0x080009b0                USB_OTG_ReadCoreItr
                0x080009e0                USB_OTG_ReadOtgItr
                0x080009fc                USB_OTG_CoreInitHost
                0x08000b44                USB_OTG_IsEvenFrame
                0x08000b6c                USB_OTG_DriveVbus
                0x08000bec                USB_OTG_EnableHostInt
                0x08000c78                USB_OTG_InitFSLSPClkSel
                0x08000cb0                USB_OTG_ReadHPRT0
                0x08000cf0                USB_OTG_ReadHostAllChannels_intr
                0x08000d0c                USB_OTG_ResetPort
                0x08000d60                USB_OTG_HC_Init
                0x08001038                USB_OTG_HC_StartXfer
                0x08001348                USB_OTG_HC_Halt
                0x080013f4                USB_OTG_HC_DoPing
                0x0800147c                USB_OTG_StopHost
 .text          0x0800150c      0x200 ./STM32_USB_OTG_Driver/src/usb_hcd.o
                0x0800150c                HCD_Init
                0x080015b4                HCD_GetCurrentSpeed
                0x080015dc                HCD_ResetPort
                0x080015f8                HCD_IsDeviceConnected
                0x08001614                HCD_GetCurrentFrame
                0x08001638                HCD_GetURB_State
                0x0800165c                HCD_GetXferCnt
                0x08001680                HCD_GetHCState
                0x080016a4                HCD_HC_Init
                0x080016c8                HCD_SubmitRequest
 .text          0x0800170c     0x1490 ./STM32_USB_OTG_Driver/src/usb_hcd_int.o
                0x0800170c                USBH_OTG_ISR_Handler
 .text          0x08002b9c      0xb14 ./STM32_USB_HOST_Library/Core/src/usbh_core.o
                0x08002b9c                USBH_Connect
                0x08002bcc                USBH_Disconnect
                0x08002bfc                USBH_Init
                0x08002c78                USBH_DeInit
                0x08002cec                USBH_Process
                0x08002f80                USBH_ErrorHandle
                0x08003304                USBH_HandleControl
 .text          0x080036b0      0x2d4 ./STM32_USB_HOST_Library/Core/src/usbh_hcs.o
                0x080036b0                USBH_Open_Channel
                0x080037b8                USBH_Modify_Channel
                0x08003854                USBH_Alloc_Channel
                0x080038a0                USBH_Free_Channel
                0x080038ec                USBH_DeAllocate_AllChannel
 .text          0x08003984      0x598 ./STM32_USB_HOST_Library/Core/src/usbh_ioreq.o
                0x08003984                USBH_CtlReq
                0x08003a2c                USBH_CtlSendSetup
                0x08003aa8                USBH_CtlSendData
                0x08003b6c                USBH_CtlReceiveData
                0x08003be8                USBH_BulkSendData
                0x08003c90                USBH_BulkReceiveData
                0x08003d38                USBH_InterruptReceiveData
                0x08003e08                USBH_InterruptSendData
 .text          0x08003f1c      0x658 ./STM32_USB_HOST_Library/Core/src/usbh_stdreq.o
                0x08003f1c                USBH_Get_DevDesc
                0x08003f78                USBH_Get_CfgDesc
                0x08003fd8                USBH_Get_StringDesc
                0x08004034                USBH_GetDescriptor
                0x08004098                USBH_SetAddress
                0x080040ec                USBH_SetCfg
                0x0800413c                USBH_ClrFeature
 .text          0x08004574      0x7d0 ./STM32_USB_HOST_Library/Class/MSC/src/usbh_msc_bot.o
                0x08004574                USBH_MSC_Init
                0x080045ec                USBH_MSC_HandleBOTXfer
                0x08004bd0                USBH_MSC_BOT_Abort
                0x08004c70                USBH_MSC_DecodeCSW
 .text          0x08004d44      0x658 ./STM32_USB_HOST_Library/Class/MSC/src/usbh_msc_core.o
                0x08005318                USBH_MSC_ErrorHandle
 .text          0x0800539c      0x2c4 ./STM32_USB_HOST_Library/Class/MSC/src/usbh_msc_fatfs.o
                0x0800539c                disk_initialize
                0x080053ec                disk_status
                0x0800541c                disk_read
                0x080054d8                disk_write
                0x080055b0                disk_ioctl
 .text          0x08005660      0xabc ./STM32_USB_HOST_Library/Class/MSC/src/usbh_msc_scsi.o
                0x08005660                USBH_MSC_TestUnitReady
                0x080057dc                USBH_MSC_ReadCapacity10
                0x080059b8                USBH_MSC_ModeSense6
                0x08005b70                USBH_MSC_RequestSense
                0x08005d54                USBH_MSC_Write10
                0x08005f18                USBH_MSC_Read10
 .text          0x0800611c      0x1dc ./STM32F4xx_StdPeriph_Driver/src/misc.o
                0x0800611c                NVIC_PriorityGroupConfig
                0x08006144                NVIC_Init
                0x08006228                NVIC_SetVectorTable
                0x08006254                NVIC_SystemLPConfig
                0x080062ac                SysTick_CLKSourceConfig
 .text          0x080062f8      0x530 ./STM32F4xx_StdPeriph_Driver/src/stm32f4xx_dac.o
                0x080062f8                DAC_DeInit
                0x08006318                DAC_Init
                0x0800638c                DAC_StructInit
                0x080063c0                DAC_Cmd
                0x08006428                DAC_SoftwareTriggerCmd
                0x08006498                DAC_DualSoftwareTriggerCmd
                0x080064e4                DAC_WaveGenerationCmd
                0x08006548                DAC_SetChannel1Data
                0x08006580                DAC_SetChannel2Data
                0x080065b8                DAC_SetDualChannelData
                0x0800661c                DAC_GetDataOutputValue
                0x08006658                DAC_DMACmd
                0x080066c0                DAC_ITConfig
                0x08006724                DAC_GetFlagStatus
                0x0800676c                DAC_ClearFlag
                0x08006794                DAC_GetITStatus
                0x08006800                DAC_ClearITPendingBit
 .text          0x08006828      0x820 ./STM32F4xx_StdPeriph_Driver/src/stm32f4xx_dma.o
                0x08006828                DMA_DeInit
                0x08006a6c                DMA_Init
                0x08006b1c                DMA_StructInit
                0x08006ba8                DMA_Cmd
                0x08006be0                DMA_PeriphIncOffsetSizeConfig
                0x08006c14                DMA_FlowControllerConfig
                0x08006c48                DMA_SetCurrDataCounter
                0x08006c64                DMA_GetCurrDataCounter
                0x08006c80                DMA_DoubleBufferModeConfig
                0x08006cbc                DMA_DoubleBufferModeCmd
                0x08006cf4                DMA_MemoryTargetConfig
                0x08006d20                DMA_GetCurrentMemoryTarget
                0x08006d58                DMA_GetCmdStatus
                0x08006d90                DMA_GetFIFOStatus
                0x08006db8                DMA_GetFlagStatus
                0x08006e40                DMA_ClearFlag
                0x08006ea4                DMA_ITConfig
                0x08006f1c                DMA_GetITStatus
                0x08006fe4                DMA_ClearITPendingBit
 .text          0x08007048      0x2d4 ./STM32F4xx_StdPeriph_Driver/src/stm32f4xx_exti.o
                0x08007048                EXTI_DeInit
                0x0800709c                EXTI_Init
                0x080071e0                EXTI_StructInit
                0x08007214                EXTI_GenerateSWInterrupt
                0x08007240                EXTI_GetFlagStatus
                0x08007280                EXTI_ClearFlag
                0x080072a0                EXTI_GetITStatus
                0x080072fc                EXTI_ClearITPendingBit
 .text          0x0800731c      0x550 ./STM32F4xx_StdPeriph_Driver/src/stm32f4xx_gpio.o
                0x0800731c                GPIO_DeInit
                0x08007494                GPIO_Init
                0x080075e8                GPIO_StructInit
                0x08007624                GPIO_PinLockConfig
                0x08007668                GPIO_ReadInputDataBit
                0x080076a4                GPIO_ReadInputData
                0x080076c0                GPIO_ReadOutputDataBit
                0x080076fc                GPIO_ReadOutputData
                0x08007718                GPIO_SetBits
                0x08007734                GPIO_ResetBits
                0x08007750                GPIO_WriteBit
                0x08007780                GPIO_Write
                0x0800779c                GPIO_ToggleBits
                0x080077c0                GPIO_PinAFConfig
 .text          0x0800786c      0xa10 ./STM32F4xx_StdPeriph_Driver/src/stm32f4xx_i2c.o
                0x0800786c                I2C_DeInit
                0x080078f4                I2C_Init
                0x08007aa0                I2C_StructInit
                0x08007ae4                I2C_Cmd
                0x08007b24                I2C_GenerateSTART
                0x08007b64                I2C_GenerateSTOP
                0x08007ba4                I2C_Send7bitAddress
                0x08007be0                I2C_AcknowledgeConfig
                0x08007c20                I2C_OwnAddress2Config
                0x08007c64                I2C_DualAddressCmd
                0x08007ca4                I2C_GeneralCallCmd
                0x08007ce4                I2C_SoftwareResetCmd
                0x08007d2c                I2C_StretchClockCmd
                0x08007d6c                I2C_FastModeDutyCycleConfig
                0x08007dac                I2C_NACKPositionConfig
                0x08007dec                I2C_SMBusAlertConfig
                0x08007e2c                I2C_ARPCmd
                0x08007e6c                I2C_SendData
                0x08007e8c                I2C_ReceiveData
                0x08007ea8                I2C_TransmitPEC
                0x08007ee8                I2C_PECPositionConfig
                0x08007f28                I2C_CalculatePEC
                0x08007f68                I2C_GetPEC
                0x08007f8c                I2C_DMACmd
                0x08007fcc                I2C_DMALastTransferCmd
                0x0800800c                I2C_ReadRegister
                0x0800803c                I2C_ITConfig
                0x08008084                I2C_CheckEvent
                0x080080f4                I2C_GetLastEvent
                0x08008140                I2C_GetFlagStatus
                0x080081b8                I2C_ClearFlag
                0x080081e8                I2C_GetITStatus
                0x0800824c                I2C_ClearITPendingBit
 .text          0x0800827c      0xdd0 ./STM32F4xx_StdPeriph_Driver/src/stm32f4xx_rcc.o
                0x0800827c                RCC_DeInit
                0x08008300                RCC_HSEConfig
                0x08008330                RCC_WaitForHSEStartUp
                0x08008394                RCC_AdjustHSICalibrationValue
                0x080083dc                RCC_HSICmd
                0x080083fc                RCC_LSEConfig
                0x0800845c                RCC_LSICmd
                0x0800847c                RCC_PLLConfig
                0x080084c4                RCC_PLLCmd
                0x080084e4                RCC_PLLI2SConfig
                0x08008514                RCC_PLLI2SCmd
                0x08008534                RCC_ClockSecuritySystemCmd
                0x08008554                RCC_MCO1Config
                0x0800859c                RCC_MCO2Config
                0x080085e4                RCC_SYSCLKConfig
                0x08008624                RCC_GetSYSCLKSource
                0x08008644                RCC_HCLKConfig
                0x08008684                RCC_PCLK1Config
                0x080086c4                RCC_PCLK2Config
                0x08008708                RCC_GetClocksFreq
                0x080088d8                RCC_RTCCLKConfig
                0x08008950                RCC_RTCCLKCmd
                0x08008970                RCC_BackupResetCmd
                0x08008990                RCC_I2SCLKConfig
                0x080089b0                RCC_AHB1PeriphClockCmd
                0x08008a08                RCC_AHB2PeriphClockCmd
                0x08008a60                RCC_AHB3PeriphClockCmd
                0x08008ab8                RCC_APB1PeriphClockCmd
                0x08008b10                RCC_APB2PeriphClockCmd
                0x08008b68                RCC_AHB1PeriphResetCmd
                0x08008bc0                RCC_AHB2PeriphResetCmd
                0x08008c18                RCC_AHB3PeriphResetCmd
                0x08008c70                RCC_APB1PeriphResetCmd
                0x08008cc8                RCC_APB2PeriphResetCmd
                0x08008d20                RCC_AHB1PeriphClockLPModeCmd
                0x08008d78                RCC_AHB2PeriphClockLPModeCmd
                0x08008dd0                RCC_AHB3PeriphClockLPModeCmd
                0x08008e28                RCC_APB1PeriphClockLPModeCmd
                0x08008e80                RCC_APB2PeriphClockLPModeCmd
                0x08008ed8                RCC_ITConfig
                0x08008f38                RCC_GetFlagStatus
                0x08008fc8                RCC_ClearFlag
                0x08008fec                RCC_GetITStatus
                0x0800902c                RCC_ClearITPendingBit
 .text          0x0800904c      0x8e8 ./STM32F4xx_StdPeriph_Driver/src/stm32f4xx_spi.o
                0x0800904c                SPI_I2S_DeInit
                0x080090d4                SPI_Init
                0x0800915c                I2S_Init
                0x08009370                SPI_StructInit
                0x080093cc                I2S_StructInit
                0x08009410                SPI_Cmd
                0x08009450                I2S_Cmd
                0x08009490                SPI_DataSizeConfig
                0x080094c8                SPI_BiDirectionalLineConfig
                0x08009508                SPI_NSSInternalSoftwareConfig
                0x0800954c                SPI_SSOutputCmd
                0x0800958c                SPI_TIModeCmd
                0x080095cc                I2S_FullDuplexConfig
                0x08009670                SPI_I2S_ReceiveData
                0x0800968c                SPI_I2S_SendData
                0x080096a8                SPI_CalculateCRC
                0x080096e8                SPI_TransmitCRC
                0x0800970c                SPI_GetCRC
                0x08009740                SPI_GetCRCPolynomial
                0x0800975c                SPI_I2S_DMACmd
                0x080097a4                SPI_I2S_ITConfig
                0x08009810                SPI_I2S_GetFlagStatus
                0x08009850                SPI_I2S_ClearFlag
                0x08009874                SPI_I2S_GetITStatus
                0x080098fc                SPI_I2S_ClearITPendingBit
 .text          0x08009934      0x170 ./STM32F4xx_StdPeriph_Driver/src/stm32f4xx_syscfg.o
                0x08009934                SYSCFG_DeInit
                0x08009954                SYSCFG_MemoryRemapConfig
                0x08009974                SYSCFG_EXTILineConfig
                0x08009a28                SYSCFG_ETH_MediaInterfaceConfig
                0x08009a48                SYSCFG_CompensationCellCmd
                0x08009a68                SYSCFG_GetCompensationCellStatus
 .text          0x08009aa4      0x244 ./STM32F4-Discovery/stm32f4_discovery.o
                0x08009aa4                STM_EVAL_LEDInit
                0x08009b10                STM_EVAL_LEDOn
                0x08009b44                STM_EVAL_LEDOff
                0x08009b78                STM_EVAL_LEDToggle
                0x08009bc0                STM_EVAL_PBInit
                0x08009cac                STM_EVAL_PBGetState
 .text          0x08009ce8     0x17a4 ./STM32F4-Discovery/stm32f4_discovery_audio_codec.o
                0x08009d38                EVAL_AUDIO_SetAudioInterface
                0x08009ea8                EVAL_AUDIO_Init
                0x08009f10                EVAL_AUDIO_DeInit
                0x08009f24                EVAL_AUDIO_Play
                0x08009fa0                EVAL_AUDIO_PauseResume
                0x08009fd4                EVAL_AUDIO_Stop
                0x0800a014                EVAL_AUDIO_VolumeCtl
                0x0800a060                EVAL_AUDIO_Mute
                0x0800a1fc                DMA1_Stream7_IRQHandler
                0x0800a208                DMA1_Stream0_IRQHandler
                0x0800a214                SPI3_IRQHandler
                0x0800afec                Codec_TIMEOUT_UserCallback
                0x0800b244                Audio_MAL_Play
                0x0800b414                DAC_Config
 .text          0x0800b48c      0x6a4 ./STM32F4-Discovery/stm32f4_discovery_lis302dl.o
                0x0800b48c                LIS302DL_Init
                0x0800b4e0                LIS302DL_FilterConfig
                0x0800b540                LIS302DL_InterruptConfig
                0x0800b590                LIS302DL_LowpowerCmd
                0x0800b5dc                LIS302DL_DataRateCmd
                0x0800b628                LIS302DL_FullScaleCmd
                0x0800b674                LIS302DL_RebootCmd
                0x0800b6b0                LIS302DL_Write
                0x0800b720                LIS302DL_Read
                0x0800b7a0                LIS302DL_ReadACC
                0x0800bb28                LIS302DL_TIMEOUT_UserCallback
 .text          0x0800bb30      0x29c ./Menue/CMenue.o
                0x0800bb30                CMenue::CMenue(CGraphicLCD*)
                0x0800bb30                CMenue::CMenue(CGraphicLCD*)
                0x0800bb60                CMenue::~CMenue()
                0x0800bb60                CMenue::~CMenue()
                0x0800bb98                CMenue::~CMenue()
                0x0800bbb8                CMenue::HardwareInit()
                0x0800bbd0                CMenue::Run()
 .text          0x0800bdcc      0x970 ./HelixMP3/real/bitstream.o
                0x0800bdcc                xmp3_SetBitstreamPointer
                0x0800bf10                xmp3_GetBits
                0x0800bfac                xmp3_CalcBitsUsed
                0x0800bfe8                xmp3_CheckPadBit
                0x0800c024                xmp3_UnpackFrameHeader
                0x0800c390                xmp3_UnpackSideInfo
 .text          0x0800c73c      0x16c ./HelixMP3/real/buffers.o
                0x0800c73c                ClearBuffer
                0x0800c778                xmp3_AllocateBuffers
                0x0800c894                xmp3_FreeBuffers
 .text          0x0800c8a8     0x10dc ./HelixMP3/real/dct32.o
                0x0800c8cc                xmp3_FDCT32
 .text          0x0800d984      0x430 ./HelixMP3/real/dequant.o
                0x0800d9a4                xmp3_Dequantize
 .text          0x0800ddb4      0x6e4 ./HelixMP3/real/dqchan.o
                0x0800e0bc                xmp3_DequantChannel
 .text          0x0800e498      0xc88 ./HelixMP3/real/huffman.o
                0x0800edec                xmp3_DecodeHuffman
 .text          0x0800f120     0x1ff8 ./HelixMP3/real/imdct.o
                0x08010dd8                xmp3_IMDCT
 .text          0x08011118     0x1950 ./HelixMP3/real/polyphase.o
                0x080111e8                xmp3_PolyphaseMono
                0x08011ad8                xmp3_PolyphaseStereo
 .text          0x08012a68      0xafc ./HelixMP3/real/scalfact.o
                0x0801336c                xmp3_UnpackScaleFactors
 .text          0x08013564      0xb70 ./HelixMP3/real/stproc.o
                0x080135b8                xmp3_MidSideProc
                0x08013678                xmp3_IntensityProcMPEG1
                0x08013b58                xmp3_IntensityProcMPEG2
 .text          0x080140d4      0x1cc ./HelixMP3/real/subband.o
                0x080140d4                xmp3_Subband
 .text          0x080142a0      0x768 ./HelixMP3/mp3dec.o
                0x080142a0                MP3InitDecoder
                0x080142bc                MP3FreeDecoder
                0x080142e0                MP3FindSyncWord
                0x080143fc                MP3GetLastFrameInfo
                0x080144d4                MP3GetNextFrameInfo
                0x08014588                MP3Decode
 .text          0x08014a08       0xdc ./GraphicLCD/CGraphicLCD.o
                0x08014a08                CGraphicLCD::CGraphicLCD()
                0x08014a08                CGraphicLCD::CGraphicLCD()
                0x08014a30                CGraphicLCD::CGraphicLCD(bool)
                0x08014a30                CGraphicLCD::CGraphicLCD(bool)
                0x08014a5c                CGraphicLCD::~CGraphicLCD()
                0x08014a5c                CGraphicLCD::~CGraphicLCD()
                0x08014a90                CGraphicLCD::~CGraphicLCD()
                0x08014ab0                CGraphicLCD::Inverse()
                0x08014ac8                CGraphicLCD::Inverse(bool)
 .text          0x08014ae4      0xe5c ./GraphicLCD/CT6963CDriver.o
                0x08014ae4                CT6963CDriver::CT6963CDriver()
                0x08014ae4                CT6963CDriver::CT6963CDriver()
                0x08014b0c                CT6963CDriver::~CT6963CDriver()
                0x08014b0c                CT6963CDriver::~CT6963CDriver()
                0x08014b44                CT6963CDriver::~CT6963CDriver()
                0x08014b64                CT6963CDriver::Init()
                0x08014cc4                CT6963CDriver::SetAddressPointer(unsigned int)
                0x08014d1c                CT6963CDriver::TextGoTo(unsigned char, unsigned char)
                0x08014d50                CT6963CDriver::GraphicGoTo(unsigned char, unsigned char)
                0x08014d90                CT6963CDriver::Clear()
                0x08014e2c                CT6963CDriver::WriteDisplayData(unsigned char)
                0x08014e64                CT6963CDriver::WriteChar(char)
                0x08014e88                CT6963CDriver::WriteString(char const*, tFont const&, unsigned int, unsigned int)
                0x08015024                CT6963CDriver::SetPixel(unsigned char, unsigned char)
                0x080150ac                CT6963CDriver::Line(unsigned int, unsigned int, unsigned int, unsigned int)
                0x080151fc                CT6963CDriver::Window(unsigned int, unsigned int, unsigned int, unsigned int)
                0x08015544                CT6963CDriver::Rectangle(unsigned int, unsigned int, unsigned int, unsigned int, bool)
                0x08015688                CT6963CDriver::SectorClear(unsigned int, unsigned int, unsigned int, unsigned int)
                0x080156e8                CT6963CDriver::Circle(unsigned char, unsigned char, unsigned char)
                0x0801586c                CT6963CDriver::Bitmap(unsigned char*, unsigned char, unsigned char, unsigned char, unsigned char)
 .text          0x08015940      0x490 ./GraphicLCD/CT6963GPIOInterface.o
                0x08015940                CT6963_GPIO_Interface::CT6963_GPIO_Interface()
                0x08015940                CT6963_GPIO_Interface::CT6963_GPIO_Interface()
                0x08015968                CT6963_GPIO_Interface::~CT6963_GPIO_Interface()
                0x08015968                CT6963_GPIO_Interface::~CT6963_GPIO_Interface()
                0x080159a0                CT6963_GPIO_Interface::~CT6963_GPIO_Interface()
                0x080159c0                CheckStatus()
                0x08015a7c                CT6963_GPIO_Interface::HardwareInit()
                0x08015b3c                CT6963_GPIO_Interface::Reset()
                0x08015b74                CT6963_GPIO_Interface::WriteCommand(unsigned char)
                0x08015c20                CT6963_GPIO_Interface::WriteData(unsigned char)
                0x08015cec                CT6963_GPIO_Interface::ReadData()
 .text          0x08015dd0      0x250 ./FreeRTOS_EC/Source/AManagedTask.o
                0x08015dd0                AManagedTask::AManagedTask()
                0x08015dd0                AManagedTask::AManagedTask()
                0x08015e08                AManagedTask::~AManagedTask()
                0x08015e08                AManagedTask::~AManagedTask()
                0x08015e48                AManagedTask::~AManagedTask()
                0x08015e68                AManagedTask::Create(char const*, unsigned short, unsigned long)
                0x08015ecc                AManagedTask::taskControlFunc(void*)
                0x08015eec                AManagedTask::AddToManagedTask(AManagedTask*)
                0x08015f3c                AManagedTask::RemoveFromManagedTask(AManagedTask*)
                0x08015fc4                AManagedTask::InitHardwareForManagedTasks()
 .text          0x08016020       0x40 ./FreeRTOS_EC/Source/CFreeRTOS.o
                0x08016020                CFreeRTOS::CFreeRTOS()
                0x08016020                CFreeRTOS::CFreeRTOS()
                0x08016038                CFreeRTOS::~CFreeRTOS()
                0x08016038                CFreeRTOS::~CFreeRTOS()
                0x08016050                CFreeRTOS::InitHardwareForManagedTasks()
 .text          0x08016060      0x1c0 ./FreeRTOS_EC/Source/CTask.o
                0x08016060                CTask::CTask()
                0x08016060                CTask::CTask()
                0x08016090                CTask::CTask(void*)
                0x08016090                CTask::CTask(void*)
                0x080160c0                CTask::~CTask()
                0x080160c0                CTask::~CTask()
                0x08016104                CTask::~CTask()
                0x08016124                CTask::Attach(void*)
                0x08016178                CTask::Create(void (*)(void*), char const*, unsigned short, void*, unsigned long)
                0x080161d4                CTask::CreateRestricted(xTASK_PARAMTERS*)
                0x080161f4                CTask::Delete()
 .text          0x08016220      0x248 ./FreeRTOS/Source/portable/GCC/ARM_CM4F/port.o
                0x08016220                pxPortInitialiseStack
                0x08016288                SVC_Handler
                0x080162a8                vPortStartFirstTask
                0x080162b8                xPortStartScheduler
                0x0801630c                vPortEndScheduler
                0x08016318                vPortYieldFromISR
                0x08016330                vPortEnterCritical
                0x0801635c                vPortExitCritical
                0x08016394                PendSV_Handler
                0x080163ec                SysTick_Handler
 .text          0x08016468      0x17c ./FreeRTOS/Source/list.o
                0x08016468                vListInitialise
                0x080164a8                vListInitialiseItem
                0x080164c4                vListInsertEnd
                0x08016518                vListInsert
                0x08016590                vListRemove
 .text          0x080165e4      0x7fc ./FreeRTOS/Source/queue.o
                0x080165e4                xQueueCreate
                0x080166b4                xQueueCreateMutex
                0x0801674c                xQueueGenericSend
                0x08016870                xQueueGenericSendFromISR
                0x08016900                xQueueGenericReceive
                0x08016a88                xQueueReceiveFromISR
                0x08016b1c                uxQueueMessagesWaiting
                0x08016b40                uxQueueMessagesWaitingFromISR
                0x08016b5c                vQueueDelete
                0x08016d60                xQueueIsQueueEmptyFromISR
                0x08016db4                xQueueIsQueueFullFromISR
 .text          0x08016de0     0x17c0 ./FreeRTOS/Source/tasks.o
                0x08016de0                xTaskGenericCreate
                0x08016f8c                vTaskDelete
                0x0801704c                vTaskDelayUntil
                0x08017100                vTaskDelay
                0x0801715c                uxTaskPriorityGet
                0x08017194                vTaskPrioritySet
                0x080172c0                vTaskSuspend
                0x08017380                xTaskIsTaskSuspended
                0x080173d0                vTaskResume
                0x0801747c                xTaskResumeFromISR
                0x0801753c                vTaskStartScheduler
                0x080175b8                vTaskEndScheduler
                0x080175d8                vTaskSuspendAll
                0x080175fc                xTaskResumeAll
                0x08017750                xTaskGetTickCount
                0x08017778                xTaskGetTickCountFromISR
                0x080177b0                uxTaskGetNumberOfTasks
                0x080177c8                vTaskGetRunTimeStats
                0x08017928                xTaskGetIdleTaskHandle
                0x08017940                vTaskIncrementTick
                0x08017af8                vTaskSetApplicationTaskTag
                0x08017b30                xTaskGetApplicationTaskTag
                0x08017b6c                xTaskCallApplicationTaskHook
                0x08017bb8                vTaskSwitchContext
                0x08017cf8                vTaskPlaceOnEventList
                0x08017d70                xTaskRemoveFromEventList
                0x08017e34                vTaskSetTimeOutState
                0x08017e64                xTaskCheckForTimeOut
                0x08017f08                vTaskMissedYield
                0x080183bc                uxTaskGetStackHighWaterMark
                0x08018418                xTaskGetCurrentTaskHandle
                0x08018438                vTaskPriorityInherit
                0x08018510                vTaskPriorityDisinherit
 .text          0x080185a0      0x10c ./Audio_MP3/USB_MSC/CUSBMassStorage.o
                0x080185a0                CUSB_MassStorage::CUSB_MassStorage()
                0x080185a0                CUSB_MassStorage::CUSB_MassStorage()
                0x080185c8                CUSB_MassStorage::~CUSB_MassStorage()
                0x080185c8                CUSB_MassStorage::~CUSB_MassStorage()
                0x08018600                CUSB_MassStorage::~CUSB_MassStorage()
                0x08018620                CUSB_MassStorage::HardwareInit()
                0x08018660                CUSB_MassStorage::Run()
                0x08018680                CUSB_MassStorage::IsDeviceConnected()
 .text          0x080186ac      0x254 ./Audio_MP3/USB_MSC/usb_bsp.o
                0x080186ac                BSP_Init
                0x080186c0                USB_OTG_BSP_Init
                0x080187a0                USB_OTG_BSP_EnableInterrupt
                0x080187dc                USB_OTG_BSP_DriveVBUS
                0x08018818                USB_OTG_BSP_ConfigVBUS
                0x0801887c                USB_OTG_BSP_uDelay
                0x080188d4                USB_OTG_BSP_mDelay
                0x080188f4                USB_OTG_BSP_TimerIRQ
 .text          0x08018900      0x254 ./Audio_MP3/USB_MSC/usbh_usr.o
                0x08018900                USBH_USR_Init
                0x080189c4                USBH_USR_DeviceAttached
                0x080189d0                USBH_USR_UnrecoveredError
                0x080189dc                USBH_USR_DeviceDisconnected
                0x08018a00                USBH_USR_ResetDevice
                0x08018a0c                USBH_USR_DeviceSpeedDetected
                0x08018a20                USBH_USR_Device_DescAvailable
                0x08018a34                USBH_USR_DeviceAddressAssigned
                0x08018a40                USBH_USR_Configuration_DescAvailable
                0x08018a58                USBH_USR_Manufacturer_String
                0x08018a6c                USBH_USR_Product_String
                0x08018a80                USBH_USR_SerialNum_String
                0x08018a94                USBH_USR_EnumerationDone
                0x08018ad8                USBH_USR_DeviceNotSupported
                0x08018ae4                USBH_USR_UserInput
                0x08018af4                USBH_USR_OverCurrentDetected
                0x08018b00                USBH_USR_MSC_Application
                0x08018b48                USBH_USR_DeInit
 .text          0x08018b54     0x44a0 ./Audio_MP3/FatFs/src/ff.o
                0x0801a5b0                f_mount
                0x0801a614                f_open
                0x0801a978                f_read
                0x0801ac8c                f_write
                0x0801b000                f_sync
                0x0801b1c0                f_close
                0x0801b1ec                f_chdrive
                0x0801b220                f_chdir
                0x0801b2fc                f_lseek
                0x0801b608                f_opendir
                0x0801b6e4                f_readdir
                0x0801b780                f_stat
                0x0801b7f8                f_getfree
                0x0801b9c4                f_truncate
                0x0801baec                f_unlink
                0x0801bca4                f_mkdir
                0x0801c038                f_chmod
                0x0801c114                f_utime
                0x0801c200                f_rename
                0x0801c468                f_mkfs
 .text          0x0801cff4      0xa28 ./Audio_MP3/CFileHandler.o
                0x0801cff4                CFileHandler::CFileHandler()
                0x0801cff4                CFileHandler::CFileHandler()
                0x0801d06c                CFileHandler::~CFileHandler()
                0x0801d06c                CFileHandler::~CFileHandler()
                0x0801d0a4                CFileHandler::~CFileHandler()
                0x0801d0c4                CFileHandler::HardwareInit()
                0x0801d1d0                CFileHandler::Run()
                0x0801d230                CFileHandler::RefillBuffer()
                0x0801d304                CFileHandler::ReadConfig()
                0x0801d318                CFileHandler::WriteConfig()
                0x0801d32c                CFileHandler::MP3Player()
                0x0801d338                CFileHandler::GetUSBRelease(unsigned long)
                0x0801d384                CFileHandler::ReleaseUSB()
                0x0801d3b0                CFileHandler::PlayMP3(char const*)
                0x0801d7a8                CFileHandler::PlayPause()
                0x0801d7e8                CFileHandler::SetVolume(unsigned char)
                0x0801d80c                CFileHandler::Mems_Config()
                0x0801d928                CFileHandler::EXTILine_Config()
                0x0801d9cc                EVAL_AUDIO_TransferComplete_CallBack
                0x0801da0c                EVAL_AUDIO_GetSampleCallBack
 .text          0x0801da1c       0x10 ./Audio_MP3/fattime.o
                0x0801da1c                get_fattime
 .text          0x0801da2c      0x1b0 ./CLedHeartBeatSTM32F4Disc.o
                0x0801da2c                CLedHeartBeatSTM32F4Disc::CLedHeartBeatSTM32F4Disc(unsigned long)
                0x0801da2c                CLedHeartBeatSTM32F4Disc::CLedHeartBeatSTM32F4Disc(unsigned long)
                0x0801da64                CLedHeartBeatSTM32F4Disc::~CLedHeartBeatSTM32F4Disc()
                0x0801da64                CLedHeartBeatSTM32F4Disc::~CLedHeartBeatSTM32F4Disc()
                0x0801da9c                CLedHeartBeatSTM32F4Disc::~CLedHeartBeatSTM32F4Disc()
                0x0801dabc                CLedHeartBeatSTM32F4Disc::HardwareInit()
                0x0801daf4                CLedHeartBeatSTM32F4Disc::Run()
 .text          0x0801dbdc      0x1b0 ./main.o
                0x0801dbdc                main
                0x0801dc48                vApplicationTickHook
                0x0801dc54                vApplicationIdleHook
                0x0801dc60                vApplicationMallocFailedHook
                0x0801dc6c                vApplicationStackOverflowHook
 .text          0x0801dd8c       0xfc ./stm32f4xx_it.o
                0x0801dd8c                NMI_Handler
                0x0801dd98                HardFault_Handler
                0x0801dda0                MemManage_Handler
                0x0801dda8                BusFault_Handler
                0x0801ddb0                UsageFault_Handler
                0x0801ddb8                DebugMon_Handler
                0x0801ddc4                EXTI1_IRQHandler
                0x0801de18                EXTI0_IRQHandler
                0x0801de74                OTG_FS_IRQHandler
 .text          0x0801de88      0x1f0 ./syscalls.o
                0x0801de88                _exit
                0x0801de94                _read_r
                0x0801deb4                _write_r
                0x0801ded4                _lseek_r
                0x0801defc                _close_r
                0x0801df20                _fstat_r
                0x0801df60                _isatty_r
                0x0801df7c                _sbrk_r
                0x0801e00c                _kill_r
                0x0801e030                _getpid_r
                0x0801e050                __malloc_lock
                0x0801e064                __malloc_unlock
 .text          0x0801e078      0x3e8 ./system_stm32f4xx.o
                0x0801e078                SystemInit
                0x0801e10c                SystemCoreClockUpdate
 .text          0x0801e460      0x178 ./ustime.o
                0x0801e460                get_us_time
                0x0801e4ec                delay_us
                0x0801e548                delay_ms
                0x0801e568                init_us_timer
 .text          0x0801e5d8     0x58f8 d:/elektronik/ides/eclipse/yagarto/bin/../lib/gcc/arm-none-eabi/4.6.2/../../../../arm-none-eabi/lib/thumb/v7m\libstdc++.a(cp-demangle.o)
                0x08023da0                __cxa_demangle
                0x08023e84                __gcclibcxx_demangle_callback
 .text          0x08023ed0      0xa10 d:/elektronik/ides/eclipse/yagarto/bin/../lib/gcc/arm-none-eabi/4.6.2/thumb/v7m\libgcc.a(unwind-arm.o)
                0x0802418c                _Unwind_VRS_Get
                0x080241d8                _Unwind_VRS_Set
                0x080244ec                __aeabi_unwind_cpp_pr2
                0x080244f0                __aeabi_unwind_cpp_pr1
                0x080244f4                __aeabi_unwind_cpp_pr0
                0x080244f8                _Unwind_VRS_Pop
                0x08024788                _Unwind_GetCFA
                0x0802478c                __gnu_Unwind_RaiseException
                0x080247ec                __gnu_Unwind_ForcedUnwind
                0x08024800                __gnu_Unwind_Resume
                0x0802483c                __gnu_Unwind_Resume_or_Rethrow
                0x0802484c                _Unwind_Complete
                0x08024850                _Unwind_DeleteException
                0x08024860                __gnu_Unwind_Backtrace
 .text          0x080248e0      0x1ac d:/elektronik/ides/eclipse/yagarto/bin/../lib/gcc/arm-none-eabi/4.6.2/thumb/v7m\libgcc.a(libunwind.o)
                0x080248e0                __restore_core_regs
                0x080248e0                restore_core_regs
                0x080248f8                __gnu_Unwind_Restore_VFP
                0x08024900                __gnu_Unwind_Save_VFP
                0x08024908                __gnu_Unwind_Restore_VFP_D
                0x08024910                __gnu_Unwind_Save_VFP_D
                0x08024918                __gnu_Unwind_Restore_VFP_D_16_to_31
                0x08024920                __gnu_Unwind_Save_VFP_D_16_to_31
                0x08024928                __gnu_Unwind_Restore_WMMXD
                0x0802496c                __gnu_Unwind_Save_WMMXD
                0x080249b0                __gnu_Unwind_Restore_WMMXC
                0x080249c4                __gnu_Unwind_Save_WMMXC
                0x080249d8                ___Unwind_RaiseException
                0x080249d8                _Unwind_RaiseException
                0x080249fc                _Unwind_Resume
                0x080249fc                ___Unwind_Resume
                0x08024a20                _Unwind_Resume_or_Rethrow
                0x08024a20                ___Unwind_Resume_or_Rethrow
                0x08024a44                _Unwind_ForcedUnwind
                0x08024a44                ___Unwind_ForcedUnwind
                0x08024a68                ___Unwind_Backtrace
                0x08024a68                _Unwind_Backtrace
 .text          0x08024a8c      0x3d4 d:/elektronik/ides/eclipse/yagarto/bin/../lib/gcc/arm-none-eabi/4.6.2/thumb/v7m\libgcc.a(pr-support.o)
                0x08024ae0                __gnu_unwind_execute
                0x08024e04                __gnu_unwind_frame
                0x08024e30                _Unwind_GetRegionStart
                0x08024e3c                _Unwind_GetLanguageSpecificData
                0x08024e50                _Unwind_GetDataRelBase
                0x08024e58                _Unwind_GetTextRelBase
 .text          0x08024e60       0x10 d:/elektronik/ides/eclipse/yagarto/bin/../lib/gcc/arm-none-eabi/4.6.2/../../../../arm-none-eabi/lib/thumb/v7m\libg.a(lib_a-abort.o)
                0x08024e60                abort
 .text          0x08024e70       0x48 d:/elektronik/ides/eclipse/yagarto/bin/../lib/gcc/arm-none-eabi/4.6.2/../../../../arm-none-eabi/lib/thumb/v7m\libg.a(lib_a-assert.o)
                0x08024e70                __assert_func
                0x08024eac                __assert
 .text          0x08024eb8       0x14 d:/elektronik/ides/eclipse/yagarto/bin/../lib/gcc/arm-none-eabi/4.6.2/../../../../arm-none-eabi/lib/thumb/v7m\libg.a(lib_a-cxa_atexit.o)
                0x08024eb8                __cxa_atexit
 .text          0x08024ecc       0x4c d:/elektronik/ides/eclipse/yagarto/bin/../lib/gcc/arm-none-eabi/4.6.2/../../../../arm-none-eabi/lib/thumb/v7m\libg.a(lib_a-fiprintf.o)
                0x08024ecc                _fiprintf_r
                0x08024eec                fiprintf
 .text          0x08024f18       0x4c d:/elektronik/ides/eclipse/yagarto/bin/../lib/gcc/arm-none-eabi/4.6.2/../../../../arm-none-eabi/lib/thumb/v7m\libg.a(lib_a-fputc.o)
                0x08024f18                _fputc_r
                0x08024f3c                fputc
 .text          0x08024f64       0x60 d:/elektronik/ides/eclipse/yagarto/bin/../lib/gcc/arm-none-eabi/4.6.2/../../../../arm-none-eabi/lib/thumb/v7m\libg.a(lib_a-fputs.o)
                0x08024f64                _fputs_r
                0x08024fb4                fputs
 .text          0x08024fc4      0x334 d:/elektronik/ides/eclipse/yagarto/bin/../lib/gcc/arm-none-eabi/4.6.2/../../../../arm-none-eabi/lib/thumb/v7m\libg.a(lib_a-fvwrite.o)
                0x08024fc4                __sfvwrite_r
 .text          0x080252f8       0x94 d:/elektronik/ides/eclipse/yagarto/bin/../lib/gcc/arm-none-eabi/4.6.2/../../../../arm-none-eabi/lib/thumb/v7m\libg.a(lib_a-fwrite.o)
                0x080252f8                _fwrite_r
                0x08025364                fwrite
 .text          0x0802538c       0x48 d:/elektronik/ides/eclipse/yagarto/bin/../lib/gcc/arm-none-eabi/4.6.2/../../../../arm-none-eabi/lib/thumb/v7m\libg.a(lib_a-init.o)
                0x0802538c                __libc_init_array
 .text          0x080253d4       0x20 d:/elektronik/ides/eclipse/yagarto/bin/../lib/gcc/arm-none-eabi/4.6.2/../../../../arm-none-eabi/lib/thumb/v7m\libg.a(lib_a-malloc.o)
                0x080253d4                malloc
                0x080253e4                free
 .text          0x080253f4      0x564 d:/elektronik/ides/eclipse/yagarto/bin/../lib/gcc/arm-none-eabi/4.6.2/../../../../arm-none-eabi/lib/thumb/v7m\libg.a(lib_a-mallocr.o)
                0x080253f4                _malloc_r
 .text          0x08025958       0x88 d:/elektronik/ides/eclipse/yagarto/bin/../lib/gcc/arm-none-eabi/4.6.2/../../../../arm-none-eabi/lib/thumb/v7m\libg.a(lib_a-memchr.o)
                0x08025958                memchr
 .text          0x080259e0       0x60 d:/elektronik/ides/eclipse/yagarto/bin/../lib/gcc/arm-none-eabi/4.6.2/../../../../arm-none-eabi/lib/thumb/v7m\libg.a(lib_a-memcmp.o)
                0x080259e0                memcmp
 .text          0x08025a40       0x84 d:/elektronik/ides/eclipse/yagarto/bin/../lib/gcc/arm-none-eabi/4.6.2/../../../../arm-none-eabi/lib/thumb/v7m\libg.a(lib_a-memcpy.o)
                0x08025a40                memcpy
 .text          0x08025ac4       0xc8 d:/elektronik/ides/eclipse/yagarto/bin/../lib/gcc/arm-none-eabi/4.6.2/../../../../arm-none-eabi/lib/thumb/v7m\libg.a(lib_a-memmove.o)
                0x08025ac4                memmove
 .text          0x08025b8c       0x94 d:/elektronik/ides/eclipse/yagarto/bin/../lib/gcc/arm-none-eabi/4.6.2/../../../../arm-none-eabi/lib/thumb/v7m\libg.a(lib_a-memset.o)
                0x08025b8c                memset
 .text          0x08025c20       0xc8 d:/elektronik/ides/eclipse/yagarto/bin/../lib/gcc/arm-none-eabi/4.6.2/../../../../arm-none-eabi/lib/thumb/v7m\libg.a(lib_a-putc.o)
                0x08025c20                _putc_r
                0x08025c80                putc
 .text          0x08025ce8       0x14 d:/elektronik/ides/eclipse/yagarto/bin/../lib/gcc/arm-none-eabi/4.6.2/../../../../arm-none-eabi/lib/thumb/v7m\libg.a(lib_a-realloc.o)
                0x08025ce8                realloc
 .text          0x08025cfc      0x410 d:/elektronik/ides/eclipse/yagarto/bin/../lib/gcc/arm-none-eabi/4.6.2/../../../../arm-none-eabi/lib/thumb/v7m\libg.a(lib_a-reallocr.o)
                0x08025cfc                _realloc_r
 .text          0x0802610c      0x158 d:/elektronik/ides/eclipse/yagarto/bin/../lib/gcc/arm-none-eabi/4.6.2/../../../../arm-none-eabi/lib/thumb/v7m\libg.a(lib_a-signal.o)
                0x0802610c                _init_signal_r
                0x08026140                _signal_r
                0x08026180                _raise_r
                0x080261d8                __sigtramp_r
                0x08026228                raise
                0x08026238                signal
                0x08026248                _init_signal
                0x08026254                __sigtramp
 .text          0x08026264       0x94 d:/elektronik/ides/eclipse/yagarto/bin/../lib/gcc/arm-none-eabi/4.6.2/../../../../arm-none-eabi/lib/thumb/v7m\libg.a(lib_a-sprintf.o)
                0x08026264                _sprintf_r
                0x080262a8                sprintf
 .text          0x080262f8       0x50 d:/elektronik/ides/eclipse/yagarto/bin/../lib/gcc/arm-none-eabi/4.6.2/../../../../arm-none-eabi/lib/thumb/v7m\libg.a(lib_a-strcat.o)
                0x080262f8                strcat
 .text          0x08026348      0x1dc d:/elektronik/ides/eclipse/yagarto/bin/../lib/gcc/arm-none-eabi/4.6.2/../../../../arm-none-eabi/lib/thumb/v7m\libg.a(lib_a-strcmp.o)
                0x08026348                strcmp
 .text          0x08026524       0xbc d:/elektronik/ides/eclipse/yagarto/bin/../lib/gcc/arm-none-eabi/4.6.2/../../../../arm-none-eabi/lib/thumb/v7m\libg.a(lib_a-strcpy.o)
                0x08026524                strcpy
 .text          0x080265e0       0x60 d:/elektronik/ides/eclipse/yagarto/bin/../lib/gcc/arm-none-eabi/4.6.2/../../../../arm-none-eabi/lib/thumb/v7m\libg.a(lib_a-strlen.o)
                0x080265e0                strlen
 .text          0x08026640       0xa8 d:/elektronik/ides/eclipse/yagarto/bin/../lib/gcc/arm-none-eabi/4.6.2/../../../../arm-none-eabi/lib/thumb/v7m\libg.a(lib_a-strncmp.o)
                0x08026640                strncmp
 .text          0x080266e8       0x70 d:/elektronik/ides/eclipse/yagarto/bin/../lib/gcc/arm-none-eabi/4.6.2/../../../../arm-none-eabi/lib/thumb/v7m\libg.a(lib_a-strncpy.o)
                0x080266e8                strncpy
 .text          0x08026758     0x1314 d:/elektronik/ides/eclipse/yagarto/bin/../lib/gcc/arm-none-eabi/4.6.2/../../../../arm-none-eabi/lib/thumb/v7m\libg.a(lib_a-svfprintf.o)
                0x08026758                _svfprintf_r
 .text          0x08027a6c       0x1c d:/elektronik/ides/eclipse/yagarto/bin/../lib/gcc/arm-none-eabi/4.6.2/../../../../arm-none-eabi/lib/thumb/v7m\libg.a(lib_a-syswrite.o)
                0x08027a6c                write
 .text          0x08027a88      0xb54 d:/elektronik/ides/eclipse/yagarto/bin/../lib/gcc/arm-none-eabi/4.6.2/../../../../arm-none-eabi/lib/thumb/v7m\libg.a(lib_a-vfiprintf.o)
                0x08027a88                __sprint_r
                0x08027b08                _vfiprintf_r
                0x080285c0                vfiprintf
 .text          0x080285dc       0xc8 d:/elektronik/ides/eclipse/yagarto/bin/../lib/gcc/arm-none-eabi/4.6.2/../../../../arm-none-eabi/lib/thumb/v7m\libg.a(lib_a-wbuf.o)
                0x080285dc                __swbuf_r
                0x08028694                __swbuf
 .text          0x080286a4       0xb8 d:/elektronik/ides/eclipse/yagarto/bin/../lib/gcc/arm-none-eabi/4.6.2/../../../../arm-none-eabi/lib/thumb/v7m\libg.a(lib_a-wsetup.o)
                0x080286a4                __swsetup_r
 .text          0x0802875c       0xb0 d:/elektronik/ides/eclipse/yagarto/bin/../lib/gcc/arm-none-eabi/4.6.2/../../../../arm-none-eabi/lib/thumb/v7m\libg.a(lib_a-__atexit.o)
                0x0802875c                __register_exitproc
 *fill*         0x0802880c        0x4 00
 .text          0x08028810     0x1040 d:/elektronik/ides/eclipse/yagarto/bin/../lib/gcc/arm-none-eabi/4.6.2/../../../../arm-none-eabi/lib/thumb/v7m\libg.a(lib_a-dtoa.o)
                0x08028954                _dtoa_r
 .text          0x08029850      0x1a4 d:/elektronik/ides/eclipse/yagarto/bin/../lib/gcc/arm-none-eabi/4.6.2/../../../../arm-none-eabi/lib/thumb/v7m\libg.a(lib_a-fflush.o)
                0x08029850                _fflush_r
                0x080299d4                fflush
 .text          0x080299f4      0x1c4 d:/elektronik/ides/eclipse/yagarto/bin/../lib/gcc/arm-none-eabi/4.6.2/../../../../arm-none-eabi/lib/thumb/v7m\libg.a(lib_a-findfp.o)
                0x080299fc                _cleanup_r
                0x08029a5c                __sfmoreglue
                0x08029a88                _cleanup
                0x08029a94                __sinit
                0x08029adc                __sfp
                0x08029b78                __sfp_lock_acquire
                0x08029b7c                __sfp_lock_release
                0x08029b80                __sinit_lock_acquire
                0x08029b84                __sinit_lock_release
                0x08029b88                __fp_lock_all
                0x08029ba0                __fp_unlock_all
 .text          0x08029bb8      0x104 d:/elektronik/ides/eclipse/yagarto/bin/../lib/gcc/arm-none-eabi/4.6.2/../../../../arm-none-eabi/lib/thumb/v7m\libg.a(lib_a-fputwc.o)
                0x08029bb8                _fputwc_r
                0x08029c98                fputwc
 .text          0x08029cbc      0x224 d:/elektronik/ides/eclipse/yagarto/bin/../lib/gcc/arm-none-eabi/4.6.2/../../../../arm-none-eabi/lib/thumb/v7m\libg.a(lib_a-freer.o)
                0x08029cbc                _malloc_trim_r
                0x08029d5c                _free_r
 .text          0x08029ee0       0xa0 d:/elektronik/ides/eclipse/yagarto/bin/../lib/gcc/arm-none-eabi/4.6.2/../../../../arm-none-eabi/lib/thumb/v7m\libg.a(lib_a-fwalk.o)
                0x08029ee0                _fwalk
                0x08029f2c                _fwalk_reent
 .text          0x08029f80       0x88 d:/elektronik/ides/eclipse/yagarto/bin/../lib/gcc/arm-none-eabi/4.6.2/../../../../arm-none-eabi/lib/thumb/v7m\libg.a(lib_a-locale.o)
                0x08029f80                _setlocale_r
                0x08029fc4                __locale_charset
                0x08029fd0                __locale_mb_cur_max
                0x08029fdc                __locale_msgcharset
                0x08029fe4                __locale_cjk_lang
                0x08029fe8                _localeconv_r
                0x08029ff0                setlocale
                0x0802a000                localeconv
 .text          0x0802a008       0xe4 d:/elektronik/ides/eclipse/yagarto/bin/../lib/gcc/arm-none-eabi/4.6.2/../../../../arm-none-eabi/lib/thumb/v7m\libg.a(lib_a-makebuf.o)
                0x0802a008                __smakebuf_r
 .text          0x0802a0ec      0x8c8 d:/elektronik/ides/eclipse/yagarto/bin/../lib/gcc/arm-none-eabi/4.6.2/../../../../arm-none-eabi/lib/thumb/v7m\libg.a(lib_a-mprec.o)
                0x0802a0ec                _Balloc
                0x0802a138                _Bfree
                0x0802a14c                __multadd
                0x0802a1d0                __s2b
                0x0802a264                __hi0bits
                0x0802a2a0                __lo0bits
                0x0802a2fc                __i2b
                0x0802a310                __multiply
                0x0802a448                __pow5mult
                0x0802a4e0                __lshift
                0x0802a5a0                __mcmp
                0x0802a5e0                __mdiff
                0x0802a6c4                __ulp
                0x0802a708                __b2d
                0x0802a7b4                __d2b
                0x0802a87c                __ratio
                0x0802a8d8                _mprec_log10
                0x0802a90c                __copybits
                0x0802a954                __any_on
 .text          0x0802a9b4       0x90 d:/elektronik/ides/eclipse/yagarto/bin/../lib/gcc/arm-none-eabi/4.6.2/../../../../arm-none-eabi/lib/thumb/v7m\libg.a(lib_a-s_fpclassify.o)
                0x0802a9b4                __fpclassifyd
 .text          0x0802aa44       0x8c d:/elektronik/ides/eclipse/yagarto/bin/../lib/gcc/arm-none-eabi/4.6.2/../../../../arm-none-eabi/lib/thumb/v7m\libg.a(lib_a-stdio.o)
                0x0802aa44                __sread
                0x0802aa68                __seofread
                0x0802aa6c                __swrite
                0x0802aaa4                __sseek
                0x0802aac8                __sclose
 .text          0x0802aad0      0xa00 d:/elektronik/ides/eclipse/yagarto/bin/../lib/gcc/arm-none-eabi/4.6.2/../../../../arm-none-eabi/lib/thumb/v7m\libg.a(lib_a-svfiprintf.o)
                0x0802aad0                __ssprint_r
                0x0802abe8                _svfiprintf_r
 .text          0x0802b4d0       0xac d:/elektronik/ides/eclipse/yagarto/bin/../lib/gcc/arm-none-eabi/4.6.2/../../../../arm-none-eabi/lib/thumb/v7m\libg.a(lib_a-wcrtomb.o)
                0x0802b4d0                _wcrtomb_r
                0x0802b51c                wcrtomb
 .text          0x0802b57c       0x4c d:/elektronik/ides/eclipse/yagarto/bin/../lib/gcc/arm-none-eabi/4.6.2/../../../../arm-none-eabi/lib/thumb/v7m\libg.a(lib_a-wctomb_r.o)
                0x0802b57c                __ascii_wctomb
                0x0802b598                _wctomb_r
 .text          0x0802b5c8       0x60 d:/elektronik/ides/eclipse/yagarto/bin/../lib/gcc/arm-none-eabi/4.6.2/../../../../arm-none-eabi/lib/thumb/v7m\libg.a(lib_a-callocr.o)
                0x0802b5c8                _calloc_r
 .text          0x0802b628       0x9c d:/elektronik/ides/eclipse/yagarto/bin/../lib/gcc/arm-none-eabi/4.6.2/../../../../arm-none-eabi/lib/thumb/v7m\libg.a(lib_a-fclose.o)
                0x0802b628                _fclose_r
                0x0802b6b4                fclose
 *fill*         0x0802b6c4        0x4 00
 .text          0x0802b6c8      0x278 d:/elektronik/ides/eclipse/yagarto/bin/../lib/gcc/arm-none-eabi/4.6.2/thumb/v7m\libgcc.a(_udivsi3.o)
                0x0802b6c8                __aeabi_uidiv
                0x0802b6c8                __udivsi3
                0x0802b924                __aeabi_uidivmod
 .text          0x0802b940        0x4 d:/elektronik/ides/eclipse/yagarto/bin/../lib/gcc/arm-none-eabi/4.6.2/thumb/v7m\libgcc.a(_dvmd_tls.o)
                0x0802b940                __aeabi_idiv0
                0x0802b940                __aeabi_ldiv0
 .text          0x0802b944      0x370 d:/elektronik/ides/eclipse/yagarto/bin/../lib/gcc/arm-none-eabi/4.6.2/thumb/v7m\libgcc.a(_arm_addsubdf3.o)
                0x0802b944                __aeabi_drsub
                0x0802b94c                __aeabi_dsub
                0x0802b94c                __subdf3
                0x0802b950                __aeabi_dadd
                0x0802b950                __adddf3
                0x0802bbc8                __floatunsidf
                0x0802bbc8                __aeabi_ui2d
                0x0802bbe8                __floatsidf
                0x0802bbe8                __aeabi_i2d
                0x0802bc0c                __aeabi_f2d
                0x0802bc0c                __extendsfdf2
                0x0802bc48                __floatundidf
                0x0802bc48                __aeabi_ul2d
                0x0802bc58                __floatdidf
                0x0802bc58                __aeabi_l2d
 .text          0x0802bcb4      0x424 d:/elektronik/ides/eclipse/yagarto/bin/../lib/gcc/arm-none-eabi/4.6.2/thumb/v7m\libgcc.a(_arm_muldivdf3.o)
                0x0802bcb4                __aeabi_dmul
                0x0802bcb4                __muldf3
                0x0802bf08                __divdf3
                0x0802bf08                __aeabi_ddiv
 .text          0x0802c0d8      0x110 d:/elektronik/ides/eclipse/yagarto/bin/../lib/gcc/arm-none-eabi/4.6.2/thumb/v7m\libgcc.a(_arm_cmpdf2.o)
                0x0802c0d8                __gtdf2
                0x0802c0d8                __gedf2
                0x0802c0e0                __ltdf2
                0x0802c0e0                __ledf2
                0x0802c0e8                __nedf2
                0x0802c0e8                __eqdf2
                0x0802c0e8                __cmpdf2
                0x0802c164                __aeabi_cdrcmple
                0x0802c174                __aeabi_cdcmpeq
                0x0802c174                __aeabi_cdcmple
                0x0802c184                __aeabi_dcmpeq
                0x0802c198                __aeabi_dcmplt
                0x0802c1ac                __aeabi_dcmple
                0x0802c1c0                __aeabi_dcmpge
                0x0802c1d4                __aeabi_dcmpgt
 .text          0x0802c1e8       0x50 d:/elektronik/ides/eclipse/yagarto/bin/../lib/gcc/arm-none-eabi/4.6.2/thumb/v7m\libgcc.a(_arm_fixdfsi.o)
                0x0802c1e8                __aeabi_d2iz
                0x0802c1e8                __fixdfsi
 *(.text*)
 .text._ZNK5CTask7IsValidEv
                0x0802c238       0x24 ./Menue/CMenue.o
                0x0802c238                CTask::IsValid() const
 .text._ZN5CTask6DetachEv
                0x0802c25c       0x24 ./Menue/CMenue.o
                0x0802c25c                CTask::Detach()
 .text._ZN12AManagedTask8OnCreateEPKctm
                0x0802c280       0x20 ./Menue/CMenue.o
                0x0802c280                AManagedTask::OnCreate(char const*, unsigned short, unsigned long)
 .text._ZN5CTask13EnterCriticalEv
                0x0802c2a0        0xc ./FreeRTOS_EC/Source/AManagedTask.o
                0x0802c2a0                CTask::EnterCritical()
 .text._ZN5CTask12ExitCriticalEv
                0x0802c2ac        0xc ./FreeRTOS_EC/Source/AManagedTask.o
                0x0802c2ac                CTask::ExitCritical()
 .text._ZN12AManagedTask12HardwareInitEv
                0x0802c2b8       0x18 ./FreeRTOS_EC/Source/AManagedTask.o
                0x0802c2b8                AManagedTask::HardwareInit()
 .text._ZN9CFreeRTOS15SuspendAllTasksEv
                0x0802c2d0        0xc ./FreeRTOS_EC/Source/AManagedTask.o
                0x0802c2d0                CFreeRTOS::SuspendAllTasks()
 .text._ZN9CFreeRTOS14ResumeAllTasksEv
                0x0802c2dc       0x10 ./FreeRTOS_EC/Source/AManagedTask.o
                0x0802c2dc                CFreeRTOS::ResumeAllTasks()
 .text._ZN12IFreeRTOSObjC2Ev
                0x0802c2ec       0x20 ./FreeRTOS_EC/Source/ASyncObject.o
                0x0802c2ec                IFreeRTOSObj::IFreeRTOSObj()
                0x0802c2ec                IFreeRTOSObj::IFreeRTOSObj()
 .text._ZN12CFileHandler15GetUSBConnectedEv
                0x0802c30c       0x20 ./Audio_MP3/CFileHandler.o
                0x0802c30c                CFileHandler::GetUSBConnected()
 .text._ZN9CFreeRTOS14StartSchedulerEv
                0x0802c32c        0xc ./main.o
                0x0802c32c                CFreeRTOS::StartScheduler()
 .text.Reset_Handler
                0x0802c338       0x58 ./startup_stm32f4xx.o
                0x0802c338                Reset_Handler
 .text.Default_Handler
                0x0802c390        0x2 ./startup_stm32f4xx.o
                0x0802c390                RTC_Alarm_IRQHandler
                0x0802c390                HASH_RNG_IRQHandler
                0x0802c390                EXTI2_IRQHandler
                0x0802c390                TIM8_CC_IRQHandler
                0x0802c390                TIM1_CC_IRQHandler
                0x0802c390                DMA2_Stream5_IRQHandler
                0x0802c390                DMA1_Stream5_IRQHandler
                0x0802c390                PVD_IRQHandler
                0x0802c390                SDIO_IRQHandler
                0x0802c390                TAMP_STAMP_IRQHandler
                0x0802c390                CAN2_RX1_IRQHandler
                0x0802c390                EXTI3_IRQHandler
                0x0802c390                TIM8_TRG_COM_TIM14_IRQHandler
                0x0802c390                TIM1_UP_TIM10_IRQHandler
                0x0802c390                TIM8_UP_TIM13_IRQHandler
                0x0802c390                I2C3_ER_IRQHandler
                0x0802c390                I2C2_EV_IRQHandler
                0x0802c390                DMA1_Stream2_IRQHandler
                0x0802c390                CAN1_RX0_IRQHandler
                0x0802c390                FPU_IRQHandler
                0x0802c390                OTG_HS_WKUP_IRQHandler
                0x0802c390                CAN2_SCE_IRQHandler
                0x0802c390                DMA2_Stream2_IRQHandler
                0x0802c390                SPI1_IRQHandler
                0x0802c390                TIM6_DAC_IRQHandler
                0x0802c390                TIM1_BRK_TIM9_IRQHandler
                0x0802c390                DCMI_IRQHandler
                0x0802c390                CAN2_RX0_IRQHandler
                0x0802c390                DMA2_Stream3_IRQHandler
                0x0802c390                USART6_IRQHandler
                0x0802c390                USART3_IRQHandler
                0x0802c390                CRYP_IRQHandler
                0x0802c390                CAN1_RX1_IRQHandler
                0x0802c390                UART5_IRQHandler
                0x0802c390                DMA2_Stream0_IRQHandler
                0x0802c390                TIM4_IRQHandler
                0x0802c390                I2C1_EV_IRQHandler
                0x0802c390                DMA1_Stream6_IRQHandler
                0x0802c390                DMA1_Stream1_IRQHandler
                0x0802c390                UART4_IRQHandler
                0x0802c390                TIM3_IRQHandler
                0x0802c390                RCC_IRQHandler
                0x0802c390                TIM8_BRK_TIM12_IRQHandler
                0x0802c390                Default_Handler
                0x0802c390                EXTI15_10_IRQHandler
                0x0802c390                ADC_IRQHandler
                0x0802c390                TIM7_IRQHandler
                0x0802c390                CAN2_TX_IRQHandler
                0x0802c390                TIM5_IRQHandler
                0x0802c390                DMA2_Stream7_IRQHandler
                0x0802c390                I2C3_EV_IRQHandler
                0x0802c390                EXTI9_5_IRQHandler
                0x0802c390                RTC_WKUP_IRQHandler
                0x0802c390                ETH_WKUP_IRQHandler
                0x0802c390                SPI2_IRQHandler
                0x0802c390                OTG_HS_EP1_IN_IRQHandler
                0x0802c390                CAN1_TX_IRQHandler
                0x0802c390                EXTI4_IRQHandler
                0x0802c390                FSMC_IRQHandler
                0x0802c390                ETH_IRQHandler
                0x0802c390                OTG_HS_EP1_OUT_IRQHandler
                0x0802c390                WWDG_IRQHandler
                0x0802c390                TIM2_IRQHandler
                0x0802c390                OTG_FS_WKUP_IRQHandler
                0x0802c390                TIM1_TRG_COM_TIM11_IRQHandler
                0x0802c390                OTG_HS_IRQHandler
                0x0802c390                USART2_IRQHandler
                0x0802c390                I2C2_ER_IRQHandler
                0x0802c390                DMA2_Stream1_IRQHandler
                0x0802c390                CAN1_SCE_IRQHandler
                0x0802c390                FLASH_IRQHandler
                0x0802c390                DMA2_Stream4_IRQHandler
                0x0802c390                USART1_IRQHandler
                0x0802c390                DMA1_Stream4_IRQHandler
                0x0802c390                I2C1_ER_IRQHandler
                0x0802c390                DMA2_Stream6_IRQHandler
                0x0802c390                DMA1_Stream3_IRQHandler
 *fill*         0x0802c392        0x2 00
 .text.__aeabi_atexit
                0x0802c394        0xc d:/elektronik/ides/eclipse/yagarto/bin/../lib/gcc/arm-none-eabi/4.6.2/../../../../arm-none-eabi/lib/thumb/v7m\libstdc++.a(atexit_arm.o)
                0x0802c394                __aeabi_atexit
 .text._ZdlPv   0x0802c3a0        0x8 d:/elektronik/ides/eclipse/yagarto/bin/../lib/gcc/arm-none-eabi/4.6.2/../../../../arm-none-eabi/lib/thumb/v7m\libstdc++.a(del_op.o)
                0x0802c3a0                operator delete(void*)
 .text.__cxa_pure_virtual
                0x0802c3a8       0x18 d:/elektronik/ides/eclipse/yagarto/bin/../lib/gcc/arm-none-eabi/4.6.2/../../../../arm-none-eabi/lib/thumb/v7m\libstdc++.a(pure.o)
                0x0802c3a8                __cxa_pure_virtual
 .text._ZN10__cxxabiv111__terminateEPFvvE
                0x0802c3c0       0x28 d:/elektronik/ides/eclipse/yagarto/bin/../lib/gcc/arm-none-eabi/4.6.2/../../../../arm-none-eabi/lib/thumb/v7m\libstdc++.a(eh_terminate.o)
                0x0802c3c0                __cxxabiv1::__terminate(void (*)())
 .text._ZSt9terminatev
                0x0802c3e8       0x10 d:/elektronik/ides/eclipse/yagarto/bin/../lib/gcc/arm-none-eabi/4.6.2/../../../../arm-none-eabi/lib/thumb/v7m\libstdc++.a(eh_terminate.o)
                0x0802c3e8                std::terminate()
 .text._ZN10__cxxabiv112__unexpectedEPFvvE
                0x0802c3f8        0x8 d:/elektronik/ides/eclipse/yagarto/bin/../lib/gcc/arm-none-eabi/4.6.2/../../../../arm-none-eabi/lib/thumb/v7m\libstdc++.a(eh_terminate.o)
                0x0802c3f8                __cxxabiv1::__unexpected(void (*)())
 .text._ZSt10unexpectedv
                0x0802c400       0x14 d:/elektronik/ides/eclipse/yagarto/bin/../lib/gcc/arm-none-eabi/4.6.2/../../../../arm-none-eabi/lib/thumb/v7m\libstdc++.a(eh_terminate.o)
                0x0802c400                std::unexpected()
 .text._ZN9__gnu_cxx27__verbose_terminate_handlerEv
                0x0802c414      0x118 d:/elektronik/ides/eclipse/yagarto/bin/../lib/gcc/arm-none-eabi/4.6.2/../../../../arm-none-eabi/lib/thumb/v7m\libstdc++.a(vterminate.o)
                0x0802c414                __gnu_cxx::__verbose_terminate_handler()
 .text.__cxa_end_cleanup
                0x0802c52c        0xc d:/elektronik/ides/eclipse/yagarto/bin/../lib/gcc/arm-none-eabi/4.6.2/../../../../arm-none-eabi/lib/thumb/v7m\libstdc++.a(eh_arm.o)
                0x0802c52c                __cxa_end_cleanup
 .text.__cxa_type_match
                0x0802c538       0xe4 d:/elektronik/ides/eclipse/yagarto/bin/../lib/gcc/arm-none-eabi/4.6.2/../../../../arm-none-eabi/lib/thumb/v7m\libstdc++.a(eh_arm.o)
                0x0802c538                __cxa_type_match
 .text.__cxa_begin_cleanup
                0x0802c61c       0x68 d:/elektronik/ides/eclipse/yagarto/bin/../lib/gcc/arm-none-eabi/4.6.2/../../../../arm-none-eabi/lib/thumb/v7m\libstdc++.a(eh_arm.o)
                0x0802c61c                __cxa_begin_cleanup
 .text.__gnu_end_cleanup
                0x0802c684       0x74 d:/elektronik/ides/eclipse/yagarto/bin/../lib/gcc/arm-none-eabi/4.6.2/../../../../arm-none-eabi/lib/thumb/v7m\libstdc++.a(eh_arm.o)
                0x0802c684                __gnu_end_cleanup
 .text.__cxa_bad_typeid
                0x0802c6f8       0x24 d:/elektronik/ides/eclipse/yagarto/bin/../lib/gcc/arm-none-eabi/4.6.2/../../../../arm-none-eabi/lib/thumb/v7m\libstdc++.a(eh_aux_runtime.o)
                0x0802c6f8                __cxa_bad_typeid
 .text.__cxa_call_terminate
                0x0802c71c       0x48 d:/elektronik/ides/eclipse/yagarto/bin/../lib/gcc/arm-none-eabi/4.6.2/../../../../arm-none-eabi/lib/thumb/v7m\libstdc++.a(eh_call.o)
                0x0802c71c                __cxa_call_terminate
 .text.__cxa_call_unexpected
                0x0802c764      0x11c d:/elektronik/ides/eclipse/yagarto/bin/../lib/gcc/arm-none-eabi/4.6.2/../../../../arm-none-eabi/lib/thumb/v7m\libstdc++.a(eh_call.o)
                0x0802c764                __cxa_call_unexpected
 .text.__cxa_begin_catch
                0x0802c880       0x88 d:/elektronik/ides/eclipse/yagarto/bin/../lib/gcc/arm-none-eabi/4.6.2/../../../../arm-none-eabi/lib/thumb/v7m\libstdc++.a(eh_catch.o)
                0x0802c880                __cxa_begin_catch
 .text.__cxa_end_catch
                0x0802c908       0x90 d:/elektronik/ides/eclipse/yagarto/bin/../lib/gcc/arm-none-eabi/4.6.2/../../../../arm-none-eabi/lib/thumb/v7m\libstdc++.a(eh_catch.o)
                0x0802c908                __cxa_end_catch
 .text._ZNSt9exceptionD2Ev
                0x0802c998        0xc d:/elektronik/ides/eclipse/yagarto/bin/../lib/gcc/arm-none-eabi/4.6.2/../../../../arm-none-eabi/lib/thumb/v7m\libstdc++.a(eh_exception.o)
                0x0802c998                std::exception::~exception()
                0x0802c998                std::exception::~exception()
 .text._ZNSt13bad_exceptionD2Ev
                0x0802c9a4        0xc d:/elektronik/ides/eclipse/yagarto/bin/../lib/gcc/arm-none-eabi/4.6.2/../../../../arm-none-eabi/lib/thumb/v7m\libstdc++.a(eh_exception.o)
                0x0802c9a4                std::bad_exception::~bad_exception()
                0x0802c9a4                std::bad_exception::~bad_exception()
 .text._ZNKSt9exception4whatEv
                0x0802c9b0        0xc d:/elektronik/ides/eclipse/yagarto/bin/../lib/gcc/arm-none-eabi/4.6.2/../../../../arm-none-eabi/lib/thumb/v7m\libstdc++.a(eh_exception.o)
                0x0802c9b0                std::exception::what() const
 .text._ZNKSt13bad_exception4whatEv
                0x0802c9bc        0xc d:/elektronik/ides/eclipse/yagarto/bin/../lib/gcc/arm-none-eabi/4.6.2/../../../../arm-none-eabi/lib/thumb/v7m\libstdc++.a(eh_exception.o)
                0x0802c9bc                std::bad_exception::what() const
 .text._ZNSt13bad_exceptionD0Ev
                0x0802c9c8       0x14 d:/elektronik/ides/eclipse/yagarto/bin/../lib/gcc/arm-none-eabi/4.6.2/../../../../arm-none-eabi/lib/thumb/v7m\libstdc++.a(eh_exception.o)
                0x0802c9c8                std::bad_exception::~bad_exception()
 .text._ZNSt9exceptionD0Ev
                0x0802c9dc       0x14 d:/elektronik/ides/eclipse/yagarto/bin/../lib/gcc/arm-none-eabi/4.6.2/../../../../arm-none-eabi/lib/thumb/v7m\libstdc++.a(eh_exception.o)
                0x0802c9dc                std::exception::~exception()
 .text.__cxa_get_globals_fast
                0x0802c9f0        0xc d:/elektronik/ides/eclipse/yagarto/bin/../lib/gcc/arm-none-eabi/4.6.2/../../../../arm-none-eabi/lib/thumb/v7m\libstdc++.a(eh_globals.o)
                0x0802c9f0                __cxa_get_globals_fast
 .text.__cxa_get_globals
                0x0802c9fc        0xc d:/elektronik/ides/eclipse/yagarto/bin/../lib/gcc/arm-none-eabi/4.6.2/../../../../arm-none-eabi/lib/thumb/v7m\libstdc++.a(eh_globals.o)
                0x0802c9fc                __cxa_get_globals
 .text._ZL12read_sleb128PKhPl
                0x0802ca08       0x3c d:/elektronik/ides/eclipse/yagarto/bin/../lib/gcc/arm-none-eabi/4.6.2/../../../../arm-none-eabi/lib/thumb/v7m\libstdc++.a(eh_personality.o)
 .text._ZL28read_encoded_value_with_basehjPKhPj
                0x0802ca44       0xc0 d:/elektronik/ides/eclipse/yagarto/bin/../lib/gcc/arm-none-eabi/4.6.2/../../../../arm-none-eabi/lib/thumb/v7m\libstdc++.a(eh_personality.o)
 .text._ZL21base_of_encoded_valuehP15_Unwind_Context
                0x0802cb04       0x4c d:/elektronik/ides/eclipse/yagarto/bin/../lib/gcc/arm-none-eabi/4.6.2/../../../../arm-none-eabi/lib/thumb/v7m\libstdc++.a(eh_personality.o)
 .text._ZL17parse_lsda_headerP15_Unwind_ContextPKhP16lsda_header_info.constprop.1
                0x0802cb50       0x8c d:/elektronik/ides/eclipse/yagarto/bin/../lib/gcc/arm-none-eabi/4.6.2/../../../../arm-none-eabi/lib/thumb/v7m\libstdc++.a(eh_personality.o)
 .text.__gxx_personality_v0
                0x0802cbdc      0x3a8 d:/elektronik/ides/eclipse/yagarto/bin/../lib/gcc/arm-none-eabi/4.6.2/../../../../arm-none-eabi/lib/thumb/v7m\libstdc++.a(eh_personality.o)
                0x0802cbdc                __gxx_personality_v0
 .text._ZL23__gxx_exception_cleanup19_Unwind_Reason_CodeP21_Unwind_Control_Block
                0x0802cf84       0x4c d:/elektronik/ides/eclipse/yagarto/bin/../lib/gcc/arm-none-eabi/4.6.2/../../../../arm-none-eabi/lib/thumb/v7m\libstdc++.a(eh_throw.o)
 .text.__cxa_throw
                0x0802cfd0       0x78 d:/elektronik/ides/eclipse/yagarto/bin/../lib/gcc/arm-none-eabi/4.6.2/../../../../arm-none-eabi/lib/thumb/v7m\libstdc++.a(eh_throw.o)
                0x0802cfd0                __cxa_throw
 .text.__cxa_rethrow
                0x0802d048       0x70 d:/elektronik/ides/eclipse/yagarto/bin/../lib/gcc/arm-none-eabi/4.6.2/../../../../arm-none-eabi/lib/thumb/v7m\libstdc++.a(eh_throw.o)
                0x0802d048                __cxa_rethrow
 .text.__cxa_current_exception_type
                0x0802d0b8       0x1c d:/elektronik/ides/eclipse/yagarto/bin/../lib/gcc/arm-none-eabi/4.6.2/../../../../arm-none-eabi/lib/thumb/v7m\libstdc++.a(eh_type.o)
                0x0802d0b8                __cxa_current_exception_type
 .text._ZN10__cxxabiv123__fundamental_type_infoD2Ev
                0x0802d0d4       0x14 d:/elektronik/ides/eclipse/yagarto/bin/../lib/gcc/arm-none-eabi/4.6.2/../../../../arm-none-eabi/lib/thumb/v7m\libstdc++.a(fundamental_type_info.o)
                0x0802d0d4                __cxxabiv1::__fundamental_type_info::~__fundamental_type_info()
                0x0802d0d4                __cxxabiv1::__fundamental_type_info::~__fundamental_type_info()
 .text._ZN10__cxxabiv123__fundamental_type_infoD0Ev
                0x0802d0e8       0x1c d:/elektronik/ides/eclipse/yagarto/bin/../lib/gcc/arm-none-eabi/4.6.2/../../../../arm-none-eabi/lib/thumb/v7m\libstdc++.a(fundamental_type_info.o)
                0x0802d0e8                __cxxabiv1::__fundamental_type_info::~__fundamental_type_info()
 .text._ZNK10__cxxabiv119__pointer_type_info14__is_pointer_pEv
                0x0802d104        0x4 d:/elektronik/ides/eclipse/yagarto/bin/../lib/gcc/arm-none-eabi/4.6.2/../../../../arm-none-eabi/lib/thumb/v7m\libstdc++.a(pointer_type_info.o)
                0x0802d104                __cxxabiv1::__pointer_type_info::__is_pointer_p() const
 .text._ZN10__cxxabiv119__pointer_type_infoD2Ev
                0x0802d108       0x14 d:/elektronik/ides/eclipse/yagarto/bin/../lib/gcc/arm-none-eabi/4.6.2/../../../../arm-none-eabi/lib/thumb/v7m\libstdc++.a(pointer_type_info.o)
                0x0802d108                __cxxabiv1::__pointer_type_info::~__pointer_type_info()
                0x0802d108                __cxxabiv1::__pointer_type_info::~__pointer_type_info()
 .text._ZN10__cxxabiv119__pointer_type_infoD0Ev
                0x0802d11c       0x1c d:/elektronik/ides/eclipse/yagarto/bin/../lib/gcc/arm-none-eabi/4.6.2/../../../../arm-none-eabi/lib/thumb/v7m\libstdc++.a(pointer_type_info.o)
                0x0802d11c                __cxxabiv1::__pointer_type_info::~__pointer_type_info()
 .text._ZNK10__cxxabiv119__pointer_type_info15__pointer_catchEPKNS_17__pbase_type_infoEPPvj
                0x0802d138       0x48 d:/elektronik/ides/eclipse/yagarto/bin/../lib/gcc/arm-none-eabi/4.6.2/../../../../arm-none-eabi/lib/thumb/v7m\libstdc++.a(pointer_type_info.o)
                0x0802d138                __cxxabiv1::__pointer_type_info::__pointer_catch(__cxxabiv1::__pbase_type_info const*, void**, unsigned int) const
 .text._ZN10__cxxabiv120__si_class_type_infoD2Ev
                0x0802d180       0x14 d:/elektronik/ides/eclipse/yagarto/bin/../lib/gcc/arm-none-eabi/4.6.2/../../../../arm-none-eabi/lib/thumb/v7m\libstdc++.a(si_class_type_info.o)
                0x0802d180                __cxxabiv1::__si_class_type_info::~__si_class_type_info()
                0x0802d180                __cxxabiv1::__si_class_type_info::~__si_class_type_info()
 .text._ZN10__cxxabiv120__si_class_type_infoD0Ev
                0x0802d194       0x1c d:/elektronik/ides/eclipse/yagarto/bin/../lib/gcc/arm-none-eabi/4.6.2/../../../../arm-none-eabi/lib/thumb/v7m\libstdc++.a(si_class_type_info.o)
                0x0802d194                __cxxabiv1::__si_class_type_info::~__si_class_type_info()
 .text._ZNK10__cxxabiv120__si_class_type_info11__do_upcastEPKNS_17__class_type_infoEPKvRNS1_15__upcast_resultE
                0x0802d1b0       0x28 d:/elektronik/ides/eclipse/yagarto/bin/../lib/gcc/arm-none-eabi/4.6.2/../../../../arm-none-eabi/lib/thumb/v7m\libstdc++.a(si_class_type_info.o)
                0x0802d1b0                __cxxabiv1::__si_class_type_info::__do_upcast(__cxxabiv1::__class_type_info const*, void const*, __cxxabiv1::__class_type_info::__upcast_result&) const
 .text._ZNK10__cxxabiv120__si_class_type_info12__do_dyncastEiNS_17__class_type_info10__sub_kindEPKS1_PKvS4_S6_RNS1_16__dyncast_resultE
                0x0802d1d8       0x88 d:/elektronik/ides/eclipse/yagarto/bin/../lib/gcc/arm-none-eabi/4.6.2/../../../../arm-none-eabi/lib/thumb/v7m\libstdc++.a(si_class_type_info.o)
                0x0802d1d8                __cxxabiv1::__si_class_type_info::__do_dyncast(int, __cxxabiv1::__class_type_info::__sub_kind, __cxxabiv1::__class_type_info const*, void const*, __cxxabiv1::__class_type_info const*, void const*, __cxxabiv1::__class_type_info::__dyncast_result&) const
 .text._ZNK10__cxxabiv120__si_class_type_info20__do_find_public_srcEiPKvPKNS_17__class_type_infoES2_
                0x0802d260       0x38 d:/elektronik/ides/eclipse/yagarto/bin/../lib/gcc/arm-none-eabi/4.6.2/../../../../arm-none-eabi/lib/thumb/v7m\libstdc++.a(si_class_type_info.o)
                0x0802d260                __cxxabiv1::__si_class_type_info::__do_find_public_src(int, void const*, __cxxabiv1::__class_type_info const*, void const*) const
 .text._ZNSt9type_infoD2Ev
                0x0802d298        0xc d:/elektronik/ides/eclipse/yagarto/bin/../lib/gcc/arm-none-eabi/4.6.2/../../../../arm-none-eabi/lib/thumb/v7m\libstdc++.a(tinfo.o)
                0x0802d298                std::type_info::~type_info()
                0x0802d298                std::type_info::~type_info()
 .text._ZNKSt9type_info14__is_pointer_pEv
                0x0802d2a4        0x4 d:/elektronik/ides/eclipse/yagarto/bin/../lib/gcc/arm-none-eabi/4.6.2/../../../../arm-none-eabi/lib/thumb/v7m\libstdc++.a(tinfo.o)
                0x0802d2a4                std::type_info::__is_pointer_p() const
 .text._ZNKSt9type_info15__is_function_pEv
                0x0802d2a8        0x4 d:/elektronik/ides/eclipse/yagarto/bin/../lib/gcc/arm-none-eabi/4.6.2/../../../../arm-none-eabi/lib/thumb/v7m\libstdc++.a(tinfo.o)
                0x0802d2a8                std::type_info::__is_function_p() const
 .text._ZNKSt9type_info11__do_upcastEPKN10__cxxabiv117__class_type_infoEPPv
                0x0802d2ac        0x4 d:/elektronik/ides/eclipse/yagarto/bin/../lib/gcc/arm-none-eabi/4.6.2/../../../../arm-none-eabi/lib/thumb/v7m\libstdc++.a(tinfo.o)
                0x0802d2ac                std::type_info::__do_upcast(__cxxabiv1::__class_type_info const*, void**) const
 .text._ZNSt9type_infoD0Ev
                0x0802d2b0       0x14 d:/elektronik/ides/eclipse/yagarto/bin/../lib/gcc/arm-none-eabi/4.6.2/../../../../arm-none-eabi/lib/thumb/v7m\libstdc++.a(tinfo.o)
                0x0802d2b0                std::type_info::~type_info()
 .text._ZNKSt9type_infoeqERKS_
                0x0802d2c4       0x38 d:/elektronik/ides/eclipse/yagarto/bin/../lib/gcc/arm-none-eabi/4.6.2/../../../../arm-none-eabi/lib/thumb/v7m\libstdc++.a(tinfo.o)
                0x0802d2c4                std::type_info::operator==(std::type_info const&) const
 .text._ZNKSt9type_info10__do_catchEPKS_PPvj
                0x0802d2fc        0x4 d:/elektronik/ides/eclipse/yagarto/bin/../lib/gcc/arm-none-eabi/4.6.2/../../../../arm-none-eabi/lib/thumb/v7m\libstdc++.a(tinfo.o)
                0x0802d2fc                std::type_info::__do_catch(std::type_info const*, void**, unsigned int) const
 .text._ZNKSt10bad_typeid4whatEv
                0x0802d300        0xc d:/elektronik/ides/eclipse/yagarto/bin/../lib/gcc/arm-none-eabi/4.6.2/../../../../arm-none-eabi/lib/thumb/v7m\libstdc++.a(bad_typeid.o)
                0x0802d300                std::bad_typeid::what() const
 .text._ZNSt10bad_typeidD2Ev
                0x0802d30c       0x14 d:/elektronik/ides/eclipse/yagarto/bin/../lib/gcc/arm-none-eabi/4.6.2/../../../../arm-none-eabi/lib/thumb/v7m\libstdc++.a(bad_typeid.o)
                0x0802d30c                std::bad_typeid::~bad_typeid()
                0x0802d30c                std::bad_typeid::~bad_typeid()
 .text._ZNSt10bad_typeidD0Ev
                0x0802d320       0x1c d:/elektronik/ides/eclipse/yagarto/bin/../lib/gcc/arm-none-eabi/4.6.2/../../../../arm-none-eabi/lib/thumb/v7m\libstdc++.a(bad_typeid.o)
                0x0802d320                std::bad_typeid::~bad_typeid()
 .text._ZNK10__cxxabiv117__class_type_info11__do_upcastEPKS0_PPv
                0x0802d33c       0x38 d:/elektronik/ides/eclipse/yagarto/bin/../lib/gcc/arm-none-eabi/4.6.2/../../../../arm-none-eabi/lib/thumb/v7m\libstdc++.a(class_type_info.o)
                0x0802d33c                __cxxabiv1::__class_type_info::__do_upcast(__cxxabiv1::__class_type_info const*, void**) const
 .text._ZNK10__cxxabiv117__class_type_info20__do_find_public_srcEiPKvPKS0_S2_
                0x0802d374        0xc d:/elektronik/ides/eclipse/yagarto/bin/../lib/gcc/arm-none-eabi/4.6.2/../../../../arm-none-eabi/lib/thumb/v7m\libstdc++.a(class_type_info.o)
                0x0802d374                __cxxabiv1::__class_type_info::__do_find_public_src(int, void const*, __cxxabiv1::__class_type_info const*, void const*) const
 .text._ZNK10__cxxabiv117__class_type_info11__do_upcastEPKS0_PKvRNS0_15__upcast_resultE
                0x0802d380       0x1c d:/elektronik/ides/eclipse/yagarto/bin/../lib/gcc/arm-none-eabi/4.6.2/../../../../arm-none-eabi/lib/thumb/v7m\libstdc++.a(class_type_info.o)
                0x0802d380                __cxxabiv1::__class_type_info::__do_upcast(__cxxabiv1::__class_type_info const*, void const*, __cxxabiv1::__class_type_info::__upcast_result&) const
 .text._ZN10__cxxabiv117__class_type_infoD2Ev
                0x0802d39c       0x14 d:/elektronik/ides/eclipse/yagarto/bin/../lib/gcc/arm-none-eabi/4.6.2/../../../../arm-none-eabi/lib/thumb/v7m\libstdc++.a(class_type_info.o)
                0x0802d39c                __cxxabiv1::__class_type_info::~__class_type_info()
                0x0802d39c                __cxxabiv1::__class_type_info::~__class_type_info()
 .text._ZN10__cxxabiv117__class_type_infoD0Ev
                0x0802d3b0       0x1c d:/elektronik/ides/eclipse/yagarto/bin/../lib/gcc/arm-none-eabi/4.6.2/../../../../arm-none-eabi/lib/thumb/v7m\libstdc++.a(class_type_info.o)
                0x0802d3b0                __cxxabiv1::__class_type_info::~__class_type_info()
 .text._ZNK10__cxxabiv117__class_type_info12__do_dyncastEiNS0_10__sub_kindEPKS0_PKvS3_S5_RNS0_16__dyncast_resultE
                0x0802d3cc       0x3c d:/elektronik/ides/eclipse/yagarto/bin/../lib/gcc/arm-none-eabi/4.6.2/../../../../arm-none-eabi/lib/thumb/v7m\libstdc++.a(class_type_info.o)
                0x0802d3cc                __cxxabiv1::__class_type_info::__do_dyncast(int, __cxxabiv1::__class_type_info::__sub_kind, __cxxabiv1::__class_type_info const*, void const*, __cxxabiv1::__class_type_info const*, void const*, __cxxabiv1::__class_type_info::__dyncast_result&) const
 .text._ZNK10__cxxabiv117__class_type_info10__do_catchEPKSt9type_infoPPvj
                0x0802d408       0x28 d:/elektronik/ides/eclipse/yagarto/bin/../lib/gcc/arm-none-eabi/4.6.2/../../../../arm-none-eabi/lib/thumb/v7m\libstdc++.a(class_type_info.o)
                0x0802d408                __cxxabiv1::__class_type_info::__do_catch(std::type_info const*, void**, unsigned int) const
 .text.__cxa_allocate_exception
                0x0802d430       0x64 d:/elektronik/ides/eclipse/yagarto/bin/../lib/gcc/arm-none-eabi/4.6.2/../../../../arm-none-eabi/lib/thumb/v7m\libstdc++.a(eh_alloc.o)
                0x0802d430                __cxa_allocate_exception
 .text.__cxa_free_exception
                0x0802d494       0x34 d:/elektronik/ides/eclipse/yagarto/bin/../lib/gcc/arm-none-eabi/4.6.2/../../../../arm-none-eabi/lib/thumb/v7m\libstdc++.a(eh_alloc.o)
                0x0802d494                __cxa_free_exception