Archive member included because of file (symbol)

e:/elektronik/toolchain/yagarto/bin/../lib/gcc/arm-none-eabi/4.6.2/../../../../arm-none-eabi/lib/thumb/v7m\libstdc++.a(atexit_arm.o)
                              ./main.o (__aeabi_atexit)
e:/elektronik/toolchain/yagarto/bin/../lib/gcc/arm-none-eabi/4.6.2/../../../../arm-none-eabi/lib/thumb/v7m\libstdc++.a(del_op.o)
                              ./Menue/CMenue.o (operator delete(void*))
e:/elektronik/toolchain/yagarto/bin/../lib/gcc/arm-none-eabi/4.6.2/../../../../arm-none-eabi/lib/thumb/v7m\libstdc++.a(pure.o)
                              ./FreeRTOS_EC/Source/AManagedTask.o (__cxa_pure_virtual)
e:/elektronik/toolchain/yagarto/bin/../lib/gcc/arm-none-eabi/4.6.2/../../../../arm-none-eabi/lib/thumb/v7m\libstdc++.a(eh_terminate.o)
                              e:/elektronik/toolchain/yagarto/bin/../lib/gcc/arm-none-eabi/4.6.2/../../../../arm-none-eabi/lib/thumb/v7m\libstdc++.a(pure.o) (std::terminate())
e:/elektronik/toolchain/yagarto/bin/../lib/gcc/arm-none-eabi/4.6.2/../../../../arm-none-eabi/lib/thumb/v7m\libstdc++.a(eh_term_handler.o)
                              e:/elektronik/toolchain/yagarto/bin/../lib/gcc/arm-none-eabi/4.6.2/../../../../arm-none-eabi/lib/thumb/v7m\libstdc++.a(eh_terminate.o) (__cxxabiv1::__terminate_handler)
e:/elektronik/toolchain/yagarto/bin/../lib/gcc/arm-none-eabi/4.6.2/../../../../arm-none-eabi/lib/thumb/v7m\libstdc++.a(eh_unex_handler.o)
                              e:/elektronik/toolchain/yagarto/bin/../lib/gcc/arm-none-eabi/4.6.2/../../../../arm-none-eabi/lib/thumb/v7m\libstdc++.a(eh_terminate.o) (__cxxabiv1::__unexpected_handler)
e:/elektronik/toolchain/yagarto/bin/../lib/gcc/arm-none-eabi/4.6.2/../../../../arm-none-eabi/lib/thumb/v7m\libstdc++.a(vterminate.o)
                              e:/elektronik/toolchain/yagarto/bin/../lib/gcc/arm-none-eabi/4.6.2/../../../../arm-none-eabi/lib/thumb/v7m\libstdc++.a(eh_term_handler.o) (__gnu_cxx::__verbose_terminate_handler())
e:/elektronik/toolchain/yagarto/bin/../lib/gcc/arm-none-eabi/4.6.2/../../../../arm-none-eabi/lib/thumb/v7m\libstdc++.a(cp-demangle.o)
                              e:/elektronik/toolchain/yagarto/bin/../lib/gcc/arm-none-eabi/4.6.2/../../../../arm-none-eabi/lib/thumb/v7m\libstdc++.a(vterminate.o) (__cxa_demangle)
e:/elektronik/toolchain/yagarto/bin/../lib/gcc/arm-none-eabi/4.6.2/../../../../arm-none-eabi/lib/thumb/v7m\libstdc++.a(eh_arm.o)
                              e:/elektronik/toolchain/yagarto/bin/../lib/gcc/arm-none-eabi/4.6.2/../../../../arm-none-eabi/lib/thumb/v7m\libstdc++.a(eh_terminate.o) (__cxa_end_cleanup)
e:/elektronik/toolchain/yagarto/bin/../lib/gcc/arm-none-eabi/4.6.2/../../../../arm-none-eabi/lib/thumb/v7m\libstdc++.a(eh_aux_runtime.o)
                              e:/elektronik/toolchain/yagarto/bin/../lib/gcc/arm-none-eabi/4.6.2/../../../../arm-none-eabi/lib/thumb/v7m\libstdc++.a(eh_arm.o) (__cxa_bad_typeid)
e:/elektronik/toolchain/yagarto/bin/../lib/gcc/arm-none-eabi/4.6.2/../../../../arm-none-eabi/lib/thumb/v7m\libstdc++.a(eh_call.o)
                              e:/elektronik/toolchain/yagarto/bin/../lib/gcc/arm-none-eabi/4.6.2/../../../../arm-none-eabi/lib/thumb/v7m\libstdc++.a(eh_terminate.o) (__cxa_call_unexpected)
e:/elektronik/toolchain/yagarto/bin/../lib/gcc/arm-none-eabi/4.6.2/../../../../arm-none-eabi/lib/thumb/v7m\libstdc++.a(eh_catch.o)
                              e:/elektronik/toolchain/yagarto/bin/../lib/gcc/arm-none-eabi/4.6.2/../../../../arm-none-eabi/lib/thumb/v7m\libstdc++.a(eh_terminate.o) (__cxa_begin_catch)
e:/elektronik/toolchain/yagarto/bin/../lib/gcc/arm-none-eabi/4.6.2/../../../../arm-none-eabi/lib/thumb/v7m\libstdc++.a(eh_exception.o)
                              e:/elektronik/toolchain/yagarto/bin/../lib/gcc/arm-none-eabi/4.6.2/../../../../arm-none-eabi/lib/thumb/v7m\libstdc++.a(vterminate.o) (typeinfo for std::exception)
e:/elektronik/toolchain/yagarto/bin/../lib/gcc/arm-none-eabi/4.6.2/../../../../arm-none-eabi/lib/thumb/v7m\libstdc++.a(eh_globals.o)
                              e:/elektronik/toolchain/yagarto/bin/../lib/gcc/arm-none-eabi/4.6.2/../../../../arm-none-eabi/lib/thumb/v7m\libstdc++.a(eh_call.o) (__cxa_get_globals_fast)
e:/elektronik/toolchain/yagarto/bin/../lib/gcc/arm-none-eabi/4.6.2/../../../../arm-none-eabi/lib/thumb/v7m\libstdc++.a(eh_personality.o)
                              e:/elektronik/toolchain/yagarto/bin/../lib/gcc/arm-none-eabi/4.6.2/../../../../arm-none-eabi/lib/thumb/v7m\libstdc++.a(eh_terminate.o) (__gxx_personality_v0)
e:/elektronik/toolchain/yagarto/bin/../lib/gcc/arm-none-eabi/4.6.2/../../../../arm-none-eabi/lib/thumb/v7m\libstdc++.a(eh_throw.o)
                              e:/elektronik/toolchain/yagarto/bin/../lib/gcc/arm-none-eabi/4.6.2/../../../../arm-none-eabi/lib/thumb/v7m\libstdc++.a(eh_aux_runtime.o) (__cxa_throw)
[...]
Memory Configuration

Name             Origin             Length             Attributes
flash            0x08000000         0x00100000
ram              0x20000000         0x0001c000
ethram           0x2001c000         0x00004000
ccmram           0x10000000         0x00010000
*default*        0x00000000         0xffffffff

Linker script and memory map

LOAD e:/elektronik/toolchain/yagarto/bin/../lib/gcc/arm-none-eabi/4.6.2/thumb/v7m/crti.o
LOAD e:/elektronik/toolchain/yagarto/bin/../lib/gcc/arm-none-eabi/4.6.2/thumb/v7m/crtbegin.o
LOAD e:/elektronik/toolchain/yagarto/bin/../lib/gcc/arm-none-eabi/4.6.2/../../../../arm-none-eabi/lib/thumb/v7m/crt0.o
LOAD ./STM32F4xx_StdPeriph_Driver/src/misc.o
LOAD ./STM32F4xx_StdPeriph_Driver/src/stm32f4xx_adc.o
LOAD ./STM32F4xx_StdPeriph_Driver/src/stm32f4xx_can.o
LOAD ./STM32F4xx_StdPeriph_Driver/src/stm32f4xx_crc.o
LOAD ./STM32F4xx_StdPeriph_Driver/src/stm32f4xx_cryp.o
LOAD ./STM32F4xx_StdPeriph_Driver/src/stm32f4xx_cryp_aes.o
LOAD ./STM32F4xx_StdPeriph_Driver/src/stm32f4xx_cryp_des.o
LOAD ./STM32F4xx_StdPeriph_Driver/src/stm32f4xx_cryp_tdes.o
LOAD ./STM32F4xx_StdPeriph_Driver/src/stm32f4xx_dac.o
LOAD ./STM32F4xx_StdPeriph_Driver/src/stm32f4xx_dbgmcu.o
LOAD ./STM32F4xx_StdPeriph_Driver/src/stm32f4xx_dcmi.o
LOAD ./STM32F4xx_StdPeriph_Driver/src/stm32f4xx_dma.o
LOAD ./STM32F4xx_StdPeriph_Driver/src/stm32f4xx_exti.o
LOAD ./STM32F4xx_StdPeriph_Driver/src/stm32f4xx_flash.o
LOAD ./STM32F4xx_StdPeriph_Driver/src/stm32f4xx_fsmc.o
LOAD ./STM32F4xx_StdPeriph_Driver/src/stm32f4xx_gpio.o
LOAD ./STM32F4xx_StdPeriph_Driver/src/stm32f4xx_hash.o
LOAD ./STM32F4xx_StdPeriph_Driver/src/stm32f4xx_hash_md5.o
LOAD ./STM32F4xx_StdPeriph_Driver/src/stm32f4xx_hash_sha1.o
LOAD ./STM32F4xx_StdPeriph_Driver/src/stm32f4xx_i2c.o
LOAD ./STM32F4xx_StdPeriph_Driver/src/stm32f4xx_iwdg.o
LOAD ./STM32F4xx_StdPeriph_Driver/src/stm32f4xx_pwr.o
LOAD ./STM32F4xx_StdPeriph_Driver/src/stm32f4xx_rcc.o
LOAD ./STM32F4xx_StdPeriph_Driver/src/stm32f4xx_rng.o
LOAD ./STM32F4xx_StdPeriph_Driver/src/stm32f4xx_rtc.o
LOAD ./STM32F4xx_StdPeriph_Driver/src/stm32f4xx_sdio.o
LOAD ./STM32F4xx_StdPeriph_Driver/src/stm32f4xx_spi.o
LOAD ./STM32F4xx_StdPeriph_Driver/src/stm32f4xx_syscfg.o
LOAD ./STM32F4xx_StdPeriph_Driver/src/stm32f4xx_tim.o
LOAD ./STM32F4xx_StdPeriph_Driver/src/stm32f4xx_usart.o
LOAD ./STM32F4xx_StdPeriph_Driver/src/stm32f4xx_wwdg.o
LOAD ./STM32F4-Discovery/stm32f4_discovery.o
LOAD ./STM32F4-Discovery/stm32f4_discovery_audio_codec.o
LOAD ./STM32F4-Discovery/stm32f4_discovery_lis302dl.o
LOAD ./Menue/CMenue.o
LOAD ./GraphicLCD/CGraphicLCD.o
LOAD ./GraphicLCD/CT6963CDriver.o
LOAD ./GraphicLCD/CT6963GPIOInterface.o
LOAD ./GraphicLCD/SansSerif12.o
LOAD ./FreeRTOS_EC/Source/AManagedTask.o
LOAD ./FreeRTOS_EC/Source/ASyncObject.o
LOAD ./FreeRTOS_EC/Source/ATimer.o
LOAD ./FreeRTOS_EC/Source/CBinarySemaphore.o
LOAD ./FreeRTOS_EC/Source/CCountingSemaphore.o
LOAD ./FreeRTOS_EC/Source/CFreeRTOS.o
LOAD ./FreeRTOS_EC/Source/CMessageTask.o
LOAD ./FreeRTOS_EC/Source/CMutex.o
LOAD ./FreeRTOS_EC/Source/CQueue.o
LOAD ./FreeRTOS_EC/Source/CRecursiveMutex.o
LOAD ./FreeRTOS_EC/Source/CTask.o
LOAD ./FreeRTOS/Source/portable/GCC/ARM_CM4F/port.o
LOAD ./FreeRTOS/Source/croutine.o
LOAD ./FreeRTOS/Source/list.o
LOAD ./FreeRTOS/Source/queue.o
LOAD ./FreeRTOS/Source/tasks.o
LOAD ./FreeRTOS/Source/timers.o
LOAD ./CLedHeartBeatSTM32F4Disc.o
LOAD ./main.o
LOAD ./stm32f4xx_it.o
LOAD ./syscalls.o
LOAD ./system_stm32f4xx.o
LOAD ./ustime.o
LOAD e:/elektronik/toolchain/yagarto/bin/../lib/gcc/arm-none-eabi/4.6.2/../../../../arm-none-eabi/lib/thumb/v7m\libstdc++.a
LOAD e:/elektronik/toolchain/yagarto/bin/../lib/gcc/arm-none-eabi/4.6.2/../../../../arm-none-eabi/lib/thumb/v7m\libm.a
START GROUP
LOAD e:/elektronik/toolchain/yagarto/bin/../lib/gcc/arm-none-eabi/4.6.2/thumb/v7m\libgcc.a
LOAD e:/elektronik/toolchain/yagarto/bin/../lib/gcc/arm-none-eabi/4.6.2/../../../../arm-none-eabi/lib/thumb/v7m\libg.a
LOAD e:/elektronik/toolchain/yagarto/bin/../lib/gcc/arm-none-eabi/4.6.2/../../../../arm-none-eabi/lib/thumb/v7m\libc.a
END GROUP
LOAD e:/elektronik/toolchain/yagarto/bin/../lib/gcc/arm-none-eabi/4.6.2/thumb/v7m/crtend.o
LOAD e:/elektronik/toolchain/yagarto/bin/../lib/gcc/arm-none-eabi/4.6.2/thumb/v7m/crtn.o
                0x00000400                __main_stack_size__ = 0x400
                0x00000400                __process_stack_size__ = 0x400
                0x20000000                __ram_start__ = ORIGIN (ram)
                0x0001c000                __ram_size__ = 0x1c000
                0x2001c000                __ram_end__ = (__ram_start__ + __ram_size__)
                0x00000000                . = 0x0
                0x00000000                _text = .

startup
 *(vectors)

constructors    0x08000000        0x8
                0x08000000                PROVIDE (__init_array_start, .)
 *(SORT(.init_array.*))
 *(.init_array)
 .init_array    0x08000000        0x4 e:/elektronik/toolchain/yagarto/bin/../lib/gcc/arm-none-eabi/4.6.2/thumb/v7m/crtbegin.o
 .init_array    0x08000004        0x4 ./main.o
                0x08000008                PROVIDE (__init_array_end, .)

destructors     0x08000008        0x4
                0x08000008                PROVIDE (__fini_array_start, .)
 *(.fini_array)
 .fini_array    0x08000008        0x4 e:/elektronik/toolchain/yagarto/bin/../lib/gcc/arm-none-eabi/4.6.2/thumb/v7m/crtbegin.o
 *(SORT(.fini_array.*))
                0x0800000c                PROVIDE (__fini_array_end, .)

.text           0x08000010    0x160ec
 *(.text.startup.*)
 *(.text)
 .text          0x08000010       0x54 e:/elektronik/toolchain/yagarto/bin/../lib/gcc/arm-none-eabi/4.6.2/thumb/v7m/crtbegin.o
 *fill*         0x08000064        0xc 00
 .text          0x08000070      0x1dc ./STM32F4xx_StdPeriph_Driver/src/misc.o
                0x08000070                NVIC_PriorityGroupConfig
                0x08000098                NVIC_Init
                0x0800017c                NVIC_SetVectorTable
                0x080001a8                NVIC_SystemLPConfig
                0x08000200                SysTick_CLKSourceConfig
 *fill*         0x0800024c        0x4 00
 .text          0x08000250      0x2d4 ./STM32F4xx_StdPeriph_Driver/src/stm32f4xx_exti.o
                0x08000250                EXTI_DeInit
                0x080002a4                EXTI_Init
                0x080003e8                EXTI_StructInit
                0x0800041c                EXTI_GenerateSWInterrupt
                0x08000448                EXTI_GetFlagStatus
                0x08000488                EXTI_ClearFlag
                0x080004a8                EXTI_GetITStatus
                0x08000504                EXTI_ClearITPendingBit
 *fill*         0x08000524        0xc 00
 .text          0x08000530      0x550 ./STM32F4xx_StdPeriph_Driver/src/stm32f4xx_gpio.o
                0x08000530                GPIO_DeInit
                0x080006a8                GPIO_Init
                0x080007fc                GPIO_StructInit
                0x08000838                GPIO_PinLockConfig
                0x0800087c                GPIO_ReadInputDataBit
                0x080008b8                GPIO_ReadInputData
                0x080008d4                GPIO_ReadOutputDataBit
                0x08000910                GPIO_ReadOutputData
                0x0800092c                GPIO_SetBits
                0x08000948                GPIO_ResetBits
                0x08000964                GPIO_WriteBit
                0x08000994                GPIO_Write
                0x080009b0                GPIO_ToggleBits
                0x080009d4                GPIO_PinAFConfig
 .text          0x08000a80      0xdd0 ./STM32F4xx_StdPeriph_Driver/src/stm32f4xx_rcc.o
                0x08000a80                RCC_DeInit
                0x08000b04                RCC_HSEConfig
                0x08000b34                RCC_WaitForHSEStartUp
                0x08000b98                RCC_AdjustHSICalibrationValue
                0x08000be0                RCC_HSICmd
                0x08000c00                RCC_LSEConfig
                0x08000c60                RCC_LSICmd
                0x08000c80                RCC_PLLConfig
                0x08000cc8                RCC_PLLCmd
                0x08000ce8                RCC_PLLI2SConfig
                0x08000d18                RCC_PLLI2SCmd
                0x08000d38                RCC_ClockSecuritySystemCmd
                0x08000d58                RCC_MCO1Config
                0x08000da0                RCC_MCO2Config
                0x08000de8                RCC_SYSCLKConfig
                0x08000e28                RCC_GetSYSCLKSource
                0x08000e48                RCC_HCLKConfig
                0x08000e88                RCC_PCLK1Config
                0x08000ec8                RCC_PCLK2Config
                0x08000f0c                RCC_GetClocksFreq
                0x080010dc                RCC_RTCCLKConfig
                0x08001154                RCC_RTCCLKCmd
                0x08001174                RCC_BackupResetCmd
                0x08001194                RCC_I2SCLKConfig
                0x080011b4                RCC_AHB1PeriphClockCmd
                0x0800120c                RCC_AHB2PeriphClockCmd
                0x08001264                RCC_AHB3PeriphClockCmd
                0x080012bc                RCC_APB1PeriphClockCmd
                0x08001314                RCC_APB2PeriphClockCmd
                0x0800136c                RCC_AHB1PeriphResetCmd
                0x080013c4                RCC_AHB2PeriphResetCmd
                0x0800141c                RCC_AHB3PeriphResetCmd
                0x08001474                RCC_APB1PeriphResetCmd
                0x080014cc                RCC_APB2PeriphResetCmd
                0x08001524                RCC_AHB1PeriphClockLPModeCmd
                0x0800157c                RCC_AHB2PeriphClockLPModeCmd
                0x080015d4                RCC_AHB3PeriphClockLPModeCmd
                0x0800162c                RCC_APB1PeriphClockLPModeCmd
                0x08001684                RCC_APB2PeriphClockLPModeCmd
                0x080016dc                RCC_ITConfig
                0x0800173c                RCC_GetFlagStatus
                0x080017cc                RCC_ClearFlag
                0x080017f0                RCC_GetITStatus
                0x08001830                RCC_ClearITPendingBit
 .text          0x08001850      0x170 ./STM32F4xx_StdPeriph_Driver/src/stm32f4xx_syscfg.o
                0x08001850                SYSCFG_DeInit
                0x08001870                SYSCFG_MemoryRemapConfig
                0x08001890                SYSCFG_EXTILineConfig
                0x08001944                SYSCFG_ETH_MediaInterfaceConfig
                0x08001964                SYSCFG_CompensationCellCmd
                0x08001984                SYSCFG_GetCompensationCellStatus
 .text          0x080019c0      0x244 ./STM32F4-Discovery/stm32f4_discovery.o
                0x080019c0                STM_EVAL_LEDInit
                0x08001a2c                STM_EVAL_LEDOn
                0x08001a60                STM_EVAL_LEDOff
                0x08001a94                STM_EVAL_LEDToggle
                0x08001adc                STM_EVAL_PBInit
                0x08001bc8                STM_EVAL_PBGetState
 *fill*         0x08001c04        0xc 00
 .text          0x08001c10      0x174 ./Menue/CMenue.o
                0x08001c10                CMenue::CMenue(CGraphicLCD)
                0x08001c10                CMenue::CMenue(CGraphicLCD)
                0x08001c40                CMenue::~CMenue()
                0x08001c40                CMenue::~CMenue()
                0x08001c78                CMenue::~CMenue()
                0x08001c98                CMenue::HardwareInit()
                0x08001cb0                CMenue::Run()
 *fill*         0x08001d84        0xc 00
 .text          0x08001d90       0xdc ./GraphicLCD/CGraphicLCD.o
                0x08001d90                CGraphicLCD::CGraphicLCD()
                0x08001d90                CGraphicLCD::CGraphicLCD()
                0x08001db8                CGraphicLCD::CGraphicLCD(bool)
                0x08001db8                CGraphicLCD::CGraphicLCD(bool)
                0x08001de4                CGraphicLCD::~CGraphicLCD()
                0x08001de4                CGraphicLCD::~CGraphicLCD()
                0x08001e18                CGraphicLCD::~CGraphicLCD()
                0x08001e38                CGraphicLCD::Inverse()
                0x08001e50                CGraphicLCD::Inverse(bool)
 *fill*         0x08001e6c        0x4 00
 .text          0x08001e70      0xd30 ./GraphicLCD/CT6963CDriver.o
                0x08001e70                CT6963CDriver::CT6963CDriver()
                0x08001e70                CT6963CDriver::CT6963CDriver()
                0x08001e98                CT6963CDriver::~CT6963CDriver()
                0x08001e98                CT6963CDriver::~CT6963CDriver()
                0x08001ed0                CT6963CDriver::~CT6963CDriver()
                0x08001ef0                CT6963CDriver::Init()
                0x08002050                CT6963CDriver::SetAddressPointer(unsigned int)
                0x080020a0                CT6963CDriver::TextGoTo(unsigned char, unsigned char)
                0x080020d4                CT6963CDriver::GraphicGoTo(unsigned char, unsigned char)
                0x08002114                CT6963CDriver::Clear()
                0x08002194                CT6963CDriver::WriteDisplayData(unsigned char)
                0x080021cc                CT6963CDriver::WriteChar(char)
                0x080021f0                CT6963CDriver::WriteString(char*, tFont, unsigned int, unsigned int)
                0x08002210                CT6963CDriver::SetPixel(unsigned char, unsigned char)
                0x080022a0                CT6963CDriver::Line(unsigned int, unsigned int, unsigned int, unsigned int)
                0x080023f0                CT6963CDriver::Window(unsigned int, unsigned int, unsigned int, unsigned int)
                0x080027a4                CT6963CDriver::Rectangle(unsigned int, unsigned int, unsigned int, unsigned int, bool)
                0x080028e8                CT6963CDriver::SectorClear(unsigned int, unsigned int, unsigned int, unsigned int)
                0x08002948                CT6963CDriver::Circle(unsigned char, unsigned char, unsigned char)
                0x08002acc                CT6963CDriver::Bitmap(unsigned char*, unsigned char, unsigned char, unsigned char, unsigned char)
 .text          0x08002ba0      0x4b8 ./GraphicLCD/CT6963GPIOInterface.o
                0x08002ba0                CT6963_GPIO_Interface::CT6963_GPIO_Interface()
                0x08002ba0                CT6963_GPIO_Interface::CT6963_GPIO_Interface()
                0x08002bc8                CT6963_GPIO_Interface::~CT6963_GPIO_Interface()
                0x08002bc8                CT6963_GPIO_Interface::~CT6963_GPIO_Interface()
                0x08002c00                CT6963_GPIO_Interface::~CT6963_GPIO_Interface()
                0x08002c20                delay_us(unsigned int)
                0x08002c74                CheckStatus()
                0x08002d30                CT6963_GPIO_Interface::HardwareInit()
                0x08002de4                CT6963_GPIO_Interface::Reset()
                0x08002e1c                CT6963_GPIO_Interface::WriteCommand(unsigned char)
                0x08002ec8                CT6963_GPIO_Interface::WriteData(unsigned char)
                0x08002f94                CT6963_GPIO_Interface::ReadData() const
 *fill*         0x08003058        0x8 00
 .text          0x08003060      0x250 ./FreeRTOS_EC/Source/AManagedTask.o
                0x08003060                AManagedTask::AManagedTask()
                0x08003060                AManagedTask::AManagedTask()
                0x08003098                AManagedTask::~AManagedTask()
                0x08003098                AManagedTask::~AManagedTask()
                0x080030d8                AManagedTask::~AManagedTask()
                0x080030f8                AManagedTask::Create(char const*, unsigned short, unsigned long)
                0x0800315c                AManagedTask::taskControlFunc(void*)
                0x0800317c                AManagedTask::AddToManagedTask(AManagedTask*)
                0x080031cc                AManagedTask::RemoveFromManagedTask(AManagedTask*)
                0x08003254                AManagedTask::InitHardwareForManagedTasks()
 .text          0x080032b0       0x40 ./FreeRTOS_EC/Source/CFreeRTOS.o
                0x080032b0                CFreeRTOS::CFreeRTOS()
                0x080032b0                CFreeRTOS::CFreeRTOS()
                0x080032c8                CFreeRTOS::~CFreeRTOS()
                0x080032c8                CFreeRTOS::~CFreeRTOS()
                0x080032e0                CFreeRTOS::InitHardwareForManagedTasks()
 .text          0x080032f0      0x1c0 ./FreeRTOS_EC/Source/CTask.o
                0x080032f0                CTask::CTask()
                0x080032f0                CTask::CTask()
                0x08003320                CTask::CTask(void*)
                0x08003320                CTask::CTask(void*)
                0x08003350                CTask::~CTask()
                0x08003350                CTask::~CTask()
                0x08003394                CTask::~CTask()
                0x080033b4                CTask::Attach(void*)
                0x08003408                CTask::Create(void (*)(void*), char const*, unsigned short, void*, unsigned long)
                0x08003464                CTask::CreateRestricted(xTASK_PARAMTERS*)
                0x08003484                CTask::Delete()
 .text          0x080034b0      0x248 ./FreeRTOS/Source/portable/GCC/ARM_CM4F/port.o
                0x080034b0                pxPortInitialiseStack
                0x08003518                SVC_Handler
                0x08003538                vPortStartFirstTask
                0x08003548                xPortStartScheduler
                0x0800359c                vPortEndScheduler
                0x080035a8                vPortYieldFromISR
                0x080035c0                vPortEnterCritical
                0x080035ec                vPortExitCritical
                0x08003624                PendSV_Handler
                0x0800367c                SysTick_Handler
 *fill*         0x080036f8        0x8 00
 .text          0x08003700      0x17c ./FreeRTOS/Source/list.o
                0x08003700                vListInitialise
                0x08003740                vListInitialiseItem
                0x0800375c                vListInsertEnd
                0x080037b0                vListInsert
                0x08003828                vListRemove
 *fill*         0x0800387c        0x4 00
 .text          0x08003880     0x17c0 ./FreeRTOS/Source/tasks.o
                0x08003880                xTaskGenericCreate
                0x08003a2c                vTaskDelete
                0x08003aec                vTaskDelayUntil
                0x08003ba0                vTaskDelay
                0x08003bfc                uxTaskPriorityGet
                0x08003c34                vTaskPrioritySet
                0x08003d60                vTaskSuspend
                0x08003e20                xTaskIsTaskSuspended
                0x08003e70                vTaskResume
                0x08003f1c                xTaskResumeFromISR
                0x08003fdc                vTaskStartScheduler
                0x08004058                vTaskEndScheduler
                0x08004078                vTaskSuspendAll
                0x0800409c                xTaskResumeAll
                0x080041f0                xTaskGetTickCount
                0x08004218                xTaskGetTickCountFromISR
                0x08004250                uxTaskGetNumberOfTasks
                0x08004268                vTaskGetRunTimeStats
                0x080043c8                xTaskGetIdleTaskHandle
                0x080043e0                vTaskIncrementTick
                0x08004598                vTaskSetApplicationTaskTag
                0x080045d0                xTaskGetApplicationTaskTag
                0x0800460c                xTaskCallApplicationTaskHook
                0x08004658                vTaskSwitchContext
                0x08004798                vTaskPlaceOnEventList
                0x08004810                xTaskRemoveFromEventList
                0x080048d4                vTaskSetTimeOutState
                0x08004904                xTaskCheckForTimeOut
                0x080049a8                vTaskMissedYield
                0x08004e5c                uxTaskGetStackHighWaterMark
                0x08004eb8                xTaskGetCurrentTaskHandle
                0x08004ed8                vTaskPriorityInherit
                0x08004fb0                vTaskPriorityDisinherit
 .text          0x08005040      0x1b0 ./CLedHeartBeatSTM32F4Disc.o
                0x08005040                CLedHeartBeatSTM32F4Disc::CLedHeartBeatSTM32F4Disc(unsigned long)
                0x08005040                CLedHeartBeatSTM32F4Disc::CLedHeartBeatSTM32F4Disc(unsigned long)
                0x08005078                CLedHeartBeatSTM32F4Disc::~CLedHeartBeatSTM32F4Disc()
                0x08005078                CLedHeartBeatSTM32F4Disc::~CLedHeartBeatSTM32F4Disc()
                0x080050b0                CLedHeartBeatSTM32F4Disc::~CLedHeartBeatSTM32F4Disc()
                0x080050d0                CLedHeartBeatSTM32F4Disc::HardwareInit()
                0x08005108                CLedHeartBeatSTM32F4Disc::Run()
 .text          0x080051f0      0x17c ./main.o
                0x080051f0                main
                0x0800523c                vApplicationTickHook
                0x08005248                vApplicationIdleHook
                0x08005254                vApplicationMallocFailedHook
                0x08005260                vApplicationStackOverflowHook
                0x0800526c                EVAL_AUDIO_TransferComplete_CallBack
                0x08005280                EVAL_AUDIO_GetSampleCallBack
 *fill*         0x0800536c        0x4 00
 .text          0x08005370      0x1f0 ./syscalls.o
                0x08005370                _exit
                0x0800537c                _read_r
                0x0800539c                _write_r
                0x080053bc                _lseek_r
                0x080053e4                _close_r
                0x08005408                _fstat_r
                0x08005448                _isatty_r
                0x08005464                _sbrk_r
                0x080054f4                _kill_r
                0x08005518                _getpid_r
                0x08005538                __malloc_lock
                0x0800554c                __malloc_unlock
 .text          0x08005560      0x178 ./ustime.o
                0x08005560                get_us_time
                0x080055ec                delay_us
                0x08005648                delay_ms
                0x08005668                init_us_timer
 *fill*         0x080056d8        0x8 00
 .text          0x080056e0     0x58f8 e:/elektronik/toolchain/yagarto/bin/../lib/gcc/arm-none-eabi/4.6.2/../../../../arm-none-eabi/lib/thumb/v7m\libstdc++.a(cp-demangle.o)
                0x0800aea8                __cxa_demangle
                0x0800af8c                __gcclibcxx_demangle_callback
 *fill*         0x0800afd8        0x8 00
 .text          0x0800afe0      0xa10 e:/elektronik/toolchain/yagarto/bin/../lib/gcc/arm-none-eabi/4.6.2/thumb/v7m\libgcc.a(unwind-arm.o)
                0x0800b29c                _Unwind_VRS_Get
                0x0800b2e8                _Unwind_VRS_Set
                0x0800b5fc                __aeabi_unwind_cpp_pr2
                0x0800b600                __aeabi_unwind_cpp_pr1
                0x0800b604                __aeabi_unwind_cpp_pr0
                0x0800b608                _Unwind_VRS_Pop
                0x0800b898                _Unwind_GetCFA
                0x0800b89c                __gnu_Unwind_RaiseException
                0x0800b8fc                __gnu_Unwind_ForcedUnwind
                0x0800b910                __gnu_Unwind_Resume
                0x0800b94c                __gnu_Unwind_Resume_or_Rethrow
                0x0800b95c                _Unwind_Complete
                0x0800b960                _Unwind_DeleteException
                0x0800b970                __gnu_Unwind_Backtrace
 .text          0x0800b9f0      0x1ac e:/elektronik/toolchain/yagarto/bin/../lib/gcc/arm-none-eabi/4.6.2/thumb/v7m\libgcc.a(libunwind.o)
                0x0800b9f0                __restore_core_regs
                0x0800b9f0                restore_core_regs
                0x0800ba08                __gnu_Unwind_Restore_VFP
                0x0800ba10                __gnu_Unwind_Save_VFP
                0x0800ba18                __gnu_Unwind_Restore_VFP_D
                0x0800ba20                __gnu_Unwind_Save_VFP_D
                0x0800ba28                __gnu_Unwind_Restore_VFP_D_16_to_31
                0x0800ba30                __gnu_Unwind_Save_VFP_D_16_to_31
                0x0800ba38                __gnu_Unwind_Restore_WMMXD
                0x0800ba7c                __gnu_Unwind_Save_WMMXD
                0x0800bac0                __gnu_Unwind_Restore_WMMXC
                0x0800bad4                __gnu_Unwind_Save_WMMXC
                0x0800bae8                ___Unwind_RaiseException
                0x0800bae8                _Unwind_RaiseException
                0x0800bb0c                _Unwind_Resume
                0x0800bb0c                ___Unwind_Resume
                0x0800bb30                _Unwind_Resume_or_Rethrow
                0x0800bb30                ___Unwind_Resume_or_Rethrow
                0x0800bb54                _Unwind_ForcedUnwind
                0x0800bb54                ___Unwind_ForcedUnwind
                0x0800bb78                ___Unwind_Backtrace
                0x0800bb78                _Unwind_Backtrace
 *fill*         0x0800bb9c        0x4 00
 .text          0x0800bba0      0x3d4 e:/elektronik/toolchain/yagarto/bin/../lib/gcc/arm-none-eabi/4.6.2/thumb/v7m\libgcc.a(pr-support.o)
                0x0800bbf4                __gnu_unwind_execute
                0x0800bf18                __gnu_unwind_frame
                0x0800bf44                _Unwind_GetRegionStart
                0x0800bf50                _Unwind_GetLanguageSpecificData
                0x0800bf64                _Unwind_GetDataRelBase
                0x0800bf6c                _Unwind_GetTextRelBase
 *fill*         0x0800bf74        0xc 00
 .text          0x0800bf80       0x10 e:/elektronik/toolchain/yagarto/bin/../lib/gcc/arm-none-eabi/4.6.2/../../../../arm-none-eabi/lib/thumb/v7m\libg.a(lib_a-abort.o)
                0x0800bf80                abort
 .text          0x0800bf90       0x48 e:/elektronik/toolchain/yagarto/bin/../lib/gcc/arm-none-eabi/4.6.2/../../../../arm-none-eabi/lib/thumb/v7m\libg.a(lib_a-assert.o)
                0x0800bf90                __assert_func
                0x0800bfcc                __assert
 *fill*         0x0800bfd8        0x8 00
 .text          0x0800bfe0       0x14 e:/elektronik/toolchain/yagarto/bin/../lib/gcc/arm-none-eabi/4.6.2/../../../../arm-none-eabi/lib/thumb/v7m\libg.a(lib_a-cxa_atexit.o)
                0x0800bfe0                __cxa_atexit
 *fill*         0x0800bff4        0xc 00
 .text          0x0800c000       0x4c e:/elektronik/toolchain/yagarto/bin/../lib/gcc/arm-none-eabi/4.6.2/../../../../arm-none-eabi/lib/thumb/v7m\libg.a(lib_a-fiprintf.o)
                0x0800c000                _fiprintf_r
                0x0800c020                fiprintf
 *fill*         0x0800c04c        0x4 00
 .text          0x0800c050       0x4c e:/elektronik/toolchain/yagarto/bin/../lib/gcc/arm-none-eabi/4.6.2/../../../../arm-none-eabi/lib/thumb/v7m\libg.a(lib_a-fputc.o)
                0x0800c050                _fputc_r
                0x0800c074                fputc
 *fill*         0x0800c09c        0x4 00
 .text          0x0800c0a0       0x60 e:/elektronik/toolchain/yagarto/bin/../lib/gcc/arm-none-eabi/4.6.2/../../../../arm-none-eabi/lib/thumb/v7m\libg.a(lib_a-fputs.o)
                0x0800c0a0                _fputs_r
                0x0800c0f0                fputs
 .text          0x0800c100      0x334 e:/elektronik/toolchain/yagarto/bin/../lib/gcc/arm-none-eabi/4.6.2/../../../../arm-none-eabi/lib/thumb/v7m\libg.a(lib_a-fvwrite.o)
                0x0800c100                __sfvwrite_r
 *fill*         0x0800c434        0xc 00
 .text          0x0800c440       0x94 e:/elektronik/toolchain/yagarto/bin/../lib/gcc/arm-none-eabi/4.6.2/../../../../arm-none-eabi/lib/thumb/v7m\libg.a(lib_a-fwrite.o)
                0x0800c440                _fwrite_r
                0x0800c4ac                fwrite
 *fill*         0x0800c4d4        0xc 00
 .text          0x0800c4e0       0x20 e:/elektronik/toolchain/yagarto/bin/../lib/gcc/arm-none-eabi/4.6.2/../../../../arm-none-eabi/lib/thumb/v7m\libg.a(lib_a-malloc.o)
                0x0800c4e0                malloc
                0x0800c4f0                free
 .text          0x0800c500      0x564 e:/elektronik/toolchain/yagarto/bin/../lib/gcc/arm-none-eabi/4.6.2/../../../../arm-none-eabi/lib/thumb/v7m\libg.a(lib_a-mallocr.o)
                0x0800c500                _malloc_r
 *fill*         0x0800ca64        0xc 00
 .text          0x0800ca70       0x88 e:/elektronik/toolchain/yagarto/bin/../lib/gcc/arm-none-eabi/4.6.2/../../../../arm-none-eabi/lib/thumb/v7m\libg.a(lib_a-memchr.o)
                0x0800ca70                memchr
 *fill*         0x0800caf8        0x8 00
 .text          0x0800cb00       0x60 e:/elektronik/toolchain/yagarto/bin/../lib/gcc/arm-none-eabi/4.6.2/../../../../arm-none-eabi/lib/thumb/v7m\libg.a(lib_a-memcmp.o)
                0x0800cb00                memcmp
 .text          0x0800cb60       0x84 e:/elektronik/toolchain/yagarto/bin/../lib/gcc/arm-none-eabi/4.6.2/../../../../arm-none-eabi/lib/thumb/v7m\libg.a(lib_a-memcpy.o)
                0x0800cb60                memcpy
 *fill*         0x0800cbe4        0xc 00
 .text          0x0800cbf0       0xc8 e:/elektronik/toolchain/yagarto/bin/../lib/gcc/arm-none-eabi/4.6.2/../../../../arm-none-eabi/lib/thumb/v7m\libg.a(lib_a-memmove.o)
                0x0800cbf0                memmove
 *fill*         0x0800ccb8        0x8 00
 .text          0x0800ccc0       0x94 e:/elektronik/toolchain/yagarto/bin/../lib/gcc/arm-none-eabi/4.6.2/../../../../arm-none-eabi/lib/thumb/v7m\libg.a(lib_a-memset.o)
                0x0800ccc0                memset
 *fill*         0x0800cd54        0xc 00
 .text          0x0800cd60       0xc8 e:/elektronik/toolchain/yagarto/bin/../lib/gcc/arm-none-eabi/4.6.2/../../../../arm-none-eabi/lib/thumb/v7m\libg.a(lib_a-putc.o)
                0x0800cd60                _putc_r
                0x0800cdc0                putc
 *fill*         0x0800ce28        0x8 00
 .text          0x0800ce30       0x14 e:/elektronik/toolchain/yagarto/bin/../lib/gcc/arm-none-eabi/4.6.2/../../../../arm-none-eabi/lib/thumb/v7m\libg.a(lib_a-realloc.o)
                0x0800ce30                realloc
 *fill*         0x0800ce44        0xc 00
 .text          0x0800ce50      0x410 e:/elektronik/toolchain/yagarto/bin/../lib/gcc/arm-none-eabi/4.6.2/../../../../arm-none-eabi/lib/thumb/v7m\libg.a(lib_a-reallocr.o)
                0x0800ce50                _realloc_r
 .text          0x0800d260      0x158 e:/elektronik/toolchain/yagarto/bin/../lib/gcc/arm-none-eabi/4.6.2/../../../../arm-none-eabi/lib/thumb/v7m\libg.a(lib_a-signal.o)
                0x0800d260                _init_signal_r
                0x0800d294                _signal_r
                0x0800d2d4                _raise_r
                0x0800d32c                __sigtramp_r
                0x0800d37c                raise
                0x0800d38c                signal
                0x0800d39c                _init_signal
                0x0800d3a8                __sigtramp
 *fill*         0x0800d3b8        0x8 00
 .text          0x0800d3c0       0x94 e:/elektronik/toolchain/yagarto/bin/../lib/gcc/arm-none-eabi/4.6.2/../../../../arm-none-eabi/lib/thumb/v7m\libg.a(lib_a-sprintf.o)
                0x0800d3c0                _sprintf_r
                0x0800d404                sprintf
 *fill*         0x0800d454        0xc 00
 .text          0x0800d460       0x50 e:/elektronik/toolchain/yagarto/bin/../lib/gcc/arm-none-eabi/4.6.2/../../../../arm-none-eabi/lib/thumb/v7m\libg.a(lib_a-strcat.o)
                0x0800d460                strcat
 .text          0x0800d4b0      0x1dc e:/elektronik/toolchain/yagarto/bin/../lib/gcc/arm-none-eabi/4.6.2/../../../../arm-none-eabi/lib/thumb/v7m\libg.a(lib_a-strcmp.o)
                0x0800d4b0                strcmp
 *fill*         0x0800d68c        0x4 00
 .text          0x0800d690       0xbc e:/elektronik/toolchain/yagarto/bin/../lib/gcc/arm-none-eabi/4.6.2/../../../../arm-none-eabi/lib/thumb/v7m\libg.a(lib_a-strcpy.o)
                0x0800d690                strcpy
 *fill*         0x0800d74c        0x4 00
 .text          0x0800d750       0x60 e:/elektronik/toolchain/yagarto/bin/../lib/gcc/arm-none-eabi/4.6.2/../../../../arm-none-eabi/lib/thumb/v7m\libg.a(lib_a-strlen.o)
                0x0800d750                strlen
 .text          0x0800d7b0       0xa8 e:/elektronik/toolchain/yagarto/bin/../lib/gcc/arm-none-eabi/4.6.2/../../../../arm-none-eabi/lib/thumb/v7m\libg.a(lib_a-strncmp.o)
                0x0800d7b0                strncmp
 *fill*         0x0800d858        0x8 00
 .text          0x0800d860       0x70 e:/elektronik/toolchain/yagarto/bin/../lib/gcc/arm-none-eabi/4.6.2/../../../../arm-none-eabi/lib/thumb/v7m\libg.a(lib_a-strncpy.o)
                0x0800d860                strncpy
 .text          0x0800d8d0     0x1314 e:/elektronik/toolchain/yagarto/bin/../lib/gcc/arm-none-eabi/4.6.2/../../../../arm-none-eabi/lib/thumb/v7m\libg.a(lib_a-svfprintf.o)
                0x0800d8d0                _svfprintf_r
 *fill*         0x0800ebe4        0xc 00
 .text          0x0800ebf0       0x1c e:/elektronik/toolchain/yagarto/bin/../lib/gcc/arm-none-eabi/4.6.2/../../../../arm-none-eabi/lib/thumb/v7m\libg.a(lib_a-syswrite.o)
                0x0800ebf0                write
 *fill*         0x0800ec0c        0x4 00
 .text          0x0800ec10      0xb54 e:/elektronik/toolchain/yagarto/bin/../lib/gcc/arm-none-eabi/4.6.2/../../../../arm-none-eabi/lib/thumb/v7m\libg.a(lib_a-vfiprintf.o)
                0x0800ec10                __sprint_r
                0x0800ec90                _vfiprintf_r
                0x0800f748                vfiprintf
 *fill*         0x0800f764        0xc 00
 .text          0x0800f770       0xc8 e:/elektronik/toolchain/yagarto/bin/../lib/gcc/arm-none-eabi/4.6.2/../../../../arm-none-eabi/lib/thumb/v7m\libg.a(lib_a-wbuf.o)
                0x0800f770                __swbuf_r
                0x0800f828                __swbuf
 *fill*         0x0800f838        0x8 00
 .text          0x0800f840       0xb8 e:/elektronik/toolchain/yagarto/bin/../lib/gcc/arm-none-eabi/4.6.2/../../../../arm-none-eabi/lib/thumb/v7m\libg.a(lib_a-wsetup.o)
                0x0800f840                __swsetup_r
 *fill*         0x0800f8f8        0x8 00
 .text          0x0800f900       0xb0 e:/elektronik/toolchain/yagarto/bin/../lib/gcc/arm-none-eabi/4.6.2/../../../../arm-none-eabi/lib/thumb/v7m\libg.a(lib_a-__atexit.o)
                0x0800f900                __register_exitproc
 .text          0x0800f9b0     0x1040 e:/elektronik/toolchain/yagarto/bin/../lib/gcc/arm-none-eabi/4.6.2/../../../../arm-none-eabi/lib/thumb/v7m\libg.a(lib_a-dtoa.o)
                0x0800faf4                _dtoa_r
 .text          0x080109f0      0x1a4 e:/elektronik/toolchain/yagarto/bin/../lib/gcc/arm-none-eabi/4.6.2/../../../../arm-none-eabi/lib/thumb/v7m\libg.a(lib_a-fflush.o)
                0x080109f0                _fflush_r
                0x08010b74                fflush
 *fill*         0x08010b94        0xc 00
 .text          0x08010ba0      0x1c4 e:/elektronik/toolchain/yagarto/bin/../lib/gcc/arm-none-eabi/4.6.2/../../../../arm-none-eabi/lib/thumb/v7m\libg.a(lib_a-findfp.o)
                0x08010ba8                _cleanup_r
                0x08010c08                __sfmoreglue
                0x08010c34                _cleanup
                0x08010c40                __sinit
                0x08010c88                __sfp
                0x08010d24                __sfp_lock_acquire
                0x08010d28                __sfp_lock_release
                0x08010d2c                __sinit_lock_acquire
                0x08010d30                __sinit_lock_release
                0x08010d34                __fp_lock_all
                0x08010d4c                __fp_unlock_all
 *fill*         0x08010d64        0xc 00
 .text          0x08010d70      0x104 e:/elektronik/toolchain/yagarto/bin/../lib/gcc/arm-none-eabi/4.6.2/../../../../arm-none-eabi/lib/thumb/v7m\libg.a(lib_a-fputwc.o)
                0x08010d70                _fputwc_r
                0x08010e50                fputwc
 *fill*         0x08010e74        0xc 00
 .text          0x08010e80      0x224 e:/elektronik/toolchain/yagarto/bin/../lib/gcc/arm-none-eabi/4.6.2/../../../../arm-none-eabi/lib/thumb/v7m\libg.a(lib_a-freer.o)
                0x08010e80                _malloc_trim_r
                0x08010f20                _free_r
 *fill*         0x080110a4        0xc 00
 .text          0x080110b0       0xa0 e:/elektronik/toolchain/yagarto/bin/../lib/gcc/arm-none-eabi/4.6.2/../../../../arm-none-eabi/lib/thumb/v7m\libg.a(lib_a-fwalk.o)
                0x080110b0                _fwalk
                0x080110fc                _fwalk_reent
 .text          0x08011150       0x88 e:/elektronik/toolchain/yagarto/bin/../lib/gcc/arm-none-eabi/4.6.2/../../../../arm-none-eabi/lib/thumb/v7m\libg.a(lib_a-locale.o)
                0x08011150                _setlocale_r
                0x08011194                __locale_charset
                0x080111a0                __locale_mb_cur_max
                0x080111ac                __locale_msgcharset
                0x080111b4                __locale_cjk_lang
                0x080111b8                _localeconv_r
                0x080111c0                setlocale
                0x080111d0                localeconv
 *fill*         0x080111d8        0x8 00
 .text          0x080111e0       0xe4 e:/elektronik/toolchain/yagarto/bin/../lib/gcc/arm-none-eabi/4.6.2/../../../../arm-none-eabi/lib/thumb/v7m\libg.a(lib_a-makebuf.o)
                0x080111e0                __smakebuf_r
 *fill*         0x080112c4        0xc 00
 .text          0x080112d0      0x8c8 e:/elektronik/toolchain/yagarto/bin/../lib/gcc/arm-none-eabi/4.6.2/../../../../arm-none-eabi/lib/thumb/v7m\libg.a(lib_a-mprec.o)
                0x080112d0                _Balloc
                0x0801131c                _Bfree
                0x08011330                __multadd
                0x080113b4                __s2b
                0x08011448                __hi0bits
                0x08011484                __lo0bits
                0x080114e0                __i2b
                0x080114f4                __multiply
                0x0801162c                __pow5mult
                0x080116c4                __lshift
                0x08011784                __mcmp
                0x080117c4                __mdiff
                0x080118a8                __ulp
                0x080118ec                __b2d
                0x08011998                __d2b
                0x08011a60                __ratio
                0x08011abc                _mprec_log10
                0x08011af0                __copybits
                0x08011b38                __any_on
 *fill*         0x08011b98        0x8 00
 .text          0x08011ba0       0x90 e:/elektronik/toolchain/yagarto/bin/../lib/gcc/arm-none-eabi/4.6.2/../../../../arm-none-eabi/lib/thumb/v7m\libg.a(lib_a-s_fpclassify.o)
                0x08011ba0                __fpclassifyd
 .text          0x08011c30       0x8c e:/elektronik/toolchain/yagarto/bin/../lib/gcc/arm-none-eabi/4.6.2/../../../../arm-none-eabi/lib/thumb/v7m\libg.a(lib_a-stdio.o)
                0x08011c30                __sread
                0x08011c54                __seofread
                0x08011c58                __swrite
                0x08011c90                __sseek
                0x08011cb4                __sclose
 *fill*         0x08011cbc        0x4 00
 .text          0x08011cc0      0xa00 e:/elektronik/toolchain/yagarto/bin/../lib/gcc/arm-none-eabi/4.6.2/../../../../arm-none-eabi/lib/thumb/v7m\libg.a(lib_a-svfiprintf.o)
                0x08011cc0                __ssprint_r
                0x08011dd8                _svfiprintf_r
 .text          0x080126c0       0xac e:/elektronik/toolchain/yagarto/bin/../lib/gcc/arm-none-eabi/4.6.2/../../../../arm-none-eabi/lib/thumb/v7m\libg.a(lib_a-wcrtomb.o)
                0x080126c0                _wcrtomb_r
                0x0801270c                wcrtomb
 *fill*         0x0801276c        0x4 00
 .text          0x08012770       0x4c e:/elektronik/toolchain/yagarto/bin/../lib/gcc/arm-none-eabi/4.6.2/../../../../arm-none-eabi/lib/thumb/v7m\libg.a(lib_a-wctomb_r.o)
                0x08012770                __ascii_wctomb
                0x0801278c                _wctomb_r
 *fill*         0x080127bc        0x4 00
 .text          0x080127c0       0x60 e:/elektronik/toolchain/yagarto/bin/../lib/gcc/arm-none-eabi/4.6.2/../../../../arm-none-eabi/lib/thumb/v7m\libg.a(lib_a-callocr.o)
                0x080127c0                _calloc_r
 .text          0x08012820       0x9c e:/elektronik/toolchain/yagarto/bin/../lib/gcc/arm-none-eabi/4.6.2/../../../../arm-none-eabi/lib/thumb/v7m\libg.a(lib_a-fclose.o)
                0x08012820                _fclose_r
                0x080128ac                fclose
 *fill*         0x080128bc        0x4 00
 .text          0x080128c0      0x278 e:/elektronik/toolchain/yagarto/bin/../lib/gcc/arm-none-eabi/4.6.2/thumb/v7m\libgcc.a(_udivsi3.o)
                0x080128c0                __aeabi_uidiv
                0x080128c0                __udivsi3
                0x08012b1c                __aeabi_uidivmod
 *fill*         0x08012b38        0x8 00
 .text          0x08012b40        0x4 e:/elektronik/toolchain/yagarto/bin/../lib/gcc/arm-none-eabi/4.6.2/thumb/v7m\libgcc.a(_dvmd_tls.o)
                0x08012b40                __aeabi_idiv0
                0x08012b40                __aeabi_ldiv0
 *fill*         0x08012b44        0xc 00
 .text          0x08012b50      0x370 e:/elektronik/toolchain/yagarto/bin/../lib/gcc/arm-none-eabi/4.6.2/thumb/v7m\libgcc.a(_arm_addsubdf3.o)
                0x08012b50                __aeabi_drsub
                0x08012b58                __aeabi_dsub
                0x08012b58                __subdf3
                0x08012b5c                __aeabi_dadd
                0x08012b5c                __adddf3
                0x08012dd4                __floatunsidf
                0x08012dd4                __aeabi_ui2d
                0x08012df4                __floatsidf
                0x08012df4                __aeabi_i2d
                0x08012e18                __aeabi_f2d
                0x08012e18                __extendsfdf2
                0x08012e54                __floatundidf
                0x08012e54                __aeabi_ul2d
                0x08012e64                __floatdidf
                0x08012e64                __aeabi_l2d
 .text          0x08012ec0      0x424 e:/elektronik/toolchain/yagarto/bin/../lib/gcc/arm-none-eabi/4.6.2/thumb/v7m\libgcc.a(_arm_muldivdf3.o)
                0x08012ec0                __aeabi_dmul
                0x08012ec0                __muldf3
                0x08013114                __divdf3
                0x08013114                __aeabi_ddiv
 *fill*         0x080132e4        0xc 00
 .text          0x080132f0      0x110 e:/elektronik/toolchain/yagarto/bin/../lib/gcc/arm-none-eabi/4.6.2/thumb/v7m\libgcc.a(_arm_cmpdf2.o)
                0x080132f0                __gtdf2
                0x080132f0                __gedf2
                0x080132f8                __ltdf2
                0x080132f8                __ledf2
                0x08013300                __nedf2
                0x08013300                __eqdf2
                0x08013300                __cmpdf2
                0x0801337c                __aeabi_cdrcmple
                0x0801338c                __aeabi_cdcmpeq
                0x0801338c                __aeabi_cdcmple
                0x0801339c                __aeabi_dcmpeq
                0x080133b0                __aeabi_dcmplt
                0x080133c4                __aeabi_dcmple
                0x080133d8                __aeabi_dcmpge
                0x080133ec                __aeabi_dcmpgt
 .text          0x08013400       0x50 e:/elektronik/toolchain/yagarto/bin/../lib/gcc/arm-none-eabi/4.6.2/thumb/v7m\libgcc.a(_arm_fixdfsi.o)
                0x08013400                __aeabi_d2iz
                0x08013400                __fixdfsi
 *(.text.*)
 .text._ZNK5CTask7IsValidEv
                0x08013450       0x24 ./Menue/CMenue.o
                0x08013450                CTask::IsValid() const
 *fill*         0x08013474        0xc 00
 .text._ZN5CTask6DetachEv
                0x08013480       0x24 ./Menue/CMenue.o
                0x08013480                CTask::Detach()
 *fill*         0x080134a4        0xc 00
 .text._ZN12AManagedTask8OnCreateEPKctm
                0x080134b0       0x20 ./Menue/CMenue.o
                0x080134b0                AManagedTask::OnCreate(char const*, unsigned short, unsigned long)
 .text._ZN5CTask13EnterCriticalEv
                0x080134d0        0xc ./FreeRTOS_EC/Source/AManagedTask.o
                0x080134d0                CTask::EnterCritical()
 *fill*         0x080134dc        0x4 00
 .text._ZN5CTask12ExitCriticalEv
                0x080134e0        0xc ./FreeRTOS_EC/Source/AManagedTask.o
                0x080134e0                CTask::ExitCritical()
 *fill*         0x080134ec        0x4 00
 .text._ZN12AManagedTask12HardwareInitEv
                0x080134f0       0x18 ./FreeRTOS_EC/Source/AManagedTask.o
                0x080134f0                AManagedTask::HardwareInit()
 *fill*         0x08013508        0x8 00
 .text._ZN9CFreeRTOS15SuspendAllTasksEv
                0x08013510        0xc ./FreeRTOS_EC/Source/AManagedTask.o
                0x08013510                CFreeRTOS::SuspendAllTasks()
 *fill*         0x0801351c        0x4 00
 .text._ZN9CFreeRTOS14ResumeAllTasksEv
                0x08013520       0x10 ./FreeRTOS_EC/Source/AManagedTask.o
                0x08013520                CFreeRTOS::ResumeAllTasks()
 .text._ZN12IFreeRTOSObjC2Ev
                0x08013530       0x20 ./FreeRTOS_EC/Source/ASyncObject.o
                0x08013530                IFreeRTOSObj::IFreeRTOSObj()
                0x08013530                IFreeRTOSObj::IFreeRTOSObj()
 .text._ZN9CFreeRTOS14StartSchedulerEv
                0x08013550        0xc ./main.o
                0x08013550                CFreeRTOS::StartScheduler()
 *fill*         0x0801355c        0x4 00
 .text._ZN11CGraphicLCDC2ERKS_
                0x08013560       0x2c ./main.o
                0x08013560                CGraphicLCD::CGraphicLCD(CGraphicLCD const&)
                0x08013560                CGraphicLCD::CGraphicLCD(CGraphicLCD const&)
 *fill*         0x0801358c        0x4 00
 .text.__aeabi_atexit
                0x08013590        0xc e:/elektronik/toolchain/yagarto/bin/../lib/gcc/arm-none-eabi/4.6.2/../../../../arm-none-eabi/lib/thumb/v7m\libstdc++.a(atexit_arm.o)
                0x08013590                __aeabi_atexit
 *fill*         0x0801359c        0x4 00
 .text._ZdlPv   0x080135a0        0x8 e:/elektronik/toolchain/yagarto/bin/../lib/gcc/arm-none-eabi/4.6.2/../../../../arm-none-eabi/lib/thumb/v7m\libstdc++.a(del_op.o)
                0x080135a0                operator delete(void*)
 *fill*         0x080135a8        0x8 00
 .text.__cxa_pure_virtual
                0x080135b0       0x18 e:/elektronik/toolchain/yagarto/bin/../lib/gcc/arm-none-eabi/4.6.2/../../../../arm-none-eabi/lib/thumb/v7m\libstdc++.a(pure.o)
                0x080135b0                __cxa_pure_virtual
 *fill*         0x080135c8        0x8 00
 .text._ZN10__cxxabiv111__terminateEPFvvE
                0x080135d0       0x28 e:/elektronik/toolchain/yagarto/bin/../lib/gcc/arm-none-eabi/4.6.2/../../../../arm-none-eabi/lib/thumb/v7m\libstdc++.a(eh_terminate.o)
                0x080135d0                __cxxabiv1::__terminate(void (*)())
 *fill*         0x080135f8        0x8 00
 .text._ZSt9terminatev
                0x08013600       0x10 e:/elektronik/toolchain/yagarto/bin/../lib/gcc/arm-none-eabi/4.6.2/../../../../arm-none-eabi/lib/thumb/v7m\libstdc++.a(eh_terminate.o)
                0x08013600                std::terminate()
 .text._ZN10__cxxabiv112__unexpectedEPFvvE
                0x08013610        0x8 e:/elektronik/toolchain/yagarto/bin/../lib/gcc/arm-none-eabi/4.6.2/../../../../arm-none-eabi/lib/thumb/v7m\libstdc++.a(eh_terminate.o)
                0x08013610                __cxxabiv1::__unexpected(void (*)())
 *fill*         0x08013618        0x8 00
 .text._ZSt10unexpectedv
                0x08013620       0x14 e:/elektronik/toolchain/yagarto/bin/../lib/gcc/arm-none-eabi/4.6.2/../../../../arm-none-eabi/lib/thumb/v7m\libstdc++.a(eh_terminate.o)
                0x08013620                std::unexpected()
 *fill*         0x08013634        0xc 00
 .text._ZN9__gnu_cxx27__verbose_terminate_handlerEv
                0x08013640      0x118 e:/elektronik/toolchain/yagarto/bin/../lib/gcc/arm-none-eabi/4.6.2/../../../../arm-none-eabi/lib/thumb/v7m\libstdc++.a(vterminate.o)
                0x08013640                __gnu_cxx::__verbose_terminate_handler()
 *fill*         0x08013758        0x8 00
 .text.__cxa_end_cleanup
                0x08013760        0xc e:/elektronik/toolchain/yagarto/bin/../lib/gcc/arm-none-eabi/4.6.2/../../../../arm-none-eabi/lib/thumb/v7m\libstdc++.a(eh_arm.o)
                0x08013760                __cxa_end_cleanup
 *fill*         0x0801376c        0x4 00
 .text.__cxa_type_match
                0x08013770       0xe4 e:/elektronik/toolchain/yagarto/bin/../lib/gcc/arm-none-eabi/4.6.2/../../../../arm-none-eabi/lib/thumb/v7m\libstdc++.a(eh_arm.o)
                0x08013770                __cxa_type_match
 *fill*         0x08013854        0xc 00
 .text.__cxa_begin_cleanup
                0x08013860       0x68 e:/elektronik/toolchain/yagarto/bin/../lib/gcc/arm-none-eabi/4.6.2/../../../../arm-none-eabi/lib/thumb/v7m\libstdc++.a(eh_arm.o)
                0x08013860                __cxa_begin_cleanup
 *fill*         0x080138c8        0x8 00
 .text.__gnu_end_cleanup
                0x080138d0       0x74 e:/elektronik/toolchain/yagarto/bin/../lib/gcc/arm-none-eabi/4.6.2/../../../../arm-none-eabi/lib/thumb/v7m\libstdc++.a(eh_arm.o)
                0x080138d0                __gnu_end_cleanup
 *fill*         0x08013944        0xc 00
 .text.__cxa_bad_typeid
                0x08013950       0x24 e:/elektronik/toolchain/yagarto/bin/../lib/gcc/arm-none-eabi/4.6.2/../../../../arm-none-eabi/lib/thumb/v7m\libstdc++.a(eh_aux_runtime.o)
                0x08013950                __cxa_bad_typeid
 *fill*         0x08013974        0xc 00
 .text.__cxa_call_terminate
                0x08013980       0x48 e:/elektronik/toolchain/yagarto/bin/../lib/gcc/arm-none-eabi/4.6.2/../../../../arm-none-eabi/lib/thumb/v7m\libstdc++.a(eh_call.o)
                0x08013980                __cxa_call_terminate
 *fill*         0x080139c8        0x8 00
 .text.__cxa_call_unexpected
                0x080139d0      0x11c e:/elektronik/toolchain/yagarto/bin/../lib/gcc/arm-none-eabi/4.6.2/../../../../arm-none-eabi/lib/thumb/v7m\libstdc++.a(eh_call.o)
                0x080139d0                __cxa_call_unexpected
 *fill*         0x08013aec        0x4 00
 .text.__cxa_begin_catch
                0x08013af0       0x88 e:/elektronik/toolchain/yagarto/bin/../lib/gcc/arm-none-eabi/4.6.2/../../../../arm-none-eabi/lib/thumb/v7m\libstdc++.a(eh_catch.o)
                0x08013af0                __cxa_begin_catch
 *fill*         0x08013b78        0x8 00
 .text.__cxa_end_catch
                0x08013b80       0x90 e:/elektronik/toolchain/yagarto/bin/../lib/gcc/arm-none-eabi/4.6.2/../../../../arm-none-eabi/lib/thumb/v7m\libstdc++.a(eh_catch.o)
                0x08013b80                __cxa_end_catch
 .text._ZNSt9exceptionD2Ev
                0x08013c10        0xc e:/elektronik/toolchain/yagarto/bin/../lib/gcc/arm-none-eabi/4.6.2/../../../../arm-none-eabi/lib/thumb/v7m\libstdc++.a(eh_exception.o)
                0x08013c10                std::exception::~exception()
                0x08013c10                std::exception::~exception()
 *fill*         0x08013c1c        0x4 00
 .text._ZNSt13bad_exceptionD2Ev
                0x08013c20        0xc e:/elektronik/toolchain/yagarto/bin/../lib/gcc/arm-none-eabi/4.6.2/../../../../arm-none-eabi/lib/thumb/v7m\libstdc++.a(eh_exception.o)
                0x08013c20                std::bad_exception::~bad_exception()
                0x08013c20                std::bad_exception::~bad_exception()
 *fill*         0x08013c2c        0x4 00
 .text._ZNKSt9exception4whatEv
                0x08013c30        0xc e:/elektronik/toolchain/yagarto/bin/../lib/gcc/arm-none-eabi/4.6.2/../../../../arm-none-eabi/lib/thumb/v7m\libstdc++.a(eh_exception.o)
                0x08013c30                std::exception::what() const
 *fill*         0x08013c3c        0x4 00
 .text._ZNKSt13bad_exception4whatEv
                0x08013c40        0xc e:/elektronik/toolchain/yagarto/bin/../lib/gcc/arm-none-eabi/4.6.2/../../../../arm-none-eabi/lib/thumb/v7m\libstdc++.a(eh_exception.o)
                0x08013c40                std::bad_exception::what() const
 *fill*         0x08013c4c        0x4 00
 .text._ZNSt13bad_exceptionD0Ev
                0x08013c50       0x14 e:/elektronik/toolchain/yagarto/bin/../lib/gcc/arm-none-eabi/4.6.2/../../../../arm-none-eabi/lib/thumb/v7m\libstdc++.a(eh_exception.o)
                0x08013c50                std::bad_exception::~bad_exception()
 *fill*         0x08013c64        0xc 00
 .text._ZNSt9exceptionD0Ev
                0x08013c70       0x14 e:/elektronik/toolchain/yagarto/bin/../lib/gcc/arm-none-eabi/4.6.2/../../../../arm-none-eabi/lib/thumb/v7m\libstdc++.a(eh_exception.o)
                0x08013c70                std::exception::~exception()
 *fill*         0x08013c84        0xc 00
 .text.__cxa_get_globals_fast
                0x08013c90        0xc e:/elektronik/toolchain/yagarto/bin/../lib/gcc/arm-none-eabi/4.6.2/../../../../arm-none-eabi/lib/thumb/v7m\libstdc++.a(eh_globals.o)
                0x08013c90                __cxa_get_globals_fast
 *fill*         0x08013c9c        0x4 00
 .text.__cxa_get_globals
                0x08013ca0        0xc e:/elektronik/toolchain/yagarto/bin/../lib/gcc/arm-none-eabi/4.6.2/../../../../arm-none-eabi/lib/thumb/v7m\libstdc++.a(eh_globals.o)
                0x08013ca0                __cxa_get_globals
 *fill*         0x08013cac        0x4 00
 .text._ZL12read_sleb128PKhPl
                0x08013cb0       0x3c e:/elektronik/toolchain/yagarto/bin/../lib/gcc/arm-none-eabi/4.6.2/../../../../arm-none-eabi/lib/thumb/v7m\libstdc++.a(eh_personality.o)
 *fill*         0x08013cec        0x4 00
 .text._ZL28read_encoded_value_with_basehjPKhPj
                0x08013cf0       0xc0 e:/elektronik/toolchain/yagarto/bin/../lib/gcc/arm-none-eabi/4.6.2/../../../../arm-none-eabi/lib/thumb/v7m\libstdc++.a(eh_personality.o)
 .text._ZL21base_of_encoded_valuehP15_Unwind_Context
                0x08013db0       0x4c e:/elektronik/toolchain/yagarto/bin/../lib/gcc/arm-none-eabi/4.6.2/../../../../arm-none-eabi/lib/thumb/v7m\libstdc++.a(eh_personality.o)
 *fill*         0x08013dfc        0x4 00
 .text._ZL17parse_lsda_headerP15_Unwind_ContextPKhP16lsda_header_info.constprop.1
                0x08013e00       0x8c e:/elektronik/toolchain/yagarto/bin/../lib/gcc/arm-none-eabi/4.6.2/../../../../arm-none-eabi/lib/thumb/v7m\libstdc++.a(eh_personality.o)
 *fill*         0x08013e8c        0x4 00
 .text.__gxx_personality_v0
                0x08013e90      0x3a8 e:/elektronik/toolchain/yagarto/bin/../lib/gcc/arm-none-eabi/4.6.2/../../../../arm-none-eabi/lib/thumb/v7m\libstdc++.a(eh_personality.o)
                0x08013e90                __gxx_personality_v0
 *fill*         0x08014238        0x8 00
 .text._ZL23__gxx_exception_cleanup19_Unwind_Reason_CodeP21_Unwind_Control_Block
                0x08014240       0x4c e:/elektronik/toolchain/yagarto/bin/../lib/gcc/arm-none-eabi/4.6.2/../../../../arm-none-eabi/lib/thumb/v7m\libstdc++.a(eh_throw.o)
 *fill*         0x0801428c        0x4 00
 .text.__cxa_throw
                0x08014290       0x78 e:/elektronik/toolchain/yagarto/bin/../lib/gcc/arm-none-eabi/4.6.2/../../../../arm-none-eabi/lib/thumb/v7m\libstdc++.a(eh_throw.o)
                0x08014290                __cxa_throw
 *fill*         0x08014308        0x8 00
 .text.__cxa_rethrow
                0x08014310       0x70 e:/elektronik/toolchain/yagarto/bin/../lib/gcc/arm-none-eabi/4.6.2/../../../../arm-none-eabi/lib/thumb/v7m\libstdc++.a(eh_throw.o)
                0x08014310                __cxa_rethrow
 .text.__cxa_current_exception_type
                0x08014380       0x1c e:/elektronik/toolchain/yagarto/bin/../lib/gcc/arm-none-eabi/4.6.2/../../../../arm-none-eabi/lib/thumb/v7m\libstdc++.a(eh_type.o)
                0x08014380                __cxa_current_exception_type
 *fill*         0x0801439c        0x4 00
 .text._ZN10__cxxabiv123__fundamental_type_infoD2Ev
                0x080143a0       0x14 e:/elektronik/toolchain/yagarto/bin/../lib/gcc/arm-none-eabi/4.6.2/../../../../arm-none-eabi/lib/thumb/v7m\libstdc++.a(fundamental_type_info.o)
                0x080143a0                __cxxabiv1::__fundamental_type_info::~__fundamental_type_info()
                0x080143a0                __cxxabiv1::__fundamental_type_info::~__fundamental_type_info()
 *fill*         0x080143b4        0xc 00
 .text._ZN10__cxxabiv123__fundamental_type_infoD0Ev
                0x080143c0       0x1c e:/elektronik/toolchain/yagarto/bin/../lib/gcc/arm-none-eabi/4.6.2/../../../../arm-none-eabi/lib/thumb/v7m\libstdc++.a(fundamental_type_info.o)
                0x080143c0                __cxxabiv1::__fundamental_type_info::~__fundamental_type_info()
 *fill*         0x080143dc        0x4 00
 .text._ZNK10__cxxabiv119__pointer_type_info14__is_pointer_pEv
                0x080143e0        0x4 e:/elektronik/toolchain/yagarto/bin/../lib/gcc/arm-none-eabi/4.6.2/../../../../arm-none-eabi/lib/thumb/v7m\libstdc++.a(pointer_type_info.o)
                0x080143e0                __cxxabiv1::__pointer_type_info::__is_pointer_p() const
 *fill*         0x080143e4        0xc 00
 .text._ZN10__cxxabiv119__pointer_type_infoD2Ev
                0x080143f0       0x14 e:/elektronik/toolchain/yagarto/bin/../lib/gcc/arm-none-eabi/4.6.2/../../../../arm-none-eabi/lib/thumb/v7m\libstdc++.a(pointer_type_info.o)
                0x080143f0                __cxxabiv1::__pointer_type_info::~__pointer_type_info()
                0x080143f0                __cxxabiv1::__pointer_type_info::~__pointer_type_info()
 *fill*         0x08014404        0xc 00
 .text._ZN10__cxxabiv119__pointer_type_infoD0Ev
                0x08014410       0x1c e:/elektronik/toolchain/yagarto/bin/../lib/gcc/arm-none-eabi/4.6.2/../../../../arm-none-eabi/lib/thumb/v7m\libstdc++.a(pointer_type_info.o)
                0x08014410                __cxxabiv1::__pointer_type_info::~__pointer_type_info()
 *fill*         0x0801442c        0x4 00
 .text._ZNK10__cxxabiv119__pointer_type_info15__pointer_catchEPKNS_17__pbase_type_infoEPPvj
                0x08014430       0x48 e:/elektronik/toolchain/yagarto/bin/../lib/gcc/arm-none-eabi/4.6.2/../../../../arm-none-eabi/lib/thumb/v7m\libstdc++.a(pointer_type_info.o)
                0x08014430                __cxxabiv1::__pointer_type_info::__pointer_catch(__cxxabiv1::__pbase_type_info const*, void**, unsigned int) const
 *fill*         0x08014478        0x8 00
 .text._ZN10__cxxabiv120__si_class_type_infoD2Ev
                0x08014480       0x14 e:/elektronik/toolchain/yagarto/bin/../lib/gcc/arm-none-eabi/4.6.2/../../../../arm-none-eabi/lib/thumb/v7m\libstdc++.a(si_class_type_info.o)
                0x08014480                __cxxabiv1::__si_class_type_info::~__si_class_type_info()
                0x08014480                __cxxabiv1::__si_class_type_info::~__si_class_type_info()
 *fill*         0x08014494        0xc 00
 .text._ZN10__cxxabiv120__si_class_type_infoD0Ev
                0x080144a0       0x1c e:/elektronik/toolchain/yagarto/bin/../lib/gcc/arm-none-eabi/4.6.2/../../../../arm-none-eabi/lib/thumb/v7m\libstdc++.a(si_class_type_info.o)
                0x080144a0                __cxxabiv1::__si_class_type_info::~__si_class_type_info()
 *fill*         0x080144bc        0x4 00
 .text._ZNK10__cxxabiv120__si_class_type_info11__do_upcastEPKNS_17__class_type_infoEPKvRNS1_15__upcast_resultE
                0x080144c0       0x28 e:/elektronik/toolchain/yagarto/bin/../lib/gcc/arm-none-eabi/4.6.2/../../../../arm-none-eabi/lib/thumb/v7m\libstdc++.a(si_class_type_info.o)
                0x080144c0                __cxxabiv1::__si_class_type_info::__do_upcast(__cxxabiv1::__class_type_info const*, void const*, __cxxabiv1::__class_type_info::__upcast_result&) const
 *fill*         0x080144e8        0x8 00
 .text._ZNK10__cxxabiv120__si_class_type_info12__do_dyncastEiNS_17__class_type_info10__sub_kindEPKS1_PKvS4_S6_RNS1_16__dyncast_resultE
                0x080144f0       0x88 e:/elektronik/toolchain/yagarto/bin/../lib/gcc/arm-none-eabi/4.6.2/../../../../arm-none-eabi/lib/thumb/v7m\libstdc++.a(si_class_type_info.o)
                0x080144f0                __cxxabiv1::__si_class_type_info::__do_dyncast(int, __cxxabiv1::__class_type_info::__sub_kind, __cxxabiv1::__class_type_info const*, void const*, __cxxabiv1::__class_type_info const*, void const*, __cxxabiv1::__class_type_info::__dyncast_result&) const
 *fill*         0x08014578        0x8 00
 .text._ZNK10__cxxabiv120__si_class_type_info20__do_find_public_srcEiPKvPKNS_17__class_type_infoES2_
                0x08014580       0x38 e:/elektronik/toolchain/yagarto/bin/../lib/gcc/arm-none-eabi/4.6.2/../../../../arm-none-eabi/lib/thumb/v7m\libstdc++.a(si_class_type_info.o)
                0x08014580                __cxxabiv1::__si_class_type_info::__do_find_public_src(int, void const*, __cxxabiv1::__class_type_info const*, void const*) const
 *fill*         0x080145b8        0x8 00
 .text._ZNSt9type_infoD2Ev
                0x080145c0        0xc e:/elektronik/toolchain/yagarto/bin/../lib/gcc/arm-none-eabi/4.6.2/../../../../arm-none-eabi/lib/thumb/v7m\libstdc++.a(tinfo.o)
                0x080145c0                std::type_info::~type_info()
                0x080145c0                std::type_info::~type_info()
 *fill*         0x080145cc        0x4 00
 .text._ZNKSt9type_info14__is_pointer_pEv
                0x080145d0        0x4 e:/elektronik/toolchain/yagarto/bin/../lib/gcc/arm-none-eabi/4.6.2/../../../../arm-none-eabi/lib/thumb/v7m\libstdc++.a(tinfo.o)
                0x080145d0                std::type_info::__is_pointer_p() const
 *fill*         0x080145d4        0xc 00
 .text._ZNKSt9type_info15__is_function_pEv
                0x080145e0        0x4 e:/elektronik/toolchain/yagarto/bin/../lib/gcc/arm-none-eabi/4.6.2/../../../../arm-none-eabi/lib/thumb/v7m\libstdc++.a(tinfo.o)
                0x080145e0                std::type_info::__is_function_p() const
 *fill*         0x080145e4        0xc 00
 .text._ZNKSt9type_info11__do_upcastEPKN10__cxxabiv117__class_type_infoEPPv
                0x080145f0        0x4 e:/elektronik/toolchain/yagarto/bin/../lib/gcc/arm-none-eabi/4.6.2/../../../../arm-none-eabi/lib/thumb/v7m\libstdc++.a(tinfo.o)
                0x080145f0                std::type_info::__do_upcast(__cxxabiv1::__class_type_info const*, void**) const
 *fill*         0x080145f4        0xc 00
 .text._ZNSt9type_infoD0Ev
                0x08014600       0x14 e:/elektronik/toolchain/yagarto/bin/../lib/gcc/arm-none-eabi/4.6.2/../../../../arm-none-eabi/lib/thumb/v7m\libstdc++.a(tinfo.o)
                0x08014600                std::type_info::~type_info()
 *fill*         0x08014614        0xc 00
 .text._ZNKSt9type_infoeqERKS_
                0x08014620       0x38 e:/elektronik/toolchain/yagarto/bin/../lib/gcc/arm-none-eabi/4.6.2/../../../../arm-none-eabi/lib/thumb/v7m\libstdc++.a(tinfo.o)
                0x08014620                std::type_info::operator==(std::type_info const&) const
 *fill*         0x08014658        0x8 00
 .text._ZNKSt9type_info10__do_catchEPKS_PPvj
                0x08014660        0x4 e:/elektronik/toolchain/yagarto/bin/../lib/gcc/arm-none-eabi/4.6.2/../../../../arm-none-eabi/lib/thumb/v7m\libstdc++.a(tinfo.o)
                0x08014660                std::type_info::__do_catch(std::type_info const*, void**, unsigned int) const
 *fill*         0x08014664        0xc 00
 .text._ZNKSt10bad_typeid4whatEv
                0x08014670        0xc e:/elektronik/toolchain/yagarto/bin/../lib/gcc/arm-none-eabi/4.6.2/../../../../arm-none-eabi/lib/thumb/v7m\libstdc++.a(bad_typeid.o)
                0x08014670                std::bad_typeid::what() const
 *fill*         0x0801467c        0x4 00
 .text._ZNSt10bad_typeidD2Ev
                0x08014680       0x14 e:/elektronik/toolchain/yagarto/bin/../lib/gcc/arm-none-eabi/4.6.2/../../../../arm-none-eabi/lib/thumb/v7m\libstdc++.a(bad_typeid.o)
                0x08014680                std::bad_typeid::~bad_typeid()
                0x08014680                std::bad_typeid::~bad_typeid()
 *fill*         0x08014694        0xc 00
 .text._ZNSt10bad_typeidD0Ev
                0x080146a0       0x1c e:/elektronik/toolchain/yagarto/bin/../lib/gcc/arm-none-eabi/4.6.2/../../../../arm-none-eabi/lib/thumb/v7m\libstdc++.a(bad_typeid.o)
                0x080146a0                std::bad_typeid::~bad_typeid()
 *fill*         0x080146bc        0x4 00
 .text._ZNK10__cxxabiv117__class_type_info11__do_upcastEPKS0_PPv
                0x080146c0       0x38 e:/elektronik/toolchain/yagarto/bin/../lib/gcc/arm-none-eabi/4.6.2/../../../../arm-none-eabi/lib/thumb/v7m\libstdc++.a(class_type_info.o)
                0x080146c0                __cxxabiv1::__class_type_info::__do_upcast(__cxxabiv1::__class_type_info const*, void**) const
 *fill*         0x080146f8        0x8 00
 .text._ZNK10__cxxabiv117__class_type_info20__do_find_public_srcEiPKvPKS0_S2_
                0x08014700        0xc e:/elektronik/toolchain/yagarto/bin/../lib/gcc/arm-none-eabi/4.6.2/../../../../arm-none-eabi/lib/thumb/v7m\libstdc++.a(class_type_info.o)
                0x08014700                __cxxabiv1::__class_type_info::__do_find_public_src(int, void const*, __cxxabiv1::__class_type_info const*, void const*) const
 *fill*         0x0801470c        0x4 00
 .text._ZNK10__cxxabiv117__class_type_info11__do_upcastEPKS0_PKvRNS0_15__upcast_resultE
                0x08014710       0x1c e:/elektronik/toolchain/yagarto/bin/../lib/gcc/arm-none-eabi/4.6.2/../../../../arm-none-eabi/lib/thumb/v7m\libstdc++.a(class_type_info.o)
                0x08014710                __cxxabiv1::__class_type_info::__do_upcast(__cxxabiv1::__class_type_info const*, void const*, __cxxabiv1::__class_type_info::__upcast_result&) const
 *fill*         0x0801472c        0x4 00
 .text._ZN10__cxxabiv117__class_type_infoD2Ev
                0x08014730       0x14 e:/elektronik/toolchain/yagarto/bin/../lib/gcc/arm-none-eabi/4.6.2/../../../../arm-none-eabi/lib/thumb/v7m\libstdc++.a(class_type_info.o)
                0x08014730                __cxxabiv1::__class_type_info::~__class_type_info()
                0x08014730                __cxxabiv1::__class_type_info::~__class_type_info()
 *fill*         0x08014744        0xc 00
 .text._ZN10__cxxabiv117__class_type_infoD0Ev
                0x08014750       0x1c e:/elektronik/toolchain/yagarto/bin/../lib/gcc/arm-none-eabi/4.6.2/../../../../arm-none-eabi/lib/thumb/v7m\libstdc++.a(class_type_info.o)
                0x08014750                __cxxabiv1::__class_type_info::~__class_type_info()
 *fill*         0x0801476c        0x4 00
 .text._ZNK10__cxxabiv117__class_type_info12__do_dyncastEiNS0_10__sub_kindEPKS0_PKvS3_S5_RNS0_16__dyncast_resultE
                0x08014770       0x3c e:/elektronik/toolchain/yagarto/bin/../lib/gcc/arm-none-eabi/4.6.2/../../../../arm-none-eabi/lib/thumb/v7m\libstdc++.a(class_type_info.o)
                0x08014770                __cxxabiv1::__class_type_info::__do_dyncast(int, __cxxabiv1::__class_type_info::__sub_kind, __cxxabiv1::__class_type_info const*, void const*, __cxxabiv1::__class_type_info const*, void const*, __cxxabiv1::__class_type_info::__dyncast_result&) const
 *fill*         0x080147ac        0x4 00
 .text._ZNK10__cxxabiv117__class_type_info10__do_catchEPKSt9type_infoPPvj
                0x080147b0       0x28 e:/elektronik/toolchain/yagarto/bin/../lib/gcc/arm-none-eabi/4.6.2/../../../../arm-none-eabi/lib/thumb/v7m\libstdc++.a(class_type_info.o)
                0x080147b0                __cxxabiv1::__class_type_info::__do_catch(std::type_info const*, void**, unsigned int) const
 *fill*         0x080147d8        0x8 00
 .text.__cxa_allocate_exception
                0x080147e0       0x64 e:/elektronik/toolchain/yagarto/bin/../lib/gcc/arm-none-eabi/4.6.2/../../../../arm-none-eabi/lib/thumb/v7m\libstdc++.a(eh_alloc.o)
                0x080147e0                __cxa_allocate_exception
 *fill*         0x08014844        0xc 00
 .text.__cxa_free_exception
                0x08014850       0x34 e:/elektronik/toolchain/yagarto/bin/../lib/gcc/arm-none-eabi/4.6.2/../../../../arm-none-eabi/lib/thumb/v7m\libstdc++.a(eh_alloc.o)
                0x08014850                __cxa_free_exception
 *fill*         0x08014884        0xc 00
 .text._ZNK10__cxxabiv117__pbase_type_info15__pointer_catchEPKS0_PPvj
                0x08014890       0x14 e:/elektronik/toolchain/yagarto/bin/../lib/gcc/arm-none-eabi/4.6.2/../../../../arm-none-eabi/lib/thumb/v7m\libstdc++.a(pbase_type_info.o)
                0x08014890                __cxxabiv1::__pbase_type_info::__pointer_catch(__cxxabiv1::__pbase_type_info const*, void**, unsigned int) const
 *fill*         0x080148a4        0xc 00
 .text._ZN10__cxxabiv117__pbase_type_infoD2Ev
                0x080148b0       0x14 e:/elektronik/toolchain/yagarto/bin/../lib/gcc/arm-none-eabi/4.6.2/../../../../arm-none-eabi/lib/thumb/v7m\libstdc++.a(pbase_type_info.o)
                0x080148b0                __cxxabiv1::__pbase_type_info::~__pbase_type_info()
                0x080148b0                __cxxabiv1::__pbase_type_info::~__pbase_type_info()
 *fill*         0x080148c4        0xc 00
 .text._ZN10__cxxabiv117__pbase_type_infoD0Ev
                0x080148d0       0x1c e:/elektronik/toolchain/yagarto/bin/../lib/gcc/arm-none-eabi/4.6.2/../../../../arm-none-eabi/lib/thumb/v7m\libstdc++.a(pbase_type_info.o)
                0x080148d0                __cxxabiv1::__pbase_type_info::~__pbase_type_info()
 *fill*         0x080148ec        0x4 00
 .text._ZNK10__cxxabiv117__pbase_type_info10__do_catchEPKSt9type_infoPPvj
                0x080148f0       0x6c e:/elektronik/toolchain/yagarto/bin/../lib/gcc/arm-none-eabi/4.6.2/../../../../arm-none-eabi/lib/thumb/v7m\libstdc++.a(pbase_type_info.o)
                0x080148f0                __cxxabiv1::__pbase_type_info::__do_catch(std::type_info const*, void**, unsigned int) const
 *(.rodata)
 *fill*         0x0801495c        0x4 00
 .rodata        0x08014960       0x30 ./STM32F4-Discovery/stm32f4_discovery.o
                0x08014960                GPIO_PIN
                0x08014968                GPIO_CLK
                0x08014978                BUTTON_PIN
                0x0801497c                BUTTON_CLK
                0x08014980                BUTTON_EXTI_LINE
                0x08014984                BUTTON_PORT_SOURCE
                0x08014988                BUTTON_PIN_SOURCE
                0x0801498c                BUTTON_IRQn
 .rodata        0x08014990       0x28 ./Menue/CMenue.o
                0x08014990                vtable for CMenue
 *fill*         0x080149b8        0x8 00
 .rodata        0x080149c0       0x68 ./GraphicLCD/CT6963GPIOInterface.o
                0x080149c0                vtable for CT6963_GPIO_Interface
 *fill*         0x08014a28        0x8 00
 .rodata        0x08014a30       0x28 ./FreeRTOS_EC/Source/AManagedTask.o
                0x08014a30                vtable for AManagedTask
 *fill*         0x08014a58        0x8 00
 .rodata        0x08014a60       0x78 ./FreeRTOS_EC/Source/CTask.o
                0x08014a90                vtable for CTask
 *fill*         0x08014ad8        0x8 00
 .rodata        0x08014ae0       0x74 ./FreeRTOS/Source/tasks.o
 *fill*         0x08014b54        0xc 00
 .rodata        0x08014b60       0x28 ./CLedHeartBeatSTM32F4Disc.o
                0x08014b60                vtable for CLedHeartBeatSTM32F4Disc
 *fill*         0x08014b88        0x8 00
 .rodata        0x08014b90       0x30 ./main.o
 .rodata        0x08014bc0      0xdd8 e:/elektronik/toolchain/yagarto/bin/../lib/gcc/arm-none-eabi/4.6.2/../../../../arm-none-eabi/lib/thumb/v7m\libstdc++.a(cp-demangle.o)
 *fill*         0x08015998        0x8 00
 .rodata        0x080159a0        0x4 e:/elektronik/toolchain/yagarto/bin/../lib/gcc/arm-none-eabi/4.6.2/../../../../arm-none-eabi/lib/thumb/v7m\libg.a(lib_a-impure.o)
                0x080159a0                _global_impure_ptr
 *fill*         0x080159a4        0xc 00
 .rodata        0x080159b0       0x20 e:/elektronik/toolchain/yagarto/bin/../lib/gcc/arm-none-eabi/4.6.2/../../../../arm-none-eabi/lib/thumb/v7m\libg.a(lib_a-svfprintf.o)
 .rodata        0x080159d0       0x20 e:/elektronik/toolchain/yagarto/bin/../lib/gcc/arm-none-eabi/4.6.2/../../../../arm-none-eabi/lib/thumb/v7m\libg.a(lib_a-vfiprintf.o)
 .rodata        0x080159f0      0x128 e:/elektronik/toolchain/yagarto/bin/../lib/gcc/arm-none-eabi/4.6.2/../../../../arm-none-eabi/lib/thumb/v7m\libg.a(lib_a-mprec.o)
                0x08015a00                __mprec_tens
                0x08015ac8                __mprec_tinytens
                0x08015af0                __mprec_bigtens
 *fill*         0x08015b18        0x8 00
 .rodata        0x08015b20       0x20 e:/elektronik/toolchain/yagarto/bin/../lib/gcc/arm-none-eabi/4.6.2/../../../../arm-none-eabi/lib/thumb/v7m\libg.a(lib_a-svfiprintf.o)
 *(.rodata.*)
 .rodata._ZTV12IFreeRTOSObj
                0x08015b40       0x18 ./FreeRTOS_EC/Source/ASyncObject.o
                0x08015b40                vtable for IFreeRTOSObj
 *fill*         0x08015b58        0x8 00
 .rodata.str1.4
                0x08015b60       0x1c e:/elektronik/toolchain/yagarto/bin/../lib/gcc/arm-none-eabi/4.6.2/../../../../arm-none-eabi/lib/thumb/v7m\libstdc++.a(pure.o)
 *fill*         0x08015b7c        0x4 00
 .rodata.str1.4
                0x08015b80       0x94 e:/elektronik/toolchain/yagarto/bin/../lib/gcc/arm-none-eabi/4.6.2/../../../../arm-none-eabi/lib/thumb/v7m\libstdc++.a(vterminate.o)
 *fill*         0x08015c14        0xc 00
 .rodata._ZTVSt9exception
                0x08015c20       0x18 e:/elektronik/toolchain/yagarto/bin/../lib/gcc/arm-none-eabi/4.6.2/../../../../arm-none-eabi/lib/thumb/v7m\libstdc++.a(eh_exception.o)
                0x08015c20                vtable for std::exception
 *fill*         0x08015c38        0x8 00
 .rodata._ZTIN10__cxxabiv115__forced_unwindE
                0x08015c40        0x8 e:/elektronik/toolchain/yagarto/bin/../lib/gcc/arm-none-eabi/4.6.2/../../../../arm-none-eabi/lib/thumb/v7m\libstdc++.a(eh_exception.o)
                0x08015c40                typeinfo for __cxxabiv1::__forced_unwind
 *fill*         0x08015c48        0x8 00
 .rodata._ZTISt9exception
                0x08015c50        0x8 e:/elektronik/toolchain/yagarto/bin/../lib/gcc/arm-none-eabi/4.6.2/../../../../arm-none-eabi/lib/thumb/v7m\libstdc++.a(eh_exception.o)
                0x08015c50                typeinfo for std::exception
 *fill*         0x08015c58        0x8 00
 .rodata._ZTSSt13bad_exception
                0x08015c60       0x14 e:/elektronik/toolchain/yagarto/bin/../lib/gcc/arm-none-eabi/4.6.2/../../../../arm-none-eabi/lib/thumb/v7m\libstdc++.a(eh_exception.o)
                0x08015c60                typeinfo name for std::bad_exception
 *fill*         0x08015c74        0xc 00
 .rodata.str1.4
                0x08015c80       0x23 e:/elektronik/toolchain/yagarto/bin/../lib/gcc/arm-none-eabi/4.6.2/../../../../arm-none-eabi/lib/thumb/v7m\libstdc++.a(eh_exception.o)
                                 0x24 (size before relaxing)
 *fill*         0x08015ca3        0xd 00
 .rodata._ZTSN10__cxxabiv119__foreign_exceptionE
                0x08015cb0       0x24 e:/elektronik/toolchain/yagarto/bin/../lib/gcc/arm-none-eabi/4.6.2/../../../../arm-none-eabi/lib/thumb/v7m\libstdc++.a(eh_exception.o)
                0x08015cb0                typeinfo name for __cxxabiv1::__foreign_exception
 *fill*         0x08015cd4        0xc 00
 .rodata._ZTIN10__cxxabiv119__foreign_exceptionE
                0x08015ce0        0x8 e:/elektronik/toolchain/yagarto/bin/../lib/gcc/arm-none-eabi/4.6.2/../../../../arm-none-eabi/lib/thumb/v7m\libstdc++.a(eh_exception.o)
                0x08015ce0                typeinfo for __cxxabiv1::__foreign_exception
 *fill*         0x08015ce8        0x8 00
 .rodata._ZTVSt13bad_exception
                0x08015cf0       0x18 e:/elektronik/toolchain/yagarto/bin/../lib/gcc/arm-none-eabi/4.6.2/../../../../arm-none-eabi/lib/thumb/v7m\libstdc++.a(eh_exception.o)
                0x08015cf0                vtable for std::bad_exception
 *fill*         0x08015d08        0x8 00
 .rodata._ZTSSt9exception
                0x08015d10       0x10 e:/elektronik/toolchain/yagarto/bin/../lib/gcc/arm-none-eabi/4.6.2/../../../../arm-none-eabi/lib/thumb/v7m\libstdc++.a(eh_exception.o)
                0x08015d10                typeinfo name for std::exception
 .rodata._ZTSN10__cxxabiv115__forced_unwindE
                0x08015d20       0x20 e:/elektronik/toolchain/yagarto/bin/../lib/gcc/arm-none-eabi/4.6.2/../../../../arm-none-eabi/lib/thumb/v7m\libstdc++.a(eh_exception.o)
                0x08015d20                typeinfo name for __cxxabiv1::__forced_unwind
 .rodata._ZTISt13bad_exception
                0x08015d40        0xc e:/elektronik/toolchain/yagarto/bin/../lib/gcc/arm-none-eabi/4.6.2/../../../../arm-none-eabi/lib/thumb/v7m\libstdc++.a(eh_exception.o)
                0x08015d40                typeinfo for std::bad_exception
 *fill*         0x08015d4c        0x4 00
 .rodata._ZTIPv
                0x08015d50       0x10 e:/elektronik/toolchain/yagarto/bin/../lib/gcc/arm-none-eabi/4.6.2/../../../../arm-none-eabi/lib/thumb/v7m\libstdc++.a(fundamental_type_info.o)
                0x08015d50                typeinfo for void*
 .rodata._ZTIv  0x08015d60        0x8 e:/elektronik/toolchain/yagarto/bin/../lib/gcc/arm-none-eabi/4.6.2/../../../../arm-none-eabi/lib/thumb/v7m\libstdc++.a(fundamental_type_info.o)
                0x08015d60                typeinfo for void
 *fill*         0x08015d68        0x8 00
 .rodata._ZTSPv
                0x08015d70        0x4 e:/elektronik/toolchain/yagarto/bin/../lib/gcc/arm-none-eabi/4.6.2/../../../../arm-none-eabi/lib/thumb/v7m\libstdc++.a(fundamental_type_info.o)
                0x08015d70                typeinfo name for void*
 *fill*         0x08015d74        0xc 00
 .rodata._ZTSv  0x08015d80        0x4 e:/elektronik/toolchain/yagarto/bin/../lib/gcc/arm-none-eabi/4.6.2/../../../../arm-none-eabi/lib/thumb/v7m\libstdc++.a(fundamental_type_info.o)
                0x08015d80                typeinfo name for void
 *fill*         0x08015d84        0xc 00
 .rodata._ZTIN10__cxxabiv123__fundamental_type_infoE
                0x08015d90        0xc e:/elektronik/toolchain/yagarto/bin/../lib/gcc/arm-none-eabi/4.6.2/../../../../arm-none-eabi/lib/thumb/v7m\libstdc++.a(fundamental_type_info.o)
                0x08015d90                typeinfo for __cxxabiv1::__fundamental_type_info
 *fill*         0x08015d9c        0x4 00
 .rodata._ZTSN10__cxxabiv123__fundamental_type_infoE
                0x08015da0       0x28 e:/elektronik/toolchain/yagarto/bin/../lib/gcc/arm-none-eabi/4.6.2/../../../../arm-none-eabi/lib/thumb/v7m\libstdc++.a(fundamental_type_info.o)
                0x08015da0                typeinfo name for __cxxabiv1::__fundamental_type_info
 *fill*         0x08015dc8        0x8 00
 .rodata._ZTVN10__cxxabiv123__fundamental_type_infoE
                0x08015dd0       0x20 e:/elektronik/toolchain/yagarto/bin/../lib/gcc/arm-none-eabi/4.6.2/../../../../arm-none-eabi/lib/thumb/v7m\libstdc++.a(fundamental_type_info.o)
                0x08015dd0                vtable for __cxxabiv1::__fundamental_type_info
 .rodata._ZTSN10__cxxabiv119__pointer_type_infoE
                0x08015df0       0x24 e:/elektronik/toolchain/yagarto/bin/../lib/gcc/arm-none-eabi/4.6.2/../../../../arm-none-eabi/lib/thumb/v7m\libstdc++.a(pointer_type_info.o)
                0x08015df0                typeinfo name for __cxxabiv1::__pointer_type_info
 *fill*         0x08015e14        0xc 00
 .rodata._ZTIN10__cxxabiv119__pointer_type_infoE
                0x08015e20        0xc e:/elektronik/toolchain/yagarto/bin/../lib/gcc/arm-none-eabi/4.6.2/../../../../arm-none-eabi/lib/thumb/v7m\libstdc++.a(pointer_type_info.o)
                0x08015e20                typeinfo for __cxxabiv1::__pointer_type_info
 *fill*         0x08015e2c        0x4 00
 .rodata._ZTVN10__cxxabiv119__pointer_type_infoE
                0x08015e30       0x28 e:/elektronik/toolchain/yagarto/bin/../lib/gcc/arm-none-eabi/4.6.2/../../../../arm-none-eabi/lib/thumb/v7m\libstdc++.a(pointer_type_info.o)
                0x08015e30                vtable for __cxxabiv1::__pointer_type_info
 *fill*         0x08015e58        0x8 00
 .rodata._ZTVN10__cxxabiv120__si_class_type_infoE
                0x08015e60       0x30 e:/elektronik/toolchain/yagarto/bin/../lib/gcc/arm-none-eabi/4.6.2/../../../../arm-none-eabi/lib/thumb/v7m\libstdc++.a(si_class_type_info.o)
                0x08015e60                vtable for __cxxabiv1::__si_class_type_info
 .rodata._ZTIN10__cxxabiv120__si_class_type_infoE
                0x08015e90        0xc e:/elektronik/toolchain/yagarto/bin/../lib/gcc/arm-none-eabi/4.6.2/../../../../arm-none-eabi/lib/thumb/v7m\libstdc++.a(si_class_type_info.o)
                0x08015e90                typeinfo for __cxxabiv1::__si_class_type_info
 *fill*         0x08015e9c        0x4 00
 .rodata._ZTSN10__cxxabiv120__si_class_type_infoE
                0x08015ea0       0x28 e:/elektronik/toolchain/yagarto/bin/../lib/gcc/arm-none-eabi/4.6.2/../../../../arm-none-eabi/lib/thumb/v7m\libstdc++.a(si_class_type_info.o)
                0x08015ea0                typeinfo name for __cxxabiv1::__si_class_type_info
 *fill*         0x08015ec8        0x8 00
 .rodata._ZTISt9type_info
                0x08015ed0        0x8 e:/elektronik/toolchain/yagarto/bin/../lib/gcc/arm-none-eabi/4.6.2/../../../../arm-none-eabi/lib/thumb/v7m\libstdc++.a(tinfo.o)
                0x08015ed0                typeinfo for std::type_info
 *fill*         0x08015ed8        0x8 00
 .rodata._ZTSSt9type_info
                0x08015ee0       0x10 e:/elektronik/toolchain/yagarto/bin/../lib/gcc/arm-none-eabi/4.6.2/../../../../arm-none-eabi/lib/thumb/v7m\libstdc++.a(tinfo.o)
                0x08015ee0                typeinfo name for std::type_info
 .rodata._ZTVSt9type_info
                0x08015ef0       0x20 e:/elektronik/toolchain/yagarto/bin/../lib/gcc/arm-none-eabi/4.6.2/../../../../arm-none-eabi/lib/thumb/v7m\libstdc++.a(tinfo.o)
                0x08015ef0                vtable for std::type_info
 .rodata._ZTVSt10bad_typeid
                0x08015f10       0x18 e:/elektronik/toolchain/yagarto/bin/../lib/gcc/arm-none-eabi/4.6.2/../../../../arm-none-eabi/lib/thumb/v7m\libstdc++.a(bad_typeid.o)
                0x08015f10                vtable for std::bad_typeid
 *fill*         0x08015f28        0x8 00
 .rodata._ZTISt10bad_typeid
                0x08015f30        0xc e:/elektronik/toolchain/yagarto/bin/../lib/gcc/arm-none-eabi/4.6.2/../../../../arm-none-eabi/lib/thumb/v7m\libstdc++.a(bad_typeid.o)
                0x08015f30                typeinfo for std::bad_typeid
 *fill*         0x08015f3c        0x4 00
 .rodata.str1.4
                0x08015f40       0x10 e:/elektronik/toolchain/yagarto/bin/../lib/gcc/arm-none-eabi/4.6.2/../../../../arm-none-eabi/lib/thumb/v7m\libstdc++.a(bad_typeid.o)
 .rodata._ZTSSt10bad_typeid
                0x08015f50       0x10 e:/elektronik/toolchain/yagarto/bin/../lib/gcc/arm-none-eabi/4.6.2/../../../../arm-none-eabi/lib/thumb/v7m\libstdc++.a(bad_typeid.o)
                0x08015f50                typeinfo name for std::bad_typeid
 .rodata._ZTVN10__cxxabiv117__class_type_infoE
                0x08015f60       0x30 e:/elektronik/toolchain/yagarto/bin/../lib/gcc/arm-none-eabi/4.6.2/../../../../arm-none-eabi/lib/thumb/v7m\libstdc++.a(class_type_info.o)
                0x08015f60                vtable for __cxxabiv1::__class_type_info
 .rodata._ZTIN10__cxxabiv117__class_type_infoE
                0x08015f90        0xc e:/elektronik/toolchain/yagarto/bin/../lib/gcc/arm-none-eabi/4.6.2/../../../../arm-none-eabi/lib/thumb/v7m\libstdc++.a(class_type_info.o)
                0x08015f90                typeinfo for __cxxabiv1::__class_type_info
 *fill*         0x08015f9c        0x4 00
 .rodata._ZTSN10__cxxabiv117__class_type_infoE
                0x08015fa0       0x24 e:/elektronik/toolchain/yagarto/bin/../lib/gcc/arm-none-eabi/4.6.2/../../../../arm-none-eabi/lib/thumb/v7m\libstdc++.a(class_type_info.o)
                0x08015fa0                typeinfo name for __cxxabiv1::__class_type_info
 *fill*         0x08015fc4        0xc 00
 .rodata._ZTIN10__cxxabiv117__pbase_type_infoE
                0x08015fd0        0xc e:/elektronik/toolchain/yagarto/bin/../lib/gcc/arm-none-eabi/4.6.2/../../../../arm-none-eabi/lib/thumb/v7m\libstdc++.a(pbase_type_info.o)
                0x08015fd0                typeinfo for __cxxabiv1::__pbase_type_info
 *fill*         0x08015fdc        0x4 00
 .rodata._ZTSN10__cxxabiv117__pbase_type_infoE
                0x08015fe0       0x24 e:/elektronik/toolchain/yagarto/bin/../lib/gcc/arm-none-eabi/4.6.2/../../../../arm-none-eabi/lib/thumb/v7m\libstdc++.a(pbase_type_info.o)
                0x08015fe0                typeinfo name for __cxxabiv1::__pbase_type_info
 *fill*         0x08016004        0xc 00
 .rodata._ZTVN10__cxxabiv117__pbase_type_infoE
                0x08016010       0x28 e:/elektronik/toolchain/yagarto/bin/../lib/gcc/arm-none-eabi/4.6.2/../../../../arm-none-eabi/lib/thumb/v7m\libstdc++.a(pbase_type_info.o)
                0x08016010                vtable for __cxxabiv1::__pbase_type_info
 *fill*         0x08016038        0x8 00
 .rodata.str1.4
                0x08016040       0x3f e:/elektronik/toolchain/yagarto/bin/../lib/gcc/arm-none-eabi/4.6.2/../../../../arm-none-eabi/lib/thumb/v7m\libg.a(lib_a-assert.o)
                                 0x44 (size before relaxing)
 *fill*         0x0801607f        0x1 00
 .rodata.str1.4
                0x08016080        0x2 e:/elektronik/toolchain/yagarto/bin/../lib/gcc/arm-none-eabi/4.6.2/../../../../arm-none-eabi/lib/thumb/v7m\libg.a(lib_a-impure.o)
                                  0x4 (size before relaxing)
 *fill*         0x08016082        0xe 00
 .rodata.str1.4
                0x08016090       0x42 e:/elektronik/toolchain/yagarto/bin/../lib/gcc/arm-none-eabi/4.6.2/../../../../arm-none-eabi/lib/thumb/v7m\libg.a(lib_a-svfprintf.o)
                                 0x44 (size before relaxing)
 .rodata.str1.4
                0x00000000       0x30 e:/elektronik/toolchain/yagarto/bin/../lib/gcc/arm-none-eabi/4.6.2/../../../../arm-none-eabi/lib/thumb/v7m\libg.a(lib_a-vfiprintf.o)
 *fill*         0x080160d2        0xe 00
 .rodata.str1.4
                0x080160e0       0x10 e:/elektronik/toolchain/yagarto/bin/../lib/gcc/arm-none-eabi/4.6.2/../../../../arm-none-eabi/lib/thumb/v7m\libg.a(lib_a-dtoa.o)
                                 0x14 (size before relaxing)
 .rodata.str1.4
                0x080160f0        0xc e:/elektronik/toolchain/yagarto/bin/../lib/gcc/arm-none-eabi/4.6.2/../../../../arm-none-eabi/lib/thumb/v7m\libg.a(lib_a-locale.o)
                                 0x14 (size before relaxing)
 .rodata.str1.4
                0x00000000       0x30 e:/elektronik/toolchain/yagarto/bin/../lib/gcc/arm-none-eabi/4.6.2/../../../../arm-none-eabi/lib/thumb/v7m\libg.a(lib_a-svfiprintf.o)
 *(.glue_7t)
 .glue_7t       0x00000000        0x0 linker stubs
 *(.glue_7)
 .glue_7        0x00000000        0x0 linker stubs
 *(.gcc*)

.vfp11_veneer   0x080160fc        0x0
 .vfp11_veneer  0x00000000        0x0 linker stubs

.v4_bx          0x080160fc        0x0
 .v4_bx         0x00000000        0x0 linker stubs

.ARM.extab      0x080160fc      0x138
 *(.ARM.extab* .gnu.linkonce.armextab.*)
 .ARM.extab.text.__cxa_pure_virtual
                0x080160fc        0xc e:/elektronik/toolchain/yagarto/bin/../lib/gcc/arm-none-eabi/4.6.2/../../../../arm-none-eabi/lib/thumb/v7m\libstdc++.a(pure.o)
 .ARM.extab.text._ZN10__cxxabiv111__terminateEPFvvE
                0x08016108       0x2c e:/elektronik/toolchain/yagarto/bin/../lib/gcc/arm-none-eabi/4.6.2/../../../../arm-none-eabi/lib/thumb/v7m\libstdc++.a(eh_terminate.o)
 .ARM.extab.text._ZN10__cxxabiv112__unexpectedEPFvvE
                0x08016134        0xc e:/elektronik/toolchain/yagarto/bin/../lib/gcc/arm-none-eabi/4.6.2/../../../../arm-none-eabi/lib/thumb/v7m\libstdc++.a(eh_terminate.o)
 .ARM.extab.text._ZSt10unexpectedv
                0x08016140        0xc e:/elektronik/toolchain/yagarto/bin/../lib/gcc/arm-none-eabi/4.6.2/../../../../arm-none-eabi/lib/thumb/v7m\libstdc++.a(eh_terminate.o)
 .ARM.extab.text._ZN9__gnu_cxx27__verbose_terminate_handlerEv
                0x0801614c       0x3c e:/elektronik/toolchain/yagarto/bin/../lib/gcc/arm-none-eabi/4.6.2/../../../../arm-none-eabi/lib/thumb/v7m\libstdc++.a(vterminate.o)
 .ARM.extab.text.__cxa_bad_typeid
                0x08016188        0xc e:/elektronik/toolchain/yagarto/bin/../lib/gcc/arm-none-eabi/4.6.2/../../../../arm-none-eabi/lib/thumb/v7m\libstdc++.a(eh_aux_runtime.o)
 .ARM.extab.text.__cxa_call_unexpected
                0x08016194       0x28 e:/elektronik/toolchain/yagarto/bin/../lib/gcc/arm-none-eabi/4.6.2/../../../../arm-none-eabi/lib/thumb/v7m\libstdc++.a(eh_call.o)
 .ARM.extab.text.__cxa_begin_catch
                0x080161bc       0x1c e:/elektronik/toolchain/yagarto/bin/../lib/gcc/arm-none-eabi/4.6.2/../../../../arm-none-eabi/lib/thumb/v7m\libstdc++.a(eh_catch.o)
 .ARM.extab.text._ZL21base_of_encoded_valuehP15_Unwind_Context
                0x080161d8        0xc e:/elektronik/toolchain/yagarto/bin/../lib/gcc/arm-none-eabi/4.6.2/../../../../arm-none-eabi/lib/thumb/v7m\libstdc++.a(eh_personality.o)
 .ARM.extab.text.__gxx_personality_v0
                0x080161e4       0x20 e:/elektronik/toolchain/yagarto/bin/../lib/gcc/arm-none-eabi/4.6.2/../../../../arm-none-eabi/lib/thumb/v7m\libstdc++.a(eh_personality.o)
 .ARM.extab.text._ZNK10__cxxabiv117__pbase_type_info15__pointer_catchEPKS0_PPvj
                0x08016204        0x0 e:/elektronik/toolchain/yagarto/bin/../lib/gcc/arm-none-eabi/4.6.2/../../../../arm-none-eabi/lib/thumb/v7m\libstdc++.a(pbase_type_info.o)
 .ARM.extab     0x08016204       0x18 e:/elektronik/toolchain/yagarto/bin/../lib/gcc/arm-none-eabi/4.6.2/thumb/v7m\libgcc.a(unwind-arm.o)
 .ARM.extab     0x0801621c       0x18 e:/elektronik/toolchain/yagarto/bin/../lib/gcc/arm-none-eabi/4.6.2/thumb/v7m\libgcc.a(pr-support.o)

.ARM.exidx      0x08016234      0x208
                0x08016234                PROVIDE (__exidx_start, .)
 *(.ARM.exidx* .gnu.linkonce.armexidx.*)
 .ARM.exidx.text.__aeabi_atexit
                0x080162f4        0x0 e:/elektronik/toolchain/yagarto/bin/../lib/gcc/arm-none-eabi/4.6.2/../../../../arm-none-eabi/lib/thumb/v7m\libstdc++.a(atexit_arm.o)
                                  0x8 (size before relaxing)
 .ARM.exidx.text._ZdlPv
                0x080162f4        0x0 e:/elektronik/toolchain/yagarto/bin/../lib/gcc/arm-none-eabi/4.6.2/../../../../arm-none-eabi/lib/thumb/v7m\libstdc++.a(del_op.o)
                                  0x8 (size before relaxing)
 .ARM.exidx.text.__cxa_pure_virtual
                0x080162f4        0x8 e:/elektronik/toolchain/yagarto/bin/../lib/gcc/arm-none-eabi/4.6.2/../../../../arm-none-eabi/lib/thumb/v7m\libstdc++.a(pure.o)
 .ARM.exidx.text._ZN10__cxxabiv111__terminateEPFvvE
                0x080162fc        0x8 e:/elektronik/toolchain/yagarto/bin/../lib/gcc/arm-none-eabi/4.6.2/../../../../arm-none-eabi/lib/thumb/v7m\libstdc++.a(eh_terminate.o)
 .ARM.exidx.text._ZSt9terminatev
                0x08016304        0x8 e:/elektronik/toolchain/yagarto/bin/../lib/gcc/arm-none-eabi/4.6.2/../../../../arm-none-eabi/lib/thumb/v7m\libstdc++.a(eh_terminate.o)
 .ARM.exidx.text._ZN10__cxxabiv112__unexpectedEPFvvE