Archive member included because of file (symbol)

e:/elektronik/toolchain/yagarto/bin/../lib/gcc/arm-none-eabi/4.6.2/../../../../arm-none-eabi/lib/thumb/v7m\libstdc++.a(atexit_arm.o)
                              ./main.o (__aeabi_atexit)
e:/elektronik/toolchain/yagarto/bin/../lib/gcc/arm-none-eabi/4.6.2/../../../../arm-none-eabi/lib/thumb/v7m\libstdc++.a(del_op.o)
                              ./Menue/CMenue.o (operator delete(void*))
e:/elektronik/toolchain/yagarto/bin/../lib/gcc/arm-none-eabi/4.6.2/../../../../arm-none-eabi/lib/thumb/v7m\libstdc++.a(pure.o)
                              ./GraphicLCD/CGraphicLCD.o (__cxa_pure_virtual)
e:/elektronik/toolchain/yagarto/bin/../lib/gcc/arm-none-eabi/4.6.2/../../../../arm-none-eabi/lib/thumb/v7m\libstdc++.a(eh_terminate.o)
                              e:/elektronik/toolchain/yagarto/bin/../lib/gcc/arm-none-eabi/4.6.2/../../../../arm-none-eabi/lib/thumb/v7m\libstdc++.a(pure.o) (std::terminate())
e:/elektronik/toolchain/yagarto/bin/../lib/gcc/arm-none-eabi/4.6.2/../../../../arm-none-eabi/lib/thumb/v7m\libstdc++.a(eh_term_handler.o)
                              e:/elektronik/toolchain/yagarto/bin/../lib/gcc/arm-none-eabi/4.6.2/../../../../arm-none-eabi/lib/thumb/v7m\libstdc++.a(eh_terminate.o) (__cxxabiv1::__terminate_handler)
e:/elektronik/toolchain/yagarto/bin/../lib/gcc/arm-none-eabi/4.6.2/../../../../arm-none-eabi/lib/thumb/v7m\libstdc++.a(eh_unex_handler.o)
                              e:/elektronik/toolchain/yagarto/bin/../lib/gcc/arm-none-eabi/4.6.2/../../../../arm-none-eabi/lib/thumb/v7m\libstdc++.a(eh_terminate.o) (__cxxabiv1::__unexpected_handler)
e:/elektronik/toolchain/yagarto/bin/../lib/gcc/arm-none-eabi/4.6.2/../../../../arm-none-eabi/lib/thumb/v7m\libstdc++.a(vterminate.o)
                              e:/elektronik/toolchain/yagarto/bin/../lib/gcc/arm-none-eabi/4.6.2/../../../../arm-none-eabi/lib/thumb/v7m\libstdc++.a(eh_term_handler.o) (__gnu_cxx::__verbose_terminate_handler())
e:/elektronik/toolchain/yagarto/bin/../lib/gcc/arm-none-eabi/4.6.2/../../../../arm-none-eabi/lib/thumb/v7m\libstdc++.a(cp-demangle.o)
                              e:/elektronik/toolchain/yagarto/bin/../lib/gcc/arm-none-eabi/4.6.2/../../../../arm-none-eabi/lib/thumb/v7m\libstdc++.a(vterminate.o) (__cxa_demangle)
e:/elektronik/toolchain/yagarto/bin/../lib/gcc/arm-none-eabi/4.6.2/../../../../arm-none-eabi/lib/thumb/v7m\libstdc++.a(eh_arm.o)
                              e:/elektronik/toolchain/yagarto/bin/../lib/gcc/arm-none-eabi/4.6.2/../../../../arm-none-eabi/lib/thumb/v7m\libstdc++.a(eh_terminate.o) (__cxa_end_cleanup)
e:/elektronik/toolchain/yagarto/bin/../lib/gcc/arm-none-eabi/4.6.2/../../../../arm-none-eabi/lib/thumb/v7m\libstdc++.a(eh_aux_runtime.o)
                              e:/elektronik/toolchain/yagarto/bin/../lib/gcc/arm-none-eabi/4.6.2/../../../../arm-none-eabi/lib/thumb/v7m\libstdc++.a(eh_arm.o) (__cxa_bad_typeid)
e:/elektronik/toolchain/yagarto/bin/../lib/gcc/arm-none-eabi/4.6.2/../../../../arm-none-eabi/lib/thumb/v7m\libstdc++.a(eh_call.o)
                              e:/elektronik/toolchain/yagarto/bin/../lib/gcc/arm-none-eabi/4.6.2/../../../../arm-none-eabi/lib/thumb/v7m\libstdc++.a(eh_terminate.o) (__cxa_call_unexpected)
e:/elektronik/toolchain/yagarto/bin/../lib/gcc/arm-none-eabi/4.6.2/../../../../arm-none-eabi/lib/thumb/v7m\libstdc++.a(eh_catch.o)
                              e:/elektronik/toolchain/yagarto/bin/../lib/gcc/arm-none-eabi/4.6.2/../../../../arm-none-eabi/lib/thumb/v7m\libstdc++.a(eh_terminate.o) (__cxa_begin_catch)
e:/elektronik/toolchain/yagarto/bin/../lib/gcc/arm-none-eabi/4.6.2/../../../../arm-none-eabi/lib/thumb/v7m\libstdc++.a(eh_exception.o)
                              e:/elektronik/toolchain/yagarto/bin/../lib/gcc/arm-none-eabi/4.6.2/../../../../arm-none-eabi/lib/thumb/v7m\libstdc++.a(vterminate.o) (typeinfo for std::exception)
e:/elektronik/toolchain/yagarto/bin/../lib/gcc/arm-none-eabi/4.6.2/../../../../arm-none-eabi/lib/thumb/v7m\libstdc++.a(eh_globals.o)
                              e:/elektronik/toolchain/yagarto/bin/../lib/gcc/arm-none-eabi/4.6.2/../../../../arm-none-eabi/lib/thumb/v7m\libstdc++.a(eh_call.o) (__cxa_get_globals_fast)
e:/elektronik/toolchain/yagarto/bin/../lib/gcc/arm-none-eabi/4.6.2/../../../../arm-none-eabi/lib/thumb/v7m\libstdc++.a(eh_personality.o)
                              e:/elektronik/toolchain/yagarto/bin/../lib/gcc/arm-none-eabi/4.6.2/../../../../arm-none-eabi/lib/thumb/v7m\libstdc++.a(eh_terminate.o) (__gxx_personality_v0)
e:/elektronik/toolchain/yagarto/bin/../lib/gcc/arm-none-eabi/4.6.2/../../../../arm-none-eabi/lib/thumb/v7m\libstdc++.a(eh_throw.o)
                              e:/elektronik/toolchain/yagarto/bin/../lib/gcc/arm-none-eabi/4.6.2/../../../../arm-none-eabi/lib/thumb/v7m\libstdc++.a(eh_aux_runtime.o) (__cxa_throw)
[...]
Memory Configuration

Name             Origin             Length             Attributes
FLASH            0x08000000         0x00100000         xr
RAM              0x20000000         0x00020000         xrw
MEMORY_B1        0x60000000         0x00000000         xr
*default*        0x00000000         0xffffffff

Linker script and memory map

LOAD e:/elektronik/toolchain/yagarto/bin/../lib/gcc/arm-none-eabi/4.6.2/thumb/v7m/crti.o
LOAD e:/elektronik/toolchain/yagarto/bin/../lib/gcc/arm-none-eabi/4.6.2/thumb/v7m/crtbegin.o
LOAD e:/elektronik/toolchain/yagarto/bin/../lib/gcc/arm-none-eabi/4.6.2/../../../../arm-none-eabi/lib/thumb/v7m/crt0.o
LOAD ./STM32F4xx_StdPeriph_Driver/src/misc.o
LOAD ./STM32F4xx_StdPeriph_Driver/src/stm32f4xx_adc.o
LOAD ./STM32F4xx_StdPeriph_Driver/src/stm32f4xx_dac.o
LOAD ./STM32F4xx_StdPeriph_Driver/src/stm32f4xx_dbgmcu.o
LOAD ./STM32F4xx_StdPeriph_Driver/src/stm32f4xx_dma.o
LOAD ./STM32F4xx_StdPeriph_Driver/src/stm32f4xx_exti.o
LOAD ./STM32F4xx_StdPeriph_Driver/src/stm32f4xx_flash.o
LOAD ./STM32F4xx_StdPeriph_Driver/src/stm32f4xx_fsmc.o
LOAD ./STM32F4xx_StdPeriph_Driver/src/stm32f4xx_gpio.o
LOAD ./STM32F4xx_StdPeriph_Driver/src/stm32f4xx_i2c.o
LOAD ./STM32F4xx_StdPeriph_Driver/src/stm32f4xx_iwdg.o
LOAD ./STM32F4xx_StdPeriph_Driver/src/stm32f4xx_pwr.o
LOAD ./STM32F4xx_StdPeriph_Driver/src/stm32f4xx_rcc.o
LOAD ./STM32F4xx_StdPeriph_Driver/src/stm32f4xx_rng.o
LOAD ./STM32F4xx_StdPeriph_Driver/src/stm32f4xx_rtc.o
LOAD ./STM32F4xx_StdPeriph_Driver/src/stm32f4xx_sdio.o
LOAD ./STM32F4xx_StdPeriph_Driver/src/stm32f4xx_spi.o
LOAD ./STM32F4xx_StdPeriph_Driver/src/stm32f4xx_syscfg.o
LOAD ./STM32F4xx_StdPeriph_Driver/src/stm32f4xx_tim.o
LOAD ./STM32F4xx_StdPeriph_Driver/src/stm32f4xx_usart.o
LOAD ./STM32F4xx_StdPeriph_Driver/src/stm32f4xx_wwdg.o
LOAD ./STM32F4-Discovery/stm32f4_discovery.o
LOAD ./STM32F4-Discovery/stm32f4_discovery_audio_codec.o
LOAD ./Menue/CMenue.o
LOAD ./HelixMP3/real/bitstream.o
LOAD ./HelixMP3/real/buffers.o
LOAD ./HelixMP3/real/dct32.o
LOAD ./HelixMP3/real/dequant.o
LOAD ./HelixMP3/real/dqchan.o
LOAD ./HelixMP3/real/huffman.o
LOAD ./HelixMP3/real/hufftabs.o
LOAD ./HelixMP3/real/imdct.o
LOAD ./HelixMP3/real/polyphase.o
LOAD ./HelixMP3/real/scalfact.o
LOAD ./HelixMP3/real/stproc.o
LOAD ./HelixMP3/real/subband.o
LOAD ./HelixMP3/real/trigtabs.o
LOAD ./HelixMP3/mp3dec.o
LOAD ./HelixMP3/mp3tabs.o
LOAD ./GraphicLCD/CGraphicLCD.o
LOAD ./GraphicLCD/CT6963CDriver.o
LOAD ./GraphicLCD/CT6963GPIOInterface.o
LOAD ./GraphicLCD/SansSerif12.o
LOAD ./GraphicLCD/SansSerif26.o
LOAD ./FreeRTOS_EC/Source/AManagedTask.o
LOAD ./FreeRTOS_EC/Source/ASyncObject.o
LOAD ./FreeRTOS_EC/Source/ATimer.o
LOAD ./FreeRTOS_EC/Source/CBinarySemaphore.o
LOAD ./FreeRTOS_EC/Source/CCountingSemaphore.o
LOAD ./FreeRTOS_EC/Source/CFreeRTOS.o
LOAD ./FreeRTOS_EC/Source/CMessageTask.o
LOAD ./FreeRTOS_EC/Source/CMutex.o
LOAD ./FreeRTOS_EC/Source/CQueue.o
LOAD ./FreeRTOS_EC/Source/CRecursiveMutex.o
LOAD ./FreeRTOS_EC/Source/CTask.o
LOAD ./FreeRTOS/Source/portable/GCC/ARM_CM4F/port.o
LOAD ./FreeRTOS/Source/croutine.o
LOAD ./FreeRTOS/Source/list.o
LOAD ./FreeRTOS/Source/queue.o
LOAD ./FreeRTOS/Source/tasks.o
LOAD ./FreeRTOS/Source/timers.o
LOAD ./Fatfs/FatFs/src/option/syscall.o
LOAD ./Fatfs/FatFs/src/diskio.o
LOAD ./Fatfs/FatFs/src/ff.o
LOAD ./Fatfs/CFileHandler.o
LOAD ./Fatfs/fattime.o
LOAD ./Fatfs/stm32f4_sdio.o
LOAD ./CLedHeartBeatSTM32F4Disc.o
LOAD ./main.o
LOAD ./startup_stm32f4xx.o
LOAD ./stm32f4xx_it.o
LOAD ./syscalls.o
LOAD ./system_stm32f4xx.o
LOAD ./ustime.o
LOAD e:/elektronik/toolchain/yagarto/bin/../lib/gcc/arm-none-eabi/4.6.2/../../../../arm-none-eabi/lib/thumb/v7m\libstdc++.a
LOAD e:/elektronik/toolchain/yagarto/bin/../lib/gcc/arm-none-eabi/4.6.2/../../../../arm-none-eabi/lib/thumb/v7m\libm.a
START GROUP
LOAD e:/elektronik/toolchain/yagarto/bin/../lib/gcc/arm-none-eabi/4.6.2/thumb/v7m\libgcc.a
LOAD e:/elektronik/toolchain/yagarto/bin/../lib/gcc/arm-none-eabi/4.6.2/../../../../arm-none-eabi/lib/thumb/v7m\libg.a
LOAD e:/elektronik/toolchain/yagarto/bin/../lib/gcc/arm-none-eabi/4.6.2/../../../../arm-none-eabi/lib/thumb/v7m\libc.a
END GROUP
LOAD e:/elektronik/toolchain/yagarto/bin/../lib/gcc/arm-none-eabi/4.6.2/thumb/v7m/crtend.o
LOAD e:/elektronik/toolchain/yagarto/bin/../lib/gcc/arm-none-eabi/4.6.2/thumb/v7m/crtn.o
                0x20020000                _estack = 0x20020000
                0x00000000                _Min_Heap_Size = 0x0
                0x00000400                _Min_Stack_Size = 0x400

.isr_vector     0x08000000      0x188
                0x08000000                . = ALIGN (0x4)
 *(.isr_vector)
 .isr_vector    0x08000000      0x188 ./startup_stm32f4xx.o
                0x08000000                g_pfnVectors
                0x08000188                . = ALIGN (0x4)

.text           0x08000188    0x2ae3c
                0x08000188                . = ALIGN (0x4)
 *(.text)
 .text          0x08000188       0x54 e:/elektronik/toolchain/yagarto/bin/../lib/gcc/arm-none-eabi/4.6.2/thumb/v7m/crtbegin.o
 .text          0x080001dc     0x58f8 e:/elektronik/toolchain/yagarto/bin/../lib/gcc/arm-none-eabi/4.6.2/../../../../arm-none-eabi/lib/thumb/v7m\libstdc++.a(cp-demangle.o)
                0x080059a4                __cxa_demangle
                0x08005a88                __gcclibcxx_demangle_callback
 .text          0x08005ad4      0xa10 e:/elektronik/toolchain/yagarto/bin/../lib/gcc/arm-none-eabi/4.6.2/thumb/v7m\libgcc.a(unwind-arm.o)
                0x08005d90                _Unwind_VRS_Get
                0x08005ddc                _Unwind_VRS_Set
                0x080060f0                __aeabi_unwind_cpp_pr2
                0x080060f4                __aeabi_unwind_cpp_pr1
                0x080060f8                __aeabi_unwind_cpp_pr0
                0x080060fc                _Unwind_VRS_Pop
                0x0800638c                _Unwind_GetCFA
                0x08006390                __gnu_Unwind_RaiseException
                0x080063f0                __gnu_Unwind_ForcedUnwind
                0x08006404                __gnu_Unwind_Resume
                0x08006440                __gnu_Unwind_Resume_or_Rethrow
                0x08006450                _Unwind_Complete
                0x08006454                _Unwind_DeleteException
                0x08006464                __gnu_Unwind_Backtrace
 .text          0x080064e4      0x1ac e:/elektronik/toolchain/yagarto/bin/../lib/gcc/arm-none-eabi/4.6.2/thumb/v7m\libgcc.a(libunwind.o)
                0x080064e4                __restore_core_regs
                0x080064e4                restore_core_regs
                0x080064fc                __gnu_Unwind_Restore_VFP
                0x08006504                __gnu_Unwind_Save_VFP
                0x0800650c                __gnu_Unwind_Restore_VFP_D
                0x08006514                __gnu_Unwind_Save_VFP_D
                0x0800651c                __gnu_Unwind_Restore_VFP_D_16_to_31
                0x08006524                __gnu_Unwind_Save_VFP_D_16_to_31
                0x0800652c                __gnu_Unwind_Restore_WMMXD
                0x08006570                __gnu_Unwind_Save_WMMXD
                0x080065b4                __gnu_Unwind_Restore_WMMXC
                0x080065c8                __gnu_Unwind_Save_WMMXC
                0x080065dc                ___Unwind_RaiseException
                0x080065dc                _Unwind_RaiseException
                0x08006600                _Unwind_Resume
                0x08006600                ___Unwind_Resume
                0x08006624                _Unwind_Resume_or_Rethrow
                0x08006624                ___Unwind_Resume_or_Rethrow
                0x08006648                _Unwind_ForcedUnwind
                0x08006648                ___Unwind_ForcedUnwind
                0x0800666c                ___Unwind_Backtrace
                0x0800666c                _Unwind_Backtrace
 .text          0x08006690      0x3d4 e:/elektronik/toolchain/yagarto/bin/../lib/gcc/arm-none-eabi/4.6.2/thumb/v7m\libgcc.a(pr-support.o)
                0x080066e4                __gnu_unwind_execute
                0x08006a08                __gnu_unwind_frame
                0x08006a34                _Unwind_GetRegionStart
                0x08006a40                _Unwind_GetLanguageSpecificData
                0x08006a54                _Unwind_GetDataRelBase
                0x08006a5c                _Unwind_GetTextRelBase
 .text          0x08006a64       0x10 e:/elektronik/toolchain/yagarto/bin/../lib/gcc/arm-none-eabi/4.6.2/../../../../arm-none-eabi/lib/thumb/v7m\libg.a(lib_a-abort.o)
                0x08006a64                abort
 .text          0x08006a74       0x48 e:/elektronik/toolchain/yagarto/bin/../lib/gcc/arm-none-eabi/4.6.2/../../../../arm-none-eabi/lib/thumb/v7m\libg.a(lib_a-assert.o)
                0x08006a74                __assert_func
                0x08006ab0                __assert
 .text          0x08006abc       0x14 e:/elektronik/toolchain/yagarto/bin/../lib/gcc/arm-none-eabi/4.6.2/../../../../arm-none-eabi/lib/thumb/v7m\libg.a(lib_a-cxa_atexit.o)
                0x08006abc                __cxa_atexit
 .text          0x08006ad0       0x4c e:/elektronik/toolchain/yagarto/bin/../lib/gcc/arm-none-eabi/4.6.2/../../../../arm-none-eabi/lib/thumb/v7m\libg.a(lib_a-fiprintf.o)
                0x08006ad0                _fiprintf_r
                0x08006af0                fiprintf
 .text          0x08006b1c       0x4c e:/elektronik/toolchain/yagarto/bin/../lib/gcc/arm-none-eabi/4.6.2/../../../../arm-none-eabi/lib/thumb/v7m\libg.a(lib_a-fputc.o)
                0x08006b1c                _fputc_r
                0x08006b40                fputc
 .text          0x08006b68       0x60 e:/elektronik/toolchain/yagarto/bin/../lib/gcc/arm-none-eabi/4.6.2/../../../../arm-none-eabi/lib/thumb/v7m\libg.a(lib_a-fputs.o)
                0x08006b68                _fputs_r
                0x08006bb8                fputs
 .text          0x08006bc8      0x334 e:/elektronik/toolchain/yagarto/bin/../lib/gcc/arm-none-eabi/4.6.2/../../../../arm-none-eabi/lib/thumb/v7m\libg.a(lib_a-fvwrite.o)
                0x08006bc8                __sfvwrite_r
 .text          0x08006efc       0x94 e:/elektronik/toolchain/yagarto/bin/../lib/gcc/arm-none-eabi/4.6.2/../../../../arm-none-eabi/lib/thumb/v7m\libg.a(lib_a-fwrite.o)
                0x08006efc                _fwrite_r
                0x08006f68                fwrite
 .text          0x08006f90       0x48 e:/elektronik/toolchain/yagarto/bin/../lib/gcc/arm-none-eabi/4.6.2/../../../../arm-none-eabi/lib/thumb/v7m\libg.a(lib_a-init.o)
                0x08006f90                __libc_init_array
 .text          0x08006fd8       0x20 e:/elektronik/toolchain/yagarto/bin/../lib/gcc/arm-none-eabi/4.6.2/../../../../arm-none-eabi/lib/thumb/v7m\libg.a(lib_a-malloc.o)
                0x08006fd8                malloc
                0x08006fe8                free
 .text          0x08006ff8      0x564 e:/elektronik/toolchain/yagarto/bin/../lib/gcc/arm-none-eabi/4.6.2/../../../../arm-none-eabi/lib/thumb/v7m\libg.a(lib_a-mallocr.o)
                0x08006ff8                _malloc_r
 .text          0x0800755c       0x88 e:/elektronik/toolchain/yagarto/bin/../lib/gcc/arm-none-eabi/4.6.2/../../../../arm-none-eabi/lib/thumb/v7m\libg.a(lib_a-memchr.o)
                0x0800755c                memchr
 .text          0x080075e4       0x60 e:/elektronik/toolchain/yagarto/bin/../lib/gcc/arm-none-eabi/4.6.2/../../../../arm-none-eabi/lib/thumb/v7m\libg.a(lib_a-memcmp.o)
                0x080075e4                memcmp
 .text          0x08007644       0x84 e:/elektronik/toolchain/yagarto/bin/../lib/gcc/arm-none-eabi/4.6.2/../../../../arm-none-eabi/lib/thumb/v7m\libg.a(lib_a-memcpy.o)
                0x08007644                memcpy
 .text          0x080076c8       0xc8 e:/elektronik/toolchain/yagarto/bin/../lib/gcc/arm-none-eabi/4.6.2/../../../../arm-none-eabi/lib/thumb/v7m\libg.a(lib_a-memmove.o)
                0x080076c8                memmove
 .text          0x08007790       0x94 e:/elektronik/toolchain/yagarto/bin/../lib/gcc/arm-none-eabi/4.6.2/../../../../arm-none-eabi/lib/thumb/v7m\libg.a(lib_a-memset.o)
                0x08007790                memset
 .text          0x08007824       0xc8 e:/elektronik/toolchain/yagarto/bin/../lib/gcc/arm-none-eabi/4.6.2/../../../../arm-none-eabi/lib/thumb/v7m\libg.a(lib_a-putc.o)
                0x08007824                _putc_r
                0x08007884                putc
 .text          0x080078ec       0x14 e:/elektronik/toolchain/yagarto/bin/../lib/gcc/arm-none-eabi/4.6.2/../../../../arm-none-eabi/lib/thumb/v7m\libg.a(lib_a-realloc.o)
                0x080078ec                realloc
 .text          0x08007900      0x410 e:/elektronik/toolchain/yagarto/bin/../lib/gcc/arm-none-eabi/4.6.2/../../../../arm-none-eabi/lib/thumb/v7m\libg.a(lib_a-reallocr.o)
                0x08007900                _realloc_r
 .text          0x08007d10      0x158 e:/elektronik/toolchain/yagarto/bin/../lib/gcc/arm-none-eabi/4.6.2/../../../../arm-none-eabi/lib/thumb/v7m\libg.a(lib_a-signal.o)
                0x08007d10                _init_signal_r
                0x08007d44                _signal_r
                0x08007d84                _raise_r
                0x08007ddc                __sigtramp_r
                0x08007e2c                raise
                0x08007e3c                signal
                0x08007e4c                _init_signal
                0x08007e58                __sigtramp
 .text          0x08007e68       0x94 e:/elektronik/toolchain/yagarto/bin/../lib/gcc/arm-none-eabi/4.6.2/../../../../arm-none-eabi/lib/thumb/v7m\libg.a(lib_a-sprintf.o)
                0x08007e68                _sprintf_r
                0x08007eac                sprintf
 .text          0x08007efc      0x1dc e:/elektronik/toolchain/yagarto/bin/../lib/gcc/arm-none-eabi/4.6.2/../../../../arm-none-eabi/lib/thumb/v7m\libg.a(lib_a-strcmp.o)
                0x08007efc                strcmp
 .text          0x080080d8       0xbc e:/elektronik/toolchain/yagarto/bin/../lib/gcc/arm-none-eabi/4.6.2/../../../../arm-none-eabi/lib/thumb/v7m\libg.a(lib_a-strcpy.o)
                0x080080d8                strcpy
 .text          0x08008194       0x60 e:/elektronik/toolchain/yagarto/bin/../lib/gcc/arm-none-eabi/4.6.2/../../../../arm-none-eabi/lib/thumb/v7m\libg.a(lib_a-strlen.o)
                0x08008194                strlen
 .text          0x080081f4       0xa8 e:/elektronik/toolchain/yagarto/bin/../lib/gcc/arm-none-eabi/4.6.2/../../../../arm-none-eabi/lib/thumb/v7m\libg.a(lib_a-strncmp.o)
                0x080081f4                strncmp
 .text          0x0800829c       0x70 e:/elektronik/toolchain/yagarto/bin/../lib/gcc/arm-none-eabi/4.6.2/../../../../arm-none-eabi/lib/thumb/v7m\libg.a(lib_a-strncpy.o)
                0x0800829c                strncpy
 .text          0x0800830c     0x1314 e:/elektronik/toolchain/yagarto/bin/../lib/gcc/arm-none-eabi/4.6.2/../../../../arm-none-eabi/lib/thumb/v7m\libg.a(lib_a-svfprintf.o)
                0x0800830c                _svfprintf_r
 .text          0x08009620       0x1c e:/elektronik/toolchain/yagarto/bin/../lib/gcc/arm-none-eabi/4.6.2/../../../../arm-none-eabi/lib/thumb/v7m\libg.a(lib_a-syswrite.o)
                0x08009620                write
 .text          0x0800963c      0xb54 e:/elektronik/toolchain/yagarto/bin/../lib/gcc/arm-none-eabi/4.6.2/../../../../arm-none-eabi/lib/thumb/v7m\libg.a(lib_a-vfiprintf.o)
                0x0800963c                __sprint_r
                0x080096bc                _vfiprintf_r
                0x0800a174                vfiprintf
 .text          0x0800a190       0xc8 e:/elektronik/toolchain/yagarto/bin/../lib/gcc/arm-none-eabi/4.6.2/../../../../arm-none-eabi/lib/thumb/v7m\libg.a(lib_a-wbuf.o)
                0x0800a190                __swbuf_r
                0x0800a248                __swbuf
 .text          0x0800a258       0xb8 e:/elektronik/toolchain/yagarto/bin/../lib/gcc/arm-none-eabi/4.6.2/../../../../arm-none-eabi/lib/thumb/v7m\libg.a(lib_a-wsetup.o)
                0x0800a258                __swsetup_r
 .text          0x0800a310       0xb0 e:/elektronik/toolchain/yagarto/bin/../lib/gcc/arm-none-eabi/4.6.2/../../../../arm-none-eabi/lib/thumb/v7m\libg.a(lib_a-__atexit.o)
                0x0800a310                __register_exitproc
 .text          0x0800a3c0     0x1040 e:/elektronik/toolchain/yagarto/bin/../lib/gcc/arm-none-eabi/4.6.2/../../../../arm-none-eabi/lib/thumb/v7m\libg.a(lib_a-dtoa.o)
                0x0800a504                _dtoa_r
 .text          0x0800b400      0x1a4 e:/elektronik/toolchain/yagarto/bin/../lib/gcc/arm-none-eabi/4.6.2/../../../../arm-none-eabi/lib/thumb/v7m\libg.a(lib_a-fflush.o)
                0x0800b400                _fflush_r
                0x0800b584                fflush
 .text          0x0800b5a4      0x1c4 e:/elektronik/toolchain/yagarto/bin/../lib/gcc/arm-none-eabi/4.6.2/../../../../arm-none-eabi/lib/thumb/v7m\libg.a(lib_a-findfp.o)
                0x0800b5ac                _cleanup_r
                0x0800b60c                __sfmoreglue
                0x0800b638                _cleanup
                0x0800b644                __sinit
                0x0800b68c                __sfp
                0x0800b728                __sfp_lock_acquire
                0x0800b72c                __sfp_lock_release
                0x0800b730                __sinit_lock_acquire
                0x0800b734                __sinit_lock_release
                0x0800b738                __fp_lock_all
                0x0800b750                __fp_unlock_all
 .text          0x0800b768      0x104 e:/elektronik/toolchain/yagarto/bin/../lib/gcc/arm-none-eabi/4.6.2/../../../../arm-none-eabi/lib/thumb/v7m\libg.a(lib_a-fputwc.o)
                0x0800b768                _fputwc_r
                0x0800b848                fputwc
 .text          0x0800b86c      0x224 e:/elektronik/toolchain/yagarto/bin/../lib/gcc/arm-none-eabi/4.6.2/../../../../arm-none-eabi/lib/thumb/v7m\libg.a(lib_a-freer.o)
                0x0800b86c                _malloc_trim_r
                0x0800b90c                _free_r
 .text          0x0800ba90       0xa0 e:/elektronik/toolchain/yagarto/bin/../lib/gcc/arm-none-eabi/4.6.2/../../../../arm-none-eabi/lib/thumb/v7m\libg.a(lib_a-fwalk.o)
                0x0800ba90                _fwalk
                0x0800badc                _fwalk_reent
 .text          0x0800bb30       0x88 e:/elektronik/toolchain/yagarto/bin/../lib/gcc/arm-none-eabi/4.6.2/../../../../arm-none-eabi/lib/thumb/v7m\libg.a(lib_a-locale.o)
                0x0800bb30                _setlocale_r
                0x0800bb74                __locale_charset
                0x0800bb80                __locale_mb_cur_max
                0x0800bb8c                __locale_msgcharset
                0x0800bb94                __locale_cjk_lang
                0x0800bb98                _localeconv_r
                0x0800bba0                setlocale
                0x0800bbb0                localeconv
 .text          0x0800bbb8       0xe4 e:/elektronik/toolchain/yagarto/bin/../lib/gcc/arm-none-eabi/4.6.2/../../../../arm-none-eabi/lib/thumb/v7m\libg.a(lib_a-makebuf.o)
                0x0800bbb8                __smakebuf_r
 .text          0x0800bc9c      0x8c8 e:/elektronik/toolchain/yagarto/bin/../lib/gcc/arm-none-eabi/4.6.2/../../../../arm-none-eabi/lib/thumb/v7m\libg.a(lib_a-mprec.o)
                0x0800bc9c                _Balloc
                0x0800bce8                _Bfree
                0x0800bcfc                __multadd
                0x0800bd80                __s2b
                0x0800be14                __hi0bits
                0x0800be50                __lo0bits
                0x0800beac                __i2b
                0x0800bec0                __multiply
                0x0800bff8                __pow5mult
                0x0800c090                __lshift
                0x0800c150                __mcmp
                0x0800c190                __mdiff
                0x0800c274                __ulp
                0x0800c2b8                __b2d
                0x0800c364                __d2b
                0x0800c42c                __ratio
                0x0800c488                _mprec_log10
                0x0800c4bc                __copybits
                0x0800c504                __any_on
 .text          0x0800c564       0x90 e:/elektronik/toolchain/yagarto/bin/../lib/gcc/arm-none-eabi/4.6.2/../../../../arm-none-eabi/lib/thumb/v7m\libg.a(lib_a-s_fpclassify.o)
                0x0800c564                __fpclassifyd
 .text          0x0800c5f4       0x8c e:/elektronik/toolchain/yagarto/bin/../lib/gcc/arm-none-eabi/4.6.2/../../../../arm-none-eabi/lib/thumb/v7m\libg.a(lib_a-stdio.o)
                0x0800c5f4                __sread
                0x0800c618                __seofread
                0x0800c61c                __swrite
                0x0800c654                __sseek
                0x0800c678                __sclose
 .text          0x0800c680      0xa00 e:/elektronik/toolchain/yagarto/bin/../lib/gcc/arm-none-eabi/4.6.2/../../../../arm-none-eabi/lib/thumb/v7m\libg.a(lib_a-svfiprintf.o)
                0x0800c680                __ssprint_r
                0x0800c798                _svfiprintf_r
 .text          0x0800d080       0xac e:/elektronik/toolchain/yagarto/bin/../lib/gcc/arm-none-eabi/4.6.2/../../../../arm-none-eabi/lib/thumb/v7m\libg.a(lib_a-wcrtomb.o)
                0x0800d080                _wcrtomb_r
                0x0800d0cc                wcrtomb
 .text          0x0800d12c       0x4c e:/elektronik/toolchain/yagarto/bin/../lib/gcc/arm-none-eabi/4.6.2/../../../../arm-none-eabi/lib/thumb/v7m\libg.a(lib_a-wctomb_r.o)
                0x0800d12c                __ascii_wctomb
                0x0800d148                _wctomb_r
 .text          0x0800d178       0x60 e:/elektronik/toolchain/yagarto/bin/../lib/gcc/arm-none-eabi/4.6.2/../../../../arm-none-eabi/lib/thumb/v7m\libg.a(lib_a-callocr.o)
                0x0800d178                _calloc_r
 .text          0x0800d1d8       0x9c e:/elektronik/toolchain/yagarto/bin/../lib/gcc/arm-none-eabi/4.6.2/../../../../arm-none-eabi/lib/thumb/v7m\libg.a(lib_a-fclose.o)
                0x0800d1d8                _fclose_r
                0x0800d264                fclose
 *fill*         0x0800d274        0x4 00
 .text          0x0800d278      0x278 e:/elektronik/toolchain/yagarto/bin/../lib/gcc/arm-none-eabi/4.6.2/thumb/v7m\libgcc.a(_udivsi3.o)
                0x0800d278                __aeabi_uidiv
                0x0800d278                __udivsi3
                0x0800d4d4                __aeabi_uidivmod
 .text          0x0800d4f0        0x4 e:/elektronik/toolchain/yagarto/bin/../lib/gcc/arm-none-eabi/4.6.2/thumb/v7m\libgcc.a(_dvmd_tls.o)
                0x0800d4f0                __aeabi_idiv0
                0x0800d4f0                __aeabi_ldiv0
 .text          0x0800d4f4      0x370 e:/elektronik/toolchain/yagarto/bin/../lib/gcc/arm-none-eabi/4.6.2/thumb/v7m\libgcc.a(_arm_addsubdf3.o)
                0x0800d4f4                __aeabi_drsub
                0x0800d4fc                __aeabi_dsub
                0x0800d4fc                __subdf3
                0x0800d500                __aeabi_dadd
                0x0800d500                __adddf3
                0x0800d778                __floatunsidf
                0x0800d778                __aeabi_ui2d
                0x0800d798                __floatsidf
                0x0800d798                __aeabi_i2d
                0x0800d7bc                __aeabi_f2d
                0x0800d7bc                __extendsfdf2
                0x0800d7f8                __floatundidf
                0x0800d7f8                __aeabi_ul2d
                0x0800d808                __floatdidf
                0x0800d808                __aeabi_l2d
 .text          0x0800d864      0x424 e:/elektronik/toolchain/yagarto/bin/../lib/gcc/arm-none-eabi/4.6.2/thumb/v7m\libgcc.a(_arm_muldivdf3.o)
                0x0800d864                __aeabi_dmul
                0x0800d864                __muldf3
                0x0800dab8                __divdf3
                0x0800dab8                __aeabi_ddiv
 .text          0x0800dc88      0x110 e:/elektronik/toolchain/yagarto/bin/../lib/gcc/arm-none-eabi/4.6.2/thumb/v7m\libgcc.a(_arm_cmpdf2.o)
                0x0800dc88                __gtdf2
                0x0800dc88                __gedf2
                0x0800dc90                __ltdf2
                0x0800dc90                __ledf2
                0x0800dc98                __nedf2
                0x0800dc98                __eqdf2
                0x0800dc98                __cmpdf2
                0x0800dd14                __aeabi_cdrcmple
                0x0800dd24                __aeabi_cdcmpeq
                0x0800dd24                __aeabi_cdcmple
                0x0800dd34                __aeabi_dcmpeq
                0x0800dd48                __aeabi_dcmplt
                0x0800dd5c                __aeabi_dcmple
                0x0800dd70                __aeabi_dcmpge
                0x0800dd84                __aeabi_dcmpgt
 .text          0x0800dd98       0x50 e:/elektronik/toolchain/yagarto/bin/../lib/gcc/arm-none-eabi/4.6.2/thumb/v7m\libgcc.a(_arm_fixdfsi.o)
                0x0800dd98                __aeabi_d2iz
                0x0800dd98                __fixdfsi
 *(.text*)
 .text.NVIC_Init
                0x0800dde8       0xe4 ./STM32F4xx_StdPeriph_Driver/src/misc.o
                0x0800dde8                NVIC_Init
 .text.DAC_Init
                0x0800decc       0x74 ./STM32F4xx_StdPeriph_Driver/src/stm32f4xx_dac.o
                0x0800decc                DAC_Init
 .text.DAC_Cmd  0x0800df40       0x68 ./STM32F4xx_StdPeriph_Driver/src/stm32f4xx_dac.o
                0x0800df40                DAC_Cmd
 .text.DAC_SetChannel1Data
                0x0800dfa8       0x38 ./STM32F4xx_StdPeriph_Driver/src/stm32f4xx_dac.o
                0x0800dfa8                DAC_SetChannel1Data
 .text.DMA_DeInit
                0x0800dfe0      0x244 ./STM32F4xx_StdPeriph_Driver/src/stm32f4xx_dma.o
                0x0800dfe0                DMA_DeInit
 .text.DMA_Init
                0x0800e224       0xb0 ./STM32F4xx_StdPeriph_Driver/src/stm32f4xx_dma.o
                0x0800e224                DMA_Init
 .text.DMA_Cmd  0x0800e2d4       0x38 ./STM32F4xx_StdPeriph_Driver/src/stm32f4xx_dma.o
                0x0800e2d4                DMA_Cmd
 .text.DMA_FlowControllerConfig
                0x0800e30c       0x34 ./STM32F4xx_StdPeriph_Driver/src/stm32f4xx_dma.o
                0x0800e30c                DMA_FlowControllerConfig
 .text.DMA_GetCmdStatus
                0x0800e340       0x38 ./STM32F4xx_StdPeriph_Driver/src/stm32f4xx_dma.o
                0x0800e340                DMA_GetCmdStatus
 .text.DMA_GetFlagStatus
                0x0800e378       0x88 ./STM32F4xx_StdPeriph_Driver/src/stm32f4xx_dma.o
                0x0800e378                DMA_GetFlagStatus
 .text.DMA_ClearFlag
                0x0800e400       0x64 ./STM32F4xx_StdPeriph_Driver/src/stm32f4xx_dma.o
                0x0800e400                DMA_ClearFlag
 .text.DMA_ITConfig
                0x0800e464       0x78 ./STM32F4xx_StdPeriph_Driver/src/stm32f4xx_dma.o
                0x0800e464                DMA_ITConfig
 .text.GPIO_Init
                0x0800e4dc      0x154 ./STM32F4xx_StdPeriph_Driver/src/stm32f4xx_gpio.o
                0x0800e4dc                GPIO_Init
 .text.GPIO_ReadInputDataBit
                0x0800e630       0x3c ./STM32F4xx_StdPeriph_Driver/src/stm32f4xx_gpio.o
                0x0800e630                GPIO_ReadInputDataBit
 .text.GPIO_ReadInputData
                0x0800e66c       0x1c ./STM32F4xx_StdPeriph_Driver/src/stm32f4xx_gpio.o
                0x0800e66c                GPIO_ReadInputData
 .text.GPIO_SetBits
                0x0800e688       0x1c ./STM32F4xx_StdPeriph_Driver/src/stm32f4xx_gpio.o
                0x0800e688                GPIO_SetBits
 .text.GPIO_ResetBits
                0x0800e6a4       0x1c ./STM32F4xx_StdPeriph_Driver/src/stm32f4xx_gpio.o
                0x0800e6a4                GPIO_ResetBits
 .text.GPIO_WriteBit
                0x0800e6c0       0x30 ./STM32F4xx_StdPeriph_Driver/src/stm32f4xx_gpio.o
                0x0800e6c0                GPIO_WriteBit
 .text.GPIO_PinAFConfig
                0x0800e6f0       0xac ./STM32F4xx_StdPeriph_Driver/src/stm32f4xx_gpio.o
                0x0800e6f0                GPIO_PinAFConfig
 .text.I2C_DeInit
                0x0800e79c       0x88 ./STM32F4xx_StdPeriph_Driver/src/stm32f4xx_i2c.o
                0x0800e79c                I2C_DeInit
 .text.I2C_Init
                0x0800e824      0x1ac ./STM32F4xx_StdPeriph_Driver/src/stm32f4xx_i2c.o
                0x0800e824                I2C_Init
 .text.I2C_Cmd  0x0800e9d0       0x40 ./STM32F4xx_StdPeriph_Driver/src/stm32f4xx_i2c.o
                0x0800e9d0                I2C_Cmd
 .text.I2C_GenerateSTART
                0x0800ea10       0x40 ./STM32F4xx_StdPeriph_Driver/src/stm32f4xx_i2c.o
                0x0800ea10                I2C_GenerateSTART
 .text.I2C_GenerateSTOP
                0x0800ea50       0x40 ./STM32F4xx_StdPeriph_Driver/src/stm32f4xx_i2c.o
                0x0800ea50                I2C_GenerateSTOP
 .text.I2C_Send7bitAddress
                0x0800ea90       0x3c ./STM32F4xx_StdPeriph_Driver/src/stm32f4xx_i2c.o
                0x0800ea90                I2C_Send7bitAddress
 .text.I2C_AcknowledgeConfig
                0x0800eacc       0x40 ./STM32F4xx_StdPeriph_Driver/src/stm32f4xx_i2c.o
                0x0800eacc                I2C_AcknowledgeConfig
 .text.I2C_SendData
                0x0800eb0c       0x20 ./STM32F4xx_StdPeriph_Driver/src/stm32f4xx_i2c.o
                0x0800eb0c                I2C_SendData
 .text.I2C_ReceiveData
                0x0800eb2c       0x1c ./STM32F4xx_StdPeriph_Driver/src/stm32f4xx_i2c.o
                0x0800eb2c                I2C_ReceiveData
 .text.I2C_CheckEvent
                0x0800eb48       0x70 ./STM32F4xx_StdPeriph_Driver/src/stm32f4xx_i2c.o
                0x0800eb48                I2C_CheckEvent
 .text.I2C_GetFlagStatus
                0x0800ebb8       0x78 ./STM32F4xx_StdPeriph_Driver/src/stm32f4xx_i2c.o
                0x0800ebb8                I2C_GetFlagStatus
 .text.I2C_ClearFlag
                0x0800ec30       0x30 ./STM32F4xx_StdPeriph_Driver/src/stm32f4xx_i2c.o
                0x0800ec30                I2C_ClearFlag
 .text.RCC_GetClocksFreq
                0x0800ec60      0x1d0 ./STM32F4xx_StdPeriph_Driver/src/stm32f4xx_rcc.o
                0x0800ec60                RCC_GetClocksFreq
 .text.RCC_AHB1PeriphClockCmd
                0x0800ee30       0x58 ./STM32F4xx_StdPeriph_Driver/src/stm32f4xx_rcc.o
                0x0800ee30                RCC_AHB1PeriphClockCmd
 .text.RCC_APB1PeriphClockCmd
                0x0800ee88       0x58 ./STM32F4xx_StdPeriph_Driver/src/stm32f4xx_rcc.o
                0x0800ee88                RCC_APB1PeriphClockCmd
 .text.RCC_APB2PeriphClockCmd
                0x0800eee0       0x58 ./STM32F4xx_StdPeriph_Driver/src/stm32f4xx_rcc.o
                0x0800eee0                RCC_APB2PeriphClockCmd
 .text.RCC_APB1PeriphResetCmd
                0x0800ef38       0x58 ./STM32F4xx_StdPeriph_Driver/src/stm32f4xx_rcc.o
                0x0800ef38                RCC_APB1PeriphResetCmd
 .text.RCC_APB2PeriphResetCmd
                0x0800ef90       0x58 ./STM32F4xx_StdPeriph_Driver/src/stm32f4xx_rcc.o
                0x0800ef90                RCC_APB2PeriphResetCmd
 .text.SDIO_DeInit
                0x0800efe8       0x20 ./STM32F4xx_StdPeriph_Driver/src/stm32f4xx_sdio.o
                0x0800efe8                SDIO_DeInit
 .text.SDIO_Init
                0x0800f008       0x68 ./STM32F4xx_StdPeriph_Driver/src/stm32f4xx_sdio.o
                0x0800f008                SDIO_Init
 .text.SDIO_ClockCmd
                0x0800f070       0x20 ./STM32F4xx_StdPeriph_Driver/src/stm32f4xx_sdio.o
                0x0800f070                SDIO_ClockCmd
 .text.SDIO_SetPowerState
                0x0800f090       0x20 ./STM32F4xx_StdPeriph_Driver/src/stm32f4xx_sdio.o
                0x0800f090                SDIO_SetPowerState
 .text.SDIO_GetPowerState
                0x0800f0b0       0x1c ./STM32F4xx_StdPeriph_Driver/src/stm32f4xx_sdio.o
                0x0800f0b0                SDIO_GetPowerState
 .text.SDIO_SendCommand
                0x0800f0cc       0x68 ./STM32F4xx_StdPeriph_Driver/src/stm32f4xx_sdio.o
                0x0800f0cc                SDIO_SendCommand
 .text.SDIO_GetCommandResponse
                0x0800f134       0x18 ./STM32F4xx_StdPeriph_Driver/src/stm32f4xx_sdio.o
                0x0800f134                SDIO_GetCommandResponse
 .text.SDIO_GetResponse
                0x0800f14c       0x2c ./STM32F4xx_StdPeriph_Driver/src/stm32f4xx_sdio.o
                0x0800f14c                SDIO_GetResponse
 .text.SDIO_DataConfig
                0x0800f178       0x70 ./STM32F4xx_StdPeriph_Driver/src/stm32f4xx_sdio.o
                0x0800f178                SDIO_DataConfig
 .text.SDIO_ReadData
                0x0800f1e8       0x18 ./STM32F4xx_StdPeriph_Driver/src/stm32f4xx_sdio.o
                0x0800f1e8                SDIO_ReadData
 .text.SDIO_DMACmd
                0x0800f200       0x20 ./STM32F4xx_StdPeriph_Driver/src/stm32f4xx_sdio.o
                0x0800f200                SDIO_DMACmd
 .text.SDIO_ITConfig
                0x0800f220       0x58 ./STM32F4xx_StdPeriph_Driver/src/stm32f4xx_sdio.o
                0x0800f220                SDIO_ITConfig
 .text.SDIO_GetFlagStatus
                0x0800f278       0x40 ./STM32F4xx_StdPeriph_Driver/src/stm32f4xx_sdio.o
                0x0800f278                SDIO_GetFlagStatus
 .text.SDIO_ClearFlag
                0x0800f2b8       0x20 ./STM32F4xx_StdPeriph_Driver/src/stm32f4xx_sdio.o
                0x0800f2b8                SDIO_ClearFlag
 .text.SDIO_GetITStatus
                0x0800f2d8       0x40 ./STM32F4xx_StdPeriph_Driver/src/stm32f4xx_sdio.o
                0x0800f2d8                SDIO_GetITStatus
 .text.SDIO_ClearITPendingBit
                0x0800f318       0x20 ./STM32F4xx_StdPeriph_Driver/src/stm32f4xx_sdio.o
                0x0800f318                SDIO_ClearITPendingBit
 .text.SPI_I2S_DeInit
                0x0800f338       0x88 ./STM32F4xx_StdPeriph_Driver/src/stm32f4xx_spi.o
                0x0800f338                SPI_I2S_DeInit
 .text.I2S_Init
                0x0800f3c0      0x214 ./STM32F4xx_StdPeriph_Driver/src/stm32f4xx_spi.o
                0x0800f3c0                I2S_Init
 .text.I2S_Cmd  0x0800f5d4       0x40 ./STM32F4xx_StdPeriph_Driver/src/stm32f4xx_spi.o
                0x0800f5d4                I2S_Cmd
 .text.SPI_I2S_SendData
                0x0800f614       0x1c ./STM32F4xx_StdPeriph_Driver/src/stm32f4xx_spi.o
                0x0800f614                SPI_I2S_SendData
 .text.SPI_I2S_DMACmd
                0x0800f630       0x48 ./STM32F4xx_StdPeriph_Driver/src/stm32f4xx_spi.o
                0x0800f630                SPI_I2S_DMACmd
 .text.SPI_I2S_ITConfig
                0x0800f678       0x6c ./STM32F4xx_StdPeriph_Driver/src/stm32f4xx_spi.o
                0x0800f678                SPI_I2S_ITConfig
 .text.SPI_I2S_GetFlagStatus
                0x0800f6e4       0x40 ./STM32F4xx_StdPeriph_Driver/src/stm32f4xx_spi.o
                0x0800f6e4                SPI_I2S_GetFlagStatus
 .text.STM_EVAL_LEDInit
                0x0800f724       0x6c ./STM32F4-Discovery/stm32f4_discovery.o
                0x0800f724                STM_EVAL_LEDInit
 .text.STM_EVAL_LEDOn
                0x0800f790       0x34 ./STM32F4-Discovery/stm32f4_discovery.o
                0x0800f790                STM_EVAL_LEDOn
 .text.STM_EVAL_LEDOff
                0x0800f7c4       0x34 ./STM32F4-Discovery/stm32f4_discovery.o
                0x0800f7c4                STM_EVAL_LEDOff
 .text.EVAL_AUDIO_SetAudioInterface
                0x0800f7f8      0x170 ./STM32F4-Discovery/stm32f4_discovery_audio_codec.o
                0x0800f7f8                EVAL_AUDIO_SetAudioInterface
 .text.EVAL_AUDIO_Init
                0x0800f968       0x68 ./STM32F4-Discovery/stm32f4_discovery_audio_codec.o
                0x0800f968                EVAL_AUDIO_Init
 .text.EVAL_AUDIO_DeInit
                0x0800f9d0       0x14 ./STM32F4-Discovery/stm32f4_discovery_audio_codec.o
                0x0800f9d0                EVAL_AUDIO_DeInit
 .text.EVAL_AUDIO_Play
                0x0800f9e4       0x98 ./STM32F4-Discovery/stm32f4_discovery_audio_codec.o
                0x0800f9e4                EVAL_AUDIO_Play
 .text.Audio_MAL_IRQHandler
                0x0800fa7c      0x180 ./STM32F4-Discovery/stm32f4_discovery_audio_codec.o
 .text.DMA1_Stream7_IRQHandler
                0x0800fbfc        0xc ./STM32F4-Discovery/stm32f4_discovery_audio_codec.o
                0x0800fbfc                DMA1_Stream7_IRQHandler
 .text.DMA1_Stream0_IRQHandler
                0x0800fc08        0xc ./STM32F4-Discovery/stm32f4_discovery_audio_codec.o
                0x0800fc08                DMA1_Stream0_IRQHandler
 .text.SPI3_IRQHandler
                0x0800fc14       0x50 ./STM32F4-Discovery/stm32f4_discovery_audio_codec.o
                0x0800fc14                SPI3_IRQHandler
 .text.Codec_Init
                0x0800fc64      0x1a8 ./STM32F4-Discovery/stm32f4_discovery_audio_codec.o
 .text.Codec_DeInit
                0x0800fe0c       0x3c ./STM32F4-Discovery/stm32f4_discovery_audio_codec.o
 .text.Codec_Play
                0x0800fe48       0x10 ./STM32F4-Discovery/stm32f4_discovery_audio_codec.o
 .text.Codec_VolumeCtrl
                0x0800fe58       0x8c ./STM32F4-Discovery/stm32f4_discovery_audio_codec.o
 .text.Codec_Reset
                0x0800fee4       0x38 ./STM32F4-Discovery/stm32f4_discovery_audio_codec.o
 .text.Codec_WriteRegister
                0x0800ff1c      0x23c ./STM32F4-Discovery/stm32f4_discovery_audio_codec.o
 .text.Codec_ReadRegister
                0x08010158      0x388 ./STM32F4-Discovery/stm32f4_discovery_audio_codec.o
 .text.Codec_CtrlInterface_Init
                0x080104e0       0x70 ./STM32F4-Discovery/stm32f4_discovery_audio_codec.o
 .text.Codec_CtrlInterface_DeInit
                0x08010550        0xc ./STM32F4-Discovery/stm32f4_discovery_audio_codec.o
 .text.Codec_AudioInterface_Init
                0x0801055c       0xa4 ./STM32F4-Discovery/stm32f4_discovery_audio_codec.o
 .text.Codec_AudioInterface_DeInit
                0x08010600       0x30 ./STM32F4-Discovery/stm32f4_discovery_audio_codec.o
 .text.Codec_GPIO_Init
                0x08010630      0x1ac ./STM32F4-Discovery/stm32f4_discovery_audio_codec.o
 .text.Codec_GPIO_DeInit
                0x080107dc       0xb8 ./STM32F4-Discovery/stm32f4_discovery_audio_codec.o
 .text.Delay    0x08010894       0x24 ./STM32F4-Discovery/stm32f4_discovery_audio_codec.o
 .text.Audio_MAL_Init
                0x080108b8      0x1ec ./STM32F4-Discovery/stm32f4_discovery_audio_codec.o
 .text.Audio_MAL_DeInit
                0x08010aa4       0x5c ./STM32F4-Discovery/stm32f4_discovery_audio_codec.o
 .text.Audio_MAL_Play
                0x08010b00       0xd4 ./STM32F4-Discovery/stm32f4_discovery_audio_codec.o
                0x08010b00                Audio_MAL_Play
 .text.DAC_Config
                0x08010bd4       0x78 ./STM32F4-Discovery/stm32f4_discovery_audio_codec.o
                0x08010bd4                DAC_Config
 .text._ZNK5CTask7IsValidEv
                0x08010c4c       0x24 ./Menue/CMenue.o
                0x08010c4c                CTask::IsValid() const
 .text._ZN5CTask6DetachEv
                0x08010c70       0x24 ./Menue/CMenue.o
                0x08010c70                CTask::Detach()
 .text._ZN12AManagedTask8OnCreateEPKctm
                0x08010c94       0x20 ./Menue/CMenue.o
                0x08010c94                AManagedTask::OnCreate(char const*, unsigned short, unsigned long)
 .text._ZN6CMenueC2EP11CGraphicLCD
                0x08010cb4       0x30 ./Menue/CMenue.o
                0x08010cb4                CMenue::CMenue(CGraphicLCD*)
                0x08010cb4                CMenue::CMenue(CGraphicLCD*)
 .text._ZN6CMenueD2Ev
                0x08010ce4       0x38 ./Menue/CMenue.o
                0x08010ce4                CMenue::~CMenue()
                0x08010ce4                CMenue::~CMenue()
 .text._ZN6CMenueD0Ev
                0x08010d1c       0x20 ./Menue/CMenue.o
                0x08010d1c                CMenue::~CMenue()
 .text._ZN6CMenue12HardwareInitEv
                0x08010d3c       0x18 ./Menue/CMenue.o
                0x08010d3c                CMenue::HardwareInit()
 .text._ZN6CMenue3RunEv
                0x08010d54      0x1fc ./Menue/CMenue.o
                0x08010d54                CMenue::Run()
 .text.xmp3_SetBitstreamPointer
                0x08010f50       0x34 ./HelixMP3/real/bitstream.o
                0x08010f50                xmp3_SetBitstreamPointer
 .text.RefillBitstreamCache
                0x08010f84      0x110 ./HelixMP3/real/bitstream.o
 .text.xmp3_GetBits
                0x08011094       0x9c ./HelixMP3/real/bitstream.o
                0x08011094                xmp3_GetBits
 .text.xmp3_CalcBitsUsed
                0x08011130       0x3c ./HelixMP3/real/bitstream.o
                0x08011130                xmp3_CalcBitsUsed
 .text.xmp3_CheckPadBit
                0x0801116c       0x3c ./HelixMP3/real/bitstream.o
                0x0801116c                xmp3_CheckPadBit
 .text.xmp3_UnpackFrameHeader
                0x080111a8      0x36c ./HelixMP3/real/bitstream.o
                0x080111a8                xmp3_UnpackFrameHeader
 .text.xmp3_UnpackSideInfo
                0x08011514      0x3ac ./HelixMP3/real/bitstream.o
                0x08011514                xmp3_UnpackSideInfo
 .text.ClearBuffer
                0x080118c0       0x3c ./HelixMP3/real/buffers.o
                0x080118c0                ClearBuffer
 .text.xmp3_AllocateBuffers
                0x080118fc      0x11c ./HelixMP3/real/buffers.o
                0x080118fc                xmp3_AllocateBuffers
 .text.MULSHIFT32
                0x08011a18       0x44 ./HelixMP3/real/dct32.o
 .text.xmp3_FDCT32
                0x08011a5c     0x10b8 ./HelixMP3/real/dct32.o
                0x08011a5c                xmp3_FDCT32
 .text.CLZ      0x08012b14       0x40 ./HelixMP3/real/dequant.o
 .text.xmp3_Dequantize
                0x08012b54      0x410 ./HelixMP3/real/dequant.o
                0x08012b54                xmp3_Dequantize
 .text.MULSHIFT32
                0x08012f64       0x44 ./HelixMP3/real/dqchan.o
 .text.CLZ      0x08012fa8       0x40 ./HelixMP3/real/dqchan.o
 .text.DequantBlock
                0x08012fe8      0x2c4 ./HelixMP3/real/dqchan.o
 .text.xmp3_DequantChannel
                0x080132ac      0x3dc ./HelixMP3/real/dqchan.o
                0x080132ac                xmp3_DequantChannel
 .text.DecodeHuffmanPairs
                0x08013688      0x680 ./HelixMP3/real/huffman.o
 .text.DecodeHuffmanQuads
                0x08013d08      0x2d4 ./HelixMP3/real/huffman.o
 .text.xmp3_DecodeHuffman
                0x08013fdc      0x334 ./HelixMP3/real/huffman.o
                0x08013fdc                xmp3_DecodeHuffman
 .text.MULSHIFT32
                0x08014310       0x44 ./HelixMP3/real/imdct.o
 .text.FASTABS  0x08014354       0x1c ./HelixMP3/real/imdct.o
 .text.CLZ      0x08014370       0x40 ./HelixMP3/real/imdct.o
 .text.AntiAlias
                0x080143b0      0x3a8 ./HelixMP3/real/imdct.o
 .text.WinPrevious
                0x08014758      0x34c ./HelixMP3/real/imdct.o
 .text.FreqInvertRescale
                0x08014aa4      0x3c0 ./HelixMP3/real/imdct.o
 .text.idct9    0x08014e64      0x358 ./HelixMP3/real/imdct.o
 .text.IMDCT36  0x080151bc      0x508 ./HelixMP3/real/imdct.o
 .text.imdct12  0x080156c4      0x1dc ./HelixMP3/real/imdct.o
 .text.IMDCT12x3
                0x080158a0      0x4c0 ./HelixMP3/real/imdct.o
 .text.HybridTransform
                0x08015d60      0x294 ./HelixMP3/real/imdct.o
 .text.xmp3_IMDCT
                0x08015ff4      0x340 ./HelixMP3/real/imdct.o
                0x08015ff4                xmp3_IMDCT
 .text.MADD64   0x08016334       0x48 ./HelixMP3/real/polyphase.o
 .text.SAR64    0x0801637c       0x50 ./HelixMP3/real/polyphase.o
 .text.ClipToShort
                0x080163cc       0x48 ./HelixMP3/real/polyphase.o
 .text.xmp3_PolyphaseMono
                0x08016414      0x8f0 ./HelixMP3/real/polyphase.o
                0x08016414                xmp3_PolyphaseMono
 .text.xmp3_PolyphaseStereo
                0x08016d04      0xf90 ./HelixMP3/real/polyphase.o
                0x08016d04                xmp3_PolyphaseStereo
 .text.UnpackSFMPEG1
                0x08017c94      0x348 ./HelixMP3/real/scalfact.o
 .text.UnpackSFMPEG2
                0x08017fdc      0x5bc ./HelixMP3/real/scalfact.o
 .text.xmp3_UnpackScaleFactors
                0x08018598      0x1f8 ./HelixMP3/real/scalfact.o
                0x08018598                xmp3_UnpackScaleFactors
 .text.MULSHIFT32
                0x08018790       0x44 ./HelixMP3/real/stproc.o
 .text.FASTABS  0x080187d4       0x1c ./HelixMP3/real/stproc.o
 .text.xmp3_MidSideProc
                0x080187f0       0xc0 ./HelixMP3/real/stproc.o
                0x080187f0                xmp3_MidSideProc
 .text.xmp3_IntensityProcMPEG1
                0x080188b0      0x4e0 ./HelixMP3/real/stproc.o
                0x080188b0                xmp3_IntensityProcMPEG1
 .text.xmp3_IntensityProcMPEG2
                0x08018d90      0x57c ./HelixMP3/real/stproc.o
                0x08018d90                xmp3_IntensityProcMPEG2
 .text.xmp3_Subband
                0x0801930c      0x1cc ./HelixMP3/real/subband.o
                0x0801930c                xmp3_Subband
 .text.MP3InitDecoder
                0x080194d8       0x1c ./HelixMP3/mp3dec.o
                0x080194d8                MP3InitDecoder
 .text.MP3FindSyncWord
                0x080194f4       0x5c ./HelixMP3/mp3dec.o
                0x080194f4                MP3FindSyncWord
 .text.MP3FindFreeSync
                0x08019550       0xc0 ./HelixMP3/mp3dec.o
 .text.MP3GetLastFrameInfo
                0x08019610       0xd8 ./HelixMP3/mp3dec.o
                0x08019610                MP3GetLastFrameInfo
 .text.MP3GetNextFrameInfo
                0x080196e8       0x54 ./HelixMP3/mp3dec.o
                0x080196e8                MP3GetNextFrameInfo
 .text.MP3ClearBadFrame
                0x0801973c       0x60 ./HelixMP3/mp3dec.o
 .text.MP3Decode
                0x0801979c      0x480 ./HelixMP3/mp3dec.o
                0x0801979c                MP3Decode
 .text._ZN11CGraphicLCDC2Ev
                0x08019c1c       0x28 ./GraphicLCD/CGraphicLCD.o
                0x08019c1c                CGraphicLCD::CGraphicLCD()
                0x08019c1c                CGraphicLCD::CGraphicLCD()
 .text._ZN11CGraphicLCDD2Ev
                0x08019c44       0x34 ./GraphicLCD/CGraphicLCD.o
                0x08019c44                CGraphicLCD::~CGraphicLCD()
                0x08019c44                CGraphicLCD::~CGraphicLCD()
 .text._ZN11CGraphicLCDD0Ev
                0x08019c78       0x20 ./GraphicLCD/CGraphicLCD.o
                0x08019c78                CGraphicLCD::~CGraphicLCD()
 .text._ZN11CGraphicLCD7InverseEv
                0x08019c98       0x18 ./GraphicLCD/CGraphicLCD.o
                0x08019c98                CGraphicLCD::Inverse()
 .text._ZN11CGraphicLCD7InverseEb
                0x08019cb0       0x1c ./GraphicLCD/CGraphicLCD.o
                0x08019cb0                CGraphicLCD::Inverse(bool)
 .text._ZN13CT6963CDriverC2Ev
                0x08019ccc       0x28 ./GraphicLCD/CT6963CDriver.o
                0x08019ccc                CT6963CDriver::CT6963CDriver()
                0x08019ccc                CT6963CDriver::CT6963CDriver()
 .text._ZN13CT6963CDriverD2Ev
                0x08019cf4       0x38 ./GraphicLCD/CT6963CDriver.o
                0x08019cf4                CT6963CDriver::~CT6963CDriver()
                0x08019cf4                CT6963CDriver::~CT6963CDriver()
 .text._ZN13CT6963CDriverD0Ev
                0x08019d2c       0x20 ./GraphicLCD/CT6963CDriver.o
                0x08019d2c                CT6963CDriver::~CT6963CDriver()
 .text._ZN13CT6963CDriver4InitEv
                0x08019d4c      0x160 ./GraphicLCD/CT6963CDriver.o
                0x08019d4c                CT6963CDriver::Init()
 .text._ZN13CT6963CDriver17SetAddressPointerEj
                0x08019eac       0x58 ./GraphicLCD/CT6963CDriver.o
                0x08019eac                CT6963CDriver::SetAddressPointer(unsigned int)
 .text._ZN13CT6963CDriver8TextGoToEhh
                0x08019f04       0x34 ./GraphicLCD/CT6963CDriver.o
                0x08019f04                CT6963CDriver::TextGoTo(unsigned char, unsigned char)
 .text._ZN13CT6963CDriver11GraphicGoToEhh
                0x08019f38       0x40 ./GraphicLCD/CT6963CDriver.o
                0x08019f38                CT6963CDriver::GraphicGoTo(unsigned char, unsigned char)
 .text._ZN13CT6963CDriver5ClearEv
                0x08019f78       0x9c ./GraphicLCD/CT6963CDriver.o
                0x08019f78                CT6963CDriver::Clear()
 .text._ZN13CT6963CDriver16WriteDisplayDataEh
                0x0801a014       0x38 ./GraphicLCD/CT6963CDriver.o
                0x0801a014                CT6963CDriver::WriteDisplayData(unsigned char)
 .text._ZN13CT6963CDriver9WriteCharEc
                0x0801a04c       0x24 ./GraphicLCD/CT6963CDriver.o
                0x0801a04c                CT6963CDriver::WriteChar(char)
 .text._ZN13CT6963CDriver11WriteStringEPKcRK5tFontjj
                0x0801a070      0x19c ./GraphicLCD/CT6963CDriver.o
                0x0801a070                CT6963CDriver::WriteString(char const*, tFont const&, unsigned int, unsigned int)
 .text._ZN13CT6963CDriver8SetPixelEhh
                0x0801a20c       0x88 ./GraphicLCD/CT6963CDriver.o
                0x0801a20c                CT6963CDriver::SetPixel(unsigned char, unsigned char)
 .text._ZN13CT6963CDriver4LineEjjjj
                0x0801a294      0x150 ./GraphicLCD/CT6963CDriver.o
                0x0801a294                CT6963CDriver::Line(unsigned int, unsigned int, unsigned int, unsigned int)
 .text._ZN13CT6963CDriver6WindowEjjjj
                0x0801a3e4      0x348 ./GraphicLCD/CT6963CDriver.o
                0x0801a3e4                CT6963CDriver::Window(unsigned int, unsigned int, unsigned int, unsigned int)
 .text._ZN13CT6963CDriver9RectangleEjjjjb
                0x0801a72c      0x144 ./GraphicLCD/CT6963CDriver.o
                0x0801a72c                CT6963CDriver::Rectangle(unsigned int, unsigned int, unsigned int, unsigned int, bool)
 .text._ZN13CT6963CDriver11SectorClearEjjjj
                0x0801a870       0x60 ./GraphicLCD/CT6963CDriver.o
                0x0801a870                CT6963CDriver::SectorClear(unsigned int, unsigned int, unsigned int, unsigned int)
 .text._ZN13CT6963CDriver6CircleEhhh
                0x0801a8d0      0x184 ./GraphicLCD/CT6963CDriver.o
                0x0801a8d0                CT6963CDriver::Circle(unsigned char, unsigned char, unsigned char)
 .text._ZN13CT6963CDriver6BitmapEPhhhhh
                0x0801aa54       0xd4 ./GraphicLCD/CT6963CDriver.o
                0x0801aa54                CT6963CDriver::Bitmap(unsigned char*, unsigned char, unsigned char, unsigned char, unsigned char)
 .text._ZN21CT6963_GPIO_InterfaceC2Ev
                0x0801ab28       0x28 ./GraphicLCD/CT6963GPIOInterface.o
                0x0801ab28                CT6963_GPIO_Interface::CT6963_GPIO_Interface()
                0x0801ab28                CT6963_GPIO_Interface::CT6963_GPIO_Interface()
 .text._ZN21CT6963_GPIO_InterfaceD2Ev
                0x0801ab50       0x38 ./GraphicLCD/CT6963GPIOInterface.o
                0x0801ab50                CT6963_GPIO_Interface::~CT6963_GPIO_Interface()
                0x0801ab50                CT6963_GPIO_Interface::~CT6963_GPIO_Interface()
 .text._ZN21CT6963_GPIO_InterfaceD0Ev
                0x0801ab88       0x20 ./GraphicLCD/CT6963GPIOInterface.o
                0x0801ab88                CT6963_GPIO_Interface::~CT6963_GPIO_Interface()
 .text._Z11CheckStatusv
                0x0801aba8       0xbc ./GraphicLCD/CT6963GPIOInterface.o
                0x0801aba8                CheckStatus()
 .text._ZN21CT6963_GPIO_Interface12HardwareInitEv
                0x0801ac64       0xc0 ./GraphicLCD/CT6963GPIOInterface.o
                0x0801ac64                CT6963_GPIO_Interface::HardwareInit()
 .text._ZN21CT6963_GPIO_Interface5ResetEv
                0x0801ad24       0x38 ./GraphicLCD/CT6963GPIOInterface.o
                0x0801ad24                CT6963_GPIO_Interface::Reset()
 .text._ZN21CT6963_GPIO_Interface12WriteCommandEh
                0x0801ad5c       0xac ./GraphicLCD/CT6963GPIOInterface.o
                0x0801ad5c                CT6963_GPIO_Interface::WriteCommand(unsigned char)
 .text._ZN21CT6963_GPIO_Interface9WriteDataEh
                0x0801ae08       0xcc ./GraphicLCD/CT6963GPIOInterface.o
                0x0801ae08                CT6963_GPIO_Interface::WriteData(unsigned char)
 .text._ZN21CT6963_GPIO_Interface8ReadDataEv
                0x0801aed4       0xe4 ./GraphicLCD/CT6963GPIOInterface.o
                0x0801aed4                CT6963_GPIO_Interface::ReadData()
 .text._ZN5CTask13EnterCriticalEv
                0x0801afb8        0xc ./FreeRTOS_EC/Source/AManagedTask.o
                0x0801afb8                CTask::EnterCritical()
 .text._ZN5CTask12ExitCriticalEv
                0x0801afc4        0xc ./FreeRTOS_EC/Source/AManagedTask.o
                0x0801afc4                CTask::ExitCritical()
 .text._ZN12AManagedTask12HardwareInitEv
                0x0801afd0       0x18 ./FreeRTOS_EC/Source/AManagedTask.o
                0x0801afd0                AManagedTask::HardwareInit()
 .text._ZN9CFreeRTOS15SuspendAllTasksEv
                0x0801afe8        0xc ./FreeRTOS_EC/Source/AManagedTask.o
                0x0801afe8                CFreeRTOS::SuspendAllTasks()
 .text._ZN9CFreeRTOS14ResumeAllTasksEv
                0x0801aff4       0x10 ./FreeRTOS_EC/Source/AManagedTask.o
                0x0801aff4                CFreeRTOS::ResumeAllTasks()
 .text._ZN12AManagedTaskC2Ev
                0x0801b004       0x38 ./FreeRTOS_EC/Source/AManagedTask.o
                0x0801b004                AManagedTask::AManagedTask()
                0x0801b004                AManagedTask::AManagedTask()
 .text._ZN12AManagedTaskD2Ev
                0x0801b03c       0x40 ./FreeRTOS_EC/Source/AManagedTask.o
                0x0801b03c                AManagedTask::~AManagedTask()
                0x0801b03c                AManagedTask::~AManagedTask()
 .text._ZN12AManagedTaskD0Ev
                0x0801b07c       0x20 ./FreeRTOS_EC/Source/AManagedTask.o
                0x0801b07c                AManagedTask::~AManagedTask()
 .text._ZN12AManagedTask6CreateEPKctm
                0x0801b09c       0x64 ./FreeRTOS_EC/Source/AManagedTask.o
                0x0801b09c                AManagedTask::Create(char const*, unsigned short, unsigned long)
 .text._ZN12AManagedTask15taskControlFuncEPv
                0x0801b100       0x20 ./FreeRTOS_EC/Source/AManagedTask.o
                0x0801b100                AManagedTask::taskControlFunc(void*)
 .text._ZN12AManagedTask16AddToManagedTaskEPS_
                0x0801b120       0x50 ./FreeRTOS_EC/Source/AManagedTask.o
                0x0801b120                AManagedTask::AddToManagedTask(AManagedTask*)
 .text._ZN12AManagedTask21RemoveFromManagedTaskEPS_
                0x0801b170       0x88 ./FreeRTOS_EC/Source/AManagedTask.o
                0x0801b170                AManagedTask::RemoveFromManagedTask(AManagedTask*)
 .text._ZN12AManagedTask27InitHardwareForManagedTasksEv
                0x0801b1f8       0x5c ./FreeRTOS_EC/Source/AManagedTask.o
                0x0801b1f8                AManagedTask::InitHardwareForManagedTasks()
 .text._ZN12IFreeRTOSObjC2Ev
                0x0801b254       0x20 ./FreeRTOS_EC/Source/ASyncObject.o
                0x0801b254                IFreeRTOSObj::IFreeRTOSObj()
                0x0801b254                IFreeRTOSObj::IFreeRTOSObj()
 .text._ZN9CFreeRTOS27InitHardwareForManagedTasksEv
                0x0801b274       0x10 ./FreeRTOS_EC/Source/CFreeRTOS.o
                0x0801b274                CFreeRTOS::InitHardwareForManagedTasks()
 .text._ZN5CTaskC2Ev
                0x0801b284       0x30 ./FreeRTOS_EC/Source/CTask.o
                0x0801b284                CTask::CTask()
                0x0801b284                CTask::CTask()
 .text._ZN5CTaskD2Ev
                0x0801b2b4       0x44 ./FreeRTOS_EC/Source/CTask.o
                0x0801b2b4                CTask::~CTask()
                0x0801b2b4                CTask::~CTask()
 .text._ZN5CTaskD0Ev
                0x0801b2f8       0x20 ./FreeRTOS_EC/Source/CTask.o
                0x0801b2f8                CTask::~CTask()
 .text._ZN5CTask6AttachEPv
                0x0801b318       0x54 ./FreeRTOS_EC/Source/CTask.o
                0x0801b318                CTask::Attach(void*)
 .text._ZN5CTask6CreateEPFvPvEPKctS0_m
                0x0801b36c       0x5c ./FreeRTOS_EC/Source/CTask.o
                0x0801b36c                CTask::Create(void (*)(void*), char const*, unsigned short, void*, unsigned long)
 .text._ZN5CTask6DeleteEv
                0x0801b3c8       0x2c ./FreeRTOS_EC/Source/CTask.o
                0x0801b3c8                CTask::Delete()
 .text.pxPortInitialiseStack
                0x0801b3f4       0x68 ./FreeRTOS/Source/portable/GCC/ARM_CM4F/port.o
                0x0801b3f4                pxPortInitialiseStack
 .text.SVC_Handler
                0x0801b45c       0x20 ./FreeRTOS/Source/portable/GCC/ARM_CM4F/port.o
                0x0801b45c                SVC_Handler
 .text.vPortStartFirstTask
                0x0801b47c       0x14 ./FreeRTOS/Source/portable/GCC/ARM_CM4F/port.o
                0x0801b47c                vPortStartFirstTask
 .text.xPortStartScheduler
                0x0801b490       0x54 ./FreeRTOS/Source/portable/GCC/ARM_CM4F/port.o
                0x0801b490                xPortStartScheduler
 .text.vPortYieldFromISR
                0x0801b4e4       0x18 ./FreeRTOS/Source/portable/GCC/ARM_CM4F/port.o
                0x0801b4e4                vPortYieldFromISR
 .text.vPortEnterCritical
                0x0801b4fc       0x2c ./FreeRTOS/Source/portable/GCC/ARM_CM4F/port.o
                0x0801b4fc                vPortEnterCritical
 .text.vPortExitCritical
                0x0801b528       0x38 ./FreeRTOS/Source/portable/GCC/ARM_CM4F/port.o
                0x0801b528                vPortExitCritical
 .text.PendSV_Handler
                0x0801b560       0x58 ./FreeRTOS/Source/portable/GCC/ARM_CM4F/port.o
                0x0801b560                PendSV_Handler
 .text.SysTick_Handler
                0x0801b5b8       0x38 ./FreeRTOS/Source/portable/GCC/ARM_CM4F/port.o
                0x0801b5b8                SysTick_Handler
 .text.prvSetupTimerInterrupt
                0x0801b5f0       0x40 ./FreeRTOS/Source/portable/GCC/ARM_CM4F/port.o
 .text.vListInitialise
                0x0801b630       0x40 ./FreeRTOS/Source/list.o
                0x0801b630                vListInitialise
 .text.vListInitialiseItem
                0x0801b670       0x1c ./FreeRTOS/Source/list.o
                0x0801b670                vListInitialiseItem
 .text.vListInsertEnd
                0x0801b68c       0x54 ./FreeRTOS/Source/list.o
                0x0801b68c                vListInsertEnd
 .text.vListInsert
                0x0801b6e0       0x78 ./FreeRTOS/Source/list.o
                0x0801b6e0                vListInsert
 .text.vListRemove
                0x0801b758       0x54 ./FreeRTOS/Source/list.o
                0x0801b758                vListRemove
 .text.xTaskGenericCreate
                0x0801b7ac      0x1ac ./FreeRTOS/Source/tasks.o
                0x0801b7ac                xTaskGenericCreate
 .text.vTaskDelete
                0x0801b958       0xc0 ./FreeRTOS/Source/tasks.o
                0x0801b958                vTaskDelete
 .text.vTaskDelay
                0x0801ba18       0x5c ./FreeRTOS/Source/tasks.o
                0x0801ba18                vTaskDelay
 .text.vTaskStartScheduler
                0x0801ba74       0x7c ./FreeRTOS/Source/tasks.o
                0x0801ba74                vTaskStartScheduler
 .text.vTaskSuspendAll
                0x0801baf0       0x24 ./FreeRTOS/Source/tasks.o
                0x0801baf0                vTaskSuspendAll
 .text.xTaskResumeAll
                0x0801bb14      0x154 ./FreeRTOS/Source/tasks.o
                0x0801bb14                xTaskResumeAll
 .text.vTaskIncrementTick
                0x0801bc68      0x1b8 ./FreeRTOS/Source/tasks.o
                0x0801bc68                vTaskIncrementTick
 .text.vTaskSwitchContext
                0x0801be20      0x140 ./FreeRTOS/Source/tasks.o
                0x0801be20                vTaskSwitchContext
 .text.prvIdleTask
                0x0801bf60       0x24 ./FreeRTOS/Source/tasks.o
 .text.prvInitialiseTCBVariables
                0x0801bf84       0x88 ./FreeRTOS/Source/tasks.o
 .text.prvInitialiseTaskLists
                0x0801c00c       0xa4 ./FreeRTOS/Source/tasks.o
 .text.prvCheckTasksWaitingTermination
                0x0801c0b0       0x98 ./FreeRTOS/Source/tasks.o
 .text.prvAddCurrentTaskToDelayedList
                0x0801c148       0x8c ./FreeRTOS/Source/tasks.o
 .text.prvAllocateTCBAndStack
                0x0801c1d4       0x74 ./FreeRTOS/Source/tasks.o
 .text.prvDeleteTCB
                0x0801c248       0x20 ./FreeRTOS/Source/tasks.o
 .text.disk_initialize
                0x0801c268       0x7c ./Fatfs/FatFs/src/diskio.o
                0x0801c268                disk_initialize
 .text.disk_status
                0x0801c2e4       0x40 ./Fatfs/FatFs/src/diskio.o
                0x0801c2e4                disk_status
 .text.disk_read
                0x0801c324       0x68 ./Fatfs/FatFs/src/diskio.o
                0x0801c324                disk_read
 .text.disk_write
                0x0801c38c       0x68 ./Fatfs/FatFs/src/diskio.o
                0x0801c38c                disk_write
 .text.disk_ioctl
                0x0801c3f4       0x80 ./Fatfs/FatFs/src/diskio.o
                0x0801c3f4                disk_ioctl
 .text.mem_cpy  0x0801c474       0x50 ./Fatfs/FatFs/src/ff.o
 .text.mem_set  0x0801c4c4       0x44 ./Fatfs/FatFs/src/ff.o
 .text.mem_cmp  0x0801c508       0x70 ./Fatfs/FatFs/src/ff.o
 .text.chk_chr  0x0801c578       0x38 ./Fatfs/FatFs/src/ff.o
 .text.move_window
                0x0801c5b0       0xd4 ./Fatfs/FatFs/src/ff.o
 .text.sync     0x0801c684      0x180 ./Fatfs/FatFs/src/ff.o
 .text.get_fat  0x0801c804      0x1f4 ./Fatfs/FatFs/src/ff.o
 .text.put_fat  0x0801c9f8      0x274 ./Fatfs/FatFs/src/ff.o
 .text.remove_chain
                0x0801cc6c       0xb0 ./Fatfs/FatFs/src/ff.o
 .text.create_chain
                0x0801cd1c      0x120 ./Fatfs/FatFs/src/ff.o
 .text.clust2sect
                0x0801ce3c       0x44 ./Fatfs/FatFs/src/ff.o
 .text.dir_seek
                0x0801ce80      0x118 ./Fatfs/FatFs/src/ff.o
 .text.dir_next
                0x0801cf98      0x1e4 ./Fatfs/FatFs/src/ff.o
 .text.dir_find
                0x0801d17c       0xa4 ./Fatfs/FatFs/src/ff.o
 .text.dir_register
                0x0801d220       0xd4 ./Fatfs/FatFs/src/ff.o
 .text.create_name
                0x0801d2f4      0x210 ./Fatfs/FatFs/src/ff.o
 .text.follow_path
                0x0801d504      0x11c ./Fatfs/FatFs/src/ff.o
 .text.check_fs
                0x0801d620       0xbc ./Fatfs/FatFs/src/ff.o
 .text.auto_mount
                0x0801d6dc      0x520 ./Fatfs/FatFs/src/ff.o
 .text.validate
                0x0801dbfc       0x54 ./Fatfs/FatFs/src/ff.o
 .text.f_mount  0x0801dc50       0x64 ./Fatfs/FatFs/src/ff.o
                0x0801dc50                f_mount
 .text.f_open   0x0801dcb4      0x364 ./Fatfs/FatFs/src/ff.o
                0x0801dcb4                f_open
 .text.f_read   0x0801e018      0x314 ./Fatfs/FatFs/src/ff.o
                0x0801e018                f_read
 .text.f_sync   0x0801e32c      0x1c0 ./Fatfs/FatFs/src/ff.o
                0x0801e32c                f_sync
 .text.f_close  0x0801e4ec       0x2c ./Fatfs/FatFs/src/ff.o
                0x0801e4ec                f_close
 .text.FillReadBuffer
                0x0801e518       0x80 ./Fatfs/CFileHandler.o
 .text._ZN12CFileHandlerC2Ev
                0x0801e598       0x4c ./Fatfs/CFileHandler.o
                0x0801e598                CFileHandler::CFileHandler()
                0x0801e598                CFileHandler::CFileHandler()
 .text._ZN12CFileHandlerD2Ev
                0x0801e5e4       0x38 ./Fatfs/CFileHandler.o
                0x0801e5e4                CFileHandler::~CFileHandler()
                0x0801e5e4                CFileHandler::~CFileHandler()
 .text._ZN12CFileHandlerD0Ev
                0x0801e61c       0x20 ./Fatfs/CFileHandler.o
                0x0801e61c                CFileHandler::~CFileHandler()
 .text._ZN12CFileHandler12HardwareInitEv
                0x0801e63c       0x18 ./Fatfs/CFileHandler.o
                0x0801e63c                CFileHandler::HardwareInit()
 .text._ZN12CFileHandler3RunEv
                0x0801e654      0x34c ./Fatfs/CFileHandler.o
                0x0801e654                CFileHandler::Run()
 .text.get_fattime
                0x0801e9a0       0x10 ./Fatfs/fattime.o
                0x0801e9a0                get_fattime
 .text.SD_LowLevel_Init
                0x0801e9b0      0x12c ./Fatfs/stm32f4_sdio.o
                0x0801e9b0                SD_LowLevel_Init
 .text.SD_LowLevel_DMA_TxConfig
                0x0801eadc       0xe0 ./Fatfs/stm32f4_sdio.o
                0x0801eadc                SD_LowLevel_DMA_TxConfig
 .text.SD_LowLevel_DMA_RxConfig
                0x0801ebbc       0xe0 ./Fatfs/stm32f4_sdio.o
                0x0801ebbc                SD_LowLevel_DMA_RxConfig
 .text.SD_Init  0x0801ec9c       0xf4 ./Fatfs/stm32f4_sdio.o
                0x0801ec9c                SD_Init
 .text.SD_GetStatus
                0x0801ed90       0x3c ./Fatfs/stm32f4_sdio.o
                0x0801ed90                SD_GetStatus
 .text.SD_GetState
                0x0801edcc       0x4c ./Fatfs/stm32f4_sdio.o
                0x0801edcc                SD_GetState
 .text.SD_Detect
                0x0801ee18       0x38 ./Fatfs/stm32f4_sdio.o
                0x0801ee18                SD_Detect
 .text.SD_PowerON
                0x0801ee50      0x38c ./Fatfs/stm32f4_sdio.o
                0x0801ee50                SD_PowerON
 .text.SD_InitializeCards
                0x0801f1dc      0x274 ./Fatfs/stm32f4_sdio.o
                0x0801f1dc                SD_InitializeCards
 .text.SD_GetCardInfo
                0x0801f450      0x6f4 ./Fatfs/stm32f4_sdio.o
                0x0801f450                SD_GetCardInfo
 .text.SD_EnableWideBusOperation
                0x0801fb44      0x15c ./Fatfs/stm32f4_sdio.o
                0x0801fb44                SD_EnableWideBusOperation
 .text.SD_SelectDeselect
                0x0801fca0       0x78 ./Fatfs/stm32f4_sdio.o
                0x0801fca0                SD_SelectDeselect
 .text.SD_ReadMultiBlocks
                0x0801fd18      0x1cc ./Fatfs/stm32f4_sdio.o
                0x0801fd18                SD_ReadMultiBlocks
 .text.SD_WaitReadOperation
                0x0801fee4       0xe0 ./Fatfs/stm32f4_sdio.o
                0x0801fee4                SD_WaitReadOperation
 .text.SD_WriteMultiBlocks
                0x0801ffc4      0x2a4 ./Fatfs/stm32f4_sdio.o
                0x0801ffc4                SD_WriteMultiBlocks
 .text.SD_WaitWriteOperation
                0x08020268       0xe0 ./Fatfs/stm32f4_sdio.o
                0x08020268                SD_WaitWriteOperation
 .text.SD_StopTransfer
                0x08020348       0x78 ./Fatfs/stm32f4_sdio.o
                0x08020348                SD_StopTransfer
 .text.SD_SendStatus
                0x080203c0       0xac ./Fatfs/stm32f4_sdio.o
                0x080203c0                SD_SendStatus
 .text.SD_ProcessIRQSrc
                0x0802046c      0x110 ./Fatfs/stm32f4_sdio.o
                0x0802046c                SD_ProcessIRQSrc
 .text.SD_ProcessDMAIRQ
                0x0802057c       0x38 ./Fatfs/stm32f4_sdio.o
                0x0802057c                SD_ProcessDMAIRQ
 .text.CmdError
                0x080205b4       0x54 ./Fatfs/stm32f4_sdio.o
 .text.CmdResp7Error
                0x08020608       0x90 ./Fatfs/stm32f4_sdio.o
 .text.CmdResp1Error
                0x08020698      0x1e4 ./Fatfs/stm32f4_sdio.o
 .text.CmdResp3Error
                0x0802087c       0x60 ./Fatfs/stm32f4_sdio.o
 .text.CmdResp2Error
                0x080208dc       0x80 ./Fatfs/stm32f4_sdio.o
 .text.CmdResp6Error
                0x0802095c       0xf0 ./Fatfs/stm32f4_sdio.o
 .text.SDEnWideBus
                0x08020a4c      0x250 ./Fatfs/stm32f4_sdio.o
 .text.FindSCR  0x08020c9c      0x2f8 ./Fatfs/stm32f4_sdio.o
 .text._ZN24CLedHeartBeatSTM32F4DiscC2Em
                0x08020f94       0x38 ./CLedHeartBeatSTM32F4Disc.o
                0x08020f94                CLedHeartBeatSTM32F4Disc::CLedHeartBeatSTM32F4Disc(unsigned long)
                0x08020f94                CLedHeartBeatSTM32F4Disc::CLedHeartBeatSTM32F4Disc(unsigned long)
 .text._ZN24CLedHeartBeatSTM32F4DiscD2Ev
                0x08020fcc       0x38 ./CLedHeartBeatSTM32F4Disc.o
                0x08020fcc                CLedHeartBeatSTM32F4Disc::~CLedHeartBeatSTM32F4Disc()
                0x08020fcc                CLedHeartBeatSTM32F4Disc::~CLedHeartBeatSTM32F4Disc()
 .text._ZN24CLedHeartBeatSTM32F4DiscD0Ev
                0x08021004       0x20 ./CLedHeartBeatSTM32F4Disc.o
                0x08021004                CLedHeartBeatSTM32F4Disc::~CLedHeartBeatSTM32F4Disc()
 .text._ZN24CLedHeartBeatSTM32F4Disc12HardwareInitEv
                0x08021024       0x38 ./CLedHeartBeatSTM32F4Disc.o
                0x08021024                CLedHeartBeatSTM32F4Disc::HardwareInit()
 .text._ZN24CLedHeartBeatSTM32F4Disc3RunEv
                0x0802105c       0xe8 ./CLedHeartBeatSTM32F4Disc.o
                0x0802105c                CLedHeartBeatSTM32F4Disc::Run()
 .text._ZN9CFreeRTOS14StartSchedulerEv
                0x08021144        0xc ./main.o
                0x08021144                CFreeRTOS::StartScheduler()
 .text.main     0x08021150       0x50 ./main.o
                0x08021150                main
 .text.vApplicationStackOverflowHook
                0x080211a0        0xc ./main.o
                0x080211a0                vApplicationStackOverflowHook
 .text.EVAL_AUDIO_GetSampleCallBack
                0x080211ac       0x10 ./main.o
                0x080211ac                EVAL_AUDIO_GetSampleCallBack
 .text.EVAL_AUDIO_TransferComplete_CallBack
                0x080211bc       0x14 ./main.o
                0x080211bc                EVAL_AUDIO_TransferComplete_CallBack
 .text.Codec_TIMEOUT_UserCallback
                0x080211d0       0x10 ./main.o
                0x080211d0                Codec_TIMEOUT_UserCallback
 .text._Z41__static_initialization_and_destruction_0ii
                0x080211e0       0xd8 ./main.o
 .text._GLOBAL__sub_I_g_LedTast
                0x080212b8       0x14 ./main.o
 .text.Reset_Handler
                0x080212cc       0x58 ./startup_stm32f4xx.o
                0x080212cc                Reset_Handler
 .text.Default_Handler
                0x08021324        0x2 ./startup_stm32f4xx.o
                0x08021324                RTC_Alarm_IRQHandler
                0x08021324                HASH_RNG_IRQHandler
                0x08021324                EXTI2_IRQHandler
                0x08021324                TIM8_CC_IRQHandler
                0x08021324                TIM1_CC_IRQHandler
                0x08021324                DMA2_Stream5_IRQHandler
                0x08021324                DMA1_Stream5_IRQHandler
                0x08021324                PVD_IRQHandler
                0x08021324                TAMP_STAMP_IRQHandler
                0x08021324                CAN2_RX1_IRQHandler
                0x08021324                EXTI3_IRQHandler
                0x08021324                TIM8_TRG_COM_TIM14_IRQHandler
                0x08021324                TIM1_UP_TIM10_IRQHandler
                0x08021324                TIM8_UP_TIM13_IRQHandler
                0x08021324                I2C3_ER_IRQHandler
                0x08021324                EXTI0_IRQHandler
                0x08021324                I2C2_EV_IRQHandler
                0x08021324                DMA1_Stream2_IRQHandler
                0x08021324                CAN1_RX0_IRQHandler
                0x08021324                FPU_IRQHandler
                0x08021324                OTG_HS_WKUP_IRQHandler
                0x08021324                CAN2_SCE_IRQHandler
                0x08021324                DMA2_Stream2_IRQHandler
                0x08021324                SPI1_IRQHandler
                0x08021324                TIM6_DAC_IRQHandler
                0x08021324                TIM1_BRK_TIM9_IRQHandler
                0x08021324                DCMI_IRQHandler
                0x08021324                CAN2_RX0_IRQHandler
                0x08021324                USART6_IRQHandler
                0x08021324                USART3_IRQHandler
                0x08021324                CRYP_IRQHandler
                0x08021324                CAN1_RX1_IRQHandler
                0x08021324                UART5_IRQHandler
                0x08021324                DMA2_Stream0_IRQHandler
                0x08021324                TIM4_IRQHandler
                0x08021324                I2C1_EV_IRQHandler
                0x08021324                DMA1_Stream6_IRQHandler
                0x08021324                DMA1_Stream1_IRQHandler
                0x08021324                UART4_IRQHandler
                0x08021324                TIM3_IRQHandler
                0x08021324                RCC_IRQHandler
                0x08021324                TIM8_BRK_TIM12_IRQHandler
                0x08021324                Default_Handler
                0x08021324                EXTI15_10_IRQHandler
                0x08021324                ADC_IRQHandler
                0x08021324                TIM7_IRQHandler
                0x08021324                CAN2_TX_IRQHandler
                0x08021324                TIM5_IRQHandler
                0x08021324                DMA2_Stream7_IRQHandler
                0x08021324                I2C3_EV_IRQHandler
                0x08021324                EXTI9_5_IRQHandler
                0x08021324                RTC_WKUP_IRQHandler
                0x08021324                ETH_WKUP_IRQHandler
                0x08021324                SPI2_IRQHandler
                0x08021324                OTG_HS_EP1_IN_IRQHandler
                0x08021324                CAN1_TX_IRQHandler
                0x08021324                EXTI4_IRQHandler
                0x08021324                FSMC_IRQHandler
                0x08021324                ETH_IRQHandler
                0x08021324                OTG_HS_EP1_OUT_IRQHandler
                0x08021324                WWDG_IRQHandler
                0x08021324                TIM2_IRQHandler
                0x08021324                OTG_FS_WKUP_IRQHandler
                0x08021324                TIM1_TRG_COM_TIM11_IRQHandler
                0x08021324                OTG_HS_IRQHandler
                0x08021324                EXTI1_IRQHandler
                0x08021324                USART2_IRQHandler
                0x08021324                I2C2_ER_IRQHandler
                0x08021324                DMA2_Stream1_IRQHandler
                0x08021324                CAN1_SCE_IRQHandler
                0x08021324                FLASH_IRQHandler
                0x08021324                DMA2_Stream4_IRQHandler
                0x08021324                USART1_IRQHandler
                0x08021324                OTG_FS_IRQHandler
                0x08021324                DMA1_Stream4_IRQHandler
                0x08021324                I2C1_ER_IRQHandler
                0x08021324                DMA2_Stream6_IRQHandler
                0x08021324                DMA1_Stream3_IRQHandler
 *fill*         0x08021326        0x2 00
 .text.NMI_Handler
                0x08021328        0xc ./stm32f4xx_it.o
                0x08021328                NMI_Handler
 .text.HardFault_Handler
                0x08021334        0x8 ./stm32f4xx_it.o
                0x08021334                HardFault_Handler
 .text.MemManage_Handler
                0x0802133c        0x8 ./stm32f4xx_it.o
                0x0802133c                MemManage_Handler
 .text.BusFault_Handler
                0x08021344        0x8 ./stm32f4xx_it.o
                0x08021344                BusFault_Handler
 .text.UsageFault_Handler
                0x0802134c        0x8 ./stm32f4xx_it.o
                0x0802134c                UsageFault_Handler
 .text.DebugMon_Handler
                0x08021354        0xc ./stm32f4xx_it.o
                0x08021354                DebugMon_Handler
 .text.SDIO_IRQHandler
                0x08021360        0xc ./stm32f4xx_it.o
                0x08021360                SDIO_IRQHandler
 .text.DMA2_Stream3_IRQHandler
                0x0802136c        0xc ./stm32f4xx_it.o
                0x0802136c                DMA2_Stream3_IRQHandler
 .text._exit    0x08021378        0xc ./syscalls.o
                0x08021378                _exit
 .text._read_r  0x08021384       0x20 ./syscalls.o
                0x08021384                _read_r
 .text._write_r
                0x080213a4       0x20 ./syscalls.o
                0x080213a4                _write_r
 .text._lseek_r
                0x080213c4       0x28 ./syscalls.o
                0x080213c4                _lseek_r
 .text._close_r
                0x080213ec       0x24 ./syscalls.o
                0x080213ec                _close_r
 .text._fstat_r
                0x08021410       0x40 ./syscalls.o
                0x08021410                _fstat_r
 .text._isatty_r
                0x08021450       0x1c ./syscalls.o
                0x08021450                _isatty_r
 .text._sbrk_r  0x0802146c       0x90 ./syscalls.o
                0x0802146c                _sbrk_r
 .text._kill_r  0x080214fc       0x24 ./syscalls.o
                0x080214fc                _kill_r
 .text._getpid_r
                0x08021520       0x20 ./syscalls.o
                0x08021520                _getpid_r
 .text.__malloc_lock
                0x08021540       0x14 ./syscalls.o
                0x08021540                __malloc_lock
 .text.__malloc_unlock
                0x08021554       0x14 ./syscalls.o
                0x08021554                __malloc_unlock
 .text.SystemInit
                0x08021568       0x94 ./system_stm32f4xx.o
                0x08021568                SystemInit
 .text.SetSysClock
                0x080215fc      0x1e0 ./system_stm32f4xx.o
 .text.get_us_time
                0x080217dc       0x8c ./ustime.o
                0x080217dc                get_us_time
 .text.delay_us
                0x08021868       0x5c ./ustime.o
                0x08021868                delay_us
 .text.init_us_timer
                0x080218c4       0x70 ./ustime.o
                0x080218c4                init_us_timer
 .text.__aeabi_atexit
                0x08021934        0xc e:/elektronik/toolchain/yagarto/bin/../lib/gcc/arm-none-eabi/4.6.2/../../../../arm-none-eabi/lib/thumb/v7m\libstdc++.a(atexit_arm.o)
                0x08021934                __aeabi_atexit
 .text._ZdlPv   0x08021940        0x8 e:/elektronik/toolchain/yagarto/bin/../lib/gcc/arm-none-eabi/4.6.2/../../../../arm-none-eabi/lib/thumb/v7m\libstdc++.a(del_op.o)
                0x08021940                operator delete(void*)
 .text.__cxa_pure_virtual
                0x08021948       0x18 e:/elektronik/toolchain/yagarto/bin/../lib/gcc/arm-none-eabi/4.6.2/../../../../arm-none-eabi/lib/thumb/v7m\libstdc++.a(pure.o)
                0x08021948                __cxa_pure_virtual
 .text._ZN10__cxxabiv111__terminateEPFvvE
                0x08021960       0x28 e:/elektronik/toolchain/yagarto/bin/../lib/gcc/arm-none-eabi/4.6.2/../../../../arm-none-eabi/lib/thumb/v7m\libstdc++.a(eh_terminate.o)
                0x08021960                __cxxabiv1::__terminate(void (*)())
 .text._ZSt9terminatev
                0x08021988       0x10 e:/elektronik/toolchain/yagarto/bin/../lib/gcc/arm-none-eabi/4.6.2/../../../../arm-none-eabi/lib/thumb/v7m\libstdc++.a(eh_terminate.o)
                0x08021988                std::terminate()
 .text._ZN10__cxxabiv112__unexpectedEPFvvE
                0x08021998        0x8 e:/elektronik/toolchain/yagarto/bin/../lib/gcc/arm-none-eabi/4.6.2/../../../../arm-none-eabi/lib/thumb/v7m\libstdc++.a(eh_terminate.o)
                0x08021998                __cxxabiv1::__unexpected(void (*)())
 .text._ZSt10unexpectedv
                0x080219a0       0x14 e:/elektronik/toolchain/yagarto/bin/../lib/gcc/arm-none-eabi/4.6.2/../../../../arm-none-eabi/lib/thumb/v7m\libstdc++.a(eh_terminate.o)
                0x080219a0                std::unexpected()
 .text._ZN9__gnu_cxx27__verbose_terminate_handlerEv
                0x080219b4      0x118 e:/elektronik/toolchain/yagarto/bin/../lib/gcc/arm-none-eabi/4.6.2/../../../../arm-none-eabi/lib/thumb/v7m\libstdc++.a(vterminate.o)
                0x080219b4                __gnu_cxx::__verbose_terminate_handler()
 .text.__cxa_end_cleanup
                0x08021acc        0xc e:/elektronik/toolchain/yagarto/bin/../lib/gcc/arm-none-eabi/4.6.2/../../../../arm-none-eabi/lib/thumb/v7m\libstdc++.a(eh_arm.o)
                0x08021acc                __cxa_end_cleanup
 .text.__cxa_type_match
                0x08021ad8       0xe4 e:/elektronik/toolchain/yagarto/bin/../lib/gcc/arm-none-eabi/4.6.2/../../../../arm-none-eabi/lib/thumb/v7m\libstdc++.a(eh_arm.o)
                0x08021ad8                __cxa_type_match
 .text.__cxa_begin_cleanup
                0x08021bbc       0x68 e:/elektronik/toolchain/yagarto/bin/../lib/gcc/arm-none-eabi/4.6.2/../../../../arm-none-eabi/lib/thumb/v7m\libstdc++.a(eh_arm.o)
                0x08021bbc                __cxa_begin_cleanup
 .text.__gnu_end_cleanup
                0x08021c24       0x74 e:/elektronik/toolchain/yagarto/bin/../lib/gcc/arm-none-eabi/4.6.2/../../../../arm-none-eabi/lib/thumb/v7m\libstdc++.a(eh_arm.o)
                0x08021c24                __gnu_end_cleanup
 .text.__cxa_bad_typeid
                0x08021c98       0x24 e:/elektronik/toolchain/yagarto/bin/../lib/gcc/arm-none-eabi/4.6.2/../../../../arm-none-eabi/lib/thumb/v7m\libstdc++.a(eh_aux_runtime.o)
                0x08021c98                __cxa_bad_typeid
 .text.__cxa_call_terminate
                0x08021cbc       0x48 e:/elektronik/toolchain/yagarto/bin/../lib/gcc/arm-none-eabi/4.6.2/../../../../arm-none-eabi/lib/thumb/v7m\libstdc++.a(eh_call.o)
                0x08021cbc                __cxa_call_terminate
 .text.__cxa_call_unexpected
                0x08021d04      0x11c e:/elektronik/toolchain/yagarto/bin/../lib/gcc/arm-none-eabi/4.6.2/../../../../arm-none-eabi/lib/thumb/v7m\libstdc++.a(eh_call.o)
                0x08021d04                __cxa_call_unexpected
 .text.__cxa_begin_catch
                0x08021e20       0x88 e:/elektronik/toolchain/yagarto/bin/../lib/gcc/arm-none-eabi/4.6.2/../../../../arm-none-eabi/lib/thumb/v7m\libstdc++.a(eh_catch.o)
                0x08021e20                __cxa_begin_catch
 .text.__cxa_end_catch
                0x08021ea8       0x90 e:/elektronik/toolchain/yagarto/bin/../lib/gcc/arm-none-eabi/4.6.2/../../../../arm-none-eabi/lib/thumb/v7m\libstdc++.a(eh_catch.o)
                0x08021ea8                __cxa_end_catch
 .text._ZNSt9exceptionD2Ev
                0x08021f38        0xc e:/elektronik/toolchain/yagarto/bin/../lib/gcc/arm-none-eabi/4.6.2/../../../../arm-none-eabi/lib/thumb/v7m\libstdc++.a(eh_exception.o)
                0x08021f38                std::exception::~exception()
                0x08021f38                std::exception::~exception()
 .text._ZNSt13bad_exceptionD2Ev
                0x08021f44        0xc e:/elektronik/toolchain/yagarto/bin/../lib/gcc/arm-none-eabi/4.6.2/../../../../arm-none-eabi/lib/thumb/v7m\libstdc++.a(eh_exception.o)
                0x08021f44                std::bad_exception::~bad_exception()
                0x08021f44                std::bad_exception::~bad_exception()
 .text._ZNKSt9exception4whatEv
                0x08021f50        0xc e:/elektronik/toolchain/yagarto/bin/../lib/gcc/arm-none-eabi/4.6.2/../../../../arm-none-eabi/lib/thumb/v7m\libstdc++.a(eh_exception.o)
                0x08021f50                std::exception::what() const
 .text._ZNKSt13bad_exception4whatEv
                0x08021f5c        0xc e:/elektronik/toolchain/yagarto/bin/../lib/gcc/arm-none-eabi/4.6.2/../../../../arm-none-eabi/lib/thumb/v7m\libstdc++.a(eh_exception.o)
                0x08021f5c                std::bad_exception::what() const
 .text._ZNSt13bad_exceptionD0Ev
                0x08021f68       0x14 e:/elektronik/toolchain/yagarto/bin/../lib/gcc/arm-none-eabi/4.6.2/../../../../arm-none-eabi/lib/thumb/v7m\libstdc++.a(eh_exception.o)
                0x08021f68                std::bad_exception::~bad_exception()
 .text._ZNSt9exceptionD0Ev
                0x08021f7c       0x14 e:/elektronik/toolchain/yagarto/bin/../lib/gcc/arm-none-eabi/4.6.2/../../../../arm-none-eabi/lib/thumb/v7m\libstdc++.a(eh_exception.o)
                0x08021f7c                std::exception::~exception()
 .text.__cxa_get_globals_fast
                0x08021f90        0xc e:/elektronik/toolchain/yagarto/bin/../lib/gcc/arm-none-eabi/4.6.2/../../../../arm-none-eabi/lib/thumb/v7m\libstdc++.a(eh_globals.o)
                0x08021f90                __cxa_get_globals_fast
 .text.__cxa_get_globals
                0x08021f9c        0xc e:/elektronik/toolchain/yagarto/bin/../lib/gcc/arm-none-eabi/4.6.2/../../../../arm-none-eabi/lib/thumb/v7m\libstdc++.a(eh_globals.o)
                0x08021f9c                __cxa_get_globals
 .text._ZL12read_sleb128PKhPl
                0x08021fa8       0x3c e:/elektronik/toolchain/yagarto/bin/../lib/gcc/arm-none-eabi/4.6.2/../../../../arm-none-eabi/lib/thumb/v7m\libstdc++.a(eh_personality.o)
 .text._ZL28read_encoded_value_with_basehjPKhPj
                0x08021fe4       0xc0 e:/elektronik/toolchain/yagarto/bin/../lib/gcc/arm-none-eabi/4.6.2/../../../../arm-none-eabi/lib/thumb/v7m\libstdc++.a(eh_personality.o)
 .text._ZL21base_of_encoded_valuehP15_Unwind_Context
                0x080220a4       0x4c e:/elektronik/toolchain/yagarto/bin/../lib/gcc/arm-none-eabi/4.6.2/../../../../arm-none-eabi/lib/thumb/v7m\libstdc++.a(eh_personality.o)
 .text._ZL17parse_lsda_headerP15_Unwind_ContextPKhP16lsda_header_info.constprop.1
                0x080220f0       0x8c e:/elektronik/toolchain/yagarto/bin/../lib/gcc/arm-none-eabi/4.6.2/../../../../arm-none-eabi/lib/thumb/v7m\libstdc++.a(eh_personality.o)
 .text.__gxx_personality_v0
                0x0802217c      0x3a8 e:/elektronik/toolchain/yagarto/bin/../lib/gcc/arm-none-eabi/4.6.2/../../../../arm-none-eabi/lib/thumb/v7m\libstdc++.a(eh_personality.o)
                0x0802217c                __gxx_personality_v0
 .text._ZL23__gxx_exception_cleanup19_Unwind_Reason_CodeP21_Unwind_Control_Block
                0x08022524       0x4c e:/elektronik/toolchain/yagarto/bin/../lib/gcc/arm-none-eabi/4.6.2/../../../../arm-none-eabi/lib/thumb/v7m\libstdc++.a(eh_throw.o)
 .text.__cxa_throw
                0x08022570       0x78 e:/elektronik/toolchain/yagarto/bin/../lib/gcc/arm-none-eabi/4.6.2/../../../../arm-none-eabi/lib/thumb/v7m\libstdc++.a(eh_throw.o)
                0x08022570                __cxa_throw
 .text.__cxa_rethrow
                0x080225e8       0x70 e:/elektronik/toolchain/yagarto/bin/../lib/gcc/arm-none-eabi/4.6.2/../../../../arm-none-eabi/lib/thumb/v7m\libstdc++.a(eh_throw.o)
                0x080225e8                __cxa_rethrow
 .text.__cxa_current_exception_type
                0x08022658       0x1c e:/elektronik/toolchain/yagarto/bin/../lib/gcc/arm-none-eabi/4.6.2/../../../../arm-none-eabi/lib/thumb/v7m\libstdc++.a(eh_type.o)
                0x08022658                __cxa_current_exception_type
 .text._ZN10__cxxabiv123__fundamental_type_infoD2Ev
                0x08022674       0x14 e:/elektronik/toolchain/yagarto/bin/../lib/gcc/arm-none-eabi/4.6.2/../../../../arm-none-eabi/lib/thumb/v7m\libstdc++.a(fundamental_type_info.o)
                0x08022674                __cxxabiv1::__fundamental_type_info::~__fundamental_type_info()
                0x08022674                __cxxabiv1::__fundamental_type_info::~__fundamental_type_info()
 .text._ZN10__cxxabiv123__fundamental_type_infoD0Ev
                0x08022688       0x1c e:/elektronik/toolchain/yagarto/bin/../lib/gcc/arm-none-eabi/4.6.2/../../../../arm-none-eabi/lib/thumb/v7m\libstdc++.a(fundamental_type_info.o)
                0x08022688                __cxxabiv1::__fundamental_type_info::~__fundamental_type_info()
 .text._ZNK10__cxxabiv119__pointer_type_info14__is_pointer_pEv
                0x080226a4        0x4 e:/elektronik/toolchain/yagarto/bin/../lib/gcc/arm-none-eabi/4.6.2/../../../../arm-none-eabi/lib/thumb/v7m\libstdc++.a(pointer_type_info.o)
                0x080226a4                __cxxabiv1::__pointer_type_info::__is_pointer_p() const
 .text._ZN10__cxxabiv119__pointer_type_infoD2Ev
                0x080226a8       0x14 e:/elektronik/toolchain/yagarto/bin/../lib/gcc/arm-none-eabi/4.6.2/../../../../arm-none-eabi/lib/thumb/v7m\libstdc++.a(pointer_type_info.o)
                0x080226a8                __cxxabiv1::__pointer_type_info::~__pointer_type_info()
                0x080226a8                __cxxabiv1::__pointer_type_info::~__pointer_type_info()
 .text._ZN10__cxxabiv119__pointer_type_infoD0Ev
                0x080226bc       0x1c e:/elektronik/toolchain/yagarto/bin/../lib/gcc/arm-none-eabi/4.6.2/../../../../arm-none-eabi/lib/thumb/v7m\libstdc++.a(pointer_type_info.o)
                0x080226bc                __cxxabiv1::__pointer_type_info::~__pointer_type_info()
 .text._ZNK10__cxxabiv119__pointer_type_info15__pointer_catchEPKNS_17__pbase_type_infoEPPvj
                0x080226d8       0x48 e:/elektronik/toolchain/yagarto/bin/../lib/gcc/arm-none-eabi/4.6.2/../../../../arm-none-eabi/lib/thumb/v7m\libstdc++.a(pointer_type_info.o)
                0x080226d8                __cxxabiv1::__pointer_type_info::__pointer_catch(__cxxabiv1::__pbase_type_info const*, void**, unsigned int) const
 .text._ZN10__cxxabiv120__si_class_type_infoD2Ev
                0x08022720       0x14 e:/elektronik/toolchain/yagarto/bin/../lib/gcc/arm-none-eabi/4.6.2/../../../../arm-none-eabi/lib/thumb/v7m\libstdc++.a(si_class_type_info.o)
                0x08022720                __cxxabiv1::__si_class_type_info::~__si_class_type_info()
                0x08022720                __cxxabiv1::__si_class_type_info::~__si_class_type_info()
 .text._ZN10__cxxabiv120__si_class_type_infoD0Ev
                0x08022734       0x1c e:/elektronik/toolchain/yagarto/bin/../lib/gcc/arm-none-eabi/4.6.2/../../../../arm-none-eabi/lib/thumb/v7m\libstdc++.a(si_class_type_info.o)
                0x08022734                __cxxabiv1::__si_class_type_info::~__si_class_type_info()
 .text._ZNK10__cxxabiv120__si_class_type_info11__do_upcastEPKNS_17__class_type_infoEPKvRNS1_15__upcast_resultE
                0x08022750       0x28 e:/elektronik/toolchain/yagarto/bin/../lib/gcc/arm-none-eabi/4.6.2/../../../../arm-none-eabi/lib/thumb/v7m\libstdc++.a(si_class_type_info.o)
                0x08022750                __cxxabiv1::__si_class_type_info::__do_upcast(__cxxabiv1::__class_type_info const*, void const*, __cxxabiv1::__class_type_info::__upcast_result&) const
 .text._ZNK10__cxxabiv120__si_class_type_info12__do_dyncastEiNS_17__class_type_info10__sub_kindEPKS1_PKvS4_S6_RNS1_16__dyncast_resultE
                0x08022778       0x88 e:/elektronik/toolchain/yagarto/bin/../lib/gcc/arm-none-eabi/4.6.2/../../../../arm-none-eabi/lib/thumb/v7m\libstdc++.a(si_class_type_info.o)
                0x08022778                __cxxabiv1::__si_class_type_info::__do_dyncast(int, __cxxabiv1::__class_type_info::__sub_kind, __cxxabiv1::__class_type_info const*, void const*, __cxxabiv1::__class_type_info const*, void const*, __cxxabiv1::__class_type_info::__dyncast_result&) const
 .text._ZNK10__cxxabiv120__si_class_type_info20__do_find_public_srcEiPKvPKNS_17__class_type_infoES2_
                0x08022800       0x38 e:/elektronik/toolchain/yagarto/bin/../lib/gcc/arm-none-eabi/4.6.2/../../../../arm-none-eabi/lib/thumb/v7m\libstdc++.a(si_class_type_info.o)
                0x08022800                __cxxabiv1::__si_class_type_info::__do_find_public_src(int, void const*, __cxxabiv1::__class_type_info const*, void const*) const
 .text._ZNSt9type_infoD2Ev
                0x08022838        0xc e:/elektronik/toolchain/yagarto/bin/../lib/gcc/arm-none-eabi/4.6.2/../../../../arm-none-eabi/lib/thumb/v7m\libstdc++.a(tinfo.o)
                0x08022838                std::type_info::~type_info()