Archive member included because of file (symbol)

e:/elektronik/toolchain/yagarto/bin/../lib/gcc/arm-none-eabi/4.6.2/../../../../arm-none-eabi/lib/thumb/v7m\libstdc++.a(atexit_arm.o)
                              ./main.o (__aeabi_atexit)
e:/elektronik/toolchain/yagarto/bin/../lib/gcc/arm-none-eabi/4.6.2/../../../../arm-none-eabi/lib/thumb/v7m\libstdc++.a(del_op.o)
                              ./Menue/CMenue.o (operator delete(void*))
e:/elektronik/toolchain/yagarto/bin/../lib/gcc/arm-none-eabi/4.6.2/../../../../arm-none-eabi/lib/thumb/v7m\libstdc++.a(pure.o)
                              ./GraphicLCD/CGraphicLCD.o (__cxa_pure_virtual)
e:/elektronik/toolchain/yagarto/bin/../lib/gcc/arm-none-eabi/4.6.2/../../../../arm-none-eabi/lib/thumb/v7m\libstdc++.a(eh_terminate.o)
                              e:/elektronik/toolchain/yagarto/bin/../lib/gcc/arm-none-eabi/4.6.2/../../../../arm-none-eabi/lib/thumb/v7m\libstdc++.a(pure.o) (std::terminate())
e:/elektronik/toolchain/yagarto/bin/../lib/gcc/arm-none-eabi/4.6.2/../../../../arm-none-eabi/lib/thumb/v7m\libstdc++.a(eh_term_handler.o)
                              e:/elektronik/toolchain/yagarto/bin/../lib/gcc/arm-none-eabi/4.6.2/../../../../arm-none-eabi/lib/thumb/v7m\libstdc++.a(eh_terminate.o) (__cxxabiv1::__terminate_handler)
e:/elektronik/toolchain/yagarto/bin/../lib/gcc/arm-none-eabi/4.6.2/../../../../arm-none-eabi/lib/thumb/v7m\libstdc++.a(eh_unex_handler.o)
                              e:/elektronik/toolchain/yagarto/bin/../lib/gcc/arm-none-eabi/4.6.2/../../../../arm-none-eabi/lib/thumb/v7m\libstdc++.a(eh_terminate.o) (__cxxabiv1::__unexpected_handler)
e:/elektronik/toolchain/yagarto/bin/../lib/gcc/arm-none-eabi/4.6.2/../../../../arm-none-eabi/lib/thumb/v7m\libstdc++.a(vterminate.o)
                              e:/elektronik/toolchain/yagarto/bin/../lib/gcc/arm-none-eabi/4.6.2/../../../../arm-none-eabi/lib/thumb/v7m\libstdc++.a(eh_term_handler.o) (__gnu_cxx::__verbose_terminate_handler())
e:/elektronik/toolchain/yagarto/bin/../lib/gcc/arm-none-eabi/4.6.2/../../../../arm-none-eabi/lib/thumb/v7m\libstdc++.a(cp-demangle.o)
                              e:/elektronik/toolchain/yagarto/bin/../lib/gcc/arm-none-eabi/4.6.2/../../../../arm-none-eabi/lib/thumb/v7m\libstdc++.a(vterminate.o) (__cxa_demangle)
e:/elektronik/toolchain/yagarto/bin/../lib/gcc/arm-none-eabi/4.6.2/../../../../arm-none-eabi/lib/thumb/v7m\libstdc++.a(eh_arm.o)
                              e:/elektronik/toolchain/yagarto/bin/../lib/gcc/arm-none-eabi/4.6.2/../../../../arm-none-eabi/lib/thumb/v7m\libstdc++.a(eh_terminate.o) (__cxa_end_cleanup)
e:/elektronik/toolchain/yagarto/bin/../lib/gcc/arm-none-eabi/4.6.2/../../../../arm-none-eabi/lib/thumb/v7m\libstdc++.a(eh_aux_runtime.o)
                              e:/elektronik/toolchain/yagarto/bin/../lib/gcc/arm-none-eabi/4.6.2/../../../../arm-none-eabi/lib/thumb/v7m\libstdc++.a(eh_arm.o) (__cxa_bad_typeid)
e:/elektronik/toolchain/yagarto/bin/../lib/gcc/arm-none-eabi/4.6.2/../../../../arm-none-eabi/lib/thumb/v7m\libstdc++.a(eh_call.o)
                              e:/elektronik/toolchain/yagarto/bin/../lib/gcc/arm-none-eabi/4.6.2/../../../../arm-none-eabi/lib/thumb/v7m\libstdc++.a(eh_terminate.o) (__cxa_call_unexpected)
e:/elektronik/toolchain/yagarto/bin/../lib/gcc/arm-none-eabi/4.6.2/../../../../arm-none-eabi/lib/thumb/v7m\libstdc++.a(eh_catch.o)
                              e:/elektronik/toolchain/yagarto/bin/../lib/gcc/arm-none-eabi/4.6.2/../../../../arm-none-eabi/lib/thumb/v7m\libstdc++.a(eh_terminate.o) (__cxa_begin_catch)
e:/elektronik/toolchain/yagarto/bin/../lib/gcc/arm-none-eabi/4.6.2/../../../../arm-none-eabi/lib/thumb/v7m\libstdc++.a(eh_exception.o)
                              e:/elektronik/toolchain/yagarto/bin/../lib/gcc/arm-none-eabi/4.6.2/../../../../arm-none-eabi/lib/thumb/v7m\libstdc++.a(vterminate.o) (typeinfo for std::exception)
e:/elektronik/toolchain/yagarto/bin/../lib/gcc/arm-none-eabi/4.6.2/../../../../arm-none-eabi/lib/thumb/v7m\libstdc++.a(eh_globals.o)
                              e:/elektronik/toolchain/yagarto/bin/../lib/gcc/arm-none-eabi/4.6.2/../../../../arm-none-eabi/lib/thumb/v7m\libstdc++.a(eh_call.o) (__cxa_get_globals_fast)
e:/elektronik/toolchain/yagarto/bin/../lib/gcc/arm-none-eabi/4.6.2/../../../../arm-none-eabi/lib/thumb/v7m\libstdc++.a(eh_personality.o)
                              e:/elektronik/toolchain/yagarto/bin/../lib/gcc/arm-none-eabi/4.6.2/../../../../arm-none-eabi/lib/thumb/v7m\libstdc++.a(eh_terminate.o) (__gxx_personality_v0)
e:/elektronik/toolchain/yagarto/bin/../lib/gcc/arm-none-eabi/4.6.2/../../../../arm-none-eabi/lib/thumb/v7m\libstdc++.a(eh_throw.o)
                              e:/elektronik/toolchain/yagarto/bin/../lib/gcc/arm-none-eabi/4.6.2/../../../../arm-none-eabi/lib/thumb/v7m\libstdc++.a(eh_aux_runtime.o) (__cxa_throw)
[...]
Memory Configuration

Name             Origin             Length             Attributes
FLASH            0x08000000         0x00100000         xr
RAM              0x20000000         0x00020000         xrw
MEMORY_B1        0x60000000         0x00000000         xr
*default*        0x00000000         0xffffffff

Linker script and memory map

LOAD e:/elektronik/toolchain/yagarto/bin/../lib/gcc/arm-none-eabi/4.6.2/thumb/v7m/crti.o
LOAD e:/elektronik/toolchain/yagarto/bin/../lib/gcc/arm-none-eabi/4.6.2/thumb/v7m/crtbegin.o
LOAD e:/elektronik/toolchain/yagarto/bin/../lib/gcc/arm-none-eabi/4.6.2/../../../../arm-none-eabi/lib/thumb/v7m/crt0.o
LOAD ./STM32F4xx_StdPeriph_Driver/src/misc.o
LOAD ./STM32F4xx_StdPeriph_Driver/src/stm32f4xx_adc.o
LOAD ./STM32F4xx_StdPeriph_Driver/src/stm32f4xx_dac.o
LOAD ./STM32F4xx_StdPeriph_Driver/src/stm32f4xx_dbgmcu.o
LOAD ./STM32F4xx_StdPeriph_Driver/src/stm32f4xx_dma.o
LOAD ./STM32F4xx_StdPeriph_Driver/src/stm32f4xx_exti.o
LOAD ./STM32F4xx_StdPeriph_Driver/src/stm32f4xx_flash.o
LOAD ./STM32F4xx_StdPeriph_Driver/src/stm32f4xx_fsmc.o
LOAD ./STM32F4xx_StdPeriph_Driver/src/stm32f4xx_gpio.o
LOAD ./STM32F4xx_StdPeriph_Driver/src/stm32f4xx_i2c.o
LOAD ./STM32F4xx_StdPeriph_Driver/src/stm32f4xx_iwdg.o
LOAD ./STM32F4xx_StdPeriph_Driver/src/stm32f4xx_pwr.o
LOAD ./STM32F4xx_StdPeriph_Driver/src/stm32f4xx_rcc.o
LOAD ./STM32F4xx_StdPeriph_Driver/src/stm32f4xx_rng.o
LOAD ./STM32F4xx_StdPeriph_Driver/src/stm32f4xx_rtc.o
LOAD ./STM32F4xx_StdPeriph_Driver/src/stm32f4xx_sdio.o
LOAD ./STM32F4xx_StdPeriph_Driver/src/stm32f4xx_spi.o
LOAD ./STM32F4xx_StdPeriph_Driver/src/stm32f4xx_syscfg.o
LOAD ./STM32F4xx_StdPeriph_Driver/src/stm32f4xx_tim.o
LOAD ./STM32F4xx_StdPeriph_Driver/src/stm32f4xx_usart.o
LOAD ./STM32F4xx_StdPeriph_Driver/src/stm32f4xx_wwdg.o
LOAD ./STM32F4-Discovery/stm32f4_discovery.o
LOAD ./STM32F4-Discovery/stm32f4_discovery_audio_codec.o
LOAD ./Menue/CMenue.o
LOAD ./GraphicLCD/CGraphicLCD.o
LOAD ./GraphicLCD/CT6963CDriver.o
LOAD ./GraphicLCD/CT6963GPIOInterface.o
LOAD ./GraphicLCD/SansSerif12.o
LOAD ./GraphicLCD/SansSerif26.o
LOAD ./FreeRTOS_EC/Source/AManagedTask.o
LOAD ./FreeRTOS_EC/Source/ASyncObject.o
LOAD ./FreeRTOS_EC/Source/ATimer.o
LOAD ./FreeRTOS_EC/Source/CBinarySemaphore.o
LOAD ./FreeRTOS_EC/Source/CCountingSemaphore.o
LOAD ./FreeRTOS_EC/Source/CFreeRTOS.o
LOAD ./FreeRTOS_EC/Source/CMessageTask.o
LOAD ./FreeRTOS_EC/Source/CMutex.o
LOAD ./FreeRTOS_EC/Source/CQueue.o
LOAD ./FreeRTOS_EC/Source/CRecursiveMutex.o
LOAD ./FreeRTOS_EC/Source/CTask.o
LOAD ./FreeRTOS/Source/portable/GCC/ARM_CM4F/port.o
LOAD ./FreeRTOS/Source/croutine.o
LOAD ./FreeRTOS/Source/list.o
LOAD ./FreeRTOS/Source/queue.o
LOAD ./FreeRTOS/Source/tasks.o
LOAD ./FreeRTOS/Source/timers.o
LOAD ./Fatfs/FatFs/src/option/syscall.o
LOAD ./Fatfs/FatFs/src/diskio.o
LOAD ./Fatfs/FatFs/src/ff.o
LOAD ./Fatfs/CFileHandler.o
LOAD ./Fatfs/fattime.o
LOAD ./Fatfs/stm32f4_sdio.o
LOAD ./CLedHeartBeatSTM32F4Disc.o
LOAD ./main.o
LOAD ./startup_stm32f4xx.o
LOAD ./stm32f4xx_it.o
LOAD ./syscalls.o
LOAD ./system_stm32f4xx.o
LOAD ./ustime.o
LOAD e:/elektronik/toolchain/yagarto/bin/../lib/gcc/arm-none-eabi/4.6.2/../../../../arm-none-eabi/lib/thumb/v7m\libstdc++.a
LOAD e:/elektronik/toolchain/yagarto/bin/../lib/gcc/arm-none-eabi/4.6.2/../../../../arm-none-eabi/lib/thumb/v7m\libm.a
START GROUP
LOAD e:/elektronik/toolchain/yagarto/bin/../lib/gcc/arm-none-eabi/4.6.2/thumb/v7m\libgcc.a
LOAD e:/elektronik/toolchain/yagarto/bin/../lib/gcc/arm-none-eabi/4.6.2/../../../../arm-none-eabi/lib/thumb/v7m\libg.a
LOAD e:/elektronik/toolchain/yagarto/bin/../lib/gcc/arm-none-eabi/4.6.2/../../../../arm-none-eabi/lib/thumb/v7m\libc.a
END GROUP
LOAD e:/elektronik/toolchain/yagarto/bin/../lib/gcc/arm-none-eabi/4.6.2/thumb/v7m/crtend.o
LOAD e:/elektronik/toolchain/yagarto/bin/../lib/gcc/arm-none-eabi/4.6.2/thumb/v7m/crtn.o
                0x20020000                _estack = 0x20020000
                0x00000000                _Min_Heap_Size = 0x0
                0x00000400                _Min_Stack_Size = 0x400

.isr_vector     0x08000000      0x188
                0x08000000                . = ALIGN (0x4)
 *(.isr_vector)
 .isr_vector    0x08000000      0x188 ./startup_stm32f4xx.o
                0x08000000                g_pfnVectors
                0x08000188                . = ALIGN (0x4)

.text           0x08000188    0x1c524
                0x08000188                . = ALIGN (0x4)
 *(.text)
 .text          0x08000188       0x54 e:/elektronik/toolchain/yagarto/bin/../lib/gcc/arm-none-eabi/4.6.2/thumb/v7m/crtbegin.o
 .text          0x080001dc     0x58f8 e:/elektronik/toolchain/yagarto/bin/../lib/gcc/arm-none-eabi/4.6.2/../../../../arm-none-eabi/lib/thumb/v7m\libstdc++.a(cp-demangle.o)
                0x080059a4                __cxa_demangle
                0x08005a88                __gcclibcxx_demangle_callback
 .text          0x08005ad4      0xa10 e:/elektronik/toolchain/yagarto/bin/../lib/gcc/arm-none-eabi/4.6.2/thumb/v7m\libgcc.a(unwind-arm.o)
                0x08005d90                _Unwind_VRS_Get
                0x08005ddc                _Unwind_VRS_Set
                0x080060f0                __aeabi_unwind_cpp_pr2
                0x080060f4                __aeabi_unwind_cpp_pr1
                0x080060f8                __aeabi_unwind_cpp_pr0
                0x080060fc                _Unwind_VRS_Pop
                0x0800638c                _Unwind_GetCFA
                0x08006390                __gnu_Unwind_RaiseException
                0x080063f0                __gnu_Unwind_ForcedUnwind
                0x08006404                __gnu_Unwind_Resume
                0x08006440                __gnu_Unwind_Resume_or_Rethrow
                0x08006450                _Unwind_Complete
                0x08006454                _Unwind_DeleteException
                0x08006464                __gnu_Unwind_Backtrace
 .text          0x080064e4      0x1ac e:/elektronik/toolchain/yagarto/bin/../lib/gcc/arm-none-eabi/4.6.2/thumb/v7m\libgcc.a(libunwind.o)
                0x080064e4                __restore_core_regs
                0x080064e4                restore_core_regs
                0x080064fc                __gnu_Unwind_Restore_VFP
                0x08006504                __gnu_Unwind_Save_VFP
                0x0800650c                __gnu_Unwind_Restore_VFP_D
                0x08006514                __gnu_Unwind_Save_VFP_D
                0x0800651c                __gnu_Unwind_Restore_VFP_D_16_to_31
                0x08006524                __gnu_Unwind_Save_VFP_D_16_to_31
                0x0800652c                __gnu_Unwind_Restore_WMMXD
                0x08006570                __gnu_Unwind_Save_WMMXD
                0x080065b4                __gnu_Unwind_Restore_WMMXC
                0x080065c8                __gnu_Unwind_Save_WMMXC
                0x080065dc                ___Unwind_RaiseException
                0x080065dc                _Unwind_RaiseException
                0x08006600                _Unwind_Resume
                0x08006600                ___Unwind_Resume
                0x08006624                _Unwind_Resume_or_Rethrow
                0x08006624                ___Unwind_Resume_or_Rethrow
                0x08006648                _Unwind_ForcedUnwind
                0x08006648                ___Unwind_ForcedUnwind
                0x0800666c                ___Unwind_Backtrace
                0x0800666c                _Unwind_Backtrace
 .text          0x08006690      0x3d4 e:/elektronik/toolchain/yagarto/bin/../lib/gcc/arm-none-eabi/4.6.2/thumb/v7m\libgcc.a(pr-support.o)
                0x080066e4                __gnu_unwind_execute
                0x08006a08                __gnu_unwind_frame
                0x08006a34                _Unwind_GetRegionStart
                0x08006a40                _Unwind_GetLanguageSpecificData
                0x08006a54                _Unwind_GetDataRelBase
                0x08006a5c                _Unwind_GetTextRelBase
 .text          0x08006a64       0x10 e:/elektronik/toolchain/yagarto/bin/../lib/gcc/arm-none-eabi/4.6.2/../../../../arm-none-eabi/lib/thumb/v7m\libg.a(lib_a-abort.o)
                0x08006a64                abort
 .text          0x08006a74       0x48 e:/elektronik/toolchain/yagarto/bin/../lib/gcc/arm-none-eabi/4.6.2/../../../../arm-none-eabi/lib/thumb/v7m\libg.a(lib_a-assert.o)
                0x08006a74                __assert_func
                0x08006ab0                __assert
 .text          0x08006abc       0x14 e:/elektronik/toolchain/yagarto/bin/../lib/gcc/arm-none-eabi/4.6.2/../../../../arm-none-eabi/lib/thumb/v7m\libg.a(lib_a-cxa_atexit.o)
                0x08006abc                __cxa_atexit
 .text          0x08006ad0       0x4c e:/elektronik/toolchain/yagarto/bin/../lib/gcc/arm-none-eabi/4.6.2/../../../../arm-none-eabi/lib/thumb/v7m\libg.a(lib_a-fiprintf.o)
                0x08006ad0                _fiprintf_r
                0x08006af0                fiprintf
 .text          0x08006b1c       0x4c e:/elektronik/toolchain/yagarto/bin/../lib/gcc/arm-none-eabi/4.6.2/../../../../arm-none-eabi/lib/thumb/v7m\libg.a(lib_a-fputc.o)
                0x08006b1c                _fputc_r
                0x08006b40                fputc
 .text          0x08006b68       0x60 e:/elektronik/toolchain/yagarto/bin/../lib/gcc/arm-none-eabi/4.6.2/../../../../arm-none-eabi/lib/thumb/v7m\libg.a(lib_a-fputs.o)
                0x08006b68                _fputs_r
                0x08006bb8                fputs
 .text          0x08006bc8      0x334 e:/elektronik/toolchain/yagarto/bin/../lib/gcc/arm-none-eabi/4.6.2/../../../../arm-none-eabi/lib/thumb/v7m\libg.a(lib_a-fvwrite.o)
                0x08006bc8                __sfvwrite_r
 .text          0x08006efc       0x94 e:/elektronik/toolchain/yagarto/bin/../lib/gcc/arm-none-eabi/4.6.2/../../../../arm-none-eabi/lib/thumb/v7m\libg.a(lib_a-fwrite.o)
                0x08006efc                _fwrite_r
                0x08006f68                fwrite
 .text          0x08006f90       0x48 e:/elektronik/toolchain/yagarto/bin/../lib/gcc/arm-none-eabi/4.6.2/../../../../arm-none-eabi/lib/thumb/v7m\libg.a(lib_a-init.o)
                0x08006f90                __libc_init_array
 .text          0x08006fd8       0x20 e:/elektronik/toolchain/yagarto/bin/../lib/gcc/arm-none-eabi/4.6.2/../../../../arm-none-eabi/lib/thumb/v7m\libg.a(lib_a-malloc.o)
                0x08006fd8                malloc
                0x08006fe8                free
 .text          0x08006ff8      0x564 e:/elektronik/toolchain/yagarto/bin/../lib/gcc/arm-none-eabi/4.6.2/../../../../arm-none-eabi/lib/thumb/v7m\libg.a(lib_a-mallocr.o)
                0x08006ff8                _malloc_r
 .text          0x0800755c       0x88 e:/elektronik/toolchain/yagarto/bin/../lib/gcc/arm-none-eabi/4.6.2/../../../../arm-none-eabi/lib/thumb/v7m\libg.a(lib_a-memchr.o)
                0x0800755c                memchr
 .text          0x080075e4       0x60 e:/elektronik/toolchain/yagarto/bin/../lib/gcc/arm-none-eabi/4.6.2/../../../../arm-none-eabi/lib/thumb/v7m\libg.a(lib_a-memcmp.o)
                0x080075e4                memcmp
 .text          0x08007644       0x84 e:/elektronik/toolchain/yagarto/bin/../lib/gcc/arm-none-eabi/4.6.2/../../../../arm-none-eabi/lib/thumb/v7m\libg.a(lib_a-memcpy.o)
                0x08007644                memcpy
 .text          0x080076c8       0xc8 e:/elektronik/toolchain/yagarto/bin/../lib/gcc/arm-none-eabi/4.6.2/../../../../arm-none-eabi/lib/thumb/v7m\libg.a(lib_a-memmove.o)
                0x080076c8                memmove
 .text          0x08007790       0x94 e:/elektronik/toolchain/yagarto/bin/../lib/gcc/arm-none-eabi/4.6.2/../../../../arm-none-eabi/lib/thumb/v7m\libg.a(lib_a-memset.o)
                0x08007790                memset
 .text          0x08007824       0xc8 e:/elektronik/toolchain/yagarto/bin/../lib/gcc/arm-none-eabi/4.6.2/../../../../arm-none-eabi/lib/thumb/v7m\libg.a(lib_a-putc.o)
                0x08007824                _putc_r
                0x08007884                putc
 .text          0x080078ec       0x14 e:/elektronik/toolchain/yagarto/bin/../lib/gcc/arm-none-eabi/4.6.2/../../../../arm-none-eabi/lib/thumb/v7m\libg.a(lib_a-realloc.o)
                0x080078ec                realloc
 .text          0x08007900      0x410 e:/elektronik/toolchain/yagarto/bin/../lib/gcc/arm-none-eabi/4.6.2/../../../../arm-none-eabi/lib/thumb/v7m\libg.a(lib_a-reallocr.o)
                0x08007900                _realloc_r
 .text          0x08007d10      0x158 e:/elektronik/toolchain/yagarto/bin/../lib/gcc/arm-none-eabi/4.6.2/../../../../arm-none-eabi/lib/thumb/v7m\libg.a(lib_a-signal.o)
                0x08007d10                _init_signal_r
                0x08007d44                _signal_r
                0x08007d84                _raise_r
                0x08007ddc                __sigtramp_r
                0x08007e2c                raise
                0x08007e3c                signal
                0x08007e4c                _init_signal
                0x08007e58                __sigtramp
 .text          0x08007e68       0x94 e:/elektronik/toolchain/yagarto/bin/../lib/gcc/arm-none-eabi/4.6.2/../../../../arm-none-eabi/lib/thumb/v7m\libg.a(lib_a-sprintf.o)
                0x08007e68                _sprintf_r
                0x08007eac                sprintf
 .text          0x08007efc      0x1dc e:/elektronik/toolchain/yagarto/bin/../lib/gcc/arm-none-eabi/4.6.2/../../../../arm-none-eabi/lib/thumb/v7m\libg.a(lib_a-strcmp.o)
                0x08007efc                strcmp
 .text          0x080080d8       0xbc e:/elektronik/toolchain/yagarto/bin/../lib/gcc/arm-none-eabi/4.6.2/../../../../arm-none-eabi/lib/thumb/v7m\libg.a(lib_a-strcpy.o)
                0x080080d8                strcpy
 .text          0x08008194       0x60 e:/elektronik/toolchain/yagarto/bin/../lib/gcc/arm-none-eabi/4.6.2/../../../../arm-none-eabi/lib/thumb/v7m\libg.a(lib_a-strlen.o)
                0x08008194                strlen
 .text          0x080081f4       0xa8 e:/elektronik/toolchain/yagarto/bin/../lib/gcc/arm-none-eabi/4.6.2/../../../../arm-none-eabi/lib/thumb/v7m\libg.a(lib_a-strncmp.o)
                0x080081f4                strncmp
 .text          0x0800829c     0x1314 e:/elektronik/toolchain/yagarto/bin/../lib/gcc/arm-none-eabi/4.6.2/../../../../arm-none-eabi/lib/thumb/v7m\libg.a(lib_a-svfprintf.o)
                0x0800829c                _svfprintf_r
 .text          0x080095b0       0x1c e:/elektronik/toolchain/yagarto/bin/../lib/gcc/arm-none-eabi/4.6.2/../../../../arm-none-eabi/lib/thumb/v7m\libg.a(lib_a-syswrite.o)
                0x080095b0                write
 .text          0x080095cc      0xb54 e:/elektronik/toolchain/yagarto/bin/../lib/gcc/arm-none-eabi/4.6.2/../../../../arm-none-eabi/lib/thumb/v7m\libg.a(lib_a-vfiprintf.o)
                0x080095cc                __sprint_r
                0x0800964c                _vfiprintf_r
                0x0800a104                vfiprintf
 .text          0x0800a120       0xc8 e:/elektronik/toolchain/yagarto/bin/../lib/gcc/arm-none-eabi/4.6.2/../../../../arm-none-eabi/lib/thumb/v7m\libg.a(lib_a-wbuf.o)
                0x0800a120                __swbuf_r
                0x0800a1d8                __swbuf
 .text          0x0800a1e8       0xb8 e:/elektronik/toolchain/yagarto/bin/../lib/gcc/arm-none-eabi/4.6.2/../../../../arm-none-eabi/lib/thumb/v7m\libg.a(lib_a-wsetup.o)
                0x0800a1e8                __swsetup_r
 .text          0x0800a2a0       0xb0 e:/elektronik/toolchain/yagarto/bin/../lib/gcc/arm-none-eabi/4.6.2/../../../../arm-none-eabi/lib/thumb/v7m\libg.a(lib_a-__atexit.o)
                0x0800a2a0                __register_exitproc
 .text          0x0800a350     0x1040 e:/elektronik/toolchain/yagarto/bin/../lib/gcc/arm-none-eabi/4.6.2/../../../../arm-none-eabi/lib/thumb/v7m\libg.a(lib_a-dtoa.o)
                0x0800a494                _dtoa_r
 .text          0x0800b390      0x1a4 e:/elektronik/toolchain/yagarto/bin/../lib/gcc/arm-none-eabi/4.6.2/../../../../arm-none-eabi/lib/thumb/v7m\libg.a(lib_a-fflush.o)
                0x0800b390                _fflush_r
                0x0800b514                fflush
 .text          0x0800b534      0x1c4 e:/elektronik/toolchain/yagarto/bin/../lib/gcc/arm-none-eabi/4.6.2/../../../../arm-none-eabi/lib/thumb/v7m\libg.a(lib_a-findfp.o)
                0x0800b53c                _cleanup_r
                0x0800b59c                __sfmoreglue
                0x0800b5c8                _cleanup
                0x0800b5d4                __sinit
                0x0800b61c                __sfp
                0x0800b6b8                __sfp_lock_acquire
                0x0800b6bc                __sfp_lock_release
                0x0800b6c0                __sinit_lock_acquire
                0x0800b6c4                __sinit_lock_release
                0x0800b6c8                __fp_lock_all
                0x0800b6e0                __fp_unlock_all
 .text          0x0800b6f8      0x104 e:/elektronik/toolchain/yagarto/bin/../lib/gcc/arm-none-eabi/4.6.2/../../../../arm-none-eabi/lib/thumb/v7m\libg.a(lib_a-fputwc.o)
                0x0800b6f8                _fputwc_r
                0x0800b7d8                fputwc
 .text          0x0800b7fc      0x224 e:/elektronik/toolchain/yagarto/bin/../lib/gcc/arm-none-eabi/4.6.2/../../../../arm-none-eabi/lib/thumb/v7m\libg.a(lib_a-freer.o)
                0x0800b7fc                _malloc_trim_r
                0x0800b89c                _free_r
 .text          0x0800ba20       0xa0 e:/elektronik/toolchain/yagarto/bin/../lib/gcc/arm-none-eabi/4.6.2/../../../../arm-none-eabi/lib/thumb/v7m\libg.a(lib_a-fwalk.o)
                0x0800ba20                _fwalk
                0x0800ba6c                _fwalk_reent
 .text          0x0800bac0       0x88 e:/elektronik/toolchain/yagarto/bin/../lib/gcc/arm-none-eabi/4.6.2/../../../../arm-none-eabi/lib/thumb/v7m\libg.a(lib_a-locale.o)
                0x0800bac0                _setlocale_r
                0x0800bb04                __locale_charset
                0x0800bb10                __locale_mb_cur_max
                0x0800bb1c                __locale_msgcharset
                0x0800bb24                __locale_cjk_lang
                0x0800bb28                _localeconv_r
                0x0800bb30                setlocale
                0x0800bb40                localeconv
 .text          0x0800bb48       0xe4 e:/elektronik/toolchain/yagarto/bin/../lib/gcc/arm-none-eabi/4.6.2/../../../../arm-none-eabi/lib/thumb/v7m\libg.a(lib_a-makebuf.o)
                0x0800bb48                __smakebuf_r
 .text          0x0800bc2c      0x8c8 e:/elektronik/toolchain/yagarto/bin/../lib/gcc/arm-none-eabi/4.6.2/../../../../arm-none-eabi/lib/thumb/v7m\libg.a(lib_a-mprec.o)
                0x0800bc2c                _Balloc
                0x0800bc78                _Bfree
                0x0800bc8c                __multadd
                0x0800bd10                __s2b
                0x0800bda4                __hi0bits
                0x0800bde0                __lo0bits
                0x0800be3c                __i2b
                0x0800be50                __multiply
                0x0800bf88                __pow5mult
                0x0800c020                __lshift
                0x0800c0e0                __mcmp
                0x0800c120                __mdiff
                0x0800c204                __ulp
                0x0800c248                __b2d
                0x0800c2f4                __d2b
                0x0800c3bc                __ratio
                0x0800c418                _mprec_log10
                0x0800c44c                __copybits
                0x0800c494                __any_on
 .text          0x0800c4f4       0x90 e:/elektronik/toolchain/yagarto/bin/../lib/gcc/arm-none-eabi/4.6.2/../../../../arm-none-eabi/lib/thumb/v7m\libg.a(lib_a-s_fpclassify.o)
                0x0800c4f4                __fpclassifyd
 .text          0x0800c584       0x8c e:/elektronik/toolchain/yagarto/bin/../lib/gcc/arm-none-eabi/4.6.2/../../../../arm-none-eabi/lib/thumb/v7m\libg.a(lib_a-stdio.o)
                0x0800c584                __sread
                0x0800c5a8                __seofread
                0x0800c5ac                __swrite
                0x0800c5e4                __sseek
                0x0800c608                __sclose
 .text          0x0800c610      0xa00 e:/elektronik/toolchain/yagarto/bin/../lib/gcc/arm-none-eabi/4.6.2/../../../../arm-none-eabi/lib/thumb/v7m\libg.a(lib_a-svfiprintf.o)
                0x0800c610                __ssprint_r
                0x0800c728                _svfiprintf_r
 .text          0x0800d010       0xac e:/elektronik/toolchain/yagarto/bin/../lib/gcc/arm-none-eabi/4.6.2/../../../../arm-none-eabi/lib/thumb/v7m\libg.a(lib_a-wcrtomb.o)
                0x0800d010                _wcrtomb_r
                0x0800d05c                wcrtomb
 .text          0x0800d0bc       0x4c e:/elektronik/toolchain/yagarto/bin/../lib/gcc/arm-none-eabi/4.6.2/../../../../arm-none-eabi/lib/thumb/v7m\libg.a(lib_a-wctomb_r.o)
                0x0800d0bc                __ascii_wctomb
                0x0800d0d8                _wctomb_r
 .text          0x0800d108       0x60 e:/elektronik/toolchain/yagarto/bin/../lib/gcc/arm-none-eabi/4.6.2/../../../../arm-none-eabi/lib/thumb/v7m\libg.a(lib_a-callocr.o)
                0x0800d108                _calloc_r
 .text          0x0800d168       0x9c e:/elektronik/toolchain/yagarto/bin/../lib/gcc/arm-none-eabi/4.6.2/../../../../arm-none-eabi/lib/thumb/v7m\libg.a(lib_a-fclose.o)
                0x0800d168                _fclose_r
                0x0800d1f4                fclose
 *fill*         0x0800d204        0x4 00
 .text          0x0800d208      0x278 e:/elektronik/toolchain/yagarto/bin/../lib/gcc/arm-none-eabi/4.6.2/thumb/v7m\libgcc.a(_udivsi3.o)
                0x0800d208                __aeabi_uidiv
                0x0800d208                __udivsi3
                0x0800d464                __aeabi_uidivmod
 .text          0x0800d480        0x4 e:/elektronik/toolchain/yagarto/bin/../lib/gcc/arm-none-eabi/4.6.2/thumb/v7m\libgcc.a(_dvmd_tls.o)
                0x0800d480                __aeabi_idiv0
                0x0800d480                __aeabi_ldiv0
 .text          0x0800d484      0x370 e:/elektronik/toolchain/yagarto/bin/../lib/gcc/arm-none-eabi/4.6.2/thumb/v7m\libgcc.a(_arm_addsubdf3.o)
                0x0800d484                __aeabi_drsub
                0x0800d48c                __aeabi_dsub
                0x0800d48c                __subdf3
                0x0800d490                __aeabi_dadd
                0x0800d490                __adddf3
                0x0800d708                __floatunsidf
                0x0800d708                __aeabi_ui2d
                0x0800d728                __floatsidf
                0x0800d728                __aeabi_i2d
                0x0800d74c                __aeabi_f2d
                0x0800d74c                __extendsfdf2
                0x0800d788                __floatundidf
                0x0800d788                __aeabi_ul2d
                0x0800d798                __floatdidf
                0x0800d798                __aeabi_l2d
 .text          0x0800d7f4      0x424 e:/elektronik/toolchain/yagarto/bin/../lib/gcc/arm-none-eabi/4.6.2/thumb/v7m\libgcc.a(_arm_muldivdf3.o)
                0x0800d7f4                __aeabi_dmul
                0x0800d7f4                __muldf3
                0x0800da48                __divdf3
                0x0800da48                __aeabi_ddiv
 .text          0x0800dc18      0x110 e:/elektronik/toolchain/yagarto/bin/../lib/gcc/arm-none-eabi/4.6.2/thumb/v7m\libgcc.a(_arm_cmpdf2.o)
                0x0800dc18                __gtdf2
                0x0800dc18                __gedf2
                0x0800dc20                __ltdf2
                0x0800dc20                __ledf2
                0x0800dc28                __nedf2
                0x0800dc28                __eqdf2
                0x0800dc28                __cmpdf2
                0x0800dca4                __aeabi_cdrcmple
                0x0800dcb4                __aeabi_cdcmpeq
                0x0800dcb4                __aeabi_cdcmple
                0x0800dcc4                __aeabi_dcmpeq
                0x0800dcd8                __aeabi_dcmplt
                0x0800dcec                __aeabi_dcmple
                0x0800dd00                __aeabi_dcmpge
                0x0800dd14                __aeabi_dcmpgt
 .text          0x0800dd28       0x50 e:/elektronik/toolchain/yagarto/bin/../lib/gcc/arm-none-eabi/4.6.2/thumb/v7m\libgcc.a(_arm_fixdfsi.o)
                0x0800dd28                __aeabi_d2iz
                0x0800dd28                __fixdfsi
 *(.text*)
 .text.NVIC_Init
                0x0800dd78       0xe4 ./STM32F4xx_StdPeriph_Driver/src/misc.o
                0x0800dd78                NVIC_Init
 .text.DAC_SetChannel1Data
                0x0800de5c       0x38 ./STM32F4xx_StdPeriph_Driver/src/stm32f4xx_dac.o
                0x0800de5c                DAC_SetChannel1Data
 .text.DMA_DeInit
                0x0800de94      0x244 ./STM32F4xx_StdPeriph_Driver/src/stm32f4xx_dma.o
                0x0800de94                DMA_DeInit
 .text.DMA_Init
                0x0800e0d8       0xb0 ./STM32F4xx_StdPeriph_Driver/src/stm32f4xx_dma.o
                0x0800e0d8                DMA_Init
 .text.DMA_Cmd  0x0800e188       0x38 ./STM32F4xx_StdPeriph_Driver/src/stm32f4xx_dma.o
                0x0800e188                DMA_Cmd
 .text.DMA_FlowControllerConfig
                0x0800e1c0       0x34 ./STM32F4xx_StdPeriph_Driver/src/stm32f4xx_dma.o
                0x0800e1c0                DMA_FlowControllerConfig
 .text.DMA_GetCmdStatus
                0x0800e1f4       0x38 ./STM32F4xx_StdPeriph_Driver/src/stm32f4xx_dma.o
                0x0800e1f4                DMA_GetCmdStatus
 .text.DMA_GetFlagStatus
                0x0800e22c       0x88 ./STM32F4xx_StdPeriph_Driver/src/stm32f4xx_dma.o
                0x0800e22c                DMA_GetFlagStatus
 .text.DMA_ClearFlag
                0x0800e2b4       0x64 ./STM32F4xx_StdPeriph_Driver/src/stm32f4xx_dma.o
                0x0800e2b4                DMA_ClearFlag
 .text.DMA_ITConfig
                0x0800e318       0x78 ./STM32F4xx_StdPeriph_Driver/src/stm32f4xx_dma.o
                0x0800e318                DMA_ITConfig
 .text.GPIO_Init
                0x0800e390      0x154 ./STM32F4xx_StdPeriph_Driver/src/stm32f4xx_gpio.o
                0x0800e390                GPIO_Init
 .text.GPIO_ReadInputDataBit
                0x0800e4e4       0x3c ./STM32F4xx_StdPeriph_Driver/src/stm32f4xx_gpio.o
                0x0800e4e4                GPIO_ReadInputDataBit
 .text.GPIO_ReadInputData
                0x0800e520       0x1c ./STM32F4xx_StdPeriph_Driver/src/stm32f4xx_gpio.o
                0x0800e520                GPIO_ReadInputData
 .text.GPIO_SetBits
                0x0800e53c       0x1c ./STM32F4xx_StdPeriph_Driver/src/stm32f4xx_gpio.o
                0x0800e53c                GPIO_SetBits
 .text.GPIO_ResetBits
                0x0800e558       0x1c ./STM32F4xx_StdPeriph_Driver/src/stm32f4xx_gpio.o
                0x0800e558                GPIO_ResetBits
 .text.GPIO_PinAFConfig
                0x0800e574       0xac ./STM32F4xx_StdPeriph_Driver/src/stm32f4xx_gpio.o
                0x0800e574                GPIO_PinAFConfig
 .text.RCC_GetClocksFreq
                0x0800e620      0x1d0 ./STM32F4xx_StdPeriph_Driver/src/stm32f4xx_rcc.o
                0x0800e620                RCC_GetClocksFreq
 .text.RCC_AHB1PeriphClockCmd
                0x0800e7f0       0x58 ./STM32F4xx_StdPeriph_Driver/src/stm32f4xx_rcc.o
                0x0800e7f0                RCC_AHB1PeriphClockCmd
 .text.RCC_APB2PeriphClockCmd
                0x0800e848       0x58 ./STM32F4xx_StdPeriph_Driver/src/stm32f4xx_rcc.o
                0x0800e848                RCC_APB2PeriphClockCmd
 .text.RCC_APB2PeriphResetCmd
                0x0800e8a0       0x58 ./STM32F4xx_StdPeriph_Driver/src/stm32f4xx_rcc.o
                0x0800e8a0                RCC_APB2PeriphResetCmd
 .text.SDIO_DeInit
                0x0800e8f8       0x20 ./STM32F4xx_StdPeriph_Driver/src/stm32f4xx_sdio.o
                0x0800e8f8                SDIO_DeInit
 .text.SDIO_Init
                0x0800e918       0x68 ./STM32F4xx_StdPeriph_Driver/src/stm32f4xx_sdio.o
                0x0800e918                SDIO_Init
 .text.SDIO_ClockCmd
                0x0800e980       0x20 ./STM32F4xx_StdPeriph_Driver/src/stm32f4xx_sdio.o
                0x0800e980                SDIO_ClockCmd
 .text.SDIO_SetPowerState
                0x0800e9a0       0x20 ./STM32F4xx_StdPeriph_Driver/src/stm32f4xx_sdio.o
                0x0800e9a0                SDIO_SetPowerState
 .text.SDIO_GetPowerState
                0x0800e9c0       0x1c ./STM32F4xx_StdPeriph_Driver/src/stm32f4xx_sdio.o
                0x0800e9c0                SDIO_GetPowerState
 .text.SDIO_SendCommand
                0x0800e9dc       0x68 ./STM32F4xx_StdPeriph_Driver/src/stm32f4xx_sdio.o
                0x0800e9dc                SDIO_SendCommand
 .text.SDIO_GetCommandResponse
                0x0800ea44       0x18 ./STM32F4xx_StdPeriph_Driver/src/stm32f4xx_sdio.o
                0x0800ea44                SDIO_GetCommandResponse
 .text.SDIO_GetResponse
                0x0800ea5c       0x2c ./STM32F4xx_StdPeriph_Driver/src/stm32f4xx_sdio.o
                0x0800ea5c                SDIO_GetResponse
 .text.SDIO_DataConfig
                0x0800ea88       0x70 ./STM32F4xx_StdPeriph_Driver/src/stm32f4xx_sdio.o
                0x0800ea88                SDIO_DataConfig
 .text.SDIO_ReadData
                0x0800eaf8       0x18 ./STM32F4xx_StdPeriph_Driver/src/stm32f4xx_sdio.o
                0x0800eaf8                SDIO_ReadData
 .text.SDIO_DMACmd
                0x0800eb10       0x20 ./STM32F4xx_StdPeriph_Driver/src/stm32f4xx_sdio.o
                0x0800eb10                SDIO_DMACmd
 .text.SDIO_ITConfig
                0x0800eb30       0x58 ./STM32F4xx_StdPeriph_Driver/src/stm32f4xx_sdio.o
                0x0800eb30                SDIO_ITConfig
 .text.SDIO_GetFlagStatus
                0x0800eb88       0x40 ./STM32F4xx_StdPeriph_Driver/src/stm32f4xx_sdio.o
                0x0800eb88                SDIO_GetFlagStatus
 .text.SDIO_ClearFlag
                0x0800ebc8       0x20 ./STM32F4xx_StdPeriph_Driver/src/stm32f4xx_sdio.o
                0x0800ebc8                SDIO_ClearFlag
 .text.SDIO_GetITStatus
                0x0800ebe8       0x40 ./STM32F4xx_StdPeriph_Driver/src/stm32f4xx_sdio.o
                0x0800ebe8                SDIO_GetITStatus
 .text.SDIO_ClearITPendingBit
                0x0800ec28       0x20 ./STM32F4xx_StdPeriph_Driver/src/stm32f4xx_sdio.o
                0x0800ec28                SDIO_ClearITPendingBit
 .text.SPI_I2S_SendData
                0x0800ec48       0x1c ./STM32F4xx_StdPeriph_Driver/src/stm32f4xx_spi.o
                0x0800ec48                SPI_I2S_SendData
 .text.SPI_I2S_GetFlagStatus
                0x0800ec64       0x40 ./STM32F4xx_StdPeriph_Driver/src/stm32f4xx_spi.o
                0x0800ec64                SPI_I2S_GetFlagStatus
 .text.STM_EVAL_LEDInit
                0x0800eca4       0x6c ./STM32F4-Discovery/stm32f4_discovery.o
                0x0800eca4                STM_EVAL_LEDInit
 .text.STM_EVAL_LEDOn
                0x0800ed10       0x34 ./STM32F4-Discovery/stm32f4_discovery.o
                0x0800ed10                STM_EVAL_LEDOn
 .text.STM_EVAL_LEDOff
                0x0800ed44       0x34 ./STM32F4-Discovery/stm32f4_discovery.o
                0x0800ed44                STM_EVAL_LEDOff
 .text.Audio_MAL_IRQHandler
                0x0800ed78      0x180 ./STM32F4-Discovery/stm32f4_discovery_audio_codec.o
 .text.DMA1_Stream7_IRQHandler
                0x0800eef8        0xc ./STM32F4-Discovery/stm32f4_discovery_audio_codec.o
                0x0800eef8                DMA1_Stream7_IRQHandler
 .text.DMA1_Stream0_IRQHandler
                0x0800ef04        0xc ./STM32F4-Discovery/stm32f4_discovery_audio_codec.o
                0x0800ef04                DMA1_Stream0_IRQHandler
 .text.SPI3_IRQHandler
                0x0800ef10       0x50 ./STM32F4-Discovery/stm32f4_discovery_audio_codec.o
                0x0800ef10                SPI3_IRQHandler
 .text._ZNK5CTask7IsValidEv
                0x0800ef60       0x24 ./Menue/CMenue.o
                0x0800ef60                CTask::IsValid() const
 .text._ZN5CTask6DetachEv
                0x0800ef84       0x24 ./Menue/CMenue.o
                0x0800ef84                CTask::Detach()
 .text._ZN12AManagedTask8OnCreateEPKctm
                0x0800efa8       0x20 ./Menue/CMenue.o
                0x0800efa8                AManagedTask::OnCreate(char const*, unsigned short, unsigned long)
 .text._ZN6CMenueC2EP11CGraphicLCD
                0x0800efc8       0x30 ./Menue/CMenue.o
                0x0800efc8                CMenue::CMenue(CGraphicLCD*)
                0x0800efc8                CMenue::CMenue(CGraphicLCD*)
 .text._ZN6CMenueD2Ev
                0x0800eff8       0x38 ./Menue/CMenue.o
                0x0800eff8                CMenue::~CMenue()
                0x0800eff8                CMenue::~CMenue()
 .text._ZN6CMenueD0Ev
                0x0800f030       0x20 ./Menue/CMenue.o
                0x0800f030                CMenue::~CMenue()
 .text._ZN6CMenue12HardwareInitEv
                0x0800f050       0x18 ./Menue/CMenue.o
                0x0800f050                CMenue::HardwareInit()
 .text._ZN6CMenue3RunEv
                0x0800f068      0x1fc ./Menue/CMenue.o
                0x0800f068                CMenue::Run()
 .text._ZN11CGraphicLCDC2Ev
                0x0800f264       0x28 ./GraphicLCD/CGraphicLCD.o
                0x0800f264                CGraphicLCD::CGraphicLCD()
                0x0800f264                CGraphicLCD::CGraphicLCD()
 .text._ZN11CGraphicLCDD2Ev
                0x0800f28c       0x34 ./GraphicLCD/CGraphicLCD.o
                0x0800f28c                CGraphicLCD::~CGraphicLCD()
                0x0800f28c                CGraphicLCD::~CGraphicLCD()
 .text._ZN11CGraphicLCDD0Ev
                0x0800f2c0       0x20 ./GraphicLCD/CGraphicLCD.o
                0x0800f2c0                CGraphicLCD::~CGraphicLCD()
 .text._ZN11CGraphicLCD7InverseEv
                0x0800f2e0       0x18 ./GraphicLCD/CGraphicLCD.o
                0x0800f2e0                CGraphicLCD::Inverse()
 .text._ZN11CGraphicLCD7InverseEb
                0x0800f2f8       0x1c ./GraphicLCD/CGraphicLCD.o
                0x0800f2f8                CGraphicLCD::Inverse(bool)
 .text._ZN13CT6963CDriverC2Ev
                0x0800f314       0x28 ./GraphicLCD/CT6963CDriver.o
                0x0800f314                CT6963CDriver::CT6963CDriver()
                0x0800f314                CT6963CDriver::CT6963CDriver()
 .text._ZN13CT6963CDriverD2Ev
                0x0800f33c       0x38 ./GraphicLCD/CT6963CDriver.o
                0x0800f33c                CT6963CDriver::~CT6963CDriver()
                0x0800f33c                CT6963CDriver::~CT6963CDriver()
 .text._ZN13CT6963CDriverD0Ev
                0x0800f374       0x20 ./GraphicLCD/CT6963CDriver.o
                0x0800f374                CT6963CDriver::~CT6963CDriver()
 .text._ZN13CT6963CDriver4InitEv
                0x0800f394      0x160 ./GraphicLCD/CT6963CDriver.o
                0x0800f394                CT6963CDriver::Init()
 .text._ZN13CT6963CDriver17SetAddressPointerEj
                0x0800f4f4       0x58 ./GraphicLCD/CT6963CDriver.o
                0x0800f4f4                CT6963CDriver::SetAddressPointer(unsigned int)
 .text._ZN13CT6963CDriver8TextGoToEhh
                0x0800f54c       0x34 ./GraphicLCD/CT6963CDriver.o
                0x0800f54c                CT6963CDriver::TextGoTo(unsigned char, unsigned char)
 .text._ZN13CT6963CDriver11GraphicGoToEhh
                0x0800f580       0x40 ./GraphicLCD/CT6963CDriver.o
                0x0800f580                CT6963CDriver::GraphicGoTo(unsigned char, unsigned char)
 .text._ZN13CT6963CDriver5ClearEv
                0x0800f5c0       0x9c ./GraphicLCD/CT6963CDriver.o
                0x0800f5c0                CT6963CDriver::Clear()
 .text._ZN13CT6963CDriver16WriteDisplayDataEh
                0x0800f65c       0x38 ./GraphicLCD/CT6963CDriver.o
                0x0800f65c                CT6963CDriver::WriteDisplayData(unsigned char)
 .text._ZN13CT6963CDriver9WriteCharEc
                0x0800f694       0x24 ./GraphicLCD/CT6963CDriver.o
                0x0800f694                CT6963CDriver::WriteChar(char)
 .text._ZN13CT6963CDriver11WriteStringEPKcRK5tFontjj
                0x0800f6b8      0x19c ./GraphicLCD/CT6963CDriver.o
                0x0800f6b8                CT6963CDriver::WriteString(char const*, tFont const&, unsigned int, unsigned int)
 .text._ZN13CT6963CDriver8SetPixelEhh
                0x0800f854       0x88 ./GraphicLCD/CT6963CDriver.o
                0x0800f854                CT6963CDriver::SetPixel(unsigned char, unsigned char)
 .text._ZN13CT6963CDriver4LineEjjjj
                0x0800f8dc      0x150 ./GraphicLCD/CT6963CDriver.o
                0x0800f8dc                CT6963CDriver::Line(unsigned int, unsigned int, unsigned int, unsigned int)
 .text._ZN13CT6963CDriver6WindowEjjjj
                0x0800fa2c      0x348 ./GraphicLCD/CT6963CDriver.o
                0x0800fa2c                CT6963CDriver::Window(unsigned int, unsigned int, unsigned int, unsigned int)
 .text._ZN13CT6963CDriver9RectangleEjjjjb
                0x0800fd74      0x144 ./GraphicLCD/CT6963CDriver.o
                0x0800fd74                CT6963CDriver::Rectangle(unsigned int, unsigned int, unsigned int, unsigned int, bool)
 .text._ZN13CT6963CDriver11SectorClearEjjjj
                0x0800feb8       0x60 ./GraphicLCD/CT6963CDriver.o
                0x0800feb8                CT6963CDriver::SectorClear(unsigned int, unsigned int, unsigned int, unsigned int)
 .text._ZN13CT6963CDriver6CircleEhhh
                0x0800ff18      0x184 ./GraphicLCD/CT6963CDriver.o
                0x0800ff18                CT6963CDriver::Circle(unsigned char, unsigned char, unsigned char)
 .text._ZN13CT6963CDriver6BitmapEPhhhhh
                0x0801009c       0xd4 ./GraphicLCD/CT6963CDriver.o
                0x0801009c                CT6963CDriver::Bitmap(unsigned char*, unsigned char, unsigned char, unsigned char, unsigned char)
 .text._ZN21CT6963_GPIO_InterfaceC2Ev
                0x08010170       0x28 ./GraphicLCD/CT6963GPIOInterface.o
                0x08010170                CT6963_GPIO_Interface::CT6963_GPIO_Interface()
                0x08010170                CT6963_GPIO_Interface::CT6963_GPIO_Interface()
 .text._ZN21CT6963_GPIO_InterfaceD2Ev
                0x08010198       0x38 ./GraphicLCD/CT6963GPIOInterface.o
                0x08010198                CT6963_GPIO_Interface::~CT6963_GPIO_Interface()
                0x08010198                CT6963_GPIO_Interface::~CT6963_GPIO_Interface()
 .text._ZN21CT6963_GPIO_InterfaceD0Ev
                0x080101d0       0x20 ./GraphicLCD/CT6963GPIOInterface.o
                0x080101d0                CT6963_GPIO_Interface::~CT6963_GPIO_Interface()
 .text._Z11CheckStatusv
                0x080101f0       0xbc ./GraphicLCD/CT6963GPIOInterface.o
                0x080101f0                CheckStatus()
 .text._ZN21CT6963_GPIO_Interface12HardwareInitEv
                0x080102ac       0xc0 ./GraphicLCD/CT6963GPIOInterface.o
                0x080102ac                CT6963_GPIO_Interface::HardwareInit()
 .text._ZN21CT6963_GPIO_Interface5ResetEv
                0x0801036c       0x38 ./GraphicLCD/CT6963GPIOInterface.o
                0x0801036c                CT6963_GPIO_Interface::Reset()
 .text._ZN21CT6963_GPIO_Interface12WriteCommandEh
                0x080103a4       0xac ./GraphicLCD/CT6963GPIOInterface.o
                0x080103a4                CT6963_GPIO_Interface::WriteCommand(unsigned char)
 .text._ZN21CT6963_GPIO_Interface9WriteDataEh
                0x08010450       0xcc ./GraphicLCD/CT6963GPIOInterface.o
                0x08010450                CT6963_GPIO_Interface::WriteData(unsigned char)
 .text._ZN21CT6963_GPIO_Interface8ReadDataEv
                0x0801051c       0xe4 ./GraphicLCD/CT6963GPIOInterface.o
                0x0801051c                CT6963_GPIO_Interface::ReadData()
 .text._ZN5CTask13EnterCriticalEv
                0x08010600        0xc ./FreeRTOS_EC/Source/AManagedTask.o
                0x08010600                CTask::EnterCritical()
 .text._ZN5CTask12ExitCriticalEv
                0x0801060c        0xc ./FreeRTOS_EC/Source/AManagedTask.o
                0x0801060c                CTask::ExitCritical()
 .text._ZN12AManagedTask12HardwareInitEv
                0x08010618       0x18 ./FreeRTOS_EC/Source/AManagedTask.o
                0x08010618                AManagedTask::HardwareInit()
 .text._ZN9CFreeRTOS15SuspendAllTasksEv
                0x08010630        0xc ./FreeRTOS_EC/Source/AManagedTask.o
                0x08010630                CFreeRTOS::SuspendAllTasks()
 .text._ZN9CFreeRTOS14ResumeAllTasksEv
                0x0801063c       0x10 ./FreeRTOS_EC/Source/AManagedTask.o
                0x0801063c                CFreeRTOS::ResumeAllTasks()
 .text._ZN12AManagedTaskC2Ev
                0x0801064c       0x38 ./FreeRTOS_EC/Source/AManagedTask.o
                0x0801064c                AManagedTask::AManagedTask()
                0x0801064c                AManagedTask::AManagedTask()
 .text._ZN12AManagedTaskD2Ev
                0x08010684       0x40 ./FreeRTOS_EC/Source/AManagedTask.o
                0x08010684                AManagedTask::~AManagedTask()
                0x08010684                AManagedTask::~AManagedTask()
 .text._ZN12AManagedTaskD0Ev
                0x080106c4       0x20 ./FreeRTOS_EC/Source/AManagedTask.o
                0x080106c4                AManagedTask::~AManagedTask()
 .text._ZN12AManagedTask16AddToManagedTaskEPS_
                0x080106e4       0x50 ./FreeRTOS_EC/Source/AManagedTask.o
                0x080106e4                AManagedTask::AddToManagedTask(AManagedTask*)
 .text._ZN12AManagedTask21RemoveFromManagedTaskEPS_
                0x08010734       0x88 ./FreeRTOS_EC/Source/AManagedTask.o
                0x08010734                AManagedTask::RemoveFromManagedTask(AManagedTask*)
 .text._ZN12IFreeRTOSObjC2Ev
                0x080107bc       0x20 ./FreeRTOS_EC/Source/ASyncObject.o
                0x080107bc                IFreeRTOSObj::IFreeRTOSObj()
                0x080107bc                IFreeRTOSObj::IFreeRTOSObj()
 .text._ZN5CTaskC2Ev
                0x080107dc       0x30 ./FreeRTOS_EC/Source/CTask.o
                0x080107dc                CTask::CTask()
                0x080107dc                CTask::CTask()
 .text._ZN5CTaskD2Ev
                0x0801080c       0x44 ./FreeRTOS_EC/Source/CTask.o
                0x0801080c                CTask::~CTask()
                0x0801080c                CTask::~CTask()
 .text._ZN5CTaskD0Ev
                0x08010850       0x20 ./FreeRTOS_EC/Source/CTask.o
                0x08010850                CTask::~CTask()
 .text._ZN5CTask6AttachEPv
                0x08010870       0x54 ./FreeRTOS_EC/Source/CTask.o
                0x08010870                CTask::Attach(void*)
 .text._ZN5CTask6DeleteEv
                0x080108c4       0x2c ./FreeRTOS_EC/Source/CTask.o
                0x080108c4                CTask::Delete()
 .text.SVC_Handler
                0x080108f0       0x20 ./FreeRTOS/Source/portable/GCC/ARM_CM4F/port.o
                0x080108f0                SVC_Handler
 .text.vPortYieldFromISR
                0x08010910       0x18 ./FreeRTOS/Source/portable/GCC/ARM_CM4F/port.o
                0x08010910                vPortYieldFromISR
 .text.vPortEnterCritical
                0x08010928       0x2c ./FreeRTOS/Source/portable/GCC/ARM_CM4F/port.o
                0x08010928                vPortEnterCritical
 .text.vPortExitCritical
                0x08010954       0x38 ./FreeRTOS/Source/portable/GCC/ARM_CM4F/port.o
                0x08010954                vPortExitCritical
 .text.PendSV_Handler
                0x0801098c       0x58 ./FreeRTOS/Source/portable/GCC/ARM_CM4F/port.o
                0x0801098c                PendSV_Handler
 .text.SysTick_Handler
                0x080109e4       0x38 ./FreeRTOS/Source/portable/GCC/ARM_CM4F/port.o
                0x080109e4                SysTick_Handler
 .text.vListInsertEnd
                0x08010a1c       0x54 ./FreeRTOS/Source/list.o
                0x08010a1c                vListInsertEnd
 .text.vListInsert
                0x08010a70       0x78 ./FreeRTOS/Source/list.o
                0x08010a70                vListInsert
 .text.vListRemove
                0x08010ae8       0x54 ./FreeRTOS/Source/list.o
                0x08010ae8                vListRemove
 .text.vTaskDelete
                0x08010b3c       0xc0 ./FreeRTOS/Source/tasks.o
                0x08010b3c                vTaskDelete
 .text.vTaskDelay
                0x08010bfc       0x5c ./FreeRTOS/Source/tasks.o
                0x08010bfc                vTaskDelay
 .text.vTaskSuspendAll
                0x08010c58       0x24 ./FreeRTOS/Source/tasks.o
                0x08010c58                vTaskSuspendAll
 .text.xTaskResumeAll
                0x08010c7c      0x154 ./FreeRTOS/Source/tasks.o
                0x08010c7c                xTaskResumeAll
 .text.vTaskIncrementTick
                0x08010dd0      0x1b8 ./FreeRTOS/Source/tasks.o
                0x08010dd0                vTaskIncrementTick
 .text.vTaskSwitchContext
                0x08010f88      0x140 ./FreeRTOS/Source/tasks.o
                0x08010f88                vTaskSwitchContext
 .text.prvAddCurrentTaskToDelayedList
                0x080110c8       0x8c ./FreeRTOS/Source/tasks.o
 .text.disk_initialize
                0x08011154       0x28 ./Fatfs/FatFs/src/diskio.o
                0x08011154                disk_initialize
 .text.disk_status
                0x0801117c       0x40 ./Fatfs/FatFs/src/diskio.o
                0x0801117c                disk_status
 .text.disk_read
                0x080111bc       0x94 ./Fatfs/FatFs/src/diskio.o
                0x080111bc                disk_read
 .text.disk_write
                0x08011250       0x94 ./Fatfs/FatFs/src/diskio.o
                0x08011250                disk_write
 .text.disk_ioctl
                0x080112e4       0x80 ./Fatfs/FatFs/src/diskio.o
                0x080112e4                disk_ioctl
 .text.mem_cpy  0x08011364       0x50 ./Fatfs/FatFs/src/ff.o
 .text.mem_set  0x080113b4       0x44 ./Fatfs/FatFs/src/ff.o
 .text.mem_cmp  0x080113f8       0x70 ./Fatfs/FatFs/src/ff.o
 .text.chk_chr  0x08011468       0x38 ./Fatfs/FatFs/src/ff.o
 .text.move_window
                0x080114a0       0xd4 ./Fatfs/FatFs/src/ff.o
 .text.sync     0x08011574      0x180 ./Fatfs/FatFs/src/ff.o
 .text.get_fat  0x080116f4      0x1f4 ./Fatfs/FatFs/src/ff.o
 .text.put_fat  0x080118e8      0x274 ./Fatfs/FatFs/src/ff.o
 .text.remove_chain
                0x08011b5c       0xb0 ./Fatfs/FatFs/src/ff.o
 .text.create_chain
                0x08011c0c      0x120 ./Fatfs/FatFs/src/ff.o
 .text.clust2sect
                0x08011d2c       0x44 ./Fatfs/FatFs/src/ff.o
 .text.dir_seek
                0x08011d70      0x118 ./Fatfs/FatFs/src/ff.o
 .text.dir_next
                0x08011e88      0x1e4 ./Fatfs/FatFs/src/ff.o
 .text.dir_find
                0x0801206c       0xa4 ./Fatfs/FatFs/src/ff.o
 .text.dir_register
                0x08012110       0xd4 ./Fatfs/FatFs/src/ff.o
 .text.create_name
                0x080121e4      0x210 ./Fatfs/FatFs/src/ff.o
 .text.follow_path
                0x080123f4      0x11c ./Fatfs/FatFs/src/ff.o
 .text.check_fs
                0x08012510       0xbc ./Fatfs/FatFs/src/ff.o
 .text.auto_mount
                0x080125cc      0x520 ./Fatfs/FatFs/src/ff.o
 .text.validate
                0x08012aec       0x54 ./Fatfs/FatFs/src/ff.o
 .text.f_mount  0x08012b40       0x64 ./Fatfs/FatFs/src/ff.o
                0x08012b40                f_mount
 .text.f_open   0x08012ba4      0x364 ./Fatfs/FatFs/src/ff.o
                0x08012ba4                f_open
 .text.f_write  0x08012f08      0x374 ./Fatfs/FatFs/src/ff.o
                0x08012f08                f_write
 .text.f_sync   0x0801327c      0x1c0 ./Fatfs/FatFs/src/ff.o
                0x0801327c                f_sync
 .text.f_close  0x0801343c       0x2c ./Fatfs/FatFs/src/ff.o
                0x0801343c                f_close
 .text._ZN12CFileHandlerC2Ev
                0x08013468       0x38 ./Fatfs/CFileHandler.o
                0x08013468                CFileHandler::CFileHandler()
                0x08013468                CFileHandler::CFileHandler()
 .text._ZN12CFileHandlerD2Ev
                0x080134a0       0x38 ./Fatfs/CFileHandler.o
                0x080134a0                CFileHandler::~CFileHandler()
                0x080134a0                CFileHandler::~CFileHandler()
 .text._ZN12CFileHandlerD0Ev
                0x080134d8       0x20 ./Fatfs/CFileHandler.o
                0x080134d8                CFileHandler::~CFileHandler()
 .text._ZN12CFileHandler12HardwareInitEv
                0x080134f8       0x80 ./Fatfs/CFileHandler.o
                0x080134f8                CFileHandler::HardwareInit()
 .text._ZN12CFileHandler3RunEv
                0x08013578       0xcc ./Fatfs/CFileHandler.o
                0x08013578                CFileHandler::Run()
 .text.get_fattime
                0x08013644       0x10 ./Fatfs/fattime.o
                0x08013644                get_fattime
 .text.SD_LowLevel_Init
                0x08013654      0x12c ./Fatfs/stm32f4_sdio.o
                0x08013654                SD_LowLevel_Init
 .text.SD_LowLevel_DMA_TxConfig
                0x08013780       0xe0 ./Fatfs/stm32f4_sdio.o
                0x08013780                SD_LowLevel_DMA_TxConfig
 .text.SD_LowLevel_DMA_RxConfig
                0x08013860       0xe0 ./Fatfs/stm32f4_sdio.o
                0x08013860                SD_LowLevel_DMA_RxConfig
 .text.SD_Init  0x08013940       0xf4 ./Fatfs/stm32f4_sdio.o
                0x08013940                SD_Init
 .text.SD_GetStatus
                0x08013a34       0x3c ./Fatfs/stm32f4_sdio.o
                0x08013a34                SD_GetStatus
 .text.SD_GetState
                0x08013a70       0x4c ./Fatfs/stm32f4_sdio.o
                0x08013a70                SD_GetState
 .text.SD_Detect
                0x08013abc       0x38 ./Fatfs/stm32f4_sdio.o
                0x08013abc                SD_Detect
 .text.SD_PowerON
                0x08013af4      0x38c ./Fatfs/stm32f4_sdio.o
                0x08013af4                SD_PowerON
 .text.SD_InitializeCards
                0x08013e80      0x274 ./Fatfs/stm32f4_sdio.o
                0x08013e80                SD_InitializeCards
 .text.SD_GetCardInfo
                0x080140f4      0x6f4 ./Fatfs/stm32f4_sdio.o
                0x080140f4                SD_GetCardInfo
 .text.SD_EnableWideBusOperation
                0x080147e8      0x15c ./Fatfs/stm32f4_sdio.o
                0x080147e8                SD_EnableWideBusOperation
 .text.SD_SelectDeselect
                0x08014944       0x78 ./Fatfs/stm32f4_sdio.o
                0x08014944                SD_SelectDeselect
 .text.SD_ReadBlock
                0x080149bc      0x1bc ./Fatfs/stm32f4_sdio.o
                0x080149bc                SD_ReadBlock
 .text.SD_WaitReadOperation
                0x08014b78       0xe0 ./Fatfs/stm32f4_sdio.o
                0x08014b78                SD_WaitReadOperation
 .text.SD_WriteBlock
                0x08014c58      0x1bc ./Fatfs/stm32f4_sdio.o
                0x08014c58                SD_WriteBlock
 .text.SD_WaitWriteOperation
                0x08014e14       0xe0 ./Fatfs/stm32f4_sdio.o
                0x08014e14                SD_WaitWriteOperation
 .text.SD_StopTransfer
                0x08014ef4       0x78 ./Fatfs/stm32f4_sdio.o
                0x08014ef4                SD_StopTransfer
 .text.SD_SendStatus
                0x08014f6c       0xac ./Fatfs/stm32f4_sdio.o
                0x08014f6c                SD_SendStatus
 .text.SD_ProcessIRQSrc
                0x08015018      0x110 ./Fatfs/stm32f4_sdio.o
                0x08015018                SD_ProcessIRQSrc
 .text.SD_ProcessDMAIRQ
                0x08015128       0x38 ./Fatfs/stm32f4_sdio.o
                0x08015128                SD_ProcessDMAIRQ
 .text.CmdError
                0x08015160       0x54 ./Fatfs/stm32f4_sdio.o
 .text.CmdResp7Error
                0x080151b4       0x90 ./Fatfs/stm32f4_sdio.o
 .text.CmdResp1Error
                0x08015244      0x1e4 ./Fatfs/stm32f4_sdio.o
 .text.CmdResp3Error
                0x08015428       0x60 ./Fatfs/stm32f4_sdio.o
 .text.CmdResp2Error
                0x08015488       0x80 ./Fatfs/stm32f4_sdio.o
 .text.CmdResp6Error
                0x08015508       0xf0 ./Fatfs/stm32f4_sdio.o
 .text.SDEnWideBus
                0x080155f8      0x250 ./Fatfs/stm32f4_sdio.o
 .text.FindSCR  0x08015848      0x2f8 ./Fatfs/stm32f4_sdio.o
 .text._ZN24CLedHeartBeatSTM32F4DiscC2Em
                0x08015b40       0x38 ./CLedHeartBeatSTM32F4Disc.o
                0x08015b40                CLedHeartBeatSTM32F4Disc::CLedHeartBeatSTM32F4Disc(unsigned long)
                0x08015b40                CLedHeartBeatSTM32F4Disc::CLedHeartBeatSTM32F4Disc(unsigned long)
 .text._ZN24CLedHeartBeatSTM32F4DiscD2Ev
                0x08015b78       0x38 ./CLedHeartBeatSTM32F4Disc.o
                0x08015b78                CLedHeartBeatSTM32F4Disc::~CLedHeartBeatSTM32F4Disc()
                0x08015b78                CLedHeartBeatSTM32F4Disc::~CLedHeartBeatSTM32F4Disc()
 .text._ZN24CLedHeartBeatSTM32F4DiscD0Ev
                0x08015bb0       0x20 ./CLedHeartBeatSTM32F4Disc.o
                0x08015bb0                CLedHeartBeatSTM32F4Disc::~CLedHeartBeatSTM32F4Disc()
 .text._ZN24CLedHeartBeatSTM32F4Disc12HardwareInitEv
                0x08015bd0       0x38 ./CLedHeartBeatSTM32F4Disc.o
                0x08015bd0                CLedHeartBeatSTM32F4Disc::HardwareInit()
 .text._ZN24CLedHeartBeatSTM32F4Disc3RunEv
                0x08015c08       0xe8 ./CLedHeartBeatSTM32F4Disc.o
                0x08015c08                CLedHeartBeatSTM32F4Disc::Run()
 .text.main     0x08015cf0       0x28 ./main.o
                0x08015cf0                main
 .text.vApplicationStackOverflowHook
                0x08015d18        0xc ./main.o
                0x08015d18                vApplicationStackOverflowHook
 .text.EVAL_AUDIO_GetSampleCallBack
                0x08015d24       0x10 ./main.o
                0x08015d24                EVAL_AUDIO_GetSampleCallBack
 .text.EVAL_AUDIO_TransferComplete_CallBack
                0x08015d34       0x14 ./main.o
                0x08015d34                EVAL_AUDIO_TransferComplete_CallBack
 .text._Z41__static_initialization_and_destruction_0ii
                0x08015d48       0xd8 ./main.o
 .text._GLOBAL__sub_I_g_LedTast
                0x08015e20       0x14 ./main.o
 .text.Reset_Handler
                0x08015e34       0x58 ./startup_stm32f4xx.o
                0x08015e34                Reset_Handler
 .text.Default_Handler
                0x08015e8c        0x2 ./startup_stm32f4xx.o
                0x08015e8c                RTC_Alarm_IRQHandler
                0x08015e8c                HASH_RNG_IRQHandler
                0x08015e8c                EXTI2_IRQHandler
                0x08015e8c                TIM8_CC_IRQHandler
                0x08015e8c                TIM1_CC_IRQHandler
                0x08015e8c                DMA2_Stream5_IRQHandler
                0x08015e8c                DMA1_Stream5_IRQHandler
                0x08015e8c                PVD_IRQHandler
                0x08015e8c                TAMP_STAMP_IRQHandler
                0x08015e8c                CAN2_RX1_IRQHandler
                0x08015e8c                EXTI3_IRQHandler
                0x08015e8c                TIM8_TRG_COM_TIM14_IRQHandler
                0x08015e8c                TIM1_UP_TIM10_IRQHandler
                0x08015e8c                TIM8_UP_TIM13_IRQHandler
                0x08015e8c                I2C3_ER_IRQHandler
                0x08015e8c                EXTI0_IRQHandler
                0x08015e8c                I2C2_EV_IRQHandler
                0x08015e8c                DMA1_Stream2_IRQHandler
                0x08015e8c                CAN1_RX0_IRQHandler
                0x08015e8c                FPU_IRQHandler
                0x08015e8c                OTG_HS_WKUP_IRQHandler
                0x08015e8c                CAN2_SCE_IRQHandler
                0x08015e8c                DMA2_Stream2_IRQHandler
                0x08015e8c                SPI1_IRQHandler
                0x08015e8c                TIM6_DAC_IRQHandler
                0x08015e8c                TIM1_BRK_TIM9_IRQHandler
                0x08015e8c                DCMI_IRQHandler
                0x08015e8c                CAN2_RX0_IRQHandler
                0x08015e8c                USART6_IRQHandler
                0x08015e8c                USART3_IRQHandler
                0x08015e8c                CRYP_IRQHandler
                0x08015e8c                CAN1_RX1_IRQHandler
                0x08015e8c                UART5_IRQHandler
                0x08015e8c                DMA2_Stream0_IRQHandler
                0x08015e8c                TIM4_IRQHandler
                0x08015e8c                I2C1_EV_IRQHandler
                0x08015e8c                DMA1_Stream6_IRQHandler
                0x08015e8c                DMA1_Stream1_IRQHandler
                0x08015e8c                UART4_IRQHandler
                0x08015e8c                TIM3_IRQHandler
                0x08015e8c                RCC_IRQHandler
                0x08015e8c                TIM8_BRK_TIM12_IRQHandler
                0x08015e8c                Default_Handler
                0x08015e8c                EXTI15_10_IRQHandler
                0x08015e8c                ADC_IRQHandler
                0x08015e8c                TIM7_IRQHandler
                0x08015e8c                CAN2_TX_IRQHandler
                0x08015e8c                TIM5_IRQHandler
                0x08015e8c                DMA2_Stream7_IRQHandler
                0x08015e8c                I2C3_EV_IRQHandler
                0x08015e8c                EXTI9_5_IRQHandler
                0x08015e8c                RTC_WKUP_IRQHandler
                0x08015e8c                ETH_WKUP_IRQHandler
                0x08015e8c                SPI2_IRQHandler
                0x08015e8c                OTG_HS_EP1_IN_IRQHandler
                0x08015e8c                CAN1_TX_IRQHandler
                0x08015e8c                EXTI4_IRQHandler
                0x08015e8c                FSMC_IRQHandler
                0x08015e8c                ETH_IRQHandler
                0x08015e8c                OTG_HS_EP1_OUT_IRQHandler
                0x08015e8c                WWDG_IRQHandler
                0x08015e8c                TIM2_IRQHandler
                0x08015e8c                OTG_FS_WKUP_IRQHandler
                0x08015e8c                TIM1_TRG_COM_TIM11_IRQHandler
                0x08015e8c                OTG_HS_IRQHandler
                0x08015e8c                EXTI1_IRQHandler
                0x08015e8c                USART2_IRQHandler
                0x08015e8c                I2C2_ER_IRQHandler
                0x08015e8c                DMA2_Stream1_IRQHandler
                0x08015e8c                CAN1_SCE_IRQHandler
                0x08015e8c                FLASH_IRQHandler
                0x08015e8c                DMA2_Stream4_IRQHandler
                0x08015e8c                USART1_IRQHandler
                0x08015e8c                OTG_FS_IRQHandler
                0x08015e8c                DMA1_Stream4_IRQHandler
                0x08015e8c                I2C1_ER_IRQHandler
                0x08015e8c                DMA2_Stream6_IRQHandler
                0x08015e8c                DMA1_Stream3_IRQHandler
 *fill*         0x08015e8e        0x2 00
 .text.NMI_Handler
                0x08015e90        0xc ./stm32f4xx_it.o
                0x08015e90                NMI_Handler
 .text.HardFault_Handler
                0x08015e9c        0x8 ./stm32f4xx_it.o
                0x08015e9c                HardFault_Handler
 .text.MemManage_Handler
                0x08015ea4        0x8 ./stm32f4xx_it.o
                0x08015ea4                MemManage_Handler
 .text.BusFault_Handler
                0x08015eac        0x8 ./stm32f4xx_it.o
                0x08015eac                BusFault_Handler
 .text.UsageFault_Handler
                0x08015eb4        0x8 ./stm32f4xx_it.o
                0x08015eb4                UsageFault_Handler
 .text.DebugMon_Handler
                0x08015ebc        0xc ./stm32f4xx_it.o
                0x08015ebc                DebugMon_Handler
 .text.SDIO_IRQHandler
                0x08015ec8        0xc ./stm32f4xx_it.o
                0x08015ec8                SDIO_IRQHandler
 .text.DMA2_Stream3_IRQHandler
                0x08015ed4        0xc ./stm32f4xx_it.o
                0x08015ed4                DMA2_Stream3_IRQHandler
 .text._exit    0x08015ee0        0xc ./syscalls.o
                0x08015ee0                _exit
 .text._read_r  0x08015eec       0x20 ./syscalls.o
                0x08015eec                _read_r
 .text._write_r
                0x08015f0c       0x20 ./syscalls.o
                0x08015f0c                _write_r
 .text._lseek_r
                0x08015f2c       0x28 ./syscalls.o
                0x08015f2c                _lseek_r
 .text._close_r
                0x08015f54       0x24 ./syscalls.o
                0x08015f54                _close_r
 .text._fstat_r
                0x08015f78       0x40 ./syscalls.o
                0x08015f78                _fstat_r
 .text._isatty_r
                0x08015fb8       0x1c ./syscalls.o
                0x08015fb8                _isatty_r
 .text._sbrk_r  0x08015fd4       0x90 ./syscalls.o
                0x08015fd4                _sbrk_r
 .text._kill_r  0x08016064       0x24 ./syscalls.o
                0x08016064                _kill_r
 .text._getpid_r
                0x08016088       0x20 ./syscalls.o
                0x08016088                _getpid_r
 .text.__malloc_lock
                0x080160a8       0x14 ./syscalls.o
                0x080160a8                __malloc_lock
 .text.__malloc_unlock
                0x080160bc       0x14 ./syscalls.o
                0x080160bc                __malloc_unlock
 .text.SystemInit
                0x080160d0       0x94 ./system_stm32f4xx.o
                0x080160d0                SystemInit
 .text.SetSysClock
                0x08016164      0x1e0 ./system_stm32f4xx.o
 .text.get_us_time
                0x08016344       0x8c ./ustime.o
                0x08016344                get_us_time
 .text.delay_us
                0x080163d0       0x5c ./ustime.o
                0x080163d0                delay_us
 .text.init_us_timer
                0x0801642c       0x70 ./ustime.o
                0x0801642c                init_us_timer
 .text.__aeabi_atexit
                0x0801649c        0xc e:/elektronik/toolchain/yagarto/bin/../lib/gcc/arm-none-eabi/4.6.2/../../../../arm-none-eabi/lib/thumb/v7m\libstdc++.a(atexit_arm.o)
                0x0801649c                __aeabi_atexit
 .text._ZdlPv   0x080164a8        0x8 e:/elektronik/toolchain/yagarto/bin/../lib/gcc/arm-none-eabi/4.6.2/../../../../arm-none-eabi/lib/thumb/v7m\libstdc++.a(del_op.o)
                0x080164a8                operator delete(void*)
 .text.__cxa_pure_virtual
                0x080164b0       0x18 e:/elektronik/toolchain/yagarto/bin/../lib/gcc/arm-none-eabi/4.6.2/../../../../arm-none-eabi/lib/thumb/v7m\libstdc++.a(pure.o)
                0x080164b0                __cxa_pure_virtual
 .text._ZN10__cxxabiv111__terminateEPFvvE
                0x080164c8       0x28 e:/elektronik/toolchain/yagarto/bin/../lib/gcc/arm-none-eabi/4.6.2/../../../../arm-none-eabi/lib/thumb/v7m\libstdc++.a(eh_terminate.o)
                0x080164c8                __cxxabiv1::__terminate(void (*)())
 .text._ZSt9terminatev
                0x080164f0       0x10 e:/elektronik/toolchain/yagarto/bin/../lib/gcc/arm-none-eabi/4.6.2/../../../../arm-none-eabi/lib/thumb/v7m\libstdc++.a(eh_terminate.o)
                0x080164f0                std::terminate()
 .text._ZN10__cxxabiv112__unexpectedEPFvvE
                0x08016500        0x8 e:/elektronik/toolchain/yagarto/bin/../lib/gcc/arm-none-eabi/4.6.2/../../../../arm-none-eabi/lib/thumb/v7m\libstdc++.a(eh_terminate.o)
                0x08016500                __cxxabiv1::__unexpected(void (*)())
 .text._ZSt10unexpectedv
                0x08016508       0x14 e:/elektronik/toolchain/yagarto/bin/../lib/gcc/arm-none-eabi/4.6.2/../../../../arm-none-eabi/lib/thumb/v7m\libstdc++.a(eh_terminate.o)
                0x08016508                std::unexpected()
 .text._ZN9__gnu_cxx27__verbose_terminate_handlerEv
                0x0801651c      0x118 e:/elektronik/toolchain/yagarto/bin/../lib/gcc/arm-none-eabi/4.6.2/../../../../arm-none-eabi/lib/thumb/v7m\libstdc++.a(vterminate.o)
                0x0801651c                __gnu_cxx::__verbose_terminate_handler()
 .text.__cxa_end_cleanup
                0x08016634        0xc e:/elektronik/toolchain/yagarto/bin/../lib/gcc/arm-none-eabi/4.6.2/../../../../arm-none-eabi/lib/thumb/v7m\libstdc++.a(eh_arm.o)
                0x08016634                __cxa_end_cleanup
 .text.__cxa_type_match
                0x08016640       0xe4 e:/elektronik/toolchain/yagarto/bin/../lib/gcc/arm-none-eabi/4.6.2/../../../../arm-none-eabi/lib/thumb/v7m\libstdc++.a(eh_arm.o)
                0x08016640                __cxa_type_match
 .text.__cxa_begin_cleanup
                0x08016724       0x68 e:/elektronik/toolchain/yagarto/bin/../lib/gcc/arm-none-eabi/4.6.2/../../../../arm-none-eabi/lib/thumb/v7m\libstdc++.a(eh_arm.o)
                0x08016724                __cxa_begin_cleanup
 .text.__gnu_end_cleanup
                0x0801678c       0x74 e:/elektronik/toolchain/yagarto/bin/../lib/gcc/arm-none-eabi/4.6.2/../../../../arm-none-eabi/lib/thumb/v7m\libstdc++.a(eh_arm.o)
                0x0801678c                __gnu_end_cleanup
 .text.__cxa_bad_typeid
                0x08016800       0x24 e:/elektronik/toolchain/yagarto/bin/../lib/gcc/arm-none-eabi/4.6.2/../../../../arm-none-eabi/lib/thumb/v7m\libstdc++.a(eh_aux_runtime.o)
                0x08016800                __cxa_bad_typeid
 .text.__cxa_call_terminate
                0x08016824       0x48 e:/elektronik/toolchain/yagarto/bin/../lib/gcc/arm-none-eabi/4.6.2/../../../../arm-none-eabi/lib/thumb/v7m\libstdc++.a(eh_call.o)
                0x08016824                __cxa_call_terminate
 .text.__cxa_call_unexpected
                0x0801686c      0x11c e:/elektronik/toolchain/yagarto/bin/../lib/gcc/arm-none-eabi/4.6.2/../../../../arm-none-eabi/lib/thumb/v7m\libstdc++.a(eh_call.o)
                0x0801686c                __cxa_call_unexpected
 .text.__cxa_begin_catch
                0x08016988       0x88 e:/elektronik/toolchain/yagarto/bin/../lib/gcc/arm-none-eabi/4.6.2/../../../../arm-none-eabi/lib/thumb/v7m\libstdc++.a(eh_catch.o)
                0x08016988                __cxa_begin_catch
 .text.__cxa_end_catch
                0x08016a10       0x90 e:/elektronik/toolchain/yagarto/bin/../lib/gcc/arm-none-eabi/4.6.2/../../../../arm-none-eabi/lib/thumb/v7m\libstdc++.a(eh_catch.o)
                0x08016a10                __cxa_end_catch
 .text._ZNSt9exceptionD2Ev
                0x08016aa0        0xc e:/elektronik/toolchain/yagarto/bin/../lib/gcc/arm-none-eabi/4.6.2/../../../../arm-none-eabi/lib/thumb/v7m\libstdc++.a(eh_exception.o)
                0x08016aa0                std::exception::~exception()
                0x08016aa0                std::exception::~exception()
 .text._ZNSt13bad_exceptionD2Ev
                0x08016aac        0xc e:/elektronik/toolchain/yagarto/bin/../lib/gcc/arm-none-eabi/4.6.2/../../../../arm-none-eabi/lib/thumb/v7m\libstdc++.a(eh_exception.o)
                0x08016aac                std::bad_exception::~bad_exception()
                0x08016aac                std::bad_exception::~bad_exception()
 .text._ZNKSt9exception4whatEv
                0x08016ab8        0xc e:/elektronik/toolchain/yagarto/bin/../lib/gcc/arm-none-eabi/4.6.2/../../../../arm-none-eabi/lib/thumb/v7m\libstdc++.a(eh_exception.o)
                0x08016ab8                std::exception::what() const
 .text._ZNKSt13bad_exception4whatEv
                0x08016ac4        0xc e:/elektronik/toolchain/yagarto/bin/../lib/gcc/arm-none-eabi/4.6.2/../../../../arm-none-eabi/lib/thumb/v7m\libstdc++.a(eh_exception.o)
                0x08016ac4                std::bad_exception::what() const
 .text._ZNSt13bad_exceptionD0Ev
                0x08016ad0       0x14 e:/elektronik/toolchain/yagarto/bin/../lib/gcc/arm-none-eabi/4.6.2/../../../../arm-none-eabi/lib/thumb/v7m\libstdc++.a(eh_exception.o)
                0x08016ad0                std::bad_exception::~bad_exception()
 .text._ZNSt9exceptionD0Ev
                0x08016ae4       0x14 e:/elektronik/toolchain/yagarto/bin/../lib/gcc/arm-none-eabi/4.6.2/../../../../arm-none-eabi/lib/thumb/v7m\libstdc++.a(eh_exception.o)
                0x08016ae4                std::exception::~exception()
 .text.__cxa_get_globals_fast
                0x08016af8        0xc e:/elektronik/toolchain/yagarto/bin/../lib/gcc/arm-none-eabi/4.6.2/../../../../arm-none-eabi/lib/thumb/v7m\libstdc++.a(eh_globals.o)
                0x08016af8                __cxa_get_globals_fast
 .text.__cxa_get_globals
                0x08016b04        0xc e:/elektronik/toolchain/yagarto/bin/../lib/gcc/arm-none-eabi/4.6.2/../../../../arm-none-eabi/lib/thumb/v7m\libstdc++.a(eh_globals.o)
                0x08016b04                __cxa_get_globals
 .text._ZL12read_sleb128PKhPl
                0x08016b10       0x3c e:/elektronik/toolchain/yagarto/bin/../lib/gcc/arm-none-eabi/4.6.2/../../../../arm-none-eabi/lib/thumb/v7m\libstdc++.a(eh_personality.o)
 .text._ZL28read_encoded_value_with_basehjPKhPj
                0x08016b4c       0xc0 e:/elektronik/toolchain/yagarto/bin/../lib/gcc/arm-none-eabi/4.6.2/../../../../arm-none-eabi/lib/thumb/v7m\libstdc++.a(eh_personality.o)
 .text._ZL21base_of_encoded_valuehP15_Unwind_Context
                0x08016c0c       0x4c e:/elektronik/toolchain/yagarto/bin/../lib/gcc/arm-none-eabi/4.6.2/../../../../arm-none-eabi/lib/thumb/v7m\libstdc++.a(eh_personality.o)
 .text._ZL17parse_lsda_headerP15_Unwind_ContextPKhP16lsda_header_info.constprop.1
                0x08016c58       0x8c e:/elektronik/toolchain/yagarto/bin/../lib/gcc/arm-none-eabi/4.6.2/../../../../arm-none-eabi/lib/thumb/v7m\libstdc++.a(eh_personality.o)
 .text.__gxx_personality_v0
                0x08016ce4      0x3a8 e:/elektronik/toolchain/yagarto/bin/../lib/gcc/arm-none-eabi/4.6.2/../../../../arm-none-eabi/lib/thumb/v7m\libstdc++.a(eh_personality.o)
                0x08016ce4                __gxx_personality_v0
 .text._ZL23__gxx_exception_cleanup19_Unwind_Reason_CodeP21_Unwind_Control_Block
                0x0801708c       0x4c e:/elektronik/toolchain/yagarto/bin/../lib/gcc/arm-none-eabi/4.6.2/../../../../arm-none-eabi/lib/thumb/v7m\libstdc++.a(eh_throw.o)
 .text.__cxa_throw
                0x080170d8       0x78 e:/elektronik/toolchain/yagarto/bin/../lib/gcc/arm-none-eabi/4.6.2/../../../../arm-none-eabi/lib/thumb/v7m\libstdc++.a(eh_throw.o)
                0x080170d8                __cxa_throw
 .text.__cxa_rethrow
                0x08017150       0x70 e:/elektronik/toolchain/yagarto/bin/../lib/gcc/arm-none-eabi/4.6.2/../../../../arm-none-eabi/lib/thumb/v7m\libstdc++.a(eh_throw.o)
                0x08017150                __cxa_rethrow
 .text.__cxa_current_exception_type
                0x080171c0       0x1c e:/elektronik/toolchain/yagarto/bin/../lib/gcc/arm-none-eabi/4.6.2/../../../../arm-none-eabi/lib/thumb/v7m\libstdc++.a(eh_type.o)
                0x080171c0                __cxa_current_exception_type
 .text._ZN10__cxxabiv123__fundamental_type_infoD2Ev
                0x080171dc       0x14 e:/elektronik/toolchain/yagarto/bin/../lib/gcc/arm-none-eabi/4.6.2/../../../../arm-none-eabi/lib/thumb/v7m\libstdc++.a(fundamental_type_info.o)
                0x080171dc                __cxxabiv1::__fundamental_type_info::~__fundamental_type_info()
                0x080171dc                __cxxabiv1::__fundamental_type_info::~__fundamental_type_info()
 .text._ZN10__cxxabiv123__fundamental_type_infoD0Ev
                0x080171f0       0x1c e:/elektronik/toolchain/yagarto/bin/../lib/gcc/arm-none-eabi/4.6.2/../../../../arm-none-eabi/lib/thumb/v7m\libstdc++.a(fundamental_type_info.o)
                0x080171f0                __cxxabiv1::__fundamental_type_info::~__fundamental_type_info()
 .text._ZNK10__cxxabiv119__pointer_type_info14__is_pointer_pEv
                0x0801720c        0x4 e:/elektronik/toolchain/yagarto/bin/../lib/gcc/arm-none-eabi/4.6.2/../../../../arm-none-eabi/lib/thumb/v7m\libstdc++.a(pointer_type_info.o)
                0x0801720c                __cxxabiv1::__pointer_type_info::__is_pointer_p() const
 .text._ZN10__cxxabiv119__pointer_type_infoD2Ev
                0x08017210       0x14 e:/elektronik/toolchain/yagarto/bin/../lib/gcc/arm-none-eabi/4.6.2/../../../../arm-none-eabi/lib/thumb/v7m\libstdc++.a(pointer_type_info.o)
                0x08017210                __cxxabiv1::__pointer_type_info::~__pointer_type_info()
                0x08017210                __cxxabiv1::__pointer_type_info::~__pointer_type_info()
 .text._ZN10__cxxabiv119__pointer_type_infoD0Ev
                0x08017224       0x1c e:/elektronik/toolchain/yagarto/bin/../lib/gcc/arm-none-eabi/4.6.2/../../../../arm-none-eabi/lib/thumb/v7m\libstdc++.a(pointer_type_info.o)
                0x08017224                __cxxabiv1::__pointer_type_info::~__pointer_type_info()
 .text._ZNK10__cxxabiv119__pointer_type_info15__pointer_catchEPKNS_17__pbase_type_infoEPPvj
                0x08017240       0x48 e:/elektronik/toolchain/yagarto/bin/../lib/gcc/arm-none-eabi/4.6.2/../../../../arm-none-eabi/lib/thumb/v7m\libstdc++.a(pointer_type_info.o)
                0x08017240                __cxxabiv1::__pointer_type_info::__pointer_catch(__cxxabiv1::__pbase_type_info const*, void**, unsigned int) const
 .text._ZN10__cxxabiv120__si_class_type_infoD2Ev
                0x08017288       0x14 e:/elektronik/toolchain/yagarto/bin/../lib/gcc/arm-none-eabi/4.6.2/../../../../arm-none-eabi/lib/thumb/v7m\libstdc++.a(si_class_type_info.o)
                0x08017288                __cxxabiv1::__si_class_type_info::~__si_class_type_info()
                0x08017288                __cxxabiv1::__si_class_type_info::~__si_class_type_info()
 .text._ZN10__cxxabiv120__si_class_type_infoD0Ev
                0x0801729c       0x1c e:/elektronik/toolchain/yagarto/bin/../lib/gcc/arm-none-eabi/4.6.2/../../../../arm-none-eabi/lib/thumb/v7m\libstdc++.a(si_class_type_info.o)
                0x0801729c                __cxxabiv1::__si_class_type_info::~__si_class_type_info()
 .text._ZNK10__cxxabiv120__si_class_type_info11__do_upcastEPKNS_17__class_type_infoEPKvRNS1_15__upcast_resultE
                0x080172b8       0x28 e:/elektronik/toolchain/yagarto/bin/../lib/gcc/arm-none-eabi/4.6.2/../../../../arm-none-eabi/lib/thumb/v7m\libstdc++.a(si_class_type_info.o)
                0x080172b8                __cxxabiv1::__si_class_type_info::__do_upcast(__cxxabiv1::__class_type_info const*, void const*, __cxxabiv1::__class_type_info::__upcast_result&) const
 .text._ZNK10__cxxabiv120__si_class_type_info12__do_dyncastEiNS_17__class_type_info10__sub_kindEPKS1_PKvS4_S6_RNS1_16__dyncast_resultE
                0x080172e0       0x88 e:/elektronik/toolchain/yagarto/bin/../lib/gcc/arm-none-eabi/4.6.2/../../../../arm-none-eabi/lib/thumb/v7m\libstdc++.a(si_class_type_info.o)
                0x080172e0                __cxxabiv1::__si_class_type_info::__do_dyncast(int, __cxxabiv1::__class_type_info::__sub_kind, __cxxabiv1::__class_type_info const*, void const*, __cxxabiv1::__class_type_info const*, void const*, __cxxabiv1::__class_type_info::__dyncast_result&) const
 .text._ZNK10__cxxabiv120__si_class_type_info20__do_find_public_srcEiPKvPKNS_17__class_type_infoES2_
                0x08017368       0x38 e:/elektronik/toolchain/yagarto/bin/../lib/gcc/arm-none-eabi/4.6.2/../../../../arm-none-eabi/lib/thumb/v7m\libstdc++.a(si_class_type_info.o)
                0x08017368                __cxxabiv1::__si_class_type_info::__do_find_public_src(int, void const*, __cxxabiv1::__class_type_info const*, void const*) const
 .text._ZNSt9type_infoD2Ev
                0x080173a0        0xc e:/elektronik/toolchain/yagarto/bin/../lib/gcc/arm-none-eabi/4.6.2/../../../../arm-none-eabi/lib/thumb/v7m\libstdc++.a(tinfo.o)
                0x080173a0                std::type_info::~type_info()
                0x080173a0                std::type_info::~type_info()
 .text._ZNKSt9type_info14__is_pointer_pEv
                0x080173ac        0x4 e:/elektronik/toolchain/yagarto/bin/../lib/gcc/arm-none-eabi/4.6.2/../../../../arm-none-eabi/lib/thumb/v7m\libstdc++.a(tinfo.o)
                0x080173ac                std::type_info::__is_pointer_p() const
 .text._ZNKSt9type_info15__is_function_pEv
                0x080173b0        0x4 e:/elektronik/toolchain/yagarto/bin/../lib/gcc/arm-none-eabi/4.6.2/../../../../arm-none-eabi/lib/thumb/v7m\libstdc++.a(tinfo.o)
                0x080173b0                std::type_info::__is_function_p() const
 .text._ZNKSt9type_info11__do_upcastEPKN10__cxxabiv117__class_type_infoEPPv
                0x080173b4        0x4 e:/elektronik/toolchain/yagarto/bin/../lib/gcc/arm-none-eabi/4.6.2/../../../../arm-none-eabi/lib/thumb/v7m\libstdc++.a(tinfo.o)
                0x080173b4                std::type_info::__do_upcast(__cxxabiv1::__class_type_info const*, void**) const
 .text._ZNSt9type_infoD0Ev
                0x080173b8       0x14 e:/elektronik/toolchain/yagarto/bin/../lib/gcc/arm-none-eabi/4.6.2/../../../../arm-none-eabi/lib/thumb/v7m\libstdc++.a(tinfo.o)
                0x080173b8                std::type_info::~type_info()
 .text._ZNKSt9type_infoeqERKS_
                0x080173cc       0x38 e:/elektronik/toolchain/yagarto/bin/../lib/gcc/arm-none-eabi/4.6.2/../../../../arm-none-eabi/lib/thumb/v7m\libstdc++.a(tinfo.o)
                0x080173cc                std::type_info::operator==(std::type_info const&) const
 .text._ZNKSt9type_info10__do_catchEPKS_PPvj
                0x08017404        0x4 e:/elektronik/toolchain/yagarto/bin/../lib/gcc/arm-none-eabi/4.6.2/../../../../arm-none-eabi/lib/thumb/v7m\libstdc++.a(tinfo.o)
                0x08017404                std::type_info::__do_catch(std::type_info const*, void**, unsigned int) const
 .text._ZNKSt10bad_typeid4whatEv
                0x08017408        0xc e:/elektronik/toolchain/yagarto/bin/../lib/gcc/arm-none-eabi/4.6.2/../../../../arm-none-eabi/lib/thumb/v7m\libstdc++.a(bad_typeid.o)
                0x08017408                std::bad_typeid::what() const
 .text._ZNSt10bad_typeidD2Ev
                0x08017414       0x14 e:/elektronik/toolchain/yagarto/bin/../lib/gcc/arm-none-eabi/4.6.2/../../../../arm-none-eabi/lib/thumb/v7m\libstdc++.a(bad_typeid.o)
                0x08017414                std::bad_typeid::~bad_typeid()
                0x08017414                std::bad_typeid::~bad_typeid()
 .text._ZNSt10bad_typeidD0Ev
                0x08017428       0x1c e:/elektronik/toolchain/yagarto/bin/../lib/gcc/arm-none-eabi/4.6.2/../../../../arm-none-eabi/lib/thumb/v7m\libstdc++.a(bad_typeid.o)
                0x08017428                std::bad_typeid::~bad_typeid()
 .text._ZNK10__cxxabiv117__class_type_info11__do_upcastEPKS0_PPv
                0x08017444       0x38 e:/elektronik/toolchain/yagarto/bin/../lib/gcc/arm-none-eabi/4.6.2/../../../../arm-none-eabi/lib/thumb/v7m\libstdc++.a(class_type_info.o)
                0x08017444                __cxxabiv1::__class_type_info::__do_upcast(__cxxabiv1::__class_type_info const*, void**) const
 .text._ZNK10__cxxabiv117__class_type_info20__do_find_public_srcEiPKvPKS0_S2_
                0x0801747c        0xc e:/elektronik/toolchain/yagarto/bin/../lib/gcc/arm-none-eabi/4.6.2/../../../../arm-none-eabi/lib/thumb/v7m\libstdc++.a(class_type_info.o)
                0x0801747c                __cxxabiv1::__class_type_info::__do_find_public_src(int, void const*, __cxxabiv1::__class_type_info const*, void const*) const
 .text._ZNK10__cxxabiv117__class_type_info11__do_upcastEPKS0_PKvRNS0_15__upcast_resultE
                0x08017488       0x1c e:/elektronik/toolchain/yagarto/bin/../lib/gcc/arm-none-eabi/4.6.2/../../../../arm-none-eabi/lib/thumb/v7m\libstdc++.a(class_type_info.o)
                0x08017488                __cxxabiv1::__class_type_info::__do_upcast(__cxxabiv1::__class_type_info const*, void const*, __cxxabiv1::__class_type_info::__upcast_result&) const
 .text._ZN10__cxxabiv117__class_type_infoD2Ev
                0x080174a4       0x14 e:/elektronik/toolchain/yagarto/bin/../lib/gcc/arm-none-eabi/4.6.2/../../../../arm-none-eabi/lib/thumb/v7m\libstdc++.a(class_type_info.o)
                0x080174a4                __cxxabiv1::__class_type_info::~__class_type_info()
                0x080174a4                __cxxabiv1::__class_type_info::~__class_type_info()
 .text._ZN10__cxxabiv117__class_type_infoD0Ev
                0x080174b8       0x1c e:/elektronik/toolchain/yagarto/bin/../lib/gcc/arm-none-eabi/4.6.2/../../../../arm-none-eabi/lib/thumb/v7m\libstdc++.a(class_type_info.o)
                0x080174b8                __cxxabiv1::__class_type_info::~__class_type_info()
 .text._ZNK10__cxxabiv117__class_type_info12__do_dyncastEiNS0_10__sub_kindEPKS0_PKvS3_S5_RNS0_16__dyncast_resultE
                0x080174d4       0x3c e:/elektronik/toolchain/yagarto/bin/../lib/gcc/arm-none-eabi/4.6.2/../../../../arm-none-eabi/lib/thumb/v7m\libstdc++.a(class_type_info.o)
                0x080174d4                __cxxabiv1::__class_type_info::__do_dyncast(int, __cxxabiv1::__class_type_info::__sub_kind, __cxxabiv1::__class_type_info const*, void const*, __cxxabiv1::__class_type_info const*, void const*, __cxxabiv1::__class_type_info::__dyncast_result&) const
 .text._ZNK10__cxxabiv117__class_type_info10__do_catchEPKSt9type_infoPPvj
                0x08017510       0x28 e:/elektronik/toolchain/yagarto/bin/../lib/gcc/arm-none-eabi/4.6.2/../../../../arm-none-eabi/lib/thumb/v7m\libstdc++.a(class_type_info.o)
                0x08017510                __cxxabiv1::__class_type_info::__do_catch(std::type_info const*, void**, unsigned int) const
 .text.__cxa_allocate_exception
                0x08017538       0x64 e:/elektronik/toolchain/yagarto/bin/../lib/gcc/arm-none-eabi/4.6.2/../../../../arm-none-eabi/lib/thumb/v7m\libstdc++.a(eh_alloc.o)
                0x08017538                __cxa_allocate_exception
 .text.__cxa_free_exception
                0x0801759c       0x34 e:/elektronik/toolchain/yagarto/bin/../lib/gcc/arm-none-eabi/4.6.2/../../../../arm-none-eabi/lib/thumb/v7m\libstdc++.a(eh_alloc.o)
                0x0801759c                __cxa_free_exception
 .text._ZNK10__cxxabiv117__pbase_type_info15__pointer_catchEPKS0_PPvj
                0x080175d0       0x14 e:/elektronik/toolchain/yagarto/bin/../lib/gcc/arm-none-eabi/4.6.2/../../../../arm-none-eabi/lib/thumb/v7m\libstdc++.a(pbase_type_info.o)
                0x080175d0                __cxxabiv1::__pbase_type_info::__pointer_catch(__cxxabiv1::__pbase_type_info const*, void**, unsigned int) const
 .text._ZN10__cxxabiv117__pbase_type_infoD2Ev
                0x080175e4       0x14 e:/elektronik/toolchain/yagarto/bin/../lib/gcc/arm-none-eabi/4.6.2/../../../../arm-none-eabi/lib/thumb/v7m\libstdc++.a(pbase_type_info.o)
                0x080175e4                __cxxabiv1::__pbase_type_info::~__pbase_type_info()
                0x080175e4                __cxxabiv1::__pbase_type_info::~__pbase_type_info()
 .text._ZN10__cxxabiv117__pbase_type_infoD0Ev
                0x080175f8       0x1c e:/elektronik/toolchain/yagarto/bin/../lib/gcc/arm-none-eabi/4.6.2/../../../../arm-none-eabi/lib/thumb/v7m\libstdc++.a(pbase_type_info.o)
                0x080175f8                __cxxabiv1::__pbase_type_info::~__pbase_type_info()
 .text._ZNK10__cxxabiv117__pbase_type_info10__do_catchEPKSt9type_infoPPvj
                0x08017614       0x6c e:/elektronik/toolchain/yagarto/bin/../lib/gcc/arm-none-eabi/4.6.2/../../../../arm-none-eabi/lib/thumb/v7m\libstdc++.a(pbase_type_info.o)
                0x08017614                __cxxabiv1::__pbase_type_info::__do_catch(std::type_info const*, void**, unsigned int) const
 *(.rodata)
 .rodata        0x08017680       0x60 ./Menue/CMenue.o
 .rodata        0x080176e0       0x30 ./FreeRTOS_EC/Source/CTask.o
 .rodata        0x08017710       0x34 ./Fatfs/FatFs/src/ff.o
 .rodata        0x08017744       0x18 ./Fatfs/CFileHandler.o
 .rodata        0x0801775c      0xdd8 e:/elektronik/toolchain/yagarto/bin/../lib/gcc/arm-none-eabi/4.6.2/../../../../arm-none-eabi/lib/thumb/v7m\libstdc++.a(cp-demangle.o)
 .rodata        0x08018534        0x4 e:/elektronik/toolchain/yagarto/bin/../lib/gcc/arm-none-eabi/4.6.2/../../../../arm-none-eabi/lib/thumb/v7m\libg.a(lib_a-impure.o)
                0x08018534                _global_impure_ptr
 .rodata        0x08018538       0x20 e:/elektronik/toolchain/yagarto/bin/../lib/gcc/arm-none-eabi/4.6.2/../../../../arm-none-eabi/lib/thumb/v7m\libg.a(lib_a-svfprintf.o)
 .rodata        0x08018558       0x20 e:/elektronik/toolchain/yagarto/bin/../lib/gcc/arm-none-eabi/4.6.2/../../../../arm-none-eabi/lib/thumb/v7m\libg.a(lib_a-vfiprintf.o)
 .rodata        0x08018578      0x128 e:/elektronik/toolchain/yagarto/bin/../lib/gcc/arm-none-eabi/4.6.2/../../../../arm-none-eabi/lib/thumb/v7m\libg.a(lib_a-mprec.o)
                0x08018588                __mprec_tens
                0x08018650                __mprec_tinytens
                0x08018678                __mprec_bigtens
 .rodata        0x080186a0       0x20 e:/elektronik/toolchain/yagarto/bin/../lib/gcc/arm-none-eabi/4.6.2/../../../../arm-none-eabi/lib/thumb/v7m\libg.a(lib_a-svfiprintf.o)
 *(.rodata*)
 .rodata.GPIO_PIN
                0x080186c0        0x8 ./STM32F4-Discovery/stm32f4_discovery.o
                0x080186c0                GPIO_PIN
 .rodata.GPIO_CLK
                0x080186c8       0x10 ./STM32F4-Discovery/stm32f4_discovery.o
                0x080186c8                GPIO_CLK
 .rodata._ZTV6CMenue
                0x080186d8       0x28 ./Menue/CMenue.o
                0x080186d8                vtable for CMenue
 .rodata._ZL12c_FontNative
                0x08018700       0x18 ./Menue/CMenue.o
 .rodata._ZTV11CGraphicLCD
                0x08018718       0x38 ./GraphicLCD/CGraphicLCD.o
                0x08018718                vtable for CGraphicLCD
 .rodata._ZTV13CT6963CDriver
                0x08018750       0x48 ./GraphicLCD/CT6963CDriver.o
                0x08018750                vtable for CT6963CDriver
 .rodata._ZTV21CT6963_GPIO_Interface
                0x08018798       0x48 ./GraphicLCD/CT6963GPIOInterface.o
                0x08018798                vtable for CT6963_GPIO_Interface
 .rodata.c_FontSansSerif12
                0x080187e0       0x18 ./GraphicLCD/SansSerif12.o
                0x080187e0                c_FontSansSerif12
 .rodata._ZL35Microsoft_Sans_Serif__12_char_table
                0x080187f8      0xb40 ./GraphicLCD/SansSerif12.o
 .rodata._ZL38Microsoft_Sans_Serif__12_mapping_table
                0x08019338      0x100 ./GraphicLCD/SansSerif12.o
 .rodata._ZL36Microsoft_Sans_Serif__12_width_table
                0x08019438       0x5c ./GraphicLCD/SansSerif12.o
 .rodata._ZL37Microsoft_Sans_Serif__12_offset_table
                0x08019494      0x170 ./GraphicLCD/SansSerif12.o
 .rodata.c_FontSansSerif26
                0x08019604       0x18 ./GraphicLCD/SansSerif26.o
                0x08019604                c_FontSansSerif26
 .rodata._ZL35Microsoft_Sans_Serif__26_char_table
                0x0801961c     0x2828 ./GraphicLCD/SansSerif26.o
 .rodata._ZL38Microsoft_Sans_Serif__26_mapping_table
                0x0801be44      0x100 ./GraphicLCD/SansSerif26.o
 .rodata._ZL36Microsoft_Sans_Serif__26_width_table
                0x0801bf44       0x5c ./GraphicLCD/SansSerif26.o
 .rodata._ZL37Microsoft_Sans_Serif__26_offset_table
                0x0801bfa0      0x170 ./GraphicLCD/SansSerif26.o
 .rodata._ZTV12AManagedTask
                0x0801c110       0x28 ./FreeRTOS_EC/Source/AManagedTask.o
                0x0801c110                vtable for AManagedTask
 .rodata._ZTV12IFreeRTOSObj
                0x0801c138       0x18 ./FreeRTOS_EC/Source/ASyncObject.o
                0x0801c138                vtable for IFreeRTOSObj
 .rodata._ZTV5CTask
                0x0801c150       0x20 ./FreeRTOS_EC/Source/CTask.o
                0x0801c150                vtable for CTask
 .rodata._ZZN5CTask6AttachEPvE19__PRETTY_FUNCTION__
                0x0801c170       0x2c ./FreeRTOS_EC/Source/CTask.o
 .rodata.fatstr.1639
                0x0801c19c        0x4 ./Fatfs/FatFs/src/ff.o
 .rodata._ZTV12CFileHandler
                0x0801c1a0       0x28 ./Fatfs/CFileHandler.o
                0x0801c1a0                vtable for CFileHandler
 .rodata._ZTV24CLedHeartBeatSTM32F4Disc
                0x0801c1c8       0x28 ./CLedHeartBeatSTM32F4Disc.o
                0x0801c1c8                vtable for CLedHeartBeatSTM32F4Disc
 .rodata.str1.4
                0x0801c1f0       0x1c e:/elektronik/toolchain/yagarto/bin/../lib/gcc/arm-none-eabi/4.6.2/../../../../arm-none-eabi/lib/thumb/v7m\libstdc++.a(pure.o)
 .rodata.str1.4
                0x0801c20c       0x94 e:/elektronik/toolchain/yagarto/bin/../lib/gcc/arm-none-eabi/4.6.2/../../../../arm-none-eabi/lib/thumb/v7m\libstdc++.a(vterminate.o)
 .rodata._ZTVSt9exception
                0x0801c2a0       0x18 e:/elektronik/toolchain/yagarto/bin/../lib/gcc/arm-none-eabi/4.6.2/../../../../arm-none-eabi/lib/thumb/v7m\libstdc++.a(eh_exception.o)
                0x0801c2a0                vtable for std::exception
 .rodata._ZTIN10__cxxabiv115__forced_unwindE
                0x0801c2b8        0x8 e:/elektronik/toolchain/yagarto/bin/../lib/gcc/arm-none-eabi/4.6.2/../../../../arm-none-eabi/lib/thumb/v7m\libstdc++.a(eh_exception.o)
                0x0801c2b8                typeinfo for __cxxabiv1::__forced_unwind
 .rodata._ZTISt9exception
                0x0801c2c0        0x8 e:/elektronik/toolchain/yagarto/bin/../lib/gcc/arm-none-eabi/4.6.2/../../../../arm-none-eabi/lib/thumb/v7m\libstdc++.a(eh_exception.o)
                0x0801c2c0                typeinfo for std::exception
 .rodata._ZTSSt13bad_exception
                0x0801c2c8       0x14 e:/elektronik/toolchain/yagarto/bin/../lib/gcc/arm-none-eabi/4.6.2/../../../../arm-none-eabi/lib/thumb/v7m\libstdc++.a(eh_exception.o)
                0x0801c2c8                typeinfo name for std::bad_exception
 .rodata.str1.4
                0x0801c2dc       0x23 e:/elektronik/toolchain/yagarto/bin/../lib/gcc/arm-none-eabi/4.6.2/../../../../arm-none-eabi/lib/thumb/v7m\libstdc++.a(eh_exception.o)
                                 0x24 (size before relaxing)
 *fill*         0x0801c2ff        0x1 00
 .rodata._ZTSN10__cxxabiv119__foreign_exceptionE
                0x0801c300       0x24 e:/elektronik/toolchain/yagarto/bin/../lib/gcc/arm-none-eabi/4.6.2/../../../../arm-none-eabi/lib/thumb/v7m\libstdc++.a(eh_exception.o)
                0x0801c300                typeinfo name for __cxxabiv1::__foreign_exception
 .rodata._ZTIN10__cxxabiv119__foreign_exceptionE
                0x0801c324        0x8 e:/elektronik/toolchain/yagarto/bin/../lib/gcc/arm-none-eabi/4.6.2/../../../../arm-none-eabi/lib/thumb/v7m\libstdc++.a(eh_exception.o)
                0x0801c324                typeinfo for __cxxabiv1::__foreign_exception
 *fill*         0x0801c32c        0x4 00
 .rodata._ZTVSt13bad_exception
                0x0801c330       0x18 e:/elektronik/toolchain/yagarto/bin/../lib/gcc/arm-none-eabi/4.6.2/../../../../arm-none-eabi/lib/thumb/v7m\libstdc++.a(eh_exception.o)
                0x0801c330                vtable for std::bad_exception
 .rodata._ZTSSt9exception
                0x0801c348       0x10 e:/elektronik/toolchain/yagarto/bin/../lib/gcc/arm-none-eabi/4.6.2/../../../../arm-none-eabi/lib/thumb/v7m\libstdc++.a(eh_exception.o)
                0x0801c348                typeinfo name for std::exception
 .rodata._ZTSN10__cxxabiv115__forced_unwindE
                0x0801c358       0x20 e:/elektronik/toolchain/yagarto/bin/../lib/gcc/arm-none-eabi/4.6.2/../../../../arm-none-eabi/lib/thumb/v7m\libstdc++.a(eh_exception.o)
                0x0801c358                typeinfo name for __cxxabiv1::__forced_unwind
 .rodata._ZTISt13bad_exception
                0x0801c378        0xc e:/elektronik/toolchain/yagarto/bin/../lib/gcc/arm-none-eabi/4.6.2/../../../../arm-none-eabi/lib/thumb/v7m\libstdc++.a(eh_exception.o)
                0x0801c378                typeinfo for std::bad_exception
 .rodata._ZTIPv
                0x0801c384       0x10 e:/elektronik/toolchain/yagarto/bin/../lib/gcc/arm-none-eabi/4.6.2/../../../../arm-none-eabi/lib/thumb/v7m\libstdc++.a(fundamental_type_info.o)
                0x0801c384                typeinfo for void*