Archive member included because of file (symbol)

e:/elektronik/toolchain/yagarto/bin/../lib/gcc/arm-none-eabi/4.6.2/../../../../arm-none-eabi/lib/thumb/v7m\libstdc++.a(atexit_arm.o)
                              ./main.o (__aeabi_atexit)
e:/elektronik/toolchain/yagarto/bin/../lib/gcc/arm-none-eabi/4.6.2/../../../../arm-none-eabi/lib/thumb/v7m\libstdc++.a(del_op.o)
                              ./GraphicLCD/CGraphicLCD.o (operator delete(void*))
e:/elektronik/toolchain/yagarto/bin/../lib/gcc/arm-none-eabi/4.6.2/../../../../arm-none-eabi/lib/thumb/v7m\libstdc++.a(pure.o)
                              ./FreeRTOS_EC/Source/AManagedTask.o (__cxa_pure_virtual)
e:/elektronik/toolchain/yagarto/bin/../lib/gcc/arm-none-eabi/4.6.2/../../../../arm-none-eabi/lib/thumb/v7m\libstdc++.a(eh_terminate.o)
                              e:/elektronik/toolchain/yagarto/bin/../lib/gcc/arm-none-eabi/4.6.2/../../../../arm-none-eabi/lib/thumb/v7m\libstdc++.a(pure.o) (std::terminate())
e:/elektronik/toolchain/yagarto/bin/../lib/gcc/arm-none-eabi/4.6.2/../../../../arm-none-eabi/lib/thumb/v7m\libstdc++.a(eh_term_handler.o)
                              e:/elektronik/toolchain/yagarto/bin/../lib/gcc/arm-none-eabi/4.6.2/../../../../arm-none-eabi/lib/thumb/v7m\libstdc++.a(eh_terminate.o) (__cxxabiv1::__terminate_handler)
e:/elektronik/toolchain/yagarto/bin/../lib/gcc/arm-none-eabi/4.6.2/../../../../arm-none-eabi/lib/thumb/v7m\libstdc++.a(eh_unex_handler.o)
                              e:/elektronik/toolchain/yagarto/bin/../lib/gcc/arm-none-eabi/4.6.2/../../../../arm-none-eabi/lib/thumb/v7m\libstdc++.a(eh_terminate.o) (__cxxabiv1::__unexpected_handler)
e:/elektronik/toolchain/yagarto/bin/../lib/gcc/arm-none-eabi/4.6.2/../../../../arm-none-eabi/lib/thumb/v7m\libstdc++.a(vterminate.o)
                              e:/elektronik/toolchain/yagarto/bin/../lib/gcc/arm-none-eabi/4.6.2/../../../../arm-none-eabi/lib/thumb/v7m\libstdc++.a(eh_term_handler.o) (__gnu_cxx::__verbose_terminate_handler())
e:/elektronik/toolchain/yagarto/bin/../lib/gcc/arm-none-eabi/4.6.2/../../../../arm-none-eabi/lib/thumb/v7m\libstdc++.a(cp-demangle.o)
                              e:/elektronik/toolchain/yagarto/bin/../lib/gcc/arm-none-eabi/4.6.2/../../../../arm-none-eabi/lib/thumb/v7m\libstdc++.a(vterminate.o) (__cxa_demangle)
e:/elektronik/toolchain/yagarto/bin/../lib/gcc/arm-none-eabi/4.6.2/../../../../arm-none-eabi/lib/thumb/v7m\libstdc++.a(eh_arm.o)
                              e:/elektronik/toolchain/yagarto/bin/../lib/gcc/arm-none-eabi/4.6.2/../../../../arm-none-eabi/lib/thumb/v7m\libstdc++.a(eh_terminate.o) (__cxa_end_cleanup)
e:/elektronik/toolchain/yagarto/bin/../lib/gcc/arm-none-eabi/4.6.2/../../../../arm-none-eabi/lib/thumb/v7m\libstdc++.a(eh_aux_runtime.o)
                              e:/elektronik/toolchain/yagarto/bin/../lib/gcc/arm-none-eabi/4.6.2/../../../../arm-none-eabi/lib/thumb/v7m\libstdc++.a(eh_arm.o) (__cxa_bad_typeid)
e:/elektronik/toolchain/yagarto/bin/../lib/gcc/arm-none-eabi/4.6.2/../../../../arm-none-eabi/lib/thumb/v7m\libstdc++.a(eh_call.o)
                              e:/elektronik/toolchain/yagarto/bin/../lib/gcc/arm-none-eabi/4.6.2/../../../../arm-none-eabi/lib/thumb/v7m\libstdc++.a(eh_terminate.o) (__cxa_call_unexpected)
e:/elektronik/toolchain/yagarto/bin/../lib/gcc/arm-none-eabi/4.6.2/../../../../arm-none-eabi/lib/thumb/v7m\libstdc++.a(eh_catch.o)
                              e:/elektronik/toolchain/yagarto/bin/../lib/gcc/arm-none-eabi/4.6.2/../../../../arm-none-eabi/lib/thumb/v7m\libstdc++.a(eh_terminate.o) (__cxa_begin_catch)
e:/elektronik/toolchain/yagarto/bin/../lib/gcc/arm-none-eabi/4.6.2/../../../../arm-none-eabi/lib/thumb/v7m\libstdc++.a(eh_exception.o)
                              e:/elektronik/toolchain/yagarto/bin/../lib/gcc/arm-none-eabi/4.6.2/../../../../arm-none-eabi/lib/thumb/v7m\libstdc++.a(vterminate.o) (typeinfo for std::exception)
e:/elektronik/toolchain/yagarto/bin/../lib/gcc/arm-none-eabi/4.6.2/../../../../arm-none-eabi/lib/thumb/v7m\libstdc++.a(eh_globals.o)
                              e:/elektronik/toolchain/yagarto/bin/../lib/gcc/arm-none-eabi/4.6.2/../../../../arm-none-eabi/lib/thumb/v7m\libstdc++.a(eh_call.o) (__cxa_get_globals_fast)
e:/elektronik/toolchain/yagarto/bin/../lib/gcc/arm-none-eabi/4.6.2/../../../../arm-none-eabi/lib/thumb/v7m\libstdc++.a(eh_personality.o)
                              e:/elektronik/toolchain/yagarto/bin/../lib/gcc/arm-none-eabi/4.6.2/../../../../arm-none-eabi/lib/thumb/v7m\libstdc++.a(eh_terminate.o) (__gxx_personality_v0)
e:/elektronik/toolchain/yagarto/bin/../lib/gcc/arm-none-eabi/4.6.2/../../../../arm-none-eabi/lib/thumb/v7m\libstdc++.a(eh_throw.o)
                              e:/elektronik/toolchain/yagarto/bin/../lib/gcc/arm-none-eabi/4.6.2/../../../../arm-none-eabi/lib/thumb/v7m\libstdc++.a(eh_aux_runtime.o) (__cxa_throw)
[...]
Memory Configuration

Name             Origin             Length             Attributes
flash            0x08000000         0x00100000
ram              0x20000000         0x0001c000
ethram           0x2001c000         0x00004000
ccmram           0x10000000         0x00010000
*default*        0x00000000         0xffffffff

Linker script and memory map

LOAD e:/elektronik/toolchain/yagarto/bin/../lib/gcc/arm-none-eabi/4.6.2/thumb/v7m/crti.o
LOAD e:/elektronik/toolchain/yagarto/bin/../lib/gcc/arm-none-eabi/4.6.2/thumb/v7m/crtbegin.o
LOAD e:/elektronik/toolchain/yagarto/bin/../lib/gcc/arm-none-eabi/4.6.2/../../../../arm-none-eabi/lib/thumb/v7m/crt0.o
LOAD ./STM32F4xx_StdPeriph_Driver/src/misc.o
LOAD ./STM32F4xx_StdPeriph_Driver/src/stm32f4xx_adc.o
LOAD ./STM32F4xx_StdPeriph_Driver/src/stm32f4xx_can.o
LOAD ./STM32F4xx_StdPeriph_Driver/src/stm32f4xx_crc.o
LOAD ./STM32F4xx_StdPeriph_Driver/src/stm32f4xx_cryp.o
LOAD ./STM32F4xx_StdPeriph_Driver/src/stm32f4xx_cryp_aes.o
LOAD ./STM32F4xx_StdPeriph_Driver/src/stm32f4xx_cryp_des.o
LOAD ./STM32F4xx_StdPeriph_Driver/src/stm32f4xx_cryp_tdes.o
LOAD ./STM32F4xx_StdPeriph_Driver/src/stm32f4xx_dac.o
LOAD ./STM32F4xx_StdPeriph_Driver/src/stm32f4xx_dbgmcu.o
LOAD ./STM32F4xx_StdPeriph_Driver/src/stm32f4xx_dcmi.o
LOAD ./STM32F4xx_StdPeriph_Driver/src/stm32f4xx_dma.o
LOAD ./STM32F4xx_StdPeriph_Driver/src/stm32f4xx_exti.o
LOAD ./STM32F4xx_StdPeriph_Driver/src/stm32f4xx_flash.o
LOAD ./STM32F4xx_StdPeriph_Driver/src/stm32f4xx_fsmc.o
LOAD ./STM32F4xx_StdPeriph_Driver/src/stm32f4xx_gpio.o
LOAD ./STM32F4xx_StdPeriph_Driver/src/stm32f4xx_hash.o
LOAD ./STM32F4xx_StdPeriph_Driver/src/stm32f4xx_hash_md5.o
LOAD ./STM32F4xx_StdPeriph_Driver/src/stm32f4xx_hash_sha1.o
LOAD ./STM32F4xx_StdPeriph_Driver/src/stm32f4xx_i2c.o
LOAD ./STM32F4xx_StdPeriph_Driver/src/stm32f4xx_iwdg.o
LOAD ./STM32F4xx_StdPeriph_Driver/src/stm32f4xx_pwr.o
LOAD ./STM32F4xx_StdPeriph_Driver/src/stm32f4xx_rcc.o
LOAD ./STM32F4xx_StdPeriph_Driver/src/stm32f4xx_rng.o
LOAD ./STM32F4xx_StdPeriph_Driver/src/stm32f4xx_rtc.o
LOAD ./STM32F4xx_StdPeriph_Driver/src/stm32f4xx_sdio.o
LOAD ./STM32F4xx_StdPeriph_Driver/src/stm32f4xx_spi.o
LOAD ./STM32F4xx_StdPeriph_Driver/src/stm32f4xx_syscfg.o
LOAD ./STM32F4xx_StdPeriph_Driver/src/stm32f4xx_tim.o
LOAD ./STM32F4xx_StdPeriph_Driver/src/stm32f4xx_usart.o
LOAD ./STM32F4xx_StdPeriph_Driver/src/stm32f4xx_wwdg.o
LOAD ./STM32F4-Discovery/stm32f4_discovery.o
LOAD ./STM32F4-Discovery/stm32f4_discovery_audio_codec.o
LOAD ./STM32F4-Discovery/stm32f4_discovery_lis302dl.o
LOAD ./GraphicLCD/CGraphicLCD.o
LOAD ./GraphicLCD/CT6963CDriver.o
LOAD ./GraphicLCD/CT6963GPIOInterface.o
LOAD ./GraphicLCD/SansSerif12.o
LOAD ./FreeRTOS_EC/Source/AManagedTask.o
LOAD ./FreeRTOS_EC/Source/ASyncObject.o
LOAD ./FreeRTOS_EC/Source/ATimer.o
LOAD ./FreeRTOS_EC/Source/CBinarySemaphore.o
LOAD ./FreeRTOS_EC/Source/CCountingSemaphore.o
LOAD ./FreeRTOS_EC/Source/CFreeRTOS.o
LOAD ./FreeRTOS_EC/Source/CMessageTask.o
LOAD ./FreeRTOS_EC/Source/CMutex.o
LOAD ./FreeRTOS_EC/Source/CQueue.o
LOAD ./FreeRTOS_EC/Source/CRecursiveMutex.o
LOAD ./FreeRTOS_EC/Source/CTask.o
LOAD ./FreeRTOS/Source/portable/GCC/ARM_CM4F/port.o
LOAD ./FreeRTOS/Source/croutine.o
LOAD ./FreeRTOS/Source/list.o
LOAD ./FreeRTOS/Source/queue.o
LOAD ./FreeRTOS/Source/tasks.o
LOAD ./FreeRTOS/Source/timers.o
LOAD ./CLedHeartBeatSTM32F4Disc.o
LOAD ./main.o
LOAD ./stm32f4xx_it.o
LOAD ./syscalls.o
LOAD ./system_stm32f4xx.o
LOAD ./ustime.o
LOAD e:/elektronik/toolchain/yagarto/bin/../lib/gcc/arm-none-eabi/4.6.2/../../../../arm-none-eabi/lib/thumb/v7m\libstdc++.a
LOAD e:/elektronik/toolchain/yagarto/bin/../lib/gcc/arm-none-eabi/4.6.2/../../../../arm-none-eabi/lib/thumb/v7m\libm.a
START GROUP
LOAD e:/elektronik/toolchain/yagarto/bin/../lib/gcc/arm-none-eabi/4.6.2/thumb/v7m\libgcc.a
LOAD e:/elektronik/toolchain/yagarto/bin/../lib/gcc/arm-none-eabi/4.6.2/../../../../arm-none-eabi/lib/thumb/v7m\libg.a
LOAD e:/elektronik/toolchain/yagarto/bin/../lib/gcc/arm-none-eabi/4.6.2/../../../../arm-none-eabi/lib/thumb/v7m\libc.a
END GROUP
LOAD e:/elektronik/toolchain/yagarto/bin/../lib/gcc/arm-none-eabi/4.6.2/thumb/v7m/crtend.o
LOAD e:/elektronik/toolchain/yagarto/bin/../lib/gcc/arm-none-eabi/4.6.2/thumb/v7m/crtn.o
                0x00000400                __main_stack_size__ = 0x400
                0x00000400                __process_stack_size__ = 0x400
                0x20000000                __ram_start__ = ORIGIN (ram)
                0x0001c000                __ram_size__ = 0x1c000
                0x2001c000                __ram_end__ = (__ram_start__ + __ram_size__)
                0x00000000                . = 0x0
                0x00000000                _text = .

startup
 *(vectors)

constructors    0x08000000        0x8
                0x08000000                PROVIDE (__init_array_start, .)
 *(SORT(.init_array.*))
 *(.init_array)
 .init_array    0x08000000        0x4 e:/elektronik/toolchain/yagarto/bin/../lib/gcc/arm-none-eabi/4.6.2/thumb/v7m/crtbegin.o
 .init_array    0x08000004        0x4 ./main.o
                0x08000008                PROVIDE (__init_array_end, .)

destructors     0x08000008        0x4
                0x08000008                PROVIDE (__fini_array_start, .)
 *(.fini_array)
 .fini_array    0x08000008        0x4 e:/elektronik/toolchain/yagarto/bin/../lib/gcc/arm-none-eabi/4.6.2/thumb/v7m/crtbegin.o
 *(SORT(.fini_array.*))
                0x0800000c                PROVIDE (__fini_array_end, .)

.text           0x08000010    0x14b3c
 *(.text.startup.*)
 *(.text)
 .text          0x08000010       0x54 e:/elektronik/toolchain/yagarto/bin/../lib/gcc/arm-none-eabi/4.6.2/thumb/v7m/crtbegin.o
 *fill*         0x08000064        0xc 00
 .text          0x08000070      0x1dc ./STM32F4xx_StdPeriph_Driver/src/misc.o
                0x08000070                NVIC_PriorityGroupConfig
                0x08000098                NVIC_Init
                0x0800017c                NVIC_SetVectorTable
                0x080001a8                NVIC_SystemLPConfig
                0x08000200                SysTick_CLKSourceConfig
 *fill*         0x0800024c        0x4 00
 .text          0x08000250      0x2d4 ./STM32F4xx_StdPeriph_Driver/src/stm32f4xx_exti.o
                0x08000250                EXTI_DeInit
                0x080002a4                EXTI_Init
                0x080003e8                EXTI_StructInit
                0x0800041c                EXTI_GenerateSWInterrupt
                0x08000448                EXTI_GetFlagStatus
                0x08000488                EXTI_ClearFlag
                0x080004a8                EXTI_GetITStatus
                0x08000504                EXTI_ClearITPendingBit
 *fill*         0x08000524        0xc 00
 .text          0x08000530      0x550 ./STM32F4xx_StdPeriph_Driver/src/stm32f4xx_gpio.o
                0x08000530                GPIO_DeInit
                0x080006a8                GPIO_Init
                0x080007fc                GPIO_StructInit
                0x08000838                GPIO_PinLockConfig
                0x0800087c                GPIO_ReadInputDataBit
                0x080008b8                GPIO_ReadInputData
                0x080008d4                GPIO_ReadOutputDataBit
                0x08000910                GPIO_ReadOutputData
                0x0800092c                GPIO_SetBits
                0x08000948                GPIO_ResetBits
                0x08000964                GPIO_WriteBit
                0x08000994                GPIO_Write
                0x080009b0                GPIO_ToggleBits
                0x080009d4                GPIO_PinAFConfig
 .text          0x08000a80      0xdd0 ./STM32F4xx_StdPeriph_Driver/src/stm32f4xx_rcc.o
                0x08000a80                RCC_DeInit
                0x08000b04                RCC_HSEConfig
                0x08000b34                RCC_WaitForHSEStartUp
                0x08000b98                RCC_AdjustHSICalibrationValue
                0x08000be0                RCC_HSICmd
                0x08000c00                RCC_LSEConfig
                0x08000c60                RCC_LSICmd
                0x08000c80                RCC_PLLConfig
                0x08000cc8                RCC_PLLCmd
                0x08000ce8                RCC_PLLI2SConfig
                0x08000d18                RCC_PLLI2SCmd
                0x08000d38                RCC_ClockSecuritySystemCmd
                0x08000d58                RCC_MCO1Config
                0x08000da0                RCC_MCO2Config
                0x08000de8                RCC_SYSCLKConfig
                0x08000e28                RCC_GetSYSCLKSource
                0x08000e48                RCC_HCLKConfig
                0x08000e88                RCC_PCLK1Config
                0x08000ec8                RCC_PCLK2Config
                0x08000f0c                RCC_GetClocksFreq
                0x080010dc                RCC_RTCCLKConfig
                0x08001154                RCC_RTCCLKCmd
                0x08001174                RCC_BackupResetCmd
                0x08001194                RCC_I2SCLKConfig
                0x080011b4                RCC_AHB1PeriphClockCmd
                0x0800120c                RCC_AHB2PeriphClockCmd
                0x08001264                RCC_AHB3PeriphClockCmd
                0x080012bc                RCC_APB1PeriphClockCmd
                0x08001314                RCC_APB2PeriphClockCmd
                0x0800136c                RCC_AHB1PeriphResetCmd
                0x080013c4                RCC_AHB2PeriphResetCmd
                0x0800141c                RCC_AHB3PeriphResetCmd
                0x08001474                RCC_APB1PeriphResetCmd
                0x080014cc                RCC_APB2PeriphResetCmd
                0x08001524                RCC_AHB1PeriphClockLPModeCmd
                0x0800157c                RCC_AHB2PeriphClockLPModeCmd
                0x080015d4                RCC_AHB3PeriphClockLPModeCmd
                0x0800162c                RCC_APB1PeriphClockLPModeCmd
                0x08001684                RCC_APB2PeriphClockLPModeCmd
                0x080016dc                RCC_ITConfig
                0x0800173c                RCC_GetFlagStatus
                0x080017cc                RCC_ClearFlag
                0x080017f0                RCC_GetITStatus
                0x08001830                RCC_ClearITPendingBit
 .text          0x08001850      0x170 ./STM32F4xx_StdPeriph_Driver/src/stm32f4xx_syscfg.o
                0x08001850                SYSCFG_DeInit
                0x08001870                SYSCFG_MemoryRemapConfig
                0x08001890                SYSCFG_EXTILineConfig
                0x08001944                SYSCFG_ETH_MediaInterfaceConfig
                0x08001964                SYSCFG_CompensationCellCmd
                0x08001984                SYSCFG_GetCompensationCellStatus
 .text          0x080019c0      0x244 ./STM32F4-Discovery/stm32f4_discovery.o
                0x080019c0                STM_EVAL_LEDInit
                0x08001a2c                STM_EVAL_LEDOn
                0x08001a60                STM_EVAL_LEDOff
                0x08001a94                STM_EVAL_LEDToggle
                0x08001adc                STM_EVAL_PBInit
                0x08001bc8                STM_EVAL_PBGetState
 *fill*         0x08001c04        0xc 00
 .text          0x08001c10      0x250 ./FreeRTOS_EC/Source/AManagedTask.o
                0x08001c10                AManagedTask::AManagedTask()
                0x08001c10                AManagedTask::AManagedTask()
                0x08001c48                AManagedTask::~AManagedTask()
                0x08001c48                AManagedTask::~AManagedTask()
                0x08001c88                AManagedTask::~AManagedTask()
                0x08001ca8                AManagedTask::Create(char const*, unsigned short, unsigned long)
                0x08001d0c                AManagedTask::taskControlFunc(void*)
                0x08001d2c                AManagedTask::AddToManagedTask(AManagedTask*)
                0x08001d7c                AManagedTask::RemoveFromManagedTask(AManagedTask*)
                0x08001e04                AManagedTask::InitHardwareForManagedTasks()
 .text          0x08001e60       0x40 ./FreeRTOS_EC/Source/CFreeRTOS.o
                0x08001e60                CFreeRTOS::CFreeRTOS()
                0x08001e60                CFreeRTOS::CFreeRTOS()
                0x08001e78                CFreeRTOS::~CFreeRTOS()
                0x08001e78                CFreeRTOS::~CFreeRTOS()
                0x08001e90                CFreeRTOS::InitHardwareForManagedTasks()
 .text          0x08001ea0      0x1c0 ./FreeRTOS_EC/Source/CTask.o
                0x08001ea0                CTask::CTask()
                0x08001ea0                CTask::CTask()
                0x08001ed0                CTask::CTask(void*)
                0x08001ed0                CTask::CTask(void*)
                0x08001f00                CTask::~CTask()
                0x08001f00                CTask::~CTask()
                0x08001f44                CTask::~CTask()
                0x08001f64                CTask::Attach(void*)
                0x08001fb8                CTask::Create(void (*)(void*), char const*, unsigned short, void*, unsigned long)
                0x08002014                CTask::CreateRestricted(xTASK_PARAMTERS*)
                0x08002034                CTask::Delete()
 .text          0x08002060      0x248 ./FreeRTOS/Source/portable/GCC/ARM_CM4F/port.o
                0x08002060                pxPortInitialiseStack
                0x080020c8                SVC_Handler
                0x080020e8                vPortStartFirstTask
                0x080020f8                xPortStartScheduler
                0x0800214c                vPortEndScheduler
                0x08002158                vPortYieldFromISR
                0x08002170                vPortEnterCritical
                0x0800219c                vPortExitCritical
                0x080021d4                PendSV_Handler
                0x0800222c                SysTick_Handler
 *fill*         0x080022a8        0x8 00
 .text          0x080022b0      0x17c ./FreeRTOS/Source/list.o
                0x080022b0                vListInitialise
                0x080022f0                vListInitialiseItem
                0x0800230c                vListInsertEnd
                0x08002360                vListInsert
                0x080023d8                vListRemove
 *fill*         0x0800242c        0x4 00
 .text          0x08002430     0x17c0 ./FreeRTOS/Source/tasks.o
                0x08002430                xTaskGenericCreate
                0x080025dc                vTaskDelete
                0x0800269c                vTaskDelayUntil
                0x08002750                vTaskDelay
                0x080027ac                uxTaskPriorityGet
                0x080027e4                vTaskPrioritySet
                0x08002910                vTaskSuspend
                0x080029d0                xTaskIsTaskSuspended
                0x08002a20                vTaskResume
                0x08002acc                xTaskResumeFromISR
                0x08002b8c                vTaskStartScheduler
                0x08002c08                vTaskEndScheduler
                0x08002c28                vTaskSuspendAll
                0x08002c4c                xTaskResumeAll
                0x08002da0                xTaskGetTickCount
                0x08002dc8                xTaskGetTickCountFromISR
                0x08002e00                uxTaskGetNumberOfTasks
                0x08002e18                vTaskGetRunTimeStats
                0x08002f78                xTaskGetIdleTaskHandle
                0x08002f90                vTaskIncrementTick
                0x08003148                vTaskSetApplicationTaskTag
                0x08003180                xTaskGetApplicationTaskTag
                0x080031bc                xTaskCallApplicationTaskHook
                0x08003208                vTaskSwitchContext
                0x08003348                vTaskPlaceOnEventList
                0x080033c0                xTaskRemoveFromEventList
                0x08003484                vTaskSetTimeOutState
                0x080034b4                xTaskCheckForTimeOut
                0x08003558                vTaskMissedYield
                0x08003a0c                uxTaskGetStackHighWaterMark
                0x08003a68                xTaskGetCurrentTaskHandle
                0x08003a88                vTaskPriorityInherit
                0x08003b60                vTaskPriorityDisinherit
 .text          0x08003bf0      0x1b0 ./CLedHeartBeatSTM32F4Disc.o
                0x08003bf0                CLedHeartBeatSTM32F4Disc::CLedHeartBeatSTM32F4Disc(unsigned long)
                0x08003bf0                CLedHeartBeatSTM32F4Disc::CLedHeartBeatSTM32F4Disc(unsigned long)
                0x08003c28                CLedHeartBeatSTM32F4Disc::~CLedHeartBeatSTM32F4Disc()
                0x08003c28                CLedHeartBeatSTM32F4Disc::~CLedHeartBeatSTM32F4Disc()
                0x08003c60                CLedHeartBeatSTM32F4Disc::~CLedHeartBeatSTM32F4Disc()
                0x08003c80                CLedHeartBeatSTM32F4Disc::HardwareInit()
                0x08003cb8                CLedHeartBeatSTM32F4Disc::Run()
 .text          0x08003da0       0xe8 ./main.o
                0x08003da0                main
                0x08003dd0                vApplicationTickHook
                0x08003ddc                vApplicationIdleHook
                0x08003de8                vApplicationMallocFailedHook
                0x08003df4                vApplicationStackOverflowHook
                0x08003e00                EVAL_AUDIO_TransferComplete_CallBack
                0x08003e14                EVAL_AUDIO_GetSampleCallBack
 *fill*         0x08003e88        0x8 00
 .text          0x08003e90      0x1f0 ./syscalls.o
                0x08003e90                _exit
                0x08003e9c                _read_r
                0x08003ebc                _write_r
                0x08003edc                _lseek_r
                0x08003f04                _close_r
                0x08003f28                _fstat_r
                0x08003f68                _isatty_r
                0x08003f84                _sbrk_r
                0x08004014                _kill_r
                0x08004038                _getpid_r
                0x08004058                __malloc_lock
                0x0800406c                __malloc_unlock
 .text          0x08004080      0x178 ./ustime.o
                0x08004080                get_us_time
                0x0800410c                delay_us
                0x08004168                delay_ms
                0x08004188                init_us_timer
 *fill*         0x080041f8        0x8 00
 .text          0x08004200     0x58f8 e:/elektronik/toolchain/yagarto/bin/../lib/gcc/arm-none-eabi/4.6.2/../../../../arm-none-eabi/lib/thumb/v7m\libstdc++.a(cp-demangle.o)
                0x080099c8                __cxa_demangle
                0x08009aac                __gcclibcxx_demangle_callback
 *fill*         0x08009af8        0x8 00
 .text          0x08009b00      0xa10 e:/elektronik/toolchain/yagarto/bin/../lib/gcc/arm-none-eabi/4.6.2/thumb/v7m\libgcc.a(unwind-arm.o)
                0x08009dbc                _Unwind_VRS_Get
                0x08009e08                _Unwind_VRS_Set
                0x0800a11c                __aeabi_unwind_cpp_pr2
                0x0800a120                __aeabi_unwind_cpp_pr1
                0x0800a124                __aeabi_unwind_cpp_pr0
                0x0800a128                _Unwind_VRS_Pop
                0x0800a3b8                _Unwind_GetCFA
                0x0800a3bc                __gnu_Unwind_RaiseException
                0x0800a41c                __gnu_Unwind_ForcedUnwind
                0x0800a430                __gnu_Unwind_Resume
                0x0800a46c                __gnu_Unwind_Resume_or_Rethrow
                0x0800a47c                _Unwind_Complete
                0x0800a480                _Unwind_DeleteException
                0x0800a490                __gnu_Unwind_Backtrace
 .text          0x0800a510      0x1ac e:/elektronik/toolchain/yagarto/bin/../lib/gcc/arm-none-eabi/4.6.2/thumb/v7m\libgcc.a(libunwind.o)
                0x0800a510                __restore_core_regs
                0x0800a510                restore_core_regs
                0x0800a528                __gnu_Unwind_Restore_VFP
                0x0800a530                __gnu_Unwind_Save_VFP
                0x0800a538                __gnu_Unwind_Restore_VFP_D
                0x0800a540                __gnu_Unwind_Save_VFP_D
                0x0800a548                __gnu_Unwind_Restore_VFP_D_16_to_31
                0x0800a550                __gnu_Unwind_Save_VFP_D_16_to_31
                0x0800a558                __gnu_Unwind_Restore_WMMXD
                0x0800a59c                __gnu_Unwind_Save_WMMXD
                0x0800a5e0                __gnu_Unwind_Restore_WMMXC
                0x0800a5f4                __gnu_Unwind_Save_WMMXC
                0x0800a608                ___Unwind_RaiseException
                0x0800a608                _Unwind_RaiseException
                0x0800a62c                _Unwind_Resume
                0x0800a62c                ___Unwind_Resume
                0x0800a650                _Unwind_Resume_or_Rethrow
                0x0800a650                ___Unwind_Resume_or_Rethrow
                0x0800a674                _Unwind_ForcedUnwind
                0x0800a674                ___Unwind_ForcedUnwind
                0x0800a698                ___Unwind_Backtrace
                0x0800a698                _Unwind_Backtrace
 *fill*         0x0800a6bc        0x4 00
 .text          0x0800a6c0      0x3d4 e:/elektronik/toolchain/yagarto/bin/../lib/gcc/arm-none-eabi/4.6.2/thumb/v7m\libgcc.a(pr-support.o)
                0x0800a714                __gnu_unwind_execute
                0x0800aa38                __gnu_unwind_frame
                0x0800aa64                _Unwind_GetRegionStart
                0x0800aa70                _Unwind_GetLanguageSpecificData
                0x0800aa84                _Unwind_GetDataRelBase
                0x0800aa8c                _Unwind_GetTextRelBase
 *fill*         0x0800aa94        0xc 00
 .text          0x0800aaa0       0x10 e:/elektronik/toolchain/yagarto/bin/../lib/gcc/arm-none-eabi/4.6.2/../../../../arm-none-eabi/lib/thumb/v7m\libg.a(lib_a-abort.o)
                0x0800aaa0                abort
 .text          0x0800aab0       0x48 e:/elektronik/toolchain/yagarto/bin/../lib/gcc/arm-none-eabi/4.6.2/../../../../arm-none-eabi/lib/thumb/v7m\libg.a(lib_a-assert.o)
                0x0800aab0                __assert_func
                0x0800aaec                __assert
 *fill*         0x0800aaf8        0x8 00
 .text          0x0800ab00       0x14 e:/elektronik/toolchain/yagarto/bin/../lib/gcc/arm-none-eabi/4.6.2/../../../../arm-none-eabi/lib/thumb/v7m\libg.a(lib_a-cxa_atexit.o)
                0x0800ab00                __cxa_atexit
 *fill*         0x0800ab14        0xc 00
 .text          0x0800ab20       0x4c e:/elektronik/toolchain/yagarto/bin/../lib/gcc/arm-none-eabi/4.6.2/../../../../arm-none-eabi/lib/thumb/v7m\libg.a(lib_a-fiprintf.o)
                0x0800ab20                _fiprintf_r
                0x0800ab40                fiprintf
 *fill*         0x0800ab6c        0x4 00
 .text          0x0800ab70       0x4c e:/elektronik/toolchain/yagarto/bin/../lib/gcc/arm-none-eabi/4.6.2/../../../../arm-none-eabi/lib/thumb/v7m\libg.a(lib_a-fputc.o)
                0x0800ab70                _fputc_r
                0x0800ab94                fputc
 *fill*         0x0800abbc        0x4 00
 .text          0x0800abc0       0x60 e:/elektronik/toolchain/yagarto/bin/../lib/gcc/arm-none-eabi/4.6.2/../../../../arm-none-eabi/lib/thumb/v7m\libg.a(lib_a-fputs.o)
                0x0800abc0                _fputs_r
                0x0800ac10                fputs
 .text          0x0800ac20      0x334 e:/elektronik/toolchain/yagarto/bin/../lib/gcc/arm-none-eabi/4.6.2/../../../../arm-none-eabi/lib/thumb/v7m\libg.a(lib_a-fvwrite.o)
                0x0800ac20                __sfvwrite_r
 *fill*         0x0800af54        0xc 00
 .text          0x0800af60       0x94 e:/elektronik/toolchain/yagarto/bin/../lib/gcc/arm-none-eabi/4.6.2/../../../../arm-none-eabi/lib/thumb/v7m\libg.a(lib_a-fwrite.o)
                0x0800af60                _fwrite_r
                0x0800afcc                fwrite
 *fill*         0x0800aff4        0xc 00
 .text          0x0800b000       0x20 e:/elektronik/toolchain/yagarto/bin/../lib/gcc/arm-none-eabi/4.6.2/../../../../arm-none-eabi/lib/thumb/v7m\libg.a(lib_a-malloc.o)
                0x0800b000                malloc
                0x0800b010                free
 .text          0x0800b020      0x564 e:/elektronik/toolchain/yagarto/bin/../lib/gcc/arm-none-eabi/4.6.2/../../../../arm-none-eabi/lib/thumb/v7m\libg.a(lib_a-mallocr.o)
                0x0800b020                _malloc_r
 *fill*         0x0800b584        0xc 00
 .text          0x0800b590       0x88 e:/elektronik/toolchain/yagarto/bin/../lib/gcc/arm-none-eabi/4.6.2/../../../../arm-none-eabi/lib/thumb/v7m\libg.a(lib_a-memchr.o)
                0x0800b590                memchr
 *fill*         0x0800b618        0x8 00
 .text          0x0800b620       0x60 e:/elektronik/toolchain/yagarto/bin/../lib/gcc/arm-none-eabi/4.6.2/../../../../arm-none-eabi/lib/thumb/v7m\libg.a(lib_a-memcmp.o)
                0x0800b620                memcmp
 .text          0x0800b680       0x84 e:/elektronik/toolchain/yagarto/bin/../lib/gcc/arm-none-eabi/4.6.2/../../../../arm-none-eabi/lib/thumb/v7m\libg.a(lib_a-memcpy.o)
                0x0800b680                memcpy
 *fill*         0x0800b704        0xc 00
 .text          0x0800b710       0xc8 e:/elektronik/toolchain/yagarto/bin/../lib/gcc/arm-none-eabi/4.6.2/../../../../arm-none-eabi/lib/thumb/v7m\libg.a(lib_a-memmove.o)
                0x0800b710                memmove
 *fill*         0x0800b7d8        0x8 00
 .text          0x0800b7e0       0x94 e:/elektronik/toolchain/yagarto/bin/../lib/gcc/arm-none-eabi/4.6.2/../../../../arm-none-eabi/lib/thumb/v7m\libg.a(lib_a-memset.o)
                0x0800b7e0                memset
 *fill*         0x0800b874        0xc 00
 .text          0x0800b880       0xc8 e:/elektronik/toolchain/yagarto/bin/../lib/gcc/arm-none-eabi/4.6.2/../../../../arm-none-eabi/lib/thumb/v7m\libg.a(lib_a-putc.o)
                0x0800b880                _putc_r
                0x0800b8e0                putc
 *fill*         0x0800b948        0x8 00
 .text          0x0800b950       0x14 e:/elektronik/toolchain/yagarto/bin/../lib/gcc/arm-none-eabi/4.6.2/../../../../arm-none-eabi/lib/thumb/v7m\libg.a(lib_a-realloc.o)
                0x0800b950                realloc
 *fill*         0x0800b964        0xc 00
 .text          0x0800b970      0x410 e:/elektronik/toolchain/yagarto/bin/../lib/gcc/arm-none-eabi/4.6.2/../../../../arm-none-eabi/lib/thumb/v7m\libg.a(lib_a-reallocr.o)
                0x0800b970                _realloc_r
 .text          0x0800bd80      0x158 e:/elektronik/toolchain/yagarto/bin/../lib/gcc/arm-none-eabi/4.6.2/../../../../arm-none-eabi/lib/thumb/v7m\libg.a(lib_a-signal.o)
                0x0800bd80                _init_signal_r
                0x0800bdb4                _signal_r
                0x0800bdf4                _raise_r
                0x0800be4c                __sigtramp_r
                0x0800be9c                raise
                0x0800beac                signal
                0x0800bebc                _init_signal
                0x0800bec8                __sigtramp
 *fill*         0x0800bed8        0x8 00
 .text          0x0800bee0       0x94 e:/elektronik/toolchain/yagarto/bin/../lib/gcc/arm-none-eabi/4.6.2/../../../../arm-none-eabi/lib/thumb/v7m\libg.a(lib_a-sprintf.o)
                0x0800bee0                _sprintf_r
                0x0800bf24                sprintf
 *fill*         0x0800bf74        0xc 00
 .text          0x0800bf80       0x50 e:/elektronik/toolchain/yagarto/bin/../lib/gcc/arm-none-eabi/4.6.2/../../../../arm-none-eabi/lib/thumb/v7m\libg.a(lib_a-strcat.o)
                0x0800bf80                strcat
 .text          0x0800bfd0      0x1dc e:/elektronik/toolchain/yagarto/bin/../lib/gcc/arm-none-eabi/4.6.2/../../../../arm-none-eabi/lib/thumb/v7m\libg.a(lib_a-strcmp.o)
                0x0800bfd0                strcmp
 *fill*         0x0800c1ac        0x4 00
 .text          0x0800c1b0       0xbc e:/elektronik/toolchain/yagarto/bin/../lib/gcc/arm-none-eabi/4.6.2/../../../../arm-none-eabi/lib/thumb/v7m\libg.a(lib_a-strcpy.o)
                0x0800c1b0                strcpy
 *fill*         0x0800c26c        0x4 00
 .text          0x0800c270       0x60 e:/elektronik/toolchain/yagarto/bin/../lib/gcc/arm-none-eabi/4.6.2/../../../../arm-none-eabi/lib/thumb/v7m\libg.a(lib_a-strlen.o)
                0x0800c270                strlen
 .text          0x0800c2d0       0xa8 e:/elektronik/toolchain/yagarto/bin/../lib/gcc/arm-none-eabi/4.6.2/../../../../arm-none-eabi/lib/thumb/v7m\libg.a(lib_a-strncmp.o)
                0x0800c2d0                strncmp
 *fill*         0x0800c378        0x8 00
 .text          0x0800c380       0x70 e:/elektronik/toolchain/yagarto/bin/../lib/gcc/arm-none-eabi/4.6.2/../../../../arm-none-eabi/lib/thumb/v7m\libg.a(lib_a-strncpy.o)
                0x0800c380                strncpy
 .text          0x0800c3f0     0x1314 e:/elektronik/toolchain/yagarto/bin/../lib/gcc/arm-none-eabi/4.6.2/../../../../arm-none-eabi/lib/thumb/v7m\libg.a(lib_a-svfprintf.o)
                0x0800c3f0                _svfprintf_r
 *fill*         0x0800d704        0xc 00
 .text          0x0800d710       0x1c e:/elektronik/toolchain/yagarto/bin/../lib/gcc/arm-none-eabi/4.6.2/../../../../arm-none-eabi/lib/thumb/v7m\libg.a(lib_a-syswrite.o)
                0x0800d710                write
 *fill*         0x0800d72c        0x4 00
 .text          0x0800d730      0xb54 e:/elektronik/toolchain/yagarto/bin/../lib/gcc/arm-none-eabi/4.6.2/../../../../arm-none-eabi/lib/thumb/v7m\libg.a(lib_a-vfiprintf.o)
                0x0800d730                __sprint_r
                0x0800d7b0                _vfiprintf_r
                0x0800e268                vfiprintf
 *fill*         0x0800e284        0xc 00
 .text          0x0800e290       0xc8 e:/elektronik/toolchain/yagarto/bin/../lib/gcc/arm-none-eabi/4.6.2/../../../../arm-none-eabi/lib/thumb/v7m\libg.a(lib_a-wbuf.o)
                0x0800e290                __swbuf_r
                0x0800e348                __swbuf
 *fill*         0x0800e358        0x8 00
 .text          0x0800e360       0xb8 e:/elektronik/toolchain/yagarto/bin/../lib/gcc/arm-none-eabi/4.6.2/../../../../arm-none-eabi/lib/thumb/v7m\libg.a(lib_a-wsetup.o)
                0x0800e360                __swsetup_r
 *fill*         0x0800e418        0x8 00
 .text          0x0800e420       0xb0 e:/elektronik/toolchain/yagarto/bin/../lib/gcc/arm-none-eabi/4.6.2/../../../../arm-none-eabi/lib/thumb/v7m\libg.a(lib_a-__atexit.o)
                0x0800e420                __register_exitproc
 .text          0x0800e4d0     0x1040 e:/elektronik/toolchain/yagarto/bin/../lib/gcc/arm-none-eabi/4.6.2/../../../../arm-none-eabi/lib/thumb/v7m\libg.a(lib_a-dtoa.o)
                0x0800e614                _dtoa_r
 .text          0x0800f510      0x1a4 e:/elektronik/toolchain/yagarto/bin/../lib/gcc/arm-none-eabi/4.6.2/../../../../arm-none-eabi/lib/thumb/v7m\libg.a(lib_a-fflush.o)
                0x0800f510                _fflush_r
                0x0800f694                fflush
 *fill*         0x0800f6b4        0xc 00
 .text          0x0800f6c0      0x1c4 e:/elektronik/toolchain/yagarto/bin/../lib/gcc/arm-none-eabi/4.6.2/../../../../arm-none-eabi/lib/thumb/v7m\libg.a(lib_a-findfp.o)
                0x0800f6c8                _cleanup_r
                0x0800f728                __sfmoreglue
                0x0800f754                _cleanup
                0x0800f760                __sinit
                0x0800f7a8                __sfp
                0x0800f844                __sfp_lock_acquire
                0x0800f848                __sfp_lock_release
                0x0800f84c                __sinit_lock_acquire
                0x0800f850                __sinit_lock_release
                0x0800f854                __fp_lock_all
                0x0800f86c                __fp_unlock_all
 *fill*         0x0800f884        0xc 00
 .text          0x0800f890      0x104 e:/elektronik/toolchain/yagarto/bin/../lib/gcc/arm-none-eabi/4.6.2/../../../../arm-none-eabi/lib/thumb/v7m\libg.a(lib_a-fputwc.o)
                0x0800f890                _fputwc_r
                0x0800f970                fputwc
 *fill*         0x0800f994        0xc 00
 .text          0x0800f9a0      0x224 e:/elektronik/toolchain/yagarto/bin/../lib/gcc/arm-none-eabi/4.6.2/../../../../arm-none-eabi/lib/thumb/v7m\libg.a(lib_a-freer.o)
                0x0800f9a0                _malloc_trim_r
                0x0800fa40                _free_r
 *fill*         0x0800fbc4        0xc 00
 .text          0x0800fbd0       0xa0 e:/elektronik/toolchain/yagarto/bin/../lib/gcc/arm-none-eabi/4.6.2/../../../../arm-none-eabi/lib/thumb/v7m\libg.a(lib_a-fwalk.o)
                0x0800fbd0                _fwalk
                0x0800fc1c                _fwalk_reent
 .text          0x0800fc70       0x88 e:/elektronik/toolchain/yagarto/bin/../lib/gcc/arm-none-eabi/4.6.2/../../../../arm-none-eabi/lib/thumb/v7m\libg.a(lib_a-locale.o)
                0x0800fc70                _setlocale_r
                0x0800fcb4                __locale_charset
                0x0800fcc0                __locale_mb_cur_max
                0x0800fccc                __locale_msgcharset
                0x0800fcd4                __locale_cjk_lang
                0x0800fcd8                _localeconv_r
                0x0800fce0                setlocale
                0x0800fcf0                localeconv
 *fill*         0x0800fcf8        0x8 00
 .text          0x0800fd00       0xe4 e:/elektronik/toolchain/yagarto/bin/../lib/gcc/arm-none-eabi/4.6.2/../../../../arm-none-eabi/lib/thumb/v7m\libg.a(lib_a-makebuf.o)
                0x0800fd00                __smakebuf_r
 *fill*         0x0800fde4        0xc 00
 .text          0x0800fdf0      0x8c8 e:/elektronik/toolchain/yagarto/bin/../lib/gcc/arm-none-eabi/4.6.2/../../../../arm-none-eabi/lib/thumb/v7m\libg.a(lib_a-mprec.o)
                0x0800fdf0                _Balloc
                0x0800fe3c                _Bfree
                0x0800fe50                __multadd
                0x0800fed4                __s2b
                0x0800ff68                __hi0bits
                0x0800ffa4                __lo0bits
                0x08010000                __i2b
                0x08010014                __multiply
                0x0801014c                __pow5mult
                0x080101e4                __lshift
                0x080102a4                __mcmp
                0x080102e4                __mdiff
                0x080103c8                __ulp
                0x0801040c                __b2d
                0x080104b8                __d2b
                0x08010580                __ratio
                0x080105dc                _mprec_log10
                0x08010610                __copybits
                0x08010658                __any_on
 *fill*         0x080106b8        0x8 00
 .text          0x080106c0       0x90 e:/elektronik/toolchain/yagarto/bin/../lib/gcc/arm-none-eabi/4.6.2/../../../../arm-none-eabi/lib/thumb/v7m\libg.a(lib_a-s_fpclassify.o)
                0x080106c0                __fpclassifyd
 .text          0x08010750       0x8c e:/elektronik/toolchain/yagarto/bin/../lib/gcc/arm-none-eabi/4.6.2/../../../../arm-none-eabi/lib/thumb/v7m\libg.a(lib_a-stdio.o)
                0x08010750                __sread
                0x08010774                __seofread
                0x08010778                __swrite
                0x080107b0                __sseek
                0x080107d4                __sclose
 *fill*         0x080107dc        0x4 00
 .text          0x080107e0      0xa00 e:/elektronik/toolchain/yagarto/bin/../lib/gcc/arm-none-eabi/4.6.2/../../../../arm-none-eabi/lib/thumb/v7m\libg.a(lib_a-svfiprintf.o)
                0x080107e0                __ssprint_r
                0x080108f8                _svfiprintf_r
 .text          0x080111e0       0xac e:/elektronik/toolchain/yagarto/bin/../lib/gcc/arm-none-eabi/4.6.2/../../../../arm-none-eabi/lib/thumb/v7m\libg.a(lib_a-wcrtomb.o)
                0x080111e0                _wcrtomb_r
                0x0801122c                wcrtomb
 *fill*         0x0801128c        0x4 00
 .text          0x08011290       0x4c e:/elektronik/toolchain/yagarto/bin/../lib/gcc/arm-none-eabi/4.6.2/../../../../arm-none-eabi/lib/thumb/v7m\libg.a(lib_a-wctomb_r.o)
                0x08011290                __ascii_wctomb
                0x080112ac                _wctomb_r
 *fill*         0x080112dc        0x4 00
 .text          0x080112e0       0x60 e:/elektronik/toolchain/yagarto/bin/../lib/gcc/arm-none-eabi/4.6.2/../../../../arm-none-eabi/lib/thumb/v7m\libg.a(lib_a-callocr.o)
                0x080112e0                _calloc_r
 .text          0x08011340       0x9c e:/elektronik/toolchain/yagarto/bin/../lib/gcc/arm-none-eabi/4.6.2/../../../../arm-none-eabi/lib/thumb/v7m\libg.a(lib_a-fclose.o)
                0x08011340                _fclose_r
                0x080113cc                fclose
 *fill*         0x080113dc        0x4 00
 .text          0x080113e0      0x278 e:/elektronik/toolchain/yagarto/bin/../lib/gcc/arm-none-eabi/4.6.2/thumb/v7m\libgcc.a(_udivsi3.o)
                0x080113e0                __aeabi_uidiv
                0x080113e0                __udivsi3
                0x0801163c                __aeabi_uidivmod
 *fill*         0x08011658        0x8 00
 .text          0x08011660        0x4 e:/elektronik/toolchain/yagarto/bin/../lib/gcc/arm-none-eabi/4.6.2/thumb/v7m\libgcc.a(_dvmd_tls.o)
                0x08011660                __aeabi_idiv0
                0x08011660                __aeabi_ldiv0
 *fill*         0x08011664        0xc 00
 .text          0x08011670      0x370 e:/elektronik/toolchain/yagarto/bin/../lib/gcc/arm-none-eabi/4.6.2/thumb/v7m\libgcc.a(_arm_addsubdf3.o)
                0x08011670                __aeabi_drsub
                0x08011678                __aeabi_dsub
                0x08011678                __subdf3
                0x0801167c                __aeabi_dadd
                0x0801167c                __adddf3
                0x080118f4                __floatunsidf
                0x080118f4                __aeabi_ui2d
                0x08011914                __floatsidf
                0x08011914                __aeabi_i2d
                0x08011938                __aeabi_f2d
                0x08011938                __extendsfdf2
                0x08011974                __floatundidf
                0x08011974                __aeabi_ul2d
                0x08011984                __floatdidf
                0x08011984                __aeabi_l2d
 .text          0x080119e0      0x424 e:/elektronik/toolchain/yagarto/bin/../lib/gcc/arm-none-eabi/4.6.2/thumb/v7m\libgcc.a(_arm_muldivdf3.o)
                0x080119e0                __aeabi_dmul
                0x080119e0                __muldf3
                0x08011c34                __divdf3
                0x08011c34                __aeabi_ddiv
 *fill*         0x08011e04        0xc 00
 .text          0x08011e10      0x110 e:/elektronik/toolchain/yagarto/bin/../lib/gcc/arm-none-eabi/4.6.2/thumb/v7m\libgcc.a(_arm_cmpdf2.o)
                0x08011e10                __gtdf2
                0x08011e10                __gedf2
                0x08011e18                __ltdf2
                0x08011e18                __ledf2
                0x08011e20                __nedf2
                0x08011e20                __eqdf2
                0x08011e20                __cmpdf2
                0x08011e9c                __aeabi_cdrcmple
                0x08011eac                __aeabi_cdcmpeq
                0x08011eac                __aeabi_cdcmple
                0x08011ebc                __aeabi_dcmpeq
                0x08011ed0                __aeabi_dcmplt
                0x08011ee4                __aeabi_dcmple
                0x08011ef8                __aeabi_dcmpge
                0x08011f0c                __aeabi_dcmpgt
 .text          0x08011f20       0x50 e:/elektronik/toolchain/yagarto/bin/../lib/gcc/arm-none-eabi/4.6.2/thumb/v7m\libgcc.a(_arm_fixdfsi.o)
                0x08011f20                __aeabi_d2iz
                0x08011f20                __fixdfsi
 *(.text.*)
 .text._ZN5CTask13EnterCriticalEv
                0x08011f70        0xc ./FreeRTOS_EC/Source/AManagedTask.o
                0x08011f70                CTask::EnterCritical()
 *fill*         0x08011f7c        0x4 00
 .text._ZN5CTask12ExitCriticalEv
                0x08011f80        0xc ./FreeRTOS_EC/Source/AManagedTask.o
                0x08011f80                CTask::ExitCritical()
 *fill*         0x08011f8c        0x4 00
 .text._ZNK5CTask7IsValidEv
                0x08011f90       0x24 ./FreeRTOS_EC/Source/AManagedTask.o
                0x08011f90                CTask::IsValid() const
 *fill*         0x08011fb4        0xc 00
 .text._ZN5CTask6DetachEv
                0x08011fc0       0x24 ./FreeRTOS_EC/Source/AManagedTask.o
                0x08011fc0                CTask::Detach()
 *fill*         0x08011fe4        0xc 00
 .text._ZN12AManagedTask12HardwareInitEv
                0x08011ff0       0x18 ./FreeRTOS_EC/Source/AManagedTask.o
                0x08011ff0                AManagedTask::HardwareInit()
 *fill*         0x08012008        0x8 00
 .text._ZN12AManagedTask8OnCreateEPKctm
                0x08012010       0x20 ./FreeRTOS_EC/Source/AManagedTask.o
                0x08012010                AManagedTask::OnCreate(char const*, unsigned short, unsigned long)
 .text._ZN9CFreeRTOS15SuspendAllTasksEv
                0x08012030        0xc ./FreeRTOS_EC/Source/AManagedTask.o
                0x08012030                CFreeRTOS::SuspendAllTasks()
 *fill*         0x0801203c        0x4 00
 .text._ZN9CFreeRTOS14ResumeAllTasksEv
                0x08012040       0x10 ./FreeRTOS_EC/Source/AManagedTask.o
                0x08012040                CFreeRTOS::ResumeAllTasks()
 .text._ZN12IFreeRTOSObjC2Ev
                0x08012050       0x20 ./FreeRTOS_EC/Source/ASyncObject.o
                0x08012050                IFreeRTOSObj::IFreeRTOSObj()
                0x08012050                IFreeRTOSObj::IFreeRTOSObj()
 .text._ZN9CFreeRTOS14StartSchedulerEv
                0x08012070        0xc ./main.o
                0x08012070                CFreeRTOS::StartScheduler()
 *fill*         0x0801207c        0x4 00
 .text.__aeabi_atexit
                0x08012080        0xc e:/elektronik/toolchain/yagarto/bin/../lib/gcc/arm-none-eabi/4.6.2/../../../../arm-none-eabi/lib/thumb/v7m\libstdc++.a(atexit_arm.o)
                0x08012080                __aeabi_atexit
 *fill*         0x0801208c        0x4 00
 .text._ZdlPv   0x08012090        0x8 e:/elektronik/toolchain/yagarto/bin/../lib/gcc/arm-none-eabi/4.6.2/../../../../arm-none-eabi/lib/thumb/v7m\libstdc++.a(del_op.o)
                0x08012090                operator delete(void*)
 *fill*         0x08012098        0x8 00
 .text.__cxa_pure_virtual
                0x080120a0       0x18 e:/elektronik/toolchain/yagarto/bin/../lib/gcc/arm-none-eabi/4.6.2/../../../../arm-none-eabi/lib/thumb/v7m\libstdc++.a(pure.o)
                0x080120a0                __cxa_pure_virtual
 *fill*         0x080120b8        0x8 00
 .text._ZN10__cxxabiv111__terminateEPFvvE
                0x080120c0       0x28 e:/elektronik/toolchain/yagarto/bin/../lib/gcc/arm-none-eabi/4.6.2/../../../../arm-none-eabi/lib/thumb/v7m\libstdc++.a(eh_terminate.o)
                0x080120c0                __cxxabiv1::__terminate(void (*)())
 *fill*         0x080120e8        0x8 00
 .text._ZSt9terminatev
                0x080120f0       0x10 e:/elektronik/toolchain/yagarto/bin/../lib/gcc/arm-none-eabi/4.6.2/../../../../arm-none-eabi/lib/thumb/v7m\libstdc++.a(eh_terminate.o)
                0x080120f0                std::terminate()
 .text._ZN10__cxxabiv112__unexpectedEPFvvE
                0x08012100        0x8 e:/elektronik/toolchain/yagarto/bin/../lib/gcc/arm-none-eabi/4.6.2/../../../../arm-none-eabi/lib/thumb/v7m\libstdc++.a(eh_terminate.o)
                0x08012100                __cxxabiv1::__unexpected(void (*)())
 *fill*         0x08012108        0x8 00
 .text._ZSt10unexpectedv
                0x08012110       0x14 e:/elektronik/toolchain/yagarto/bin/../lib/gcc/arm-none-eabi/4.6.2/../../../../arm-none-eabi/lib/thumb/v7m\libstdc++.a(eh_terminate.o)
                0x08012110                std::unexpected()
 *fill*         0x08012124        0xc 00
 .text._ZN9__gnu_cxx27__verbose_terminate_handlerEv
                0x08012130      0x118 e:/elektronik/toolchain/yagarto/bin/../lib/gcc/arm-none-eabi/4.6.2/../../../../arm-none-eabi/lib/thumb/v7m\libstdc++.a(vterminate.o)
                0x08012130                __gnu_cxx::__verbose_terminate_handler()
 *fill*         0x08012248        0x8 00
 .text.__cxa_end_cleanup
                0x08012250        0xc e:/elektronik/toolchain/yagarto/bin/../lib/gcc/arm-none-eabi/4.6.2/../../../../arm-none-eabi/lib/thumb/v7m\libstdc++.a(eh_arm.o)
                0x08012250                __cxa_end_cleanup
 *fill*         0x0801225c        0x4 00
 .text.__cxa_type_match
                0x08012260       0xe4 e:/elektronik/toolchain/yagarto/bin/../lib/gcc/arm-none-eabi/4.6.2/../../../../arm-none-eabi/lib/thumb/v7m\libstdc++.a(eh_arm.o)
                0x08012260                __cxa_type_match
 *fill*         0x08012344        0xc 00
 .text.__cxa_begin_cleanup
                0x08012350       0x68 e:/elektronik/toolchain/yagarto/bin/../lib/gcc/arm-none-eabi/4.6.2/../../../../arm-none-eabi/lib/thumb/v7m\libstdc++.a(eh_arm.o)
                0x08012350                __cxa_begin_cleanup
 *fill*         0x080123b8        0x8 00
 .text.__gnu_end_cleanup
                0x080123c0       0x74 e:/elektronik/toolchain/yagarto/bin/../lib/gcc/arm-none-eabi/4.6.2/../../../../arm-none-eabi/lib/thumb/v7m\libstdc++.a(eh_arm.o)
                0x080123c0                __gnu_end_cleanup
 *fill*         0x08012434        0xc 00
 .text.__cxa_bad_typeid
                0x08012440       0x24 e:/elektronik/toolchain/yagarto/bin/../lib/gcc/arm-none-eabi/4.6.2/../../../../arm-none-eabi/lib/thumb/v7m\libstdc++.a(eh_aux_runtime.o)
                0x08012440                __cxa_bad_typeid
 *fill*         0x08012464        0xc 00
 .text.__cxa_call_terminate
                0x08012470       0x48 e:/elektronik/toolchain/yagarto/bin/../lib/gcc/arm-none-eabi/4.6.2/../../../../arm-none-eabi/lib/thumb/v7m\libstdc++.a(eh_call.o)
                0x08012470                __cxa_call_terminate
 *fill*         0x080124b8        0x8 00
 .text.__cxa_call_unexpected
                0x080124c0      0x11c e:/elektronik/toolchain/yagarto/bin/../lib/gcc/arm-none-eabi/4.6.2/../../../../arm-none-eabi/lib/thumb/v7m\libstdc++.a(eh_call.o)
                0x080124c0                __cxa_call_unexpected
 *fill*         0x080125dc        0x4 00
 .text.__cxa_begin_catch
                0x080125e0       0x88 e:/elektronik/toolchain/yagarto/bin/../lib/gcc/arm-none-eabi/4.6.2/../../../../arm-none-eabi/lib/thumb/v7m\libstdc++.a(eh_catch.o)
                0x080125e0                __cxa_begin_catch
 *fill*         0x08012668        0x8 00
 .text.__cxa_end_catch
                0x08012670       0x90 e:/elektronik/toolchain/yagarto/bin/../lib/gcc/arm-none-eabi/4.6.2/../../../../arm-none-eabi/lib/thumb/v7m\libstdc++.a(eh_catch.o)
                0x08012670                __cxa_end_catch
 .text._ZNSt9exceptionD2Ev
                0x08012700        0xc e:/elektronik/toolchain/yagarto/bin/../lib/gcc/arm-none-eabi/4.6.2/../../../../arm-none-eabi/lib/thumb/v7m\libstdc++.a(eh_exception.o)
                0x08012700                std::exception::~exception()
                0x08012700                std::exception::~exception()
 *fill*         0x0801270c        0x4 00
 .text._ZNSt13bad_exceptionD2Ev
                0x08012710        0xc e:/elektronik/toolchain/yagarto/bin/../lib/gcc/arm-none-eabi/4.6.2/../../../../arm-none-eabi/lib/thumb/v7m\libstdc++.a(eh_exception.o)
                0x08012710                std::bad_exception::~bad_exception()
                0x08012710                std::bad_exception::~bad_exception()
 *fill*         0x0801271c        0x4 00
 .text._ZNKSt9exception4whatEv
                0x08012720        0xc e:/elektronik/toolchain/yagarto/bin/../lib/gcc/arm-none-eabi/4.6.2/../../../../arm-none-eabi/lib/thumb/v7m\libstdc++.a(eh_exception.o)
                0x08012720                std::exception::what() const
 *fill*         0x0801272c        0x4 00
 .text._ZNKSt13bad_exception4whatEv
                0x08012730        0xc e:/elektronik/toolchain/yagarto/bin/../lib/gcc/arm-none-eabi/4.6.2/../../../../arm-none-eabi/lib/thumb/v7m\libstdc++.a(eh_exception.o)
                0x08012730                std::bad_exception::what() const
 *fill*         0x0801273c        0x4 00
 .text._ZNSt13bad_exceptionD0Ev
                0x08012740       0x14 e:/elektronik/toolchain/yagarto/bin/../lib/gcc/arm-none-eabi/4.6.2/../../../../arm-none-eabi/lib/thumb/v7m\libstdc++.a(eh_exception.o)
                0x08012740                std::bad_exception::~bad_exception()
 *fill*         0x08012754        0xc 00
 .text._ZNSt9exceptionD0Ev
                0x08012760       0x14 e:/elektronik/toolchain/yagarto/bin/../lib/gcc/arm-none-eabi/4.6.2/../../../../arm-none-eabi/lib/thumb/v7m\libstdc++.a(eh_exception.o)
                0x08012760                std::exception::~exception()
 *fill*         0x08012774        0xc 00
 .text.__cxa_get_globals_fast
                0x08012780        0xc e:/elektronik/toolchain/yagarto/bin/../lib/gcc/arm-none-eabi/4.6.2/../../../../arm-none-eabi/lib/thumb/v7m\libstdc++.a(eh_globals.o)
                0x08012780                __cxa_get_globals_fast
 *fill*         0x0801278c        0x4 00
 .text.__cxa_get_globals
                0x08012790        0xc e:/elektronik/toolchain/yagarto/bin/../lib/gcc/arm-none-eabi/4.6.2/../../../../arm-none-eabi/lib/thumb/v7m\libstdc++.a(eh_globals.o)
                0x08012790                __cxa_get_globals
 *fill*         0x0801279c        0x4 00
 .text._ZL12read_sleb128PKhPl
                0x080127a0       0x3c e:/elektronik/toolchain/yagarto/bin/../lib/gcc/arm-none-eabi/4.6.2/../../../../arm-none-eabi/lib/thumb/v7m\libstdc++.a(eh_personality.o)
 *fill*         0x080127dc        0x4 00
 .text._ZL28read_encoded_value_with_basehjPKhPj
                0x080127e0       0xc0 e:/elektronik/toolchain/yagarto/bin/../lib/gcc/arm-none-eabi/4.6.2/../../../../arm-none-eabi/lib/thumb/v7m\libstdc++.a(eh_personality.o)
 .text._ZL21base_of_encoded_valuehP15_Unwind_Context
                0x080128a0       0x4c e:/elektronik/toolchain/yagarto/bin/../lib/gcc/arm-none-eabi/4.6.2/../../../../arm-none-eabi/lib/thumb/v7m\libstdc++.a(eh_personality.o)
 *fill*         0x080128ec        0x4 00
 .text._ZL17parse_lsda_headerP15_Unwind_ContextPKhP16lsda_header_info.constprop.1
                0x080128f0       0x8c e:/elektronik/toolchain/yagarto/bin/../lib/gcc/arm-none-eabi/4.6.2/../../../../arm-none-eabi/lib/thumb/v7m\libstdc++.a(eh_personality.o)
 *fill*         0x0801297c        0x4 00
 .text.__gxx_personality_v0
                0x08012980      0x3a8 e:/elektronik/toolchain/yagarto/bin/../lib/gcc/arm-none-eabi/4.6.2/../../../../arm-none-eabi/lib/thumb/v7m\libstdc++.a(eh_personality.o)
                0x08012980                __gxx_personality_v0
 *fill*         0x08012d28        0x8 00
 .text._ZL23__gxx_exception_cleanup19_Unwind_Reason_CodeP21_Unwind_Control_Block
                0x08012d30       0x4c e:/elektronik/toolchain/yagarto/bin/../lib/gcc/arm-none-eabi/4.6.2/../../../../arm-none-eabi/lib/thumb/v7m\libstdc++.a(eh_throw.o)
 *fill*         0x08012d7c        0x4 00
 .text.__cxa_throw
                0x08012d80       0x78 e:/elektronik/toolchain/yagarto/bin/../lib/gcc/arm-none-eabi/4.6.2/../../../../arm-none-eabi/lib/thumb/v7m\libstdc++.a(eh_throw.o)
                0x08012d80                __cxa_throw
 *fill*         0x08012df8        0x8 00
 .text.__cxa_rethrow
                0x08012e00       0x70 e:/elektronik/toolchain/yagarto/bin/../lib/gcc/arm-none-eabi/4.6.2/../../../../arm-none-eabi/lib/thumb/v7m\libstdc++.a(eh_throw.o)
                0x08012e00                __cxa_rethrow
 .text.__cxa_current_exception_type
                0x08012e70       0x1c e:/elektronik/toolchain/yagarto/bin/../lib/gcc/arm-none-eabi/4.6.2/../../../../arm-none-eabi/lib/thumb/v7m\libstdc++.a(eh_type.o)
                0x08012e70                __cxa_current_exception_type
 *fill*         0x08012e8c        0x4 00
 .text._ZN10__cxxabiv123__fundamental_type_infoD2Ev
                0x08012e90       0x14 e:/elektronik/toolchain/yagarto/bin/../lib/gcc/arm-none-eabi/4.6.2/../../../../arm-none-eabi/lib/thumb/v7m\libstdc++.a(fundamental_type_info.o)
                0x08012e90                __cxxabiv1::__fundamental_type_info::~__fundamental_type_info()
                0x08012e90                __cxxabiv1::__fundamental_type_info::~__fundamental_type_info()
 *fill*         0x08012ea4        0xc 00
 .text._ZN10__cxxabiv123__fundamental_type_infoD0Ev
                0x08012eb0       0x1c e:/elektronik/toolchain/yagarto/bin/../lib/gcc/arm-none-eabi/4.6.2/../../../../arm-none-eabi/lib/thumb/v7m\libstdc++.a(fundamental_type_info.o)
                0x08012eb0                __cxxabiv1::__fundamental_type_info::~__fundamental_type_info()
 *fill*         0x08012ecc        0x4 00
 .text._ZNK10__cxxabiv119__pointer_type_info14__is_pointer_pEv
                0x08012ed0        0x4 e:/elektronik/toolchain/yagarto/bin/../lib/gcc/arm-none-eabi/4.6.2/../../../../arm-none-eabi/lib/thumb/v7m\libstdc++.a(pointer_type_info.o)
                0x08012ed0                __cxxabiv1::__pointer_type_info::__is_pointer_p() const
 *fill*         0x08012ed4        0xc 00
 .text._ZN10__cxxabiv119__pointer_type_infoD2Ev
                0x08012ee0       0x14 e:/elektronik/toolchain/yagarto/bin/../lib/gcc/arm-none-eabi/4.6.2/../../../../arm-none-eabi/lib/thumb/v7m\libstdc++.a(pointer_type_info.o)
                0x08012ee0                __cxxabiv1::__pointer_type_info::~__pointer_type_info()
                0x08012ee0                __cxxabiv1::__pointer_type_info::~__pointer_type_info()
 *fill*         0x08012ef4        0xc 00
 .text._ZN10__cxxabiv119__pointer_type_infoD0Ev
                0x08012f00       0x1c e:/elektronik/toolchain/yagarto/bin/../lib/gcc/arm-none-eabi/4.6.2/../../../../arm-none-eabi/lib/thumb/v7m\libstdc++.a(pointer_type_info.o)
                0x08012f00                __cxxabiv1::__pointer_type_info::~__pointer_type_info()
 *fill*         0x08012f1c        0x4 00
 .text._ZNK10__cxxabiv119__pointer_type_info15__pointer_catchEPKNS_17__pbase_type_infoEPPvj
                0x08012f20       0x48 e:/elektronik/toolchain/yagarto/bin/../lib/gcc/arm-none-eabi/4.6.2/../../../../arm-none-eabi/lib/thumb/v7m\libstdc++.a(pointer_type_info.o)
                0x08012f20                __cxxabiv1::__pointer_type_info::__pointer_catch(__cxxabiv1::__pbase_type_info const*, void**, unsigned int) const
 *fill*         0x08012f68        0x8 00
 .text._ZN10__cxxabiv120__si_class_type_infoD2Ev
                0x08012f70       0x14 e:/elektronik/toolchain/yagarto/bin/../lib/gcc/arm-none-eabi/4.6.2/../../../../arm-none-eabi/lib/thumb/v7m\libstdc++.a(si_class_type_info.o)
                0x08012f70                __cxxabiv1::__si_class_type_info::~__si_class_type_info()
                0x08012f70                __cxxabiv1::__si_class_type_info::~__si_class_type_info()
 *fill*         0x08012f84        0xc 00
 .text._ZN10__cxxabiv120__si_class_type_infoD0Ev
                0x08012f90       0x1c e:/elektronik/toolchain/yagarto/bin/../lib/gcc/arm-none-eabi/4.6.2/../../../../arm-none-eabi/lib/thumb/v7m\libstdc++.a(si_class_type_info.o)
                0x08012f90                __cxxabiv1::__si_class_type_info::~__si_class_type_info()
 *fill*         0x08012fac        0x4 00
 .text._ZNK10__cxxabiv120__si_class_type_info11__do_upcastEPKNS_17__class_type_infoEPKvRNS1_15__upcast_resultE
                0x08012fb0       0x28 e:/elektronik/toolchain/yagarto/bin/../lib/gcc/arm-none-eabi/4.6.2/../../../../arm-none-eabi/lib/thumb/v7m\libstdc++.a(si_class_type_info.o)
                0x08012fb0                __cxxabiv1::__si_class_type_info::__do_upcast(__cxxabiv1::__class_type_info const*, void const*, __cxxabiv1::__class_type_info::__upcast_result&) const
 *fill*         0x08012fd8        0x8 00
 .text._ZNK10__cxxabiv120__si_class_type_info12__do_dyncastEiNS_17__class_type_info10__sub_kindEPKS1_PKvS4_S6_RNS1_16__dyncast_resultE
                0x08012fe0       0x88 e:/elektronik/toolchain/yagarto/bin/../lib/gcc/arm-none-eabi/4.6.2/../../../../arm-none-eabi/lib/thumb/v7m\libstdc++.a(si_class_type_info.o)
                0x08012fe0                __cxxabiv1::__si_class_type_info::__do_dyncast(int, __cxxabiv1::__class_type_info::__sub_kind, __cxxabiv1::__class_type_info const*, void const*, __cxxabiv1::__class_type_info const*, void const*, __cxxabiv1::__class_type_info::__dyncast_result&) const
 *fill*         0x08013068        0x8 00
 .text._ZNK10__cxxabiv120__si_class_type_info20__do_find_public_srcEiPKvPKNS_17__class_type_infoES2_
                0x08013070       0x38 e:/elektronik/toolchain/yagarto/bin/../lib/gcc/arm-none-eabi/4.6.2/../../../../arm-none-eabi/lib/thumb/v7m\libstdc++.a(si_class_type_info.o)
                0x08013070                __cxxabiv1::__si_class_type_info::__do_find_public_src(int, void const*, __cxxabiv1::__class_type_info const*, void const*) const
 *fill*         0x080130a8        0x8 00
 .text._ZNSt9type_infoD2Ev
                0x080130b0        0xc e:/elektronik/toolchain/yagarto/bin/../lib/gcc/arm-none-eabi/4.6.2/../../../../arm-none-eabi/lib/thumb/v7m\libstdc++.a(tinfo.o)
                0x080130b0                std::type_info::~type_info()
                0x080130b0                std::type_info::~type_info()
 *fill*         0x080130bc        0x4 00
 .text._ZNKSt9type_info14__is_pointer_pEv
                0x080130c0        0x4 e:/elektronik/toolchain/yagarto/bin/../lib/gcc/arm-none-eabi/4.6.2/../../../../arm-none-eabi/lib/thumb/v7m\libstdc++.a(tinfo.o)
                0x080130c0                std::type_info::__is_pointer_p() const
 *fill*         0x080130c4        0xc 00
 .text._ZNKSt9type_info15__is_function_pEv
                0x080130d0        0x4 e:/elektronik/toolchain/yagarto/bin/../lib/gcc/arm-none-eabi/4.6.2/../../../../arm-none-eabi/lib/thumb/v7m\libstdc++.a(tinfo.o)
                0x080130d0                std::type_info::__is_function_p() const
 *fill*         0x080130d4        0xc 00
 .text._ZNKSt9type_info11__do_upcastEPKN10__cxxabiv117__class_type_infoEPPv
                0x080130e0        0x4 e:/elektronik/toolchain/yagarto/bin/../lib/gcc/arm-none-eabi/4.6.2/../../../../arm-none-eabi/lib/thumb/v7m\libstdc++.a(tinfo.o)
                0x080130e0                std::type_info::__do_upcast(__cxxabiv1::__class_type_info const*, void**) const
 *fill*         0x080130e4        0xc 00
 .text._ZNSt9type_infoD0Ev
                0x080130f0       0x14 e:/elektronik/toolchain/yagarto/bin/../lib/gcc/arm-none-eabi/4.6.2/../../../../arm-none-eabi/lib/thumb/v7m\libstdc++.a(tinfo.o)
                0x080130f0                std::type_info::~type_info()
 *fill*         0x08013104        0xc 00
 .text._ZNKSt9type_infoeqERKS_
                0x08013110       0x38 e:/elektronik/toolchain/yagarto/bin/../lib/gcc/arm-none-eabi/4.6.2/../../../../arm-none-eabi/lib/thumb/v7m\libstdc++.a(tinfo.o)
                0x08013110                std::type_info::operator==(std::type_info const&) const
 *fill*         0x08013148        0x8 00
 .text._ZNKSt9type_info10__do_catchEPKS_PPvj
                0x08013150        0x4 e:/elektronik/toolchain/yagarto/bin/../lib/gcc/arm-none-eabi/4.6.2/../../../../arm-none-eabi/lib/thumb/v7m\libstdc++.a(tinfo.o)
                0x08013150                std::type_info::__do_catch(std::type_info const*, void**, unsigned int) const
 *fill*         0x08013154        0xc 00
 .text._ZNKSt10bad_typeid4whatEv
                0x08013160        0xc e:/elektronik/toolchain/yagarto/bin/../lib/gcc/arm-none-eabi/4.6.2/../../../../arm-none-eabi/lib/thumb/v7m\libstdc++.a(bad_typeid.o)
                0x08013160                std::bad_typeid::what() const
 *fill*         0x0801316c        0x4 00
 .text._ZNSt10bad_typeidD2Ev
                0x08013170       0x14 e:/elektronik/toolchain/yagarto/bin/../lib/gcc/arm-none-eabi/4.6.2/../../../../arm-none-eabi/lib/thumb/v7m\libstdc++.a(bad_typeid.o)
                0x08013170                std::bad_typeid::~bad_typeid()
                0x08013170                std::bad_typeid::~bad_typeid()
 *fill*         0x08013184        0xc 00
 .text._ZNSt10bad_typeidD0Ev
                0x08013190       0x1c e:/elektronik/toolchain/yagarto/bin/../lib/gcc/arm-none-eabi/4.6.2/../../../../arm-none-eabi/lib/thumb/v7m\libstdc++.a(bad_typeid.o)
                0x08013190                std::bad_typeid::~bad_typeid()
 *fill*         0x080131ac        0x4 00
 .text._ZNK10__cxxabiv117__class_type_info11__do_upcastEPKS0_PPv
                0x080131b0       0x38 e:/elektronik/toolchain/yagarto/bin/../lib/gcc/arm-none-eabi/4.6.2/../../../../arm-none-eabi/lib/thumb/v7m\libstdc++.a(class_type_info.o)
                0x080131b0                __cxxabiv1::__class_type_info::__do_upcast(__cxxabiv1::__class_type_info const*, void**) const
 *fill*         0x080131e8        0x8 00
 .text._ZNK10__cxxabiv117__class_type_info20__do_find_public_srcEiPKvPKS0_S2_
                0x080131f0        0xc e:/elektronik/toolchain/yagarto/bin/../lib/gcc/arm-none-eabi/4.6.2/../../../../arm-none-eabi/lib/thumb/v7m\libstdc++.a(class_type_info.o)
                0x080131f0                __cxxabiv1::__class_type_info::__do_find_public_src(int, void const*, __cxxabiv1::__class_type_info const*, void const*) const
 *fill*         0x080131fc        0x4 00
 .text._ZNK10__cxxabiv117__class_type_info11__do_upcastEPKS0_PKvRNS0_15__upcast_resultE
                0x08013200       0x1c e:/elektronik/toolchain/yagarto/bin/../lib/gcc/arm-none-eabi/4.6.2/../../../../arm-none-eabi/lib/thumb/v7m\libstdc++.a(class_type_info.o)
                0x08013200                __cxxabiv1::__class_type_info::__do_upcast(__cxxabiv1::__class_type_info const*, void const*, __cxxabiv1::__class_type_info::__upcast_result&) const
 *fill*         0x0801321c        0x4 00
 .text._ZN10__cxxabiv117__class_type_infoD2Ev
                0x08013220       0x14 e:/elektronik/toolchain/yagarto/bin/../lib/gcc/arm-none-eabi/4.6.2/../../../../arm-none-eabi/lib/thumb/v7m\libstdc++.a(class_type_info.o)
                0x08013220                __cxxabiv1::__class_type_info::~__class_type_info()
                0x08013220                __cxxabiv1::__class_type_info::~__class_type_info()
 *fill*         0x08013234        0xc 00
 .text._ZN10__cxxabiv117__class_type_infoD0Ev
                0x08013240       0x1c e:/elektronik/toolchain/yagarto/bin/../lib/gcc/arm-none-eabi/4.6.2/../../../../arm-none-eabi/lib/thumb/v7m\libstdc++.a(class_type_info.o)
                0x08013240                __cxxabiv1::__class_type_info::~__class_type_info()
 *fill*         0x0801325c        0x4 00
 .text._ZNK10__cxxabiv117__class_type_info12__do_dyncastEiNS0_10__sub_kindEPKS0_PKvS3_S5_RNS0_16__dyncast_resultE
                0x08013260       0x3c e:/elektronik/toolchain/yagarto/bin/../lib/gcc/arm-none-eabi/4.6.2/../../../../arm-none-eabi/lib/thumb/v7m\libstdc++.a(class_type_info.o)
                0x08013260                __cxxabiv1::__class_type_info::__do_dyncast(int, __cxxabiv1::__class_type_info::__sub_kind, __cxxabiv1::__class_type_info const*, void const*, __cxxabiv1::__class_type_info const*, void const*, __cxxabiv1::__class_type_info::__dyncast_result&) const
 *fill*         0x0801329c        0x4 00
 .text._ZNK10__cxxabiv117__class_type_info10__do_catchEPKSt9type_infoPPvj
                0x080132a0       0x28 e:/elektronik/toolchain/yagarto/bin/../lib/gcc/arm-none-eabi/4.6.2/../../../../arm-none-eabi/lib/thumb/v7m\libstdc++.a(class_type_info.o)
                0x080132a0                __cxxabiv1::__class_type_info::__do_catch(std::type_info const*, void**, unsigned int) const
 *fill*         0x080132c8        0x8 00
 .text.__cxa_allocate_exception
                0x080132d0       0x64 e:/elektronik/toolchain/yagarto/bin/../lib/gcc/arm-none-eabi/4.6.2/../../../../arm-none-eabi/lib/thumb/v7m\libstdc++.a(eh_alloc.o)
                0x080132d0                __cxa_allocate_exception
 *fill*         0x08013334        0xc 00
 .text.__cxa_free_exception
                0x08013340       0x34 e:/elektronik/toolchain/yagarto/bin/../lib/gcc/arm-none-eabi/4.6.2/../../../../arm-none-eabi/lib/thumb/v7m\libstdc++.a(eh_alloc.o)
                0x08013340                __cxa_free_exception
 *fill*         0x08013374        0xc 00
 .text._ZNK10__cxxabiv117__pbase_type_info15__pointer_catchEPKS0_PPvj
                0x08013380       0x14 e:/elektronik/toolchain/yagarto/bin/../lib/gcc/arm-none-eabi/4.6.2/../../../../arm-none-eabi/lib/thumb/v7m\libstdc++.a(pbase_type_info.o)
                0x08013380                __cxxabiv1::__pbase_type_info::__pointer_catch(__cxxabiv1::__pbase_type_info const*, void**, unsigned int) const
 *fill*         0x08013394        0xc 00
 .text._ZN10__cxxabiv117__pbase_type_infoD2Ev
                0x080133a0       0x14 e:/elektronik/toolchain/yagarto/bin/../lib/gcc/arm-none-eabi/4.6.2/../../../../arm-none-eabi/lib/thumb/v7m\libstdc++.a(pbase_type_info.o)
                0x080133a0                __cxxabiv1::__pbase_type_info::~__pbase_type_info()
                0x080133a0                __cxxabiv1::__pbase_type_info::~__pbase_type_info()
 *fill*         0x080133b4        0xc 00
 .text._ZN10__cxxabiv117__pbase_type_infoD0Ev
                0x080133c0       0x1c e:/elektronik/toolchain/yagarto/bin/../lib/gcc/arm-none-eabi/4.6.2/../../../../arm-none-eabi/lib/thumb/v7m\libstdc++.a(pbase_type_info.o)
                0x080133c0                __cxxabiv1::__pbase_type_info::~__pbase_type_info()
 *fill*         0x080133dc        0x4 00
 .text._ZNK10__cxxabiv117__pbase_type_info10__do_catchEPKSt9type_infoPPvj
                0x080133e0       0x6c e:/elektronik/toolchain/yagarto/bin/../lib/gcc/arm-none-eabi/4.6.2/../../../../arm-none-eabi/lib/thumb/v7m\libstdc++.a(pbase_type_info.o)
                0x080133e0                __cxxabiv1::__pbase_type_info::__do_catch(std::type_info const*, void**, unsigned int) const
 *(.rodata)
 *fill*         0x0801344c        0x4 00
 .rodata        0x08013450       0x30 ./STM32F4-Discovery/stm32f4_discovery.o
                0x08013450                GPIO_PIN
                0x08013458                GPIO_CLK
                0x08013468                BUTTON_PIN
                0x0801346c                BUTTON_CLK
                0x08013470                BUTTON_EXTI_LINE
                0x08013474                BUTTON_PORT_SOURCE
                0x08013478                BUTTON_PIN_SOURCE
                0x0801347c                BUTTON_IRQn
 .rodata        0x08013480       0x28 ./FreeRTOS_EC/Source/AManagedTask.o
                0x08013480                vtable for AManagedTask
 *fill*         0x080134a8        0x8 00
 .rodata        0x080134b0       0x78 ./FreeRTOS_EC/Source/CTask.o
                0x080134e0                vtable for CTask
 *fill*         0x08013528        0x8 00
 .rodata        0x08013530       0x74 ./FreeRTOS/Source/tasks.o
 *fill*         0x080135a4        0xc 00
 .rodata        0x080135b0       0x28 ./CLedHeartBeatSTM32F4Disc.o
                0x080135b0                vtable for CLedHeartBeatSTM32F4Disc
 *fill*         0x080135d8        0x8 00
 .rodata        0x080135e0       0x28 ./main.o
 *fill*         0x08013608        0x8 00
 .rodata        0x08013610      0xdd8 e:/elektronik/toolchain/yagarto/bin/../lib/gcc/arm-none-eabi/4.6.2/../../../../arm-none-eabi/lib/thumb/v7m\libstdc++.a(cp-demangle.o)
 *fill*         0x080143e8        0x8 00
 .rodata        0x080143f0        0x4 e:/elektronik/toolchain/yagarto/bin/../lib/gcc/arm-none-eabi/4.6.2/../../../../arm-none-eabi/lib/thumb/v7m\libg.a(lib_a-impure.o)
                0x080143f0                _global_impure_ptr
 *fill*         0x080143f4        0xc 00
 .rodata        0x08014400       0x20 e:/elektronik/toolchain/yagarto/bin/../lib/gcc/arm-none-eabi/4.6.2/../../../../arm-none-eabi/lib/thumb/v7m\libg.a(lib_a-svfprintf.o)
 .rodata        0x08014420       0x20 e:/elektronik/toolchain/yagarto/bin/../lib/gcc/arm-none-eabi/4.6.2/../../../../arm-none-eabi/lib/thumb/v7m\libg.a(lib_a-vfiprintf.o)
 .rodata        0x08014440      0x128 e:/elektronik/toolchain/yagarto/bin/../lib/gcc/arm-none-eabi/4.6.2/../../../../arm-none-eabi/lib/thumb/v7m\libg.a(lib_a-mprec.o)
                0x08014450                __mprec_tens
                0x08014518                __mprec_tinytens
                0x08014540                __mprec_bigtens
 *fill*         0x08014568        0x8 00
 .rodata        0x08014570       0x20 e:/elektronik/toolchain/yagarto/bin/../lib/gcc/arm-none-eabi/4.6.2/../../../../arm-none-eabi/lib/thumb/v7m\libg.a(lib_a-svfiprintf.o)
 *(.rodata.*)
 .rodata._ZTV12IFreeRTOSObj
                0x08014590       0x18 ./FreeRTOS_EC/Source/ASyncObject.o
                0x08014590                vtable for IFreeRTOSObj
 *fill*         0x080145a8        0x8 00
 .rodata.str1.4
                0x080145b0       0x1c e:/elektronik/toolchain/yagarto/bin/../lib/gcc/arm-none-eabi/4.6.2/../../../../arm-none-eabi/lib/thumb/v7m\libstdc++.a(pure.o)
 *fill*         0x080145cc        0x4 00
 .rodata.str1.4
                0x080145d0       0x94 e:/elektronik/toolchain/yagarto/bin/../lib/gcc/arm-none-eabi/4.6.2/../../../../arm-none-eabi/lib/thumb/v7m\libstdc++.a(vterminate.o)
 *fill*         0x08014664        0xc 00
 .rodata._ZTVSt9exception
                0x08014670       0x18 e:/elektronik/toolchain/yagarto/bin/../lib/gcc/arm-none-eabi/4.6.2/../../../../arm-none-eabi/lib/thumb/v7m\libstdc++.a(eh_exception.o)
                0x08014670                vtable for std::exception
 *fill*         0x08014688        0x8 00
 .rodata._ZTIN10__cxxabiv115__forced_unwindE
                0x08014690        0x8 e:/elektronik/toolchain/yagarto/bin/../lib/gcc/arm-none-eabi/4.6.2/../../../../arm-none-eabi/lib/thumb/v7m\libstdc++.a(eh_exception.o)
                0x08014690                typeinfo for __cxxabiv1::__forced_unwind
 *fill*         0x08014698        0x8 00
 .rodata._ZTISt9exception
                0x080146a0        0x8 e:/elektronik/toolchain/yagarto/bin/../lib/gcc/arm-none-eabi/4.6.2/../../../../arm-none-eabi/lib/thumb/v7m\libstdc++.a(eh_exception.o)
                0x080146a0                typeinfo for std::exception
 *fill*         0x080146a8        0x8 00
 .rodata._ZTSSt13bad_exception
                0x080146b0       0x14 e:/elektronik/toolchain/yagarto/bin/../lib/gcc/arm-none-eabi/4.6.2/../../../../arm-none-eabi/lib/thumb/v7m\libstdc++.a(eh_exception.o)
                0x080146b0                typeinfo name for std::bad_exception
 *fill*         0x080146c4        0xc 00
 .rodata.str1.4
                0x080146d0       0x23 e:/elektronik/toolchain/yagarto/bin/../lib/gcc/arm-none-eabi/4.6.2/../../../../arm-none-eabi/lib/thumb/v7m\libstdc++.a(eh_exception.o)
                                 0x24 (size before relaxing)
 *fill*         0x080146f3        0xd 00
 .rodata._ZTSN10__cxxabiv119__foreign_exceptionE
                0x08014700       0x24 e:/elektronik/toolchain/yagarto/bin/../lib/gcc/arm-none-eabi/4.6.2/../../../../arm-none-eabi/lib/thumb/v7m\libstdc++.a(eh_exception.o)
                0x08014700                typeinfo name for __cxxabiv1::__foreign_exception
 *fill*         0x08014724        0xc 00
 .rodata._ZTIN10__cxxabiv119__foreign_exceptionE
                0x08014730        0x8 e:/elektronik/toolchain/yagarto/bin/../lib/gcc/arm-none-eabi/4.6.2/../../../../arm-none-eabi/lib/thumb/v7m\libstdc++.a(eh_exception.o)
                0x08014730                typeinfo for __cxxabiv1::__foreign_exception
 *fill*         0x08014738        0x8 00
 .rodata._ZTVSt13bad_exception
                0x08014740       0x18 e:/elektronik/toolchain/yagarto/bin/../lib/gcc/arm-none-eabi/4.6.2/../../../../arm-none-eabi/lib/thumb/v7m\libstdc++.a(eh_exception.o)
                0x08014740                vtable for std::bad_exception
 *fill*         0x08014758        0x8 00
 .rodata._ZTSSt9exception
                0x08014760       0x10 e:/elektronik/toolchain/yagarto/bin/../lib/gcc/arm-none-eabi/4.6.2/../../../../arm-none-eabi/lib/thumb/v7m\libstdc++.a(eh_exception.o)
                0x08014760                typeinfo name for std::exception
 .rodata._ZTSN10__cxxabiv115__forced_unwindE
                0x08014770       0x20 e:/elektronik/toolchain/yagarto/bin/../lib/gcc/arm-none-eabi/4.6.2/../../../../arm-none-eabi/lib/thumb/v7m\libstdc++.a(eh_exception.o)
                0x08014770                typeinfo name for __cxxabiv1::__forced_unwind
 .rodata._ZTISt13bad_exception
                0x08014790        0xc e:/elektronik/toolchain/yagarto/bin/../lib/gcc/arm-none-eabi/4.6.2/../../../../arm-none-eabi/lib/thumb/v7m\libstdc++.a(eh_exception.o)
                0x08014790                typeinfo for std::bad_exception
 *fill*         0x0801479c        0x4 00
 .rodata._ZTIPv
                0x080147a0       0x10 e:/elektronik/toolchain/yagarto/bin/../lib/gcc/arm-none-eabi/4.6.2/../../../../arm-none-eabi/lib/thumb/v7m\libstdc++.a(fundamental_type_info.o)
                0x080147a0                typeinfo for void*
 .rodata._ZTIv  0x080147b0        0x8 e:/elektronik/toolchain/yagarto/bin/../lib/gcc/arm-none-eabi/4.6.2/../../../../arm-none-eabi/lib/thumb/v7m\libstdc++.a(fundamental_type_info.o)
                0x080147b0                typeinfo for void
 *fill*         0x080147b8        0x8 00
 .rodata._ZTSPv
                0x080147c0        0x4 e:/elektronik/toolchain/yagarto/bin/../lib/gcc/arm-none-eabi/4.6.2/../../../../arm-none-eabi/lib/thumb/v7m\libstdc++.a(fundamental_type_info.o)
                0x080147c0                typeinfo name for void*
 *fill*         0x080147c4        0xc 00
 .rodata._ZTSv  0x080147d0        0x4 e:/elektronik/toolchain/yagarto/bin/../lib/gcc/arm-none-eabi/4.6.2/../../../../arm-none-eabi/lib/thumb/v7m\libstdc++.a(fundamental_type_info.o)
                0x080147d0                typeinfo name for void
 *fill*         0x080147d4        0xc 00
 .rodata._ZTIN10__cxxabiv123__fundamental_type_infoE
                0x080147e0        0xc e:/elektronik/toolchain/yagarto/bin/../lib/gcc/arm-none-eabi/4.6.2/../../../../arm-none-eabi/lib/thumb/v7m\libstdc++.a(fundamental_type_info.o)
                0x080147e0                typeinfo for __cxxabiv1::__fundamental_type_info
 *fill*         0x080147ec        0x4 00
 .rodata._ZTSN10__cxxabiv123__fundamental_type_infoE
                0x080147f0       0x28 e:/elektronik/toolchain/yagarto/bin/../lib/gcc/arm-none-eabi/4.6.2/../../../../arm-none-eabi/lib/thumb/v7m\libstdc++.a(fundamental_type_info.o)
                0x080147f0                typeinfo name for __cxxabiv1::__fundamental_type_info
 *fill*         0x08014818        0x8 00
 .rodata._ZTVN10__cxxabiv123__fundamental_type_infoE
                0x08014820       0x20 e:/elektronik/toolchain/yagarto/bin/../lib/gcc/arm-none-eabi/4.6.2/../../../../arm-none-eabi/lib/thumb/v7m\libstdc++.a(fundamental_type_info.o)
                0x08014820                vtable for __cxxabiv1::__fundamental_type_info
 .rodata._ZTSN10__cxxabiv119__pointer_type_infoE
                0x08014840       0x24 e:/elektronik/toolchain/yagarto/bin/../lib/gcc/arm-none-eabi/4.6.2/../../../../arm-none-eabi/lib/thumb/v7m\libstdc++.a(pointer_type_info.o)
                0x08014840                typeinfo name for __cxxabiv1::__pointer_type_info
 *fill*         0x08014864        0xc 00
 .rodata._ZTIN10__cxxabiv119__pointer_type_infoE
                0x08014870        0xc e:/elektronik/toolchain/yagarto/bin/../lib/gcc/arm-none-eabi/4.6.2/../../../../arm-none-eabi/lib/thumb/v7m\libstdc++.a(pointer_type_info.o)
                0x08014870                typeinfo for __cxxabiv1::__pointer_type_info
 *fill*         0x0801487c        0x4 00
 .rodata._ZTVN10__cxxabiv119__pointer_type_infoE
                0x08014880       0x28 e:/elektronik/toolchain/yagarto/bin/../lib/gcc/arm-none-eabi/4.6.2/../../../../arm-none-eabi/lib/thumb/v7m\libstdc++.a(pointer_type_info.o)
                0x08014880                vtable for __cxxabiv1::__pointer_type_info
 *fill*         0x080148a8        0x8 00
 .rodata._ZTVN10__cxxabiv120__si_class_type_infoE
                0x080148b0       0x30 e:/elektronik/toolchain/yagarto/bin/../lib/gcc/arm-none-eabi/4.6.2/../../../../arm-none-eabi/lib/thumb/v7m\libstdc++.a(si_class_type_info.o)
                0x080148b0                vtable for __cxxabiv1::__si_class_type_info
 .rodata._ZTIN10__cxxabiv120__si_class_type_infoE
                0x080148e0        0xc e:/elektronik/toolchain/yagarto/bin/../lib/gcc/arm-none-eabi/4.6.2/../../../../arm-none-eabi/lib/thumb/v7m\libstdc++.a(si_class_type_info.o)
                0x080148e0                typeinfo for __cxxabiv1::__si_class_type_info
 *fill*         0x080148ec        0x4 00
 .rodata._ZTSN10__cxxabiv120__si_class_type_infoE
                0x080148f0       0x28 e:/elektronik/toolchain/yagarto/bin/../lib/gcc/arm-none-eabi/4.6.2/../../../../arm-none-eabi/lib/thumb/v7m\libstdc++.a(si_class_type_info.o)
                0x080148f0                typeinfo name for __cxxabiv1::__si_class_type_info
 *fill*         0x08014918        0x8 00
 .rodata._ZTISt9type_info
                0x08014920        0x8 e:/elektronik/toolchain/yagarto/bin/../lib/gcc/arm-none-eabi/4.6.2/../../../../arm-none-eabi/lib/thumb/v7m\libstdc++.a(tinfo.o)
                0x08014920                typeinfo for std::type_info
 *fill*         0x08014928        0x8 00
 .rodata._ZTSSt9type_info
                0x08014930       0x10 e:/elektronik/toolchain/yagarto/bin/../lib/gcc/arm-none-eabi/4.6.2/../../../../arm-none-eabi/lib/thumb/v7m\libstdc++.a(tinfo.o)
                0x08014930                typeinfo name for std::type_info
 .rodata._ZTVSt9type_info
                0x08014940       0x20 e:/elektronik/toolchain/yagarto/bin/../lib/gcc/arm-none-eabi/4.6.2/../../../../arm-none-eabi/lib/thumb/v7m\libstdc++.a(tinfo.o)
                0x08014940                vtable for std::type_info
 .rodata._ZTVSt10bad_typeid
                0x08014960       0x18 e:/elektronik/toolchain/yagarto/bin/../lib/gcc/arm-none-eabi/4.6.2/../../../../arm-none-eabi/lib/thumb/v7m\libstdc++.a(bad_typeid.o)
                0x08014960                vtable for std::bad_typeid
 *fill*         0x08014978        0x8 00
 .rodata._ZTISt10bad_typeid
                0x08014980        0xc e:/elektronik/toolchain/yagarto/bin/../lib/gcc/arm-none-eabi/4.6.2/../../../../arm-none-eabi/lib/thumb/v7m\libstdc++.a(bad_typeid.o)
                0x08014980                typeinfo for std::bad_typeid
 *fill*         0x0801498c        0x4 00
 .rodata.str1.4
                0x08014990       0x10 e:/elektronik/toolchain/yagarto/bin/../lib/gcc/arm-none-eabi/4.6.2/../../../../arm-none-eabi/lib/thumb/v7m\libstdc++.a(bad_typeid.o)
 .rodata._ZTSSt10bad_typeid
                0x080149a0       0x10 e:/elektronik/toolchain/yagarto/bin/../lib/gcc/arm-none-eabi/4.6.2/../../../../arm-none-eabi/lib/thumb/v7m\libstdc++.a(bad_typeid.o)
                0x080149a0                typeinfo name for std::bad_typeid
 .rodata._ZTVN10__cxxabiv117__class_type_infoE
                0x080149b0       0x30 e:/elektronik/toolchain/yagarto/bin/../lib/gcc/arm-none-eabi/4.6.2/../../../../arm-none-eabi/lib/thumb/v7m\libstdc++.a(class_type_info.o)
                0x080149b0                vtable for __cxxabiv1::__class_type_info
 .rodata._ZTIN10__cxxabiv117__class_type_infoE
                0x080149e0        0xc e:/elektronik/toolchain/yagarto/bin/../lib/gcc/arm-none-eabi/4.6.2/../../../../arm-none-eabi/lib/thumb/v7m\libstdc++.a(class_type_info.o)
                0x080149e0                typeinfo for __cxxabiv1::__class_type_info
 *fill*         0x080149ec        0x4 00
 .rodata._ZTSN10__cxxabiv117__class_type_infoE
                0x080149f0       0x24 e:/elektronik/toolchain/yagarto/bin/../lib/gcc/arm-none-eabi/4.6.2/../../../../arm-none-eabi/lib/thumb/v7m\libstdc++.a(class_type_info.o)
                0x080149f0                typeinfo name for __cxxabiv1::__class_type_info
 *fill*         0x08014a14        0xc 00
 .rodata._ZTIN10__cxxabiv117__pbase_type_infoE
                0x08014a20        0xc e:/elektronik/toolchain/yagarto/bin/../lib/gcc/arm-none-eabi/4.6.2/../../../../arm-none-eabi/lib/thumb/v7m\libstdc++.a(pbase_type_info.o)
                0x08014a20                typeinfo for __cxxabiv1::__pbase_type_info
 *fill*         0x08014a2c        0x4 00
 .rodata._ZTSN10__cxxabiv117__pbase_type_infoE
                0x08014a30       0x24 e:/elektronik/toolchain/yagarto/bin/../lib/gcc/arm-none-eabi/4.6.2/../../../../arm-none-eabi/lib/thumb/v7m\libstdc++.a(pbase_type_info.o)
                0x08014a30                typeinfo name for __cxxabiv1::__pbase_type_info
 *fill*         0x08014a54        0xc 00
 .rodata._ZTVN10__cxxabiv117__pbase_type_infoE
                0x08014a60       0x28 e:/elektronik/toolchain/yagarto/bin/../lib/gcc/arm-none-eabi/4.6.2/../../../../arm-none-eabi/lib/thumb/v7m\libstdc++.a(pbase_type_info.o)
                0x08014a60                vtable for __cxxabiv1::__pbase_type_info
 *fill*         0x08014a88        0x8 00
 .rodata.str1.4
                0x08014a90       0x3f e:/elektronik/toolchain/yagarto/bin/../lib/gcc/arm-none-eabi/4.6.2/../../../../arm-none-eabi/lib/thumb/v7m\libg.a(lib_a-assert.o)
                                 0x44 (size before relaxing)
 *fill*         0x08014acf        0x1 00
 .rodata.str1.4
                0x08014ad0        0x2 e:/elektronik/toolchain/yagarto/bin/../lib/gcc/arm-none-eabi/4.6.2/../../../../arm-none-eabi/lib/thumb/v7m\libg.a(lib_a-impure.o)
                                  0x4 (size before relaxing)
 *fill*         0x08014ad2        0xe 00
 .rodata.str1.4
                0x08014ae0       0x42 e:/elektronik/toolchain/yagarto/bin/../lib/gcc/arm-none-eabi/4.6.2/../../../../arm-none-eabi/lib/thumb/v7m\libg.a(lib_a-svfprintf.o)
                                 0x44 (size before relaxing)
 .rodata.str1.4
                0x00000000       0x30 e:/elektronik/toolchain/yagarto/bin/../lib/gcc/arm-none-eabi/4.6.2/../../../../arm-none-eabi/lib/thumb/v7m\libg.a(lib_a-vfiprintf.o)
 *fill*         0x08014b22        0xe 00
 .rodata.str1.4
                0x08014b30       0x10 e:/elektronik/toolchain/yagarto/bin/../lib/gcc/arm-none-eabi/4.6.2/../../../../arm-none-eabi/lib/thumb/v7m\libg.a(lib_a-dtoa.o)
                                 0x14 (size before relaxing)
 .rodata.str1.4
                0x08014b40        0xc e:/elektronik/toolchain/yagarto/bin/../lib/gcc/arm-none-eabi/4.6.2/../../../../arm-none-eabi/lib/thumb/v7m\libg.a(lib_a-locale.o)
                                 0x14 (size before relaxing)
 .rodata.str1.4
                0x00000000       0x30 e:/elektronik/toolchain/yagarto/bin/../lib/gcc/arm-none-eabi/4.6.2/../../../../arm-none-eabi/lib/thumb/v7m\libg.a(lib_a-svfiprintf.o)
 *(.glue_7t)
 .glue_7t       0x00000000        0x0 linker stubs
 *(.glue_7)
 .glue_7        0x00000000        0x0 linker stubs
 *(.gcc*)

.vfp11_veneer   0x08014b4c        0x0
 .vfp11_veneer  0x00000000        0x0 linker stubs

.v4_bx          0x08014b4c        0x0
 .v4_bx         0x00000000        0x0 linker stubs

.ARM.extab      0x08014b4c      0x138
 *(.ARM.extab* .gnu.linkonce.armextab.*)
 .ARM.extab.text.__cxa_pure_virtual
                0x08014b4c        0xc e:/elektronik/toolchain/yagarto/bin/../lib/gcc/arm-none-eabi/4.6.2/../../../../arm-none-eabi/lib/thumb/v7m\libstdc++.a(pure.o)
 .ARM.extab.text._ZN10__cxxabiv111__terminateEPFvvE
                0x08014b58       0x2c e:/elektronik/toolchain/yagarto/bin/../lib/gcc/arm-none-eabi/4.6.2/../../../../arm-none-eabi/lib/thumb/v7m\libstdc++.a(eh_terminate.o)
 .ARM.extab.text._ZN10__cxxabiv112__unexpectedEPFvvE
                0x08014b84        0xc e:/elektronik/toolchain/yagarto/bin/../lib/gcc/arm-none-eabi/4.6.2/../../../../arm-none-eabi/lib/thumb/v7m\libstdc++.a(eh_terminate.o)
 .ARM.extab.text._ZSt10unexpectedv
                0x08014b90        0xc e:/elektronik/toolchain/yagarto/bin/../lib/gcc/arm-none-eabi/4.6.2/../../../../arm-none-eabi/lib/thumb/v7m\libstdc++.a(eh_terminate.o)
 .ARM.extab.text._ZN9__gnu_cxx27__verbose_terminate_handlerEv
                0x08014b9c       0x3c e:/elektronik/toolchain/yagarto/bin/../lib/gcc/arm-none-eabi/4.6.2/../../../../arm-none-eabi/lib/thumb/v7m\libstdc++.a(vterminate.o)
 .ARM.extab.text.__cxa_bad_typeid
                0x08014bd8        0xc e:/elektronik/toolchain/yagarto/bin/../lib/gcc/arm-none-eabi/4.6.2/../../../../arm-none-eabi/lib/thumb/v7m\libstdc++.a(eh_aux_runtime.o)
 .ARM.extab.text.__cxa_call_unexpected
                0x08014be4       0x28 e:/elektronik/toolchain/yagarto/bin/../lib/gcc/arm-none-eabi/4.6.2/../../../../arm-none-eabi/lib/thumb/v7m\libstdc++.a(eh_call.o)
 .ARM.extab.text.__cxa_begin_catch
                0x08014c0c       0x1c e:/elektronik/toolchain/yagarto/bin/../lib/gcc/arm-none-eabi/4.6.2/../../../../arm-none-eabi/lib/thumb/v7m\libstdc++.a(eh_catch.o)
 .ARM.extab.text._ZL21base_of_encoded_valuehP15_Unwind_Context
                0x08014c28        0xc e:/elektronik/toolchain/yagarto/bin/../lib/gcc/arm-none-eabi/4.6.2/../../../../arm-none-eabi/lib/thumb/v7m\libstdc++.a(eh_personality.o)
 .ARM.extab.text.__gxx_personality_v0
                0x08014c34       0x20 e:/elektronik/toolchain/yagarto/bin/../lib/gcc/arm-none-eabi/4.6.2/../../../../arm-none-eabi/lib/thumb/v7m\libstdc++.a(eh_personality.o)
 .ARM.extab.text._ZNK10__cxxabiv117__pbase_type_info15__pointer_catchEPKS0_PPvj
                0x08014c54        0x0 e:/elektronik/toolchain/yagarto/bin/../lib/gcc/arm-none-eabi/4.6.2/../../../../arm-none-eabi/lib/thumb/v7m\libstdc++.a(pbase_type_info.o)
 .ARM.extab     0x08014c54       0x18 e:/elektronik/toolchain/yagarto/bin/../lib/gcc/arm-none-eabi/4.6.2/thumb/v7m\libgcc.a(unwind-arm.o)
 .ARM.extab     0x08014c6c       0x18 e:/elektronik/toolchain/yagarto/bin/../lib/gcc/arm-none-eabi/4.6.2/thumb/v7m\libgcc.a(pr-support.o)

.ARM.exidx      0x08014c84      0x208
                0x08014c84                PROVIDE (__exidx_start, .)
 *(.ARM.exidx* .gnu.linkonce.armexidx.*)
 .ARM.exidx.text.__aeabi_atexit
                0x08014d44        0x0 e:/elektronik/toolchain/yagarto/bin/../lib/gcc/arm-none-eabi/4.6.2/../../../../arm-none-eabi/lib/thumb/v7m\libstdc++.a(atexit_arm.o)
                                  0x8 (size before relaxing)
 .ARM.exidx.text._ZdlPv
                0x08014d44        0x0 e:/elektronik/toolchain/yagarto/bin/../lib/gcc/arm-none-eabi/4.6.2/../../../../arm-none-eabi/lib/thumb/v7m\libstdc++.a(del_op.o)
                                  0x8 (size before relaxing)
 .ARM.exidx.text.__cxa_pure_virtual
                0x08014d44        0x8 e:/elektronik/toolchain/yagarto/bin/../lib/gcc/arm-none-eabi/4.6.2/../../../../arm-none-eabi/lib/thumb/v7m\libstdc++.a(pure.o)
 .ARM.exidx.text._ZN10__cxxabiv111__terminateEPFvvE
                0x08014d4c        0x8 e:/elektronik/toolchain/yagarto/bin/../lib/gcc/arm-none-eabi/4.6.2/../../../../arm-none-eabi/lib/thumb/v7m\libstdc++.a(eh_terminate.o)
 .ARM.exidx.text._ZSt9terminatev
                0x08014d54        0x8 e:/elektronik/toolchain/yagarto/bin/../lib/gcc/arm-none-eabi/4.6.2/../../../../arm-none-eabi/lib/thumb/v7m\libstdc++.a(eh_terminate.o)
 .ARM.exidx.text._ZN10__cxxabiv112__unexpectedEPFvvE
                0x08014d5c        0x8 e:/elektronik/toolchain/yagarto/bin/../lib/gcc/arm-none-eabi/4.6.2/../../../../arm-none-eabi/lib/thumb/v7m\libstdc++.a(eh_terminate.o)
 .ARM.exidx.text._ZSt10unexpectedv
                0x08014d64        0x8 e:/elektronik/toolchain/yagarto/bin/../lib/gcc/arm-none-eabi/4.6.2/../../../../arm-none-eabi/lib/thumb/v7m\libstdc++.a(eh_terminate.o)
 .ARM.exidx.text._ZN9__gnu_cxx27__verbose_terminate_handlerEv
                0x08014d6c       0x10 e:/elektronik/toolchain/yagarto/bin/../lib/gcc/arm-none-eabi/4.6.2/../../../../arm-none-eabi/lib/thumb/v7m\libstdc++.a(vterminate.o)
                                  0x8 (size before relaxing)
 .ARM.exidx.text.__cxa_type_match
                0x08014d7c        0x8 e:/elektronik/toolchain/yagarto/bin/../lib/gcc/arm-none-eabi/4.6.2/../../../../arm-none-eabi/lib/thumb/v7m\libstdc++.a(eh_arm.o)
 .ARM.exidx.text.__cxa_begin_cleanup
                0x08014d84        0x8 e:/elektronik/toolchain/yagarto/bin/../lib/gcc/arm-none-eabi/4.6.2/../../../../arm-none-eabi/lib/thumb/v7m\libstdc++.a(eh_arm.o)
 .ARM.exidx.text.__gnu_end_cleanup
                0x08014d8c        0x0 e:/elektronik/toolchain/yagarto/bin/../lib/gcc/arm-none-eabi/4.6.2/../../../../arm-none-eabi/lib/thumb/v7m\libstdc++.a(eh_arm.o)
                                  0x8 (size before relaxing)
 .ARM.exidx.text.__cxa_bad_typeid
                0x08014d8c        0x8 e:/elektronik/toolchain/yagarto/bin/../lib/gcc/arm-none-eabi/4.6.2/../../../../arm-none-eabi/lib/thumb/v7m\libstdc++.a(eh_aux_runtime.o)
 .ARM.exidx.text.__cxa_call_terminate
                0x08014d94        0x8 e:/elektronik/toolchain/yagarto/bin/../lib/gcc/arm-none-eabi/4.6.2/../../../../arm-none-eabi/lib/thumb/v7m\libstdc++.a(eh_call.o)
 .ARM.exidx.text.__cxa_call_unexpected
                0x08014d9c        0x8 e:/elektronik/toolchain/yagarto/bin/../lib/gcc/arm-none-eabi/4.6.2/../../../../arm-none-eabi/lib/thumb/v7m\libstdc++.a(eh_call.o)
 .ARM.exidx.text.__cxa_begin_catch
                0x08014da4        0x8 e:/elektronik/toolchain/yagarto/bin/../lib/gcc/arm-none-eabi/4.6.2/../../../../arm-none-eabi/lib/thumb/v7m\libstdc++.a(eh_catch.o)
 .ARM.exidx.text.__cxa_end_catch
                0x08014dac        0x8 e:/elektronik/toolchain/yagarto/bin/../lib/gcc/arm-none-eabi/4.6.2/../../../../arm-none-eabi/lib/thumb/v7m\libstdc++.a(eh_catch.o)
 .ARM.exidx.text._ZNSt9exceptionD2Ev
                0x08014db4        0x0 e:/elektronik/toolchain/yagarto/bin/../lib/gcc/arm-none-eabi/4.6.2/../../../../arm-none-eabi/lib/thumb/v7m\libstdc++.a(eh_exception.o)
                                  0x8 (size before relaxing)
 .ARM.exidx.text._ZNSt13bad_exceptionD2Ev
                0x08014db4        0x0 e:/elektronik/toolchain/yagarto/bin/../lib/gcc/arm-none-eabi/4.6.2/../../../../arm-none-eabi/lib/thumb/v7m\libstdc++.a(eh_exception.o)
                                  0x8 (size before relaxing)
 .ARM.exidx.text._ZNKSt9exception4whatEv
                0x08014db4        0x0 e:/elektronik/toolchain/yagarto/bin/../lib/gcc/arm-none-eabi/4.6.2/../../../../arm-none-eabi/lib/thumb/v7m\libstdc++.a(eh_exception.o)
                                  0x8 (size before relaxing)
 .ARM.exidx.text._ZNKSt13bad_exception4whatEv
                0x08014db4        0x0 e:/elektronik/toolchain/yagarto/bin/../lib/gcc/arm-none-eabi/4.6.2/../../../../arm-none-eabi/lib/thumb/v7m\libstdc++.a(eh_exception.o)
                                  0x8 (size before relaxing)
 .ARM.exidx.text._ZNSt13bad_exceptionD0Ev
                0x08014db4        0x0 e:/elektronik/toolchain/yagarto/bin/../lib/gcc/arm-none-eabi/4.6.2/../../../../arm-none-eabi/lib/thumb/v7m\libstdc++.a(eh_exception.o)
                                  0x8 (size before relaxing)
 .ARM.exidx.text._ZNSt9exceptionD0Ev
                0x08014db4        0x0 e:/elektronik/toolchain/yagarto/bin/../lib/gcc/arm-none-eabi/4.6.2/../../../../arm-none-eabi/lib/thumb/v7m\libstdc++.a(eh_exception.o)
                                  0x8 (size before relaxing)
 .ARM.exidx.text.__cxa_get_globals_fast
                0x08014db4        0x0 e:/elektronik/toolchain/yagarto/bin/../lib/gcc/arm-none-eabi/4.6.2/../../../../arm-none-eabi/lib/thumb/v7m\libstdc++.a(eh_globals.o)
                                  0x8 (size before relaxing)
 .ARM.exidx.text.__cxa_get_globals
                0x08014db4        0x0 e:/elektronik/toolchain/yagarto/bin/../lib/gcc/arm-none-eabi/4.6.2/../../../../arm-none-eabi/lib/thumb/v7m\libstdc++.a(eh_globals.o)
                                  0x8 (size before relaxing)
 .ARM.exidx.text._ZL12read_sleb128PKhPl
                0x08014db4        0x0 e:/elektronik/toolchain/yagarto/bin/../lib/gcc/arm-none-eabi/4.6.2/../../../../arm-none-eabi/lib/thumb/v7m\libstdc++.a(eh_personality.o)
                                  0x8 (size before relaxing)
 .ARM.exidx.text._ZL28read_encoded_value_with_basehjPKhPj