Archive member included because of file (symbol)

d:/elektronik/ides/eclipse/yagarto/bin/../lib/gcc/arm-none-eabi/4.6.2/../../../../arm-none-eabi/lib/thumb/v7m\libstdc++.a(atexit_arm.o)
                              ./main.o (__aeabi_atexit)
d:/elektronik/ides/eclipse/yagarto/bin/../lib/gcc/arm-none-eabi/4.6.2/../../../../arm-none-eabi/lib/thumb/v7m\libstdc++.a(del_op.o)
                              ./Menue/CMenue.o (operator delete(void*))
d:/elektronik/ides/eclipse/yagarto/bin/../lib/gcc/arm-none-eabi/4.6.2/../../../../arm-none-eabi/lib/thumb/v7m\libstdc++.a(pure.o)
                              ./GraphicLCD/CGraphicLCD.o (__cxa_pure_virtual)
d:/elektronik/ides/eclipse/yagarto/bin/../lib/gcc/arm-none-eabi/4.6.2/../../../../arm-none-eabi/lib/thumb/v7m\libstdc++.a(eh_terminate.o)
                              d:/elektronik/ides/eclipse/yagarto/bin/../lib/gcc/arm-none-eabi/4.6.2/../../../../arm-none-eabi/lib/thumb/v7m\libstdc++.a(pure.o) (std::terminate())
d:/elektronik/ides/eclipse/yagarto/bin/../lib/gcc/arm-none-eabi/4.6.2/../../../../arm-none-eabi/lib/thumb/v7m\libstdc++.a(eh_term_handler.o)
                              d:/elektronik/ides/eclipse/yagarto/bin/../lib/gcc/arm-none-eabi/4.6.2/../../../../arm-none-eabi/lib/thumb/v7m\libstdc++.a(eh_terminate.o) (__cxxabiv1::__terminate_handler)
d:/elektronik/ides/eclipse/yagarto/bin/../lib/gcc/arm-none-eabi/4.6.2/../../../../arm-none-eabi/lib/thumb/v7m\libstdc++.a(eh_unex_handler.o)
                              d:/elektronik/ides/eclipse/yagarto/bin/../lib/gcc/arm-none-eabi/4.6.2/../../../../arm-none-eabi/lib/thumb/v7m\libstdc++.a(eh_terminate.o) (__cxxabiv1::__unexpected_handler)
d:/elektronik/ides/eclipse/yagarto/bin/../lib/gcc/arm-none-eabi/4.6.2/../../../../arm-none-eabi/lib/thumb/v7m\libstdc++.a(vterminate.o)
                              d:/elektronik/ides/eclipse/yagarto/bin/../lib/gcc/arm-none-eabi/4.6.2/../../../../arm-none-eabi/lib/thumb/v7m\libstdc++.a(eh_term_handler.o) (__gnu_cxx::__verbose_terminate_handler())
d:/elektronik/ides/eclipse/yagarto/bin/../lib/gcc/arm-none-eabi/4.6.2/../../../../arm-none-eabi/lib/thumb/v7m\libstdc++.a(cp-demangle.o)
                              d:/elektronik/ides/eclipse/yagarto/bin/../lib/gcc/arm-none-eabi/4.6.2/../../../../arm-none-eabi/lib/thumb/v7m\libstdc++.a(vterminate.o) (__cxa_demangle)
d:/elektronik/ides/eclipse/yagarto/bin/../lib/gcc/arm-none-eabi/4.6.2/../../../../arm-none-eabi/lib/thumb/v7m\libstdc++.a(eh_arm.o)
                              d:/elektronik/ides/eclipse/yagarto/bin/../lib/gcc/arm-none-eabi/4.6.2/../../../../arm-none-eabi/lib/thumb/v7m\libstdc++.a(eh_terminate.o) (__cxa_end_cleanup)
d:/elektronik/ides/eclipse/yagarto/bin/../lib/gcc/arm-none-eabi/4.6.2/../../../../arm-none-eabi/lib/thumb/v7m\libstdc++.a(eh_aux_runtime.o)
                              d:/elektronik/ides/eclipse/yagarto/bin/../lib/gcc/arm-none-eabi/4.6.2/../../../../arm-none-eabi/lib/thumb/v7m\libstdc++.a(eh_arm.o) (__cxa_bad_typeid)
d:/elektronik/ides/eclipse/yagarto/bin/../lib/gcc/arm-none-eabi/4.6.2/../../../../arm-none-eabi/lib/thumb/v7m\libstdc++.a(eh_call.o)
                              d:/elektronik/ides/eclipse/yagarto/bin/../lib/gcc/arm-none-eabi/4.6.2/../../../../arm-none-eabi/lib/thumb/v7m\libstdc++.a(eh_terminate.o) (__cxa_call_unexpected)
d:/elektronik/ides/eclipse/yagarto/bin/../lib/gcc/arm-none-eabi/4.6.2/../../../../arm-none-eabi/lib/thumb/v7m\libstdc++.a(eh_catch.o)
                              d:/elektronik/ides/eclipse/yagarto/bin/../lib/gcc/arm-none-eabi/4.6.2/../../../../arm-none-eabi/lib/thumb/v7m\libstdc++.a(eh_terminate.o) (__cxa_begin_catch)
d:/elektronik/ides/eclipse/yagarto/bin/../lib/gcc/arm-none-eabi/4.6.2/../../../../arm-none-eabi/lib/thumb/v7m\libstdc++.a(eh_exception.o)
                              d:/elektronik/ides/eclipse/yagarto/bin/../lib/gcc/arm-none-eabi/4.6.2/../../../../arm-none-eabi/lib/thumb/v7m\libstdc++.a(vterminate.o) (typeinfo for std::exception)
d:/elektronik/ides/eclipse/yagarto/bin/../lib/gcc/arm-none-eabi/4.6.2/../../../../arm-none-eabi/lib/thumb/v7m\libstdc++.a(eh_globals.o)
                              d:/elektronik/ides/eclipse/yagarto/bin/../lib/gcc/arm-none-eabi/4.6.2/../../../../arm-none-eabi/lib/thumb/v7m\libstdc++.a(eh_call.o) (__cxa_get_globals_fast)
d:/elektronik/ides/eclipse/yagarto/bin/../lib/gcc/arm-none-eabi/4.6.2/../../../../arm-none-eabi/lib/thumb/v7m\libstdc++.a(eh_personality.o)
                              d:/elektronik/ides/eclipse/yagarto/bin/../lib/gcc/arm-none-eabi/4.6.2/../../../../arm-none-eabi/lib/thumb/v7m\libstdc++.a(eh_terminate.o) (__gxx_personality_v0)
d:/elektronik/ides/eclipse/yagarto/bin/../lib/gcc/arm-none-eabi/4.6.2/../../../../arm-none-eabi/lib/thumb/v7m\libstdc++.a(eh_throw.o)
                              d:/elektronik/ides/eclipse/yagarto/bin/../lib/gcc/arm-none-eabi/4.6.2/../../../../arm-none-eabi/lib/thumb/v7m\libstdc++.a(eh_aux_runtime.o) (__cxa_throw)
[...]
Memory Configuration

Name             Origin             Length             Attributes
FLASH            0x08000000         0x00100000         xr
RAM              0x20000000         0x00020000         xrw
MEMORY_B1        0x60000000         0x00000000         xr
*default*        0x00000000         0xffffffff

Linker script and memory map

LOAD d:/elektronik/ides/eclipse/yagarto/bin/../lib/gcc/arm-none-eabi/4.6.2/thumb/v7m/crti.o
LOAD d:/elektronik/ides/eclipse/yagarto/bin/../lib/gcc/arm-none-eabi/4.6.2/thumb/v7m/crtbegin.o
LOAD d:/elektronik/ides/eclipse/yagarto/bin/../lib/gcc/arm-none-eabi/4.6.2/../../../../arm-none-eabi/lib/thumb/v7m/crt0.o
LOAD ./STM32_USB_OTG_Driver/src/usb_core.o
LOAD ./STM32_USB_OTG_Driver/src/usb_hcd.o
LOAD ./STM32_USB_OTG_Driver/src/usb_hcd_int.o
LOAD ./STM32_USB_HOST_Library/Core/src/usbh_core.o
LOAD ./STM32_USB_HOST_Library/Core/src/usbh_hcs.o
LOAD ./STM32_USB_HOST_Library/Core/src/usbh_ioreq.o
LOAD ./STM32_USB_HOST_Library/Core/src/usbh_stdreq.o
LOAD ./STM32_USB_HOST_Library/Class/MSC/src/usbh_msc_bot.o
LOAD ./STM32_USB_HOST_Library/Class/MSC/src/usbh_msc_core.o
LOAD ./STM32_USB_HOST_Library/Class/MSC/src/usbh_msc_fatfs.o
LOAD ./STM32_USB_HOST_Library/Class/MSC/src/usbh_msc_scsi.o
LOAD ./STM32F4xx_StdPeriph_Driver/src/misc.o
LOAD ./STM32F4xx_StdPeriph_Driver/src/stm32f4xx_adc.o
LOAD ./STM32F4xx_StdPeriph_Driver/src/stm32f4xx_dac.o
LOAD ./STM32F4xx_StdPeriph_Driver/src/stm32f4xx_dbgmcu.o
LOAD ./STM32F4xx_StdPeriph_Driver/src/stm32f4xx_dma.o
LOAD ./STM32F4xx_StdPeriph_Driver/src/stm32f4xx_exti.o
LOAD ./STM32F4xx_StdPeriph_Driver/src/stm32f4xx_flash.o
LOAD ./STM32F4xx_StdPeriph_Driver/src/stm32f4xx_fsmc.o
LOAD ./STM32F4xx_StdPeriph_Driver/src/stm32f4xx_gpio.o
LOAD ./STM32F4xx_StdPeriph_Driver/src/stm32f4xx_i2c.o
LOAD ./STM32F4xx_StdPeriph_Driver/src/stm32f4xx_iwdg.o
LOAD ./STM32F4xx_StdPeriph_Driver/src/stm32f4xx_pwr.o
LOAD ./STM32F4xx_StdPeriph_Driver/src/stm32f4xx_rcc.o
LOAD ./STM32F4xx_StdPeriph_Driver/src/stm32f4xx_rng.o
LOAD ./STM32F4xx_StdPeriph_Driver/src/stm32f4xx_rtc.o
LOAD ./STM32F4xx_StdPeriph_Driver/src/stm32f4xx_sdio.o
LOAD ./STM32F4xx_StdPeriph_Driver/src/stm32f4xx_spi.o
LOAD ./STM32F4xx_StdPeriph_Driver/src/stm32f4xx_syscfg.o
LOAD ./STM32F4xx_StdPeriph_Driver/src/stm32f4xx_tim.o
LOAD ./STM32F4xx_StdPeriph_Driver/src/stm32f4xx_usart.o
LOAD ./STM32F4xx_StdPeriph_Driver/src/stm32f4xx_wwdg.o
LOAD ./STM32F4-Discovery/stm32f4_discovery.o
LOAD ./STM32F4-Discovery/stm32f4_discovery_audio_codec.o
LOAD ./STM32F4-Discovery/stm32f4_discovery_lis302dl.o
LOAD ./Menue/CMenue.o
LOAD ./HelixMP3/real/bitstream.o
LOAD ./HelixMP3/real/buffers.o
LOAD ./HelixMP3/real/dct32.o
LOAD ./HelixMP3/real/dequant.o
LOAD ./HelixMP3/real/dqchan.o
LOAD ./HelixMP3/real/huffman.o
LOAD ./HelixMP3/real/hufftabs.o
LOAD ./HelixMP3/real/imdct.o
LOAD ./HelixMP3/real/polyphase.o
LOAD ./HelixMP3/real/scalfact.o
LOAD ./HelixMP3/real/stproc.o
LOAD ./HelixMP3/real/subband.o
LOAD ./HelixMP3/real/trigtabs.o
LOAD ./HelixMP3/mp3dec.o
LOAD ./HelixMP3/mp3tabs.o
LOAD ./GraphicLCD/CGraphicLCD.o
LOAD ./GraphicLCD/CT6963CDriver.o
LOAD ./GraphicLCD/CT6963GPIOInterface.o
LOAD ./GraphicLCD/SansSerif12.o
LOAD ./GraphicLCD/SansSerif26.o
LOAD ./FreeRTOS_EC/Source/AManagedTask.o
LOAD ./FreeRTOS_EC/Source/ASyncObject.o
LOAD ./FreeRTOS_EC/Source/ATimer.o
LOAD ./FreeRTOS_EC/Source/CBinarySemaphore.o
LOAD ./FreeRTOS_EC/Source/CCountingSemaphore.o
LOAD ./FreeRTOS_EC/Source/CFreeRTOS.o
LOAD ./FreeRTOS_EC/Source/CMessageTask.o
LOAD ./FreeRTOS_EC/Source/CMutex.o
LOAD ./FreeRTOS_EC/Source/CQueue.o
LOAD ./FreeRTOS_EC/Source/CRecursiveMutex.o
LOAD ./FreeRTOS_EC/Source/CTask.o
LOAD ./FreeRTOS/Source/portable/GCC/ARM_CM4F/port.o
LOAD ./FreeRTOS/Source/croutine.o
LOAD ./FreeRTOS/Source/list.o
LOAD ./FreeRTOS/Source/queue.o
LOAD ./FreeRTOS/Source/tasks.o
LOAD ./FreeRTOS/Source/timers.o
LOAD ./Audio_MP3/USB_MSC/CUSBMassStorage.o
LOAD ./Audio_MP3/USB_MSC/usb_bsp.o
LOAD ./Audio_MP3/USB_MSC/usbh_usr.o
LOAD ./Audio_MP3/FatFs/src/option/syscall.o
LOAD ./Audio_MP3/FatFs/src/ff.o
LOAD ./Audio_MP3/CFileHandler.o
LOAD ./Audio_MP3/fattime.o
LOAD ./CLedHeartBeatSTM32F4Disc.o
LOAD ./main.o
LOAD ./startup_stm32f4xx.o
LOAD ./stm32f4xx_it.o
LOAD ./syscalls.o
LOAD ./system_stm32f4xx.o
LOAD ./ustime.o
LOAD d:/elektronik/ides/eclipse/yagarto/bin/../lib/gcc/arm-none-eabi/4.6.2/../../../../arm-none-eabi/lib/thumb/v7m\libstdc++.a
LOAD d:/elektronik/ides/eclipse/yagarto/bin/../lib/gcc/arm-none-eabi/4.6.2/../../../../arm-none-eabi/lib/thumb/v7m\libm.a
START GROUP
LOAD d:/elektronik/ides/eclipse/yagarto/bin/../lib/gcc/arm-none-eabi/4.6.2/thumb/v7m\libgcc.a
LOAD d:/elektronik/ides/eclipse/yagarto/bin/../lib/gcc/arm-none-eabi/4.6.2/../../../../arm-none-eabi/lib/thumb/v7m\libg.a
LOAD d:/elektronik/ides/eclipse/yagarto/bin/../lib/gcc/arm-none-eabi/4.6.2/../../../../arm-none-eabi/lib/thumb/v7m\libc.a
END GROUP
LOAD d:/elektronik/ides/eclipse/yagarto/bin/../lib/gcc/arm-none-eabi/4.6.2/thumb/v7m/crtend.o
LOAD d:/elektronik/ides/eclipse/yagarto/bin/../lib/gcc/arm-none-eabi/4.6.2/thumb/v7m/crtn.o
                0x20020000                _estack = 0x20020000
                0x00000000                _Min_Heap_Size = 0x0
                0x00000400                _Min_Stack_Size = 0x400

.isr_vector     0x08000000      0x188
                0x08000000                . = ALIGN (0x4)
 *(.isr_vector)
 .isr_vector    0x08000000      0x188 ./startup_stm32f4xx.o
                0x08000000                g_pfnVectors
                0x08000188                . = ALIGN (0x4)

.text           0x08000188    0x34ec4
                0x08000188                . = ALIGN (0x4)
 *(.text)
 .text          0x08000188       0x54 d:/elektronik/ides/eclipse/yagarto/bin/../lib/gcc/arm-none-eabi/4.6.2/thumb/v7m/crtbegin.o
 .text          0x080001dc     0x1330 ./STM32_USB_OTG_Driver/src/usb_core.o
                0x080002c8                USB_OTG_WritePacket
                0x08000350                USB_OTG_ReadPacket
                0x080003b8                USB_OTG_SelectCore
                0x0800057c                USB_OTG_CoreInit
                0x0800077c                USB_OTG_EnableGlobalInt
                0x080007b8                USB_OTG_DisableGlobalInt
                0x080007f8                USB_OTG_FlushTxFifo
                0x08000878                USB_OTG_FlushRxFifo
                0x080008e4                USB_OTG_SetCurrentMode
                0x08000948                USB_OTG_GetMode
                0x08000968                USB_OTG_IsDeviceMode
                0x0800098c                USB_OTG_IsHostMode
                0x080009b0                USB_OTG_ReadCoreItr
                0x080009e0                USB_OTG_ReadOtgItr
                0x080009fc                USB_OTG_CoreInitHost
                0x08000b44                USB_OTG_IsEvenFrame
                0x08000b6c                USB_OTG_DriveVbus
                0x08000bec                USB_OTG_EnableHostInt
                0x08000c78                USB_OTG_InitFSLSPClkSel
                0x08000cb0                USB_OTG_ReadHPRT0
                0x08000cf0                USB_OTG_ReadHostAllChannels_intr
                0x08000d0c                USB_OTG_ResetPort
                0x08000d60                USB_OTG_HC_Init
                0x08001038                USB_OTG_HC_StartXfer
                0x08001348                USB_OTG_HC_Halt
                0x080013f4                USB_OTG_HC_DoPing
                0x0800147c                USB_OTG_StopHost
 .text          0x0800150c      0x200 ./STM32_USB_OTG_Driver/src/usb_hcd.o
                0x0800150c                HCD_Init
                0x080015b4                HCD_GetCurrentSpeed
                0x080015dc                HCD_ResetPort
                0x080015f8                HCD_IsDeviceConnected
                0x08001614                HCD_GetCurrentFrame
                0x08001638                HCD_GetURB_State
                0x0800165c                HCD_GetXferCnt
                0x08001680                HCD_GetHCState
                0x080016a4                HCD_HC_Init
                0x080016c8                HCD_SubmitRequest
 .text          0x0800170c     0x1490 ./STM32_USB_OTG_Driver/src/usb_hcd_int.o
                0x0800170c                USBH_OTG_ISR_Handler
 .text          0x08002b9c      0xb14 ./STM32_USB_HOST_Library/Core/src/usbh_core.o
                0x08002b9c                USBH_Connect
                0x08002bcc                USBH_Disconnect
                0x08002bfc                USBH_Init
                0x08002c78                USBH_DeInit
                0x08002cec                USBH_Process
                0x08002f80                USBH_ErrorHandle
                0x08003304                USBH_HandleControl
 .text          0x080036b0      0x2d4 ./STM32_USB_HOST_Library/Core/src/usbh_hcs.o
                0x080036b0                USBH_Open_Channel
                0x080037b8                USBH_Modify_Channel
                0x08003854                USBH_Alloc_Channel
                0x080038a0                USBH_Free_Channel
                0x080038ec                USBH_DeAllocate_AllChannel
 .text          0x08003984      0x598 ./STM32_USB_HOST_Library/Core/src/usbh_ioreq.o
                0x08003984                USBH_CtlReq
                0x08003a2c                USBH_CtlSendSetup
                0x08003aa8                USBH_CtlSendData
                0x08003b6c                USBH_CtlReceiveData
                0x08003be8                USBH_BulkSendData
                0x08003c90                USBH_BulkReceiveData
                0x08003d38                USBH_InterruptReceiveData
                0x08003e08                USBH_InterruptSendData
 .text          0x08003f1c      0x658 ./STM32_USB_HOST_Library/Core/src/usbh_stdreq.o
                0x08003f1c                USBH_Get_DevDesc
                0x08003f78                USBH_Get_CfgDesc
                0x08003fd8                USBH_Get_StringDesc
                0x08004034                USBH_GetDescriptor
                0x08004098                USBH_SetAddress
                0x080040ec                USBH_SetCfg
                0x0800413c                USBH_ClrFeature
 .text          0x08004574      0x7d0 ./STM32_USB_HOST_Library/Class/MSC/src/usbh_msc_bot.o
                0x08004574                USBH_MSC_Init
                0x080045ec                USBH_MSC_HandleBOTXfer
                0x08004bd0                USBH_MSC_BOT_Abort
                0x08004c70                USBH_MSC_DecodeCSW
 .text          0x08004d44      0x658 ./STM32_USB_HOST_Library/Class/MSC/src/usbh_msc_core.o
                0x08005318                USBH_MSC_ErrorHandle
 .text          0x0800539c      0x2c4 ./STM32_USB_HOST_Library/Class/MSC/src/usbh_msc_fatfs.o
                0x0800539c                disk_initialize
                0x080053ec                disk_status
                0x0800541c                disk_read
                0x080054d8                disk_write
                0x080055b0                disk_ioctl
 .text          0x08005660      0xabc ./STM32_USB_HOST_Library/Class/MSC/src/usbh_msc_scsi.o
                0x08005660                USBH_MSC_TestUnitReady
                0x080057dc                USBH_MSC_ReadCapacity10
                0x080059b8                USBH_MSC_ModeSense6
                0x08005b70                USBH_MSC_RequestSense
                0x08005d54                USBH_MSC_Write10
                0x08005f18                USBH_MSC_Read10
 .text          0x0800611c      0x1dc ./STM32F4xx_StdPeriph_Driver/src/misc.o
                0x0800611c                NVIC_PriorityGroupConfig
                0x08006144                NVIC_Init
                0x08006228                NVIC_SetVectorTable
                0x08006254                NVIC_SystemLPConfig
                0x080062ac                SysTick_CLKSourceConfig
 .text          0x080062f8      0x530 ./STM32F4xx_StdPeriph_Driver/src/stm32f4xx_dac.o
                0x080062f8                DAC_DeInit
                0x08006318                DAC_Init
                0x0800638c                DAC_StructInit
                0x080063c0                DAC_Cmd
                0x08006428                DAC_SoftwareTriggerCmd
                0x08006498                DAC_DualSoftwareTriggerCmd
                0x080064e4                DAC_WaveGenerationCmd
                0x08006548                DAC_SetChannel1Data
                0x08006580                DAC_SetChannel2Data
                0x080065b8                DAC_SetDualChannelData
                0x0800661c                DAC_GetDataOutputValue
                0x08006658                DAC_DMACmd
                0x080066c0                DAC_ITConfig
                0x08006724                DAC_GetFlagStatus
                0x0800676c                DAC_ClearFlag
                0x08006794                DAC_GetITStatus
                0x08006800                DAC_ClearITPendingBit
 .text          0x08006828      0x820 ./STM32F4xx_StdPeriph_Driver/src/stm32f4xx_dma.o
                0x08006828                DMA_DeInit
                0x08006a6c                DMA_Init
                0x08006b1c                DMA_StructInit
                0x08006ba8                DMA_Cmd
                0x08006be0                DMA_PeriphIncOffsetSizeConfig
                0x08006c14                DMA_FlowControllerConfig
                0x08006c48                DMA_SetCurrDataCounter
                0x08006c64                DMA_GetCurrDataCounter
                0x08006c80                DMA_DoubleBufferModeConfig
                0x08006cbc                DMA_DoubleBufferModeCmd
                0x08006cf4                DMA_MemoryTargetConfig
                0x08006d20                DMA_GetCurrentMemoryTarget
                0x08006d58                DMA_GetCmdStatus
                0x08006d90                DMA_GetFIFOStatus
                0x08006db8                DMA_GetFlagStatus
                0x08006e40                DMA_ClearFlag
                0x08006ea4                DMA_ITConfig
                0x08006f1c                DMA_GetITStatus
                0x08006fe4                DMA_ClearITPendingBit
 .text          0x08007048      0x2d4 ./STM32F4xx_StdPeriph_Driver/src/stm32f4xx_exti.o
                0x08007048                EXTI_DeInit
                0x0800709c                EXTI_Init
                0x080071e0                EXTI_StructInit
                0x08007214                EXTI_GenerateSWInterrupt
                0x08007240                EXTI_GetFlagStatus
                0x08007280                EXTI_ClearFlag
                0x080072a0                EXTI_GetITStatus
                0x080072fc                EXTI_ClearITPendingBit
 .text          0x0800731c      0x550 ./STM32F4xx_StdPeriph_Driver/src/stm32f4xx_gpio.o
                0x0800731c                GPIO_DeInit
                0x08007494                GPIO_Init
                0x080075e8                GPIO_StructInit
                0x08007624                GPIO_PinLockConfig
                0x08007668                GPIO_ReadInputDataBit
                0x080076a4                GPIO_ReadInputData
                0x080076c0                GPIO_ReadOutputDataBit
                0x080076fc                GPIO_ReadOutputData
                0x08007718                GPIO_SetBits
                0x08007734                GPIO_ResetBits
                0x08007750                GPIO_WriteBit
                0x08007780                GPIO_Write
                0x0800779c                GPIO_ToggleBits
                0x080077c0                GPIO_PinAFConfig
 .text          0x0800786c      0xa10 ./STM32F4xx_StdPeriph_Driver/src/stm32f4xx_i2c.o
                0x0800786c                I2C_DeInit
                0x080078f4                I2C_Init
                0x08007aa0                I2C_StructInit
                0x08007ae4                I2C_Cmd
                0x08007b24                I2C_GenerateSTART
                0x08007b64                I2C_GenerateSTOP
                0x08007ba4                I2C_Send7bitAddress
                0x08007be0                I2C_AcknowledgeConfig
                0x08007c20                I2C_OwnAddress2Config
                0x08007c64                I2C_DualAddressCmd
                0x08007ca4                I2C_GeneralCallCmd
                0x08007ce4                I2C_SoftwareResetCmd
                0x08007d2c                I2C_StretchClockCmd
                0x08007d6c                I2C_FastModeDutyCycleConfig
                0x08007dac                I2C_NACKPositionConfig
                0x08007dec                I2C_SMBusAlertConfig
                0x08007e2c                I2C_ARPCmd
                0x08007e6c                I2C_SendData
                0x08007e8c                I2C_ReceiveData
                0x08007ea8                I2C_TransmitPEC
                0x08007ee8                I2C_PECPositionConfig
                0x08007f28                I2C_CalculatePEC
                0x08007f68                I2C_GetPEC
                0x08007f8c                I2C_DMACmd
                0x08007fcc                I2C_DMALastTransferCmd
                0x0800800c                I2C_ReadRegister
                0x0800803c                I2C_ITConfig
                0x08008084                I2C_CheckEvent
                0x080080f4                I2C_GetLastEvent
                0x08008140                I2C_GetFlagStatus
                0x080081b8                I2C_ClearFlag
                0x080081e8                I2C_GetITStatus
                0x0800824c                I2C_ClearITPendingBit
 .text          0x0800827c      0xdd0 ./STM32F4xx_StdPeriph_Driver/src/stm32f4xx_rcc.o
                0x0800827c                RCC_DeInit
                0x08008300                RCC_HSEConfig
                0x08008330                RCC_WaitForHSEStartUp
                0x08008394                RCC_AdjustHSICalibrationValue
                0x080083dc                RCC_HSICmd
                0x080083fc                RCC_LSEConfig
                0x0800845c                RCC_LSICmd
                0x0800847c                RCC_PLLConfig
                0x080084c4                RCC_PLLCmd
                0x080084e4                RCC_PLLI2SConfig
                0x08008514                RCC_PLLI2SCmd
                0x08008534                RCC_ClockSecuritySystemCmd
                0x08008554                RCC_MCO1Config
                0x0800859c                RCC_MCO2Config
                0x080085e4                RCC_SYSCLKConfig
                0x08008624                RCC_GetSYSCLKSource
                0x08008644                RCC_HCLKConfig
                0x08008684                RCC_PCLK1Config
                0x080086c4                RCC_PCLK2Config
                0x08008708                RCC_GetClocksFreq
                0x080088d8                RCC_RTCCLKConfig
                0x08008950                RCC_RTCCLKCmd
                0x08008970                RCC_BackupResetCmd
                0x08008990                RCC_I2SCLKConfig
                0x080089b0                RCC_AHB1PeriphClockCmd
                0x08008a08                RCC_AHB2PeriphClockCmd
                0x08008a60                RCC_AHB3PeriphClockCmd
                0x08008ab8                RCC_APB1PeriphClockCmd
                0x08008b10                RCC_APB2PeriphClockCmd
                0x08008b68                RCC_AHB1PeriphResetCmd
                0x08008bc0                RCC_AHB2PeriphResetCmd
                0x08008c18                RCC_AHB3PeriphResetCmd
                0x08008c70                RCC_APB1PeriphResetCmd
                0x08008cc8                RCC_APB2PeriphResetCmd
                0x08008d20                RCC_AHB1PeriphClockLPModeCmd
                0x08008d78                RCC_AHB2PeriphClockLPModeCmd
                0x08008dd0                RCC_AHB3PeriphClockLPModeCmd
                0x08008e28                RCC_APB1PeriphClockLPModeCmd
                0x08008e80                RCC_APB2PeriphClockLPModeCmd
                0x08008ed8                RCC_ITConfig
                0x08008f38                RCC_GetFlagStatus
                0x08008fc8                RCC_ClearFlag
                0x08008fec                RCC_GetITStatus
                0x0800902c                RCC_ClearITPendingBit
 .text          0x0800904c      0x8e8 ./STM32F4xx_StdPeriph_Driver/src/stm32f4xx_spi.o
                0x0800904c                SPI_I2S_DeInit
                0x080090d4                SPI_Init
                0x0800915c                I2S_Init
                0x08009370                SPI_StructInit
                0x080093cc                I2S_StructInit
                0x08009410                SPI_Cmd
                0x08009450                I2S_Cmd
                0x08009490                SPI_DataSizeConfig
                0x080094c8                SPI_BiDirectionalLineConfig
                0x08009508                SPI_NSSInternalSoftwareConfig
                0x0800954c                SPI_SSOutputCmd
                0x0800958c                SPI_TIModeCmd
                0x080095cc                I2S_FullDuplexConfig
                0x08009670                SPI_I2S_ReceiveData
                0x0800968c                SPI_I2S_SendData
                0x080096a8                SPI_CalculateCRC
                0x080096e8                SPI_TransmitCRC
                0x0800970c                SPI_GetCRC
                0x08009740                SPI_GetCRCPolynomial
                0x0800975c                SPI_I2S_DMACmd
                0x080097a4                SPI_I2S_ITConfig
                0x08009810                SPI_I2S_GetFlagStatus
                0x08009850                SPI_I2S_ClearFlag
                0x08009874                SPI_I2S_GetITStatus
                0x080098fc                SPI_I2S_ClearITPendingBit
 .text          0x08009934      0x170 ./STM32F4xx_StdPeriph_Driver/src/stm32f4xx_syscfg.o
                0x08009934                SYSCFG_DeInit
                0x08009954                SYSCFG_MemoryRemapConfig
                0x08009974                SYSCFG_EXTILineConfig
                0x08009a28                SYSCFG_ETH_MediaInterfaceConfig
                0x08009a48                SYSCFG_CompensationCellCmd
                0x08009a68                SYSCFG_GetCompensationCellStatus
 .text          0x08009aa4      0x244 ./STM32F4-Discovery/stm32f4_discovery.o
                0x08009aa4                STM_EVAL_LEDInit
                0x08009b10                STM_EVAL_LEDOn
                0x08009b44                STM_EVAL_LEDOff
                0x08009b78                STM_EVAL_LEDToggle
                0x08009bc0                STM_EVAL_PBInit
                0x08009cac                STM_EVAL_PBGetState
 .text          0x08009ce8     0x17bc ./STM32F4-Discovery/stm32f4_discovery_audio_codec.o
                0x08009d38                EVAL_AUDIO_SetAudioInterface
                0x08009ea8                EVAL_AUDIO_Init
                0x08009f10                EVAL_AUDIO_DeInit
                0x08009f24                EVAL_AUDIO_Play
                0x08009fb8                EVAL_AUDIO_PauseResume
                0x08009fec                EVAL_AUDIO_Stop
                0x0800a02c                EVAL_AUDIO_VolumeCtl
                0x0800a078                EVAL_AUDIO_Mute
                0x0800a214                DMA1_Stream7_IRQHandler
                0x0800a220                DMA1_Stream0_IRQHandler
                0x0800a22c                SPI3_IRQHandler
                0x0800b004                Codec_TIMEOUT_UserCallback
                0x0800b25c                Audio_MAL_Play
                0x0800b42c                DAC_Config
 .text          0x0800b4a4      0x29c ./Menue/CMenue.o
                0x0800b4a4                CMenue::CMenue(CGraphicLCD*)
                0x0800b4a4                CMenue::CMenue(CGraphicLCD*)
                0x0800b4d4                CMenue::~CMenue()
                0x0800b4d4                CMenue::~CMenue()
                0x0800b50c                CMenue::~CMenue()
                0x0800b52c                CMenue::HardwareInit()
                0x0800b544                CMenue::Run()
 .text          0x0800b740      0x970 ./HelixMP3/real/bitstream.o
                0x0800b740                xmp3_SetBitstreamPointer
                0x0800b884                xmp3_GetBits
                0x0800b920                xmp3_CalcBitsUsed
                0x0800b95c                xmp3_CheckPadBit
                0x0800b998                xmp3_UnpackFrameHeader
                0x0800bd04                xmp3_UnpackSideInfo
 .text          0x0800c0b0      0x16c ./HelixMP3/real/buffers.o
                0x0800c0b0                ClearBuffer
                0x0800c0ec                xmp3_AllocateBuffers
                0x0800c208                xmp3_FreeBuffers
 .text          0x0800c21c     0x10dc ./HelixMP3/real/dct32.o
                0x0800c240                xmp3_FDCT32
 .text          0x0800d2f8      0x430 ./HelixMP3/real/dequant.o
                0x0800d318                xmp3_Dequantize
 .text          0x0800d728      0x6e4 ./HelixMP3/real/dqchan.o
                0x0800da30                xmp3_DequantChannel
 .text          0x0800de0c      0xc88 ./HelixMP3/real/huffman.o
                0x0800e760                xmp3_DecodeHuffman
 .text          0x0800ea94     0x1ff8 ./HelixMP3/real/imdct.o
                0x0801074c                xmp3_IMDCT
 .text          0x08010a8c     0x1950 ./HelixMP3/real/polyphase.o
                0x08010b5c                xmp3_PolyphaseMono
                0x0801144c                xmp3_PolyphaseStereo
 .text          0x080123dc      0xafc ./HelixMP3/real/scalfact.o
                0x08012ce0                xmp3_UnpackScaleFactors
 .text          0x08012ed8      0xb70 ./HelixMP3/real/stproc.o
                0x08012f2c                xmp3_MidSideProc
                0x08012fec                xmp3_IntensityProcMPEG1
                0x080134cc                xmp3_IntensityProcMPEG2
 .text          0x08013a48      0x1cc ./HelixMP3/real/subband.o
                0x08013a48                xmp3_Subband
 .text          0x08013c14      0x768 ./HelixMP3/mp3dec.o
                0x08013c14                MP3InitDecoder
                0x08013c30                MP3FreeDecoder
                0x08013c54                MP3FindSyncWord
                0x08013d70                MP3GetLastFrameInfo
                0x08013e48                MP3GetNextFrameInfo
                0x08013efc                MP3Decode
 .text          0x0801437c       0xdc ./GraphicLCD/CGraphicLCD.o
                0x0801437c                CGraphicLCD::CGraphicLCD()
                0x0801437c                CGraphicLCD::CGraphicLCD()
                0x080143a4                CGraphicLCD::CGraphicLCD(bool)
                0x080143a4                CGraphicLCD::CGraphicLCD(bool)
                0x080143d0                CGraphicLCD::~CGraphicLCD()
                0x080143d0                CGraphicLCD::~CGraphicLCD()
                0x08014404                CGraphicLCD::~CGraphicLCD()
                0x08014424                CGraphicLCD::Inverse()
                0x0801443c                CGraphicLCD::Inverse(bool)
 .text          0x08014458      0xe5c ./GraphicLCD/CT6963CDriver.o
                0x08014458                CT6963CDriver::CT6963CDriver()
                0x08014458                CT6963CDriver::CT6963CDriver()
                0x08014480                CT6963CDriver::~CT6963CDriver()
                0x08014480                CT6963CDriver::~CT6963CDriver()
                0x080144b8                CT6963CDriver::~CT6963CDriver()
                0x080144d8                CT6963CDriver::Init()
                0x08014638                CT6963CDriver::SetAddressPointer(unsigned int)
                0x08014690                CT6963CDriver::TextGoTo(unsigned char, unsigned char)
                0x080146c4                CT6963CDriver::GraphicGoTo(unsigned char, unsigned char)
                0x08014704                CT6963CDriver::Clear()
                0x080147a0                CT6963CDriver::WriteDisplayData(unsigned char)
                0x080147d8                CT6963CDriver::WriteChar(char)
                0x080147fc                CT6963CDriver::WriteString(char const*, tFont const&, unsigned int, unsigned int)
                0x08014998                CT6963CDriver::SetPixel(unsigned char, unsigned char)
                0x08014a20                CT6963CDriver::Line(unsigned int, unsigned int, unsigned int, unsigned int)
                0x08014b70                CT6963CDriver::Window(unsigned int, unsigned int, unsigned int, unsigned int)
                0x08014eb8                CT6963CDriver::Rectangle(unsigned int, unsigned int, unsigned int, unsigned int, bool)
                0x08014ffc                CT6963CDriver::SectorClear(unsigned int, unsigned int, unsigned int, unsigned int)
                0x0801505c                CT6963CDriver::Circle(unsigned char, unsigned char, unsigned char)
                0x080151e0                CT6963CDriver::Bitmap(unsigned char*, unsigned char, unsigned char, unsigned char, unsigned char)
 .text          0x080152b4      0x490 ./GraphicLCD/CT6963GPIOInterface.o
                0x080152b4                CT6963_GPIO_Interface::CT6963_GPIO_Interface()
                0x080152b4                CT6963_GPIO_Interface::CT6963_GPIO_Interface()
                0x080152dc                CT6963_GPIO_Interface::~CT6963_GPIO_Interface()
                0x080152dc                CT6963_GPIO_Interface::~CT6963_GPIO_Interface()
                0x08015314                CT6963_GPIO_Interface::~CT6963_GPIO_Interface()
                0x08015334                CheckStatus()
                0x080153f0                CT6963_GPIO_Interface::HardwareInit()
                0x080154b0                CT6963_GPIO_Interface::Reset()
                0x080154e8                CT6963_GPIO_Interface::WriteCommand(unsigned char)
                0x08015594                CT6963_GPIO_Interface::WriteData(unsigned char)
                0x08015660                CT6963_GPIO_Interface::ReadData()
 .text          0x08015744      0x250 ./FreeRTOS_EC/Source/AManagedTask.o
                0x08015744                AManagedTask::AManagedTask()
                0x08015744                AManagedTask::AManagedTask()
                0x0801577c                AManagedTask::~AManagedTask()
                0x0801577c                AManagedTask::~AManagedTask()
                0x080157bc                AManagedTask::~AManagedTask()
                0x080157dc                AManagedTask::Create(char const*, unsigned short, unsigned long)
                0x08015840                AManagedTask::taskControlFunc(void*)
                0x08015860                AManagedTask::AddToManagedTask(AManagedTask*)
                0x080158b0                AManagedTask::RemoveFromManagedTask(AManagedTask*)
                0x08015938                AManagedTask::InitHardwareForManagedTasks()
 .text          0x08015994       0x40 ./FreeRTOS_EC/Source/CFreeRTOS.o
                0x08015994                CFreeRTOS::CFreeRTOS()
                0x08015994                CFreeRTOS::CFreeRTOS()
                0x080159ac                CFreeRTOS::~CFreeRTOS()
                0x080159ac                CFreeRTOS::~CFreeRTOS()
                0x080159c4                CFreeRTOS::InitHardwareForManagedTasks()
 .text          0x080159d4      0x1c0 ./FreeRTOS_EC/Source/CTask.o
                0x080159d4                CTask::CTask()
                0x080159d4                CTask::CTask()
                0x08015a04                CTask::CTask(void*)
                0x08015a04                CTask::CTask(void*)
                0x08015a34                CTask::~CTask()
                0x08015a34                CTask::~CTask()
                0x08015a78                CTask::~CTask()
                0x08015a98                CTask::Attach(void*)
                0x08015aec                CTask::Create(void (*)(void*), char const*, unsigned short, void*, unsigned long)
                0x08015b48                CTask::CreateRestricted(xTASK_PARAMTERS*)
                0x08015b68                CTask::Delete()
 .text          0x08015b94      0x248 ./FreeRTOS/Source/portable/GCC/ARM_CM4F/port.o
                0x08015b94                pxPortInitialiseStack
                0x08015bfc                SVC_Handler
                0x08015c1c                vPortStartFirstTask
                0x08015c2c                xPortStartScheduler
                0x08015c80                vPortEndScheduler
                0x08015c8c                vPortYieldFromISR
                0x08015ca4                vPortEnterCritical
                0x08015cd0                vPortExitCritical
                0x08015d08                PendSV_Handler
                0x08015d60                SysTick_Handler
 .text          0x08015ddc      0x17c ./FreeRTOS/Source/list.o
                0x08015ddc                vListInitialise
                0x08015e1c                vListInitialiseItem
                0x08015e38                vListInsertEnd
                0x08015e8c                vListInsert
                0x08015f04                vListRemove
 .text          0x08015f58      0x7fc ./FreeRTOS/Source/queue.o
                0x08015f58                xQueueCreate
                0x08016028                xQueueCreateMutex
                0x080160c0                xQueueGenericSend
                0x080161e4                xQueueGenericSendFromISR
                0x08016274                xQueueGenericReceive
                0x080163fc                xQueueReceiveFromISR
                0x08016490                uxQueueMessagesWaiting
                0x080164b4                uxQueueMessagesWaitingFromISR
                0x080164d0                vQueueDelete
                0x080166d4                xQueueIsQueueEmptyFromISR
                0x08016728                xQueueIsQueueFullFromISR
 .text          0x08016754     0x17c0 ./FreeRTOS/Source/tasks.o
                0x08016754                xTaskGenericCreate
                0x08016900                vTaskDelete
                0x080169c0                vTaskDelayUntil
                0x08016a74                vTaskDelay
                0x08016ad0                uxTaskPriorityGet
                0x08016b08                vTaskPrioritySet
                0x08016c34                vTaskSuspend
                0x08016cf4                xTaskIsTaskSuspended
                0x08016d44                vTaskResume
                0x08016df0                xTaskResumeFromISR
                0x08016eb0                vTaskStartScheduler
                0x08016f2c                vTaskEndScheduler
                0x08016f4c                vTaskSuspendAll
                0x08016f70                xTaskResumeAll
                0x080170c4                xTaskGetTickCount
                0x080170ec                xTaskGetTickCountFromISR
                0x08017124                uxTaskGetNumberOfTasks
                0x0801713c                vTaskGetRunTimeStats
                0x0801729c                xTaskGetIdleTaskHandle
                0x080172b4                vTaskIncrementTick
                0x0801746c                vTaskSetApplicationTaskTag
                0x080174a4                xTaskGetApplicationTaskTag
                0x080174e0                xTaskCallApplicationTaskHook
                0x0801752c                vTaskSwitchContext
                0x0801766c                vTaskPlaceOnEventList
                0x080176e4                xTaskRemoveFromEventList
                0x080177a8                vTaskSetTimeOutState
                0x080177d8                xTaskCheckForTimeOut
                0x0801787c                vTaskMissedYield
                0x08017d30                uxTaskGetStackHighWaterMark
                0x08017d8c                xTaskGetCurrentTaskHandle
                0x08017dac                vTaskPriorityInherit
                0x08017e84                vTaskPriorityDisinherit
 .text          0x08017f14      0x184 ./Audio_MP3/USB_MSC/CUSBMassStorage.o
                0x08017f14                CUSB_MassStorage::CUSB_MassStorage()
                0x08017f14                CUSB_MassStorage::CUSB_MassStorage()
                0x08017f3c                CUSB_MassStorage::~CUSB_MassStorage()
                0x08017f3c                CUSB_MassStorage::~CUSB_MassStorage()
                0x08017f74                CUSB_MassStorage::~CUSB_MassStorage()
                0x08017f94                CUSB_MassStorage::HardwareInit()
                0x08017fd4                CUSB_MassStorage::Run()
                0x08017ff4                CUSB_MassStorage::IsDeviceConnected()
                0x08018020                CUSB_MassStorage::DeviceMounted()
 .text          0x08018098      0x254 ./Audio_MP3/USB_MSC/usb_bsp.o
                0x08018098                BSP_Init
                0x080180ac                USB_OTG_BSP_Init
                0x0801818c                USB_OTG_BSP_EnableInterrupt
                0x080181c8                USB_OTG_BSP_DriveVBUS
                0x08018204                USB_OTG_BSP_ConfigVBUS
                0x08018268                USB_OTG_BSP_uDelay
                0x080182c0                USB_OTG_BSP_mDelay
                0x080182e0                USB_OTG_BSP_TimerIRQ
 .text          0x080182ec      0x254 ./Audio_MP3/USB_MSC/usbh_usr.o
                0x080182ec                USBH_USR_Init
                0x080183b0                USBH_USR_DeviceAttached
                0x080183bc                USBH_USR_UnrecoveredError
                0x080183c8                USBH_USR_DeviceDisconnected
                0x080183ec                USBH_USR_ResetDevice
                0x080183f8                USBH_USR_DeviceSpeedDetected
                0x0801840c                USBH_USR_Device_DescAvailable
                0x08018420                USBH_USR_DeviceAddressAssigned
                0x0801842c                USBH_USR_Configuration_DescAvailable
                0x08018444                USBH_USR_Manufacturer_String
                0x08018458                USBH_USR_Product_String
                0x0801846c                USBH_USR_SerialNum_String
                0x08018480                USBH_USR_EnumerationDone
                0x080184c4                USBH_USR_DeviceNotSupported
                0x080184d0                USBH_USR_UserInput
                0x080184e0                USBH_USR_OverCurrentDetected
                0x080184ec                USBH_USR_MSC_Application
                0x08018534                USBH_USR_DeInit
 .text          0x08018540     0x44a0 ./Audio_MP3/FatFs/src/ff.o
                0x08019f9c                f_mount
                0x0801a000                f_open
                0x0801a364                f_read
                0x0801a678                f_write
                0x0801a9ec                f_sync
                0x0801abac                f_close
                0x0801abd8                f_chdrive
                0x0801ac0c                f_chdir
                0x0801ace8                f_lseek
                0x0801aff4                f_opendir
                0x0801b0d0                f_readdir
                0x0801b16c                f_stat
                0x0801b1e4                f_getfree
                0x0801b3b0                f_truncate
                0x0801b4d8                f_unlink
                0x0801b690                f_mkdir
                0x0801ba24                f_chmod
                0x0801bb00                f_utime
                0x0801bbec                f_rename
                0x0801be54                f_mkfs
 .text          0x0801c9e0      0x660 ./Audio_MP3/CFileHandler.o
                0x0801c9e0                CFileHandler::CFileHandler()
                0x0801c9e0                CFileHandler::CFileHandler()
                0x0801ca44                CFileHandler::~CFileHandler()
                0x0801ca44                CFileHandler::~CFileHandler()
                0x0801ca7c                CFileHandler::~CFileHandler()
                0x0801ca9c                CFileHandler::HardwareInit()
                0x0801cac0                CFileHandler::Run()
                0x0801cb54                CFileHandler::RefillBuffer()
                0x0801cc28                CFileHandler::PlayMP3(char const*)
                0x0801cff0                EVAL_AUDIO_TransferComplete_CallBack
                0x0801d030                EVAL_AUDIO_GetSampleCallBack
 .text          0x0801d040       0x10 ./Audio_MP3/fattime.o
                0x0801d040                get_fattime
 .text          0x0801d050      0x1b0 ./CLedHeartBeatSTM32F4Disc.o
                0x0801d050                CLedHeartBeatSTM32F4Disc::CLedHeartBeatSTM32F4Disc(unsigned long)
                0x0801d050                CLedHeartBeatSTM32F4Disc::CLedHeartBeatSTM32F4Disc(unsigned long)
                0x0801d088                CLedHeartBeatSTM32F4Disc::~CLedHeartBeatSTM32F4Disc()
                0x0801d088                CLedHeartBeatSTM32F4Disc::~CLedHeartBeatSTM32F4Disc()
                0x0801d0c0                CLedHeartBeatSTM32F4Disc::~CLedHeartBeatSTM32F4Disc()
                0x0801d0e0                CLedHeartBeatSTM32F4Disc::HardwareInit()
                0x0801d118                CLedHeartBeatSTM32F4Disc::Run()
 .text          0x0801d200      0x1b0 ./main.o
                0x0801d200                main
                0x0801d26c                vApplicationTickHook
                0x0801d278                vApplicationIdleHook
                0x0801d284                vApplicationMallocFailedHook
                0x0801d290                vApplicationStackOverflowHook
 .text          0x0801d3b0       0x80 ./stm32f4xx_it.o
                0x0801d3b0                NMI_Handler
                0x0801d3bc                HardFault_Handler
                0x0801d3c4                MemManage_Handler
                0x0801d3cc                BusFault_Handler
                0x0801d3d4                UsageFault_Handler
                0x0801d3dc                DebugMon_Handler
                0x0801d3e8                EXTI1_IRQHandler
                0x0801d404                EXTI0_IRQHandler
                0x0801d41c                OTG_FS_IRQHandler
 .text          0x0801d430      0x1f0 ./syscalls.o
                0x0801d430                _exit
                0x0801d43c                _read_r
                0x0801d45c                _write_r
                0x0801d47c                _lseek_r
                0x0801d4a4                _close_r
                0x0801d4c8                _fstat_r
                0x0801d508                _isatty_r
                0x0801d524                _sbrk_r
                0x0801d5b4                _kill_r
                0x0801d5d8                _getpid_r
                0x0801d5f8                __malloc_lock
                0x0801d60c                __malloc_unlock
 .text          0x0801d620      0x3e8 ./system_stm32f4xx.o
                0x0801d620                SystemInit
                0x0801d6b4                SystemCoreClockUpdate
 .text          0x0801da08      0x178 ./ustime.o
                0x0801da08                get_us_time
                0x0801da94                delay_us
                0x0801daf0                delay_ms
                0x0801db10                init_us_timer
 .text          0x0801db80     0x58f8 d:/elektronik/ides/eclipse/yagarto/bin/../lib/gcc/arm-none-eabi/4.6.2/../../../../arm-none-eabi/lib/thumb/v7m\libstdc++.a(cp-demangle.o)
                0x08023348                __cxa_demangle
                0x0802342c                __gcclibcxx_demangle_callback
 .text          0x08023478      0xa10 d:/elektronik/ides/eclipse/yagarto/bin/../lib/gcc/arm-none-eabi/4.6.2/thumb/v7m\libgcc.a(unwind-arm.o)
                0x08023734                _Unwind_VRS_Get
                0x08023780                _Unwind_VRS_Set
                0x08023a94                __aeabi_unwind_cpp_pr2
                0x08023a98                __aeabi_unwind_cpp_pr1
                0x08023a9c                __aeabi_unwind_cpp_pr0
                0x08023aa0                _Unwind_VRS_Pop
                0x08023d30                _Unwind_GetCFA
                0x08023d34                __gnu_Unwind_RaiseException
                0x08023d94                __gnu_Unwind_ForcedUnwind
                0x08023da8                __gnu_Unwind_Resume
                0x08023de4                __gnu_Unwind_Resume_or_Rethrow
                0x08023df4                _Unwind_Complete
                0x08023df8                _Unwind_DeleteException
                0x08023e08                __gnu_Unwind_Backtrace
 .text          0x08023e88      0x1ac d:/elektronik/ides/eclipse/yagarto/bin/../lib/gcc/arm-none-eabi/4.6.2/thumb/v7m\libgcc.a(libunwind.o)
                0x08023e88                __restore_core_regs
                0x08023e88                restore_core_regs
                0x08023ea0                __gnu_Unwind_Restore_VFP
                0x08023ea8                __gnu_Unwind_Save_VFP
                0x08023eb0                __gnu_Unwind_Restore_VFP_D
                0x08023eb8                __gnu_Unwind_Save_VFP_D
                0x08023ec0                __gnu_Unwind_Restore_VFP_D_16_to_31
                0x08023ec8                __gnu_Unwind_Save_VFP_D_16_to_31
                0x08023ed0                __gnu_Unwind_Restore_WMMXD
                0x08023f14                __gnu_Unwind_Save_WMMXD
                0x08023f58                __gnu_Unwind_Restore_WMMXC
                0x08023f6c                __gnu_Unwind_Save_WMMXC
                0x08023f80                ___Unwind_RaiseException
                0x08023f80                _Unwind_RaiseException
                0x08023fa4                _Unwind_Resume
                0x08023fa4                ___Unwind_Resume
                0x08023fc8                _Unwind_Resume_or_Rethrow
                0x08023fc8                ___Unwind_Resume_or_Rethrow
                0x08023fec                _Unwind_ForcedUnwind
                0x08023fec                ___Unwind_ForcedUnwind
                0x08024010                ___Unwind_Backtrace
                0x08024010                _Unwind_Backtrace
 .text          0x08024034      0x3d4 d:/elektronik/ides/eclipse/yagarto/bin/../lib/gcc/arm-none-eabi/4.6.2/thumb/v7m\libgcc.a(pr-support.o)
                0x08024088                __gnu_unwind_execute
                0x080243ac                __gnu_unwind_frame
                0x080243d8                _Unwind_GetRegionStart
                0x080243e4                _Unwind_GetLanguageSpecificData
                0x080243f8                _Unwind_GetDataRelBase
                0x08024400                _Unwind_GetTextRelBase
 .text          0x08024408       0x10 d:/elektronik/ides/eclipse/yagarto/bin/../lib/gcc/arm-none-eabi/4.6.2/../../../../arm-none-eabi/lib/thumb/v7m\libg.a(lib_a-abort.o)
                0x08024408                abort
 .text          0x08024418       0x48 d:/elektronik/ides/eclipse/yagarto/bin/../lib/gcc/arm-none-eabi/4.6.2/../../../../arm-none-eabi/lib/thumb/v7m\libg.a(lib_a-assert.o)
                0x08024418                __assert_func
                0x08024454                __assert
 .text          0x08024460       0x14 d:/elektronik/ides/eclipse/yagarto/bin/../lib/gcc/arm-none-eabi/4.6.2/../../../../arm-none-eabi/lib/thumb/v7m\libg.a(lib_a-cxa_atexit.o)
                0x08024460                __cxa_atexit
 .text          0x08024474       0x4c d:/elektronik/ides/eclipse/yagarto/bin/../lib/gcc/arm-none-eabi/4.6.2/../../../../arm-none-eabi/lib/thumb/v7m\libg.a(lib_a-fiprintf.o)
                0x08024474                _fiprintf_r
                0x08024494                fiprintf
 .text          0x080244c0       0x4c d:/elektronik/ides/eclipse/yagarto/bin/../lib/gcc/arm-none-eabi/4.6.2/../../../../arm-none-eabi/lib/thumb/v7m\libg.a(lib_a-fputc.o)
                0x080244c0                _fputc_r
                0x080244e4                fputc
 .text          0x0802450c       0x60 d:/elektronik/ides/eclipse/yagarto/bin/../lib/gcc/arm-none-eabi/4.6.2/../../../../arm-none-eabi/lib/thumb/v7m\libg.a(lib_a-fputs.o)
                0x0802450c                _fputs_r
                0x0802455c                fputs
 .text          0x0802456c      0x334 d:/elektronik/ides/eclipse/yagarto/bin/../lib/gcc/arm-none-eabi/4.6.2/../../../../arm-none-eabi/lib/thumb/v7m\libg.a(lib_a-fvwrite.o)
                0x0802456c                __sfvwrite_r
 .text          0x080248a0       0x94 d:/elektronik/ides/eclipse/yagarto/bin/../lib/gcc/arm-none-eabi/4.6.2/../../../../arm-none-eabi/lib/thumb/v7m\libg.a(lib_a-fwrite.o)
                0x080248a0                _fwrite_r
                0x0802490c                fwrite
 .text          0x08024934       0x48 d:/elektronik/ides/eclipse/yagarto/bin/../lib/gcc/arm-none-eabi/4.6.2/../../../../arm-none-eabi/lib/thumb/v7m\libg.a(lib_a-init.o)
                0x08024934                __libc_init_array
 .text          0x0802497c       0x20 d:/elektronik/ides/eclipse/yagarto/bin/../lib/gcc/arm-none-eabi/4.6.2/../../../../arm-none-eabi/lib/thumb/v7m\libg.a(lib_a-malloc.o)
                0x0802497c                malloc
                0x0802498c                free
 .text          0x0802499c      0x564 d:/elektronik/ides/eclipse/yagarto/bin/../lib/gcc/arm-none-eabi/4.6.2/../../../../arm-none-eabi/lib/thumb/v7m\libg.a(lib_a-mallocr.o)
                0x0802499c                _malloc_r
 .text          0x08024f00       0x88 d:/elektronik/ides/eclipse/yagarto/bin/../lib/gcc/arm-none-eabi/4.6.2/../../../../arm-none-eabi/lib/thumb/v7m\libg.a(lib_a-memchr.o)
                0x08024f00                memchr
 .text          0x08024f88       0x60 d:/elektronik/ides/eclipse/yagarto/bin/../lib/gcc/arm-none-eabi/4.6.2/../../../../arm-none-eabi/lib/thumb/v7m\libg.a(lib_a-memcmp.o)
                0x08024f88                memcmp
 .text          0x08024fe8       0x84 d:/elektronik/ides/eclipse/yagarto/bin/../lib/gcc/arm-none-eabi/4.6.2/../../../../arm-none-eabi/lib/thumb/v7m\libg.a(lib_a-memcpy.o)
                0x08024fe8                memcpy
 .text          0x0802506c       0xc8 d:/elektronik/ides/eclipse/yagarto/bin/../lib/gcc/arm-none-eabi/4.6.2/../../../../arm-none-eabi/lib/thumb/v7m\libg.a(lib_a-memmove.o)
                0x0802506c                memmove
 .text          0x08025134       0x94 d:/elektronik/ides/eclipse/yagarto/bin/../lib/gcc/arm-none-eabi/4.6.2/../../../../arm-none-eabi/lib/thumb/v7m\libg.a(lib_a-memset.o)
                0x08025134                memset
 .text          0x080251c8       0xc8 d:/elektronik/ides/eclipse/yagarto/bin/../lib/gcc/arm-none-eabi/4.6.2/../../../../arm-none-eabi/lib/thumb/v7m\libg.a(lib_a-putc.o)
                0x080251c8                _putc_r
                0x08025228                putc
 .text          0x08025290       0x14 d:/elektronik/ides/eclipse/yagarto/bin/../lib/gcc/arm-none-eabi/4.6.2/../../../../arm-none-eabi/lib/thumb/v7m\libg.a(lib_a-realloc.o)
                0x08025290                realloc
 .text          0x080252a4      0x410 d:/elektronik/ides/eclipse/yagarto/bin/../lib/gcc/arm-none-eabi/4.6.2/../../../../arm-none-eabi/lib/thumb/v7m\libg.a(lib_a-reallocr.o)
                0x080252a4                _realloc_r
 .text          0x080256b4      0x158 d:/elektronik/ides/eclipse/yagarto/bin/../lib/gcc/arm-none-eabi/4.6.2/../../../../arm-none-eabi/lib/thumb/v7m\libg.a(lib_a-signal.o)
                0x080256b4                _init_signal_r
                0x080256e8                _signal_r
                0x08025728                _raise_r
                0x08025780                __sigtramp_r
                0x080257d0                raise
                0x080257e0                signal
                0x080257f0                _init_signal
                0x080257fc                __sigtramp
 .text          0x0802580c       0x94 d:/elektronik/ides/eclipse/yagarto/bin/../lib/gcc/arm-none-eabi/4.6.2/../../../../arm-none-eabi/lib/thumb/v7m\libg.a(lib_a-sprintf.o)
                0x0802580c                _sprintf_r
                0x08025850                sprintf
 .text          0x080258a0       0x50 d:/elektronik/ides/eclipse/yagarto/bin/../lib/gcc/arm-none-eabi/4.6.2/../../../../arm-none-eabi/lib/thumb/v7m\libg.a(lib_a-strcat.o)
                0x080258a0                strcat
 .text          0x080258f0      0x1dc d:/elektronik/ides/eclipse/yagarto/bin/../lib/gcc/arm-none-eabi/4.6.2/../../../../arm-none-eabi/lib/thumb/v7m\libg.a(lib_a-strcmp.o)
                0x080258f0                strcmp
 .text          0x08025acc       0xbc d:/elektronik/ides/eclipse/yagarto/bin/../lib/gcc/arm-none-eabi/4.6.2/../../../../arm-none-eabi/lib/thumb/v7m\libg.a(lib_a-strcpy.o)
                0x08025acc                strcpy
 .text          0x08025b88       0x60 d:/elektronik/ides/eclipse/yagarto/bin/../lib/gcc/arm-none-eabi/4.6.2/../../../../arm-none-eabi/lib/thumb/v7m\libg.a(lib_a-strlen.o)
                0x08025b88                strlen
 .text          0x08025be8       0xa8 d:/elektronik/ides/eclipse/yagarto/bin/../lib/gcc/arm-none-eabi/4.6.2/../../../../arm-none-eabi/lib/thumb/v7m\libg.a(lib_a-strncmp.o)
                0x08025be8                strncmp
 .text          0x08025c90       0x70 d:/elektronik/ides/eclipse/yagarto/bin/../lib/gcc/arm-none-eabi/4.6.2/../../../../arm-none-eabi/lib/thumb/v7m\libg.a(lib_a-strncpy.o)
                0x08025c90                strncpy
 .text          0x08025d00     0x1314 d:/elektronik/ides/eclipse/yagarto/bin/../lib/gcc/arm-none-eabi/4.6.2/../../../../arm-none-eabi/lib/thumb/v7m\libg.a(lib_a-svfprintf.o)
                0x08025d00                _svfprintf_r
 .text          0x08027014       0x1c d:/elektronik/ides/eclipse/yagarto/bin/../lib/gcc/arm-none-eabi/4.6.2/../../../../arm-none-eabi/lib/thumb/v7m\libg.a(lib_a-syswrite.o)
                0x08027014                write
 .text          0x08027030      0xb54 d:/elektronik/ides/eclipse/yagarto/bin/../lib/gcc/arm-none-eabi/4.6.2/../../../../arm-none-eabi/lib/thumb/v7m\libg.a(lib_a-vfiprintf.o)
                0x08027030                __sprint_r
                0x080270b0                _vfiprintf_r
                0x08027b68                vfiprintf
 .text          0x08027b84       0xc8 d:/elektronik/ides/eclipse/yagarto/bin/../lib/gcc/arm-none-eabi/4.6.2/../../../../arm-none-eabi/lib/thumb/v7m\libg.a(lib_a-wbuf.o)
                0x08027b84                __swbuf_r
                0x08027c3c                __swbuf
 .text          0x08027c4c       0xb8 d:/elektronik/ides/eclipse/yagarto/bin/../lib/gcc/arm-none-eabi/4.6.2/../../../../arm-none-eabi/lib/thumb/v7m\libg.a(lib_a-wsetup.o)
                0x08027c4c                __swsetup_r
 .text          0x08027d04       0xb0 d:/elektronik/ides/eclipse/yagarto/bin/../lib/gcc/arm-none-eabi/4.6.2/../../../../arm-none-eabi/lib/thumb/v7m\libg.a(lib_a-__atexit.o)
                0x08027d04                __register_exitproc
 *fill*         0x08027db4        0x4 00
 .text          0x08027db8     0x1040 d:/elektronik/ides/eclipse/yagarto/bin/../lib/gcc/arm-none-eabi/4.6.2/../../../../arm-none-eabi/lib/thumb/v7m\libg.a(lib_a-dtoa.o)
                0x08027efc                _dtoa_r
 .text          0x08028df8      0x1a4 d:/elektronik/ides/eclipse/yagarto/bin/../lib/gcc/arm-none-eabi/4.6.2/../../../../arm-none-eabi/lib/thumb/v7m\libg.a(lib_a-fflush.o)
                0x08028df8                _fflush_r
                0x08028f7c                fflush
 .text          0x08028f9c      0x1c4 d:/elektronik/ides/eclipse/yagarto/bin/../lib/gcc/arm-none-eabi/4.6.2/../../../../arm-none-eabi/lib/thumb/v7m\libg.a(lib_a-findfp.o)
                0x08028fa4                _cleanup_r
                0x08029004                __sfmoreglue
                0x08029030                _cleanup
                0x0802903c                __sinit
                0x08029084                __sfp
                0x08029120                __sfp_lock_acquire
                0x08029124                __sfp_lock_release
                0x08029128                __sinit_lock_acquire
                0x0802912c                __sinit_lock_release
                0x08029130                __fp_lock_all
                0x08029148                __fp_unlock_all
 .text          0x08029160      0x104 d:/elektronik/ides/eclipse/yagarto/bin/../lib/gcc/arm-none-eabi/4.6.2/../../../../arm-none-eabi/lib/thumb/v7m\libg.a(lib_a-fputwc.o)
                0x08029160                _fputwc_r
                0x08029240                fputwc
 .text          0x08029264      0x224 d:/elektronik/ides/eclipse/yagarto/bin/../lib/gcc/arm-none-eabi/4.6.2/../../../../arm-none-eabi/lib/thumb/v7m\libg.a(lib_a-freer.o)
                0x08029264                _malloc_trim_r
                0x08029304                _free_r
 .text          0x08029488       0xa0 d:/elektronik/ides/eclipse/yagarto/bin/../lib/gcc/arm-none-eabi/4.6.2/../../../../arm-none-eabi/lib/thumb/v7m\libg.a(lib_a-fwalk.o)
                0x08029488                _fwalk
                0x080294d4                _fwalk_reent
 .text          0x08029528       0x88 d:/elektronik/ides/eclipse/yagarto/bin/../lib/gcc/arm-none-eabi/4.6.2/../../../../arm-none-eabi/lib/thumb/v7m\libg.a(lib_a-locale.o)
                0x08029528                _setlocale_r
                0x0802956c                __locale_charset
                0x08029578                __locale_mb_cur_max
                0x08029584                __locale_msgcharset
                0x0802958c                __locale_cjk_lang
                0x08029590                _localeconv_r
                0x08029598                setlocale
                0x080295a8                localeconv
 .text          0x080295b0       0xe4 d:/elektronik/ides/eclipse/yagarto/bin/../lib/gcc/arm-none-eabi/4.6.2/../../../../arm-none-eabi/lib/thumb/v7m\libg.a(lib_a-makebuf.o)
                0x080295b0                __smakebuf_r
 .text          0x08029694      0x8c8 d:/elektronik/ides/eclipse/yagarto/bin/../lib/gcc/arm-none-eabi/4.6.2/../../../../arm-none-eabi/lib/thumb/v7m\libg.a(lib_a-mprec.o)
                0x08029694                _Balloc
                0x080296e0                _Bfree
                0x080296f4                __multadd
                0x08029778                __s2b
                0x0802980c                __hi0bits
                0x08029848                __lo0bits
                0x080298a4                __i2b
                0x080298b8                __multiply
                0x080299f0                __pow5mult
                0x08029a88                __lshift
                0x08029b48                __mcmp
                0x08029b88                __mdiff
                0x08029c6c                __ulp
                0x08029cb0                __b2d
                0x08029d5c                __d2b
                0x08029e24                __ratio
                0x08029e80                _mprec_log10
                0x08029eb4                __copybits
                0x08029efc                __any_on
 .text          0x08029f5c       0x90 d:/elektronik/ides/eclipse/yagarto/bin/../lib/gcc/arm-none-eabi/4.6.2/../../../../arm-none-eabi/lib/thumb/v7m\libg.a(lib_a-s_fpclassify.o)
                0x08029f5c                __fpclassifyd
 .text          0x08029fec       0x8c d:/elektronik/ides/eclipse/yagarto/bin/../lib/gcc/arm-none-eabi/4.6.2/../../../../arm-none-eabi/lib/thumb/v7m\libg.a(lib_a-stdio.o)
                0x08029fec                __sread
                0x0802a010                __seofread
                0x0802a014                __swrite
                0x0802a04c                __sseek
                0x0802a070                __sclose
 .text          0x0802a078      0xa00 d:/elektronik/ides/eclipse/yagarto/bin/../lib/gcc/arm-none-eabi/4.6.2/../../../../arm-none-eabi/lib/thumb/v7m\libg.a(lib_a-svfiprintf.o)
                0x0802a078                __ssprint_r
                0x0802a190                _svfiprintf_r
 .text          0x0802aa78       0xac d:/elektronik/ides/eclipse/yagarto/bin/../lib/gcc/arm-none-eabi/4.6.2/../../../../arm-none-eabi/lib/thumb/v7m\libg.a(lib_a-wcrtomb.o)
                0x0802aa78                _wcrtomb_r
                0x0802aac4                wcrtomb
 .text          0x0802ab24       0x4c d:/elektronik/ides/eclipse/yagarto/bin/../lib/gcc/arm-none-eabi/4.6.2/../../../../arm-none-eabi/lib/thumb/v7m\libg.a(lib_a-wctomb_r.o)
                0x0802ab24                __ascii_wctomb
                0x0802ab40                _wctomb_r
 .text          0x0802ab70       0x60 d:/elektronik/ides/eclipse/yagarto/bin/../lib/gcc/arm-none-eabi/4.6.2/../../../../arm-none-eabi/lib/thumb/v7m\libg.a(lib_a-callocr.o)
                0x0802ab70                _calloc_r
 .text          0x0802abd0       0x9c d:/elektronik/ides/eclipse/yagarto/bin/../lib/gcc/arm-none-eabi/4.6.2/../../../../arm-none-eabi/lib/thumb/v7m\libg.a(lib_a-fclose.o)
                0x0802abd0                _fclose_r
                0x0802ac5c                fclose
 *fill*         0x0802ac6c        0x4 00
 .text          0x0802ac70      0x278 d:/elektronik/ides/eclipse/yagarto/bin/../lib/gcc/arm-none-eabi/4.6.2/thumb/v7m\libgcc.a(_udivsi3.o)
                0x0802ac70                __aeabi_uidiv
                0x0802ac70                __udivsi3
                0x0802aecc                __aeabi_uidivmod
 .text          0x0802aee8        0x4 d:/elektronik/ides/eclipse/yagarto/bin/../lib/gcc/arm-none-eabi/4.6.2/thumb/v7m\libgcc.a(_dvmd_tls.o)
                0x0802aee8                __aeabi_idiv0
                0x0802aee8                __aeabi_ldiv0
 .text          0x0802aeec      0x370 d:/elektronik/ides/eclipse/yagarto/bin/../lib/gcc/arm-none-eabi/4.6.2/thumb/v7m\libgcc.a(_arm_addsubdf3.o)
                0x0802aeec                __aeabi_drsub
                0x0802aef4                __aeabi_dsub
                0x0802aef4                __subdf3
                0x0802aef8                __aeabi_dadd
                0x0802aef8                __adddf3
                0x0802b170                __floatunsidf
                0x0802b170                __aeabi_ui2d
                0x0802b190                __floatsidf
                0x0802b190                __aeabi_i2d
                0x0802b1b4                __aeabi_f2d
                0x0802b1b4                __extendsfdf2
                0x0802b1f0                __floatundidf
                0x0802b1f0                __aeabi_ul2d
                0x0802b200                __floatdidf
                0x0802b200                __aeabi_l2d
 .text          0x0802b25c      0x424 d:/elektronik/ides/eclipse/yagarto/bin/../lib/gcc/arm-none-eabi/4.6.2/thumb/v7m\libgcc.a(_arm_muldivdf3.o)
                0x0802b25c                __aeabi_dmul
                0x0802b25c                __muldf3
                0x0802b4b0                __divdf3
                0x0802b4b0                __aeabi_ddiv
 .text          0x0802b680      0x110 d:/elektronik/ides/eclipse/yagarto/bin/../lib/gcc/arm-none-eabi/4.6.2/thumb/v7m\libgcc.a(_arm_cmpdf2.o)
                0x0802b680                __gtdf2
                0x0802b680                __gedf2
                0x0802b688                __ltdf2
                0x0802b688                __ledf2
                0x0802b690                __nedf2
                0x0802b690                __eqdf2
                0x0802b690                __cmpdf2
                0x0802b70c                __aeabi_cdrcmple
                0x0802b71c                __aeabi_cdcmpeq
                0x0802b71c                __aeabi_cdcmple
                0x0802b72c                __aeabi_dcmpeq
                0x0802b740                __aeabi_dcmplt
                0x0802b754                __aeabi_dcmple
                0x0802b768                __aeabi_dcmpge
                0x0802b77c                __aeabi_dcmpgt
 .text          0x0802b790       0x50 d:/elektronik/ides/eclipse/yagarto/bin/../lib/gcc/arm-none-eabi/4.6.2/thumb/v7m\libgcc.a(_arm_fixdfsi.o)
                0x0802b790                __aeabi_d2iz
                0x0802b790                __fixdfsi
 *(.text*)
 .text._ZNK5CTask7IsValidEv
                0x0802b7e0       0x24 ./Menue/CMenue.o
                0x0802b7e0                CTask::IsValid() const
 .text._ZN5CTask6DetachEv
                0x0802b804       0x24 ./Menue/CMenue.o
                0x0802b804                CTask::Detach()
 .text._ZN12AManagedTask8OnCreateEPKctm
                0x0802b828       0x20 ./Menue/CMenue.o
                0x0802b828                AManagedTask::OnCreate(char const*, unsigned short, unsigned long)
 .text._ZN5CTask13EnterCriticalEv
                0x0802b848        0xc ./FreeRTOS_EC/Source/AManagedTask.o
                0x0802b848                CTask::EnterCritical()
 .text._ZN5CTask12ExitCriticalEv
                0x0802b854        0xc ./FreeRTOS_EC/Source/AManagedTask.o
                0x0802b854                CTask::ExitCritical()
 .text._ZN12AManagedTask12HardwareInitEv
                0x0802b860       0x18 ./FreeRTOS_EC/Source/AManagedTask.o
                0x0802b860                AManagedTask::HardwareInit()
 .text._ZN9CFreeRTOS15SuspendAllTasksEv
                0x0802b878        0xc ./FreeRTOS_EC/Source/AManagedTask.o
                0x0802b878                CFreeRTOS::SuspendAllTasks()
 .text._ZN9CFreeRTOS14ResumeAllTasksEv
                0x0802b884       0x10 ./FreeRTOS_EC/Source/AManagedTask.o
                0x0802b884                CFreeRTOS::ResumeAllTasks()
 .text._ZN12IFreeRTOSObjC2Ev
                0x0802b894       0x20 ./FreeRTOS_EC/Source/ASyncObject.o
                0x0802b894                IFreeRTOSObj::IFreeRTOSObj()
                0x0802b894                IFreeRTOSObj::IFreeRTOSObj()
 .text._ZN9CFreeRTOS14StartSchedulerEv
                0x0802b8b4        0xc ./main.o
                0x0802b8b4                CFreeRTOS::StartScheduler()
 .text.Reset_Handler
                0x0802b8c0       0x58 ./startup_stm32f4xx.o
                0x0802b8c0                Reset_Handler
 .text.Default_Handler
                0x0802b918        0x2 ./startup_stm32f4xx.o
                0x0802b918                RTC_Alarm_IRQHandler
                0x0802b918                HASH_RNG_IRQHandler
                0x0802b918                EXTI2_IRQHandler
                0x0802b918                TIM8_CC_IRQHandler
                0x0802b918                TIM1_CC_IRQHandler
                0x0802b918                DMA2_Stream5_IRQHandler
                0x0802b918                DMA1_Stream5_IRQHandler
                0x0802b918                PVD_IRQHandler
                0x0802b918                SDIO_IRQHandler
                0x0802b918                TAMP_STAMP_IRQHandler
                0x0802b918                CAN2_RX1_IRQHandler
                0x0802b918                EXTI3_IRQHandler
                0x0802b918                TIM8_TRG_COM_TIM14_IRQHandler
                0x0802b918                TIM1_UP_TIM10_IRQHandler
                0x0802b918                TIM8_UP_TIM13_IRQHandler
                0x0802b918                I2C3_ER_IRQHandler
                0x0802b918                I2C2_EV_IRQHandler
                0x0802b918                DMA1_Stream2_IRQHandler
                0x0802b918                CAN1_RX0_IRQHandler
                0x0802b918                FPU_IRQHandler
                0x0802b918                OTG_HS_WKUP_IRQHandler
                0x0802b918                CAN2_SCE_IRQHandler
                0x0802b918                DMA2_Stream2_IRQHandler
                0x0802b918                SPI1_IRQHandler
                0x0802b918                TIM6_DAC_IRQHandler
                0x0802b918                TIM1_BRK_TIM9_IRQHandler
                0x0802b918                DCMI_IRQHandler
                0x0802b918                CAN2_RX0_IRQHandler
                0x0802b918                DMA2_Stream3_IRQHandler
                0x0802b918                USART6_IRQHandler
                0x0802b918                USART3_IRQHandler
                0x0802b918                CRYP_IRQHandler
                0x0802b918                CAN1_RX1_IRQHandler
                0x0802b918                UART5_IRQHandler
                0x0802b918                DMA2_Stream0_IRQHandler
                0x0802b918                TIM4_IRQHandler
                0x0802b918                I2C1_EV_IRQHandler
                0x0802b918                DMA1_Stream6_IRQHandler
                0x0802b918                DMA1_Stream1_IRQHandler
                0x0802b918                UART4_IRQHandler
                0x0802b918                TIM3_IRQHandler
                0x0802b918                RCC_IRQHandler
                0x0802b918                TIM8_BRK_TIM12_IRQHandler
                0x0802b918                Default_Handler
                0x0802b918                EXTI15_10_IRQHandler
                0x0802b918                ADC_IRQHandler
                0x0802b918                TIM7_IRQHandler
                0x0802b918                CAN2_TX_IRQHandler
                0x0802b918                TIM5_IRQHandler
                0x0802b918                DMA2_Stream7_IRQHandler
                0x0802b918                I2C3_EV_IRQHandler
                0x0802b918                EXTI9_5_IRQHandler
                0x0802b918                RTC_WKUP_IRQHandler
                0x0802b918                ETH_WKUP_IRQHandler
                0x0802b918                SPI2_IRQHandler
                0x0802b918                OTG_HS_EP1_IN_IRQHandler
                0x0802b918                CAN1_TX_IRQHandler
                0x0802b918                EXTI4_IRQHandler
                0x0802b918                FSMC_IRQHandler
                0x0802b918                ETH_IRQHandler
                0x0802b918                OTG_HS_EP1_OUT_IRQHandler
                0x0802b918                WWDG_IRQHandler
                0x0802b918                TIM2_IRQHandler
                0x0802b918                OTG_FS_WKUP_IRQHandler
                0x0802b918                TIM1_TRG_COM_TIM11_IRQHandler
                0x0802b918                OTG_HS_IRQHandler
                0x0802b918                USART2_IRQHandler
                0x0802b918                I2C2_ER_IRQHandler
                0x0802b918                DMA2_Stream1_IRQHandler
                0x0802b918                CAN1_SCE_IRQHandler
                0x0802b918                FLASH_IRQHandler
                0x0802b918                DMA2_Stream4_IRQHandler
                0x0802b918                USART1_IRQHandler
                0x0802b918                DMA1_Stream4_IRQHandler
                0x0802b918                I2C1_ER_IRQHandler
                0x0802b918                DMA2_Stream6_IRQHandler
                0x0802b918                DMA1_Stream3_IRQHandler
 *fill*         0x0802b91a        0x2 00
 .text.__aeabi_atexit
                0x0802b91c        0xc d:/elektronik/ides/eclipse/yagarto/bin/../lib/gcc/arm-none-eabi/4.6.2/../../../../arm-none-eabi/lib/thumb/v7m\libstdc++.a(atexit_arm.o)
                0x0802b91c                __aeabi_atexit
 .text._ZdlPv   0x0802b928        0x8 d:/elektronik/ides/eclipse/yagarto/bin/../lib/gcc/arm-none-eabi/4.6.2/../../../../arm-none-eabi/lib/thumb/v7m\libstdc++.a(del_op.o)
                0x0802b928                operator delete(void*)
 .text.__cxa_pure_virtual
                0x0802b930       0x18 d:/elektronik/ides/eclipse/yagarto/bin/../lib/gcc/arm-none-eabi/4.6.2/../../../../arm-none-eabi/lib/thumb/v7m\libstdc++.a(pure.o)
                0x0802b930                __cxa_pure_virtual
 .text._ZN10__cxxabiv111__terminateEPFvvE
                0x0802b948       0x28 d:/elektronik/ides/eclipse/yagarto/bin/../lib/gcc/arm-none-eabi/4.6.2/../../../../arm-none-eabi/lib/thumb/v7m\libstdc++.a(eh_terminate.o)
                0x0802b948                __cxxabiv1::__terminate(void (*)())
 .text._ZSt9terminatev
                0x0802b970       0x10 d:/elektronik/ides/eclipse/yagarto/bin/../lib/gcc/arm-none-eabi/4.6.2/../../../../arm-none-eabi/lib/thumb/v7m\libstdc++.a(eh_terminate.o)
                0x0802b970                std::terminate()
 .text._ZN10__cxxabiv112__unexpectedEPFvvE
                0x0802b980        0x8 d:/elektronik/ides/eclipse/yagarto/bin/../lib/gcc/arm-none-eabi/4.6.2/../../../../arm-none-eabi/lib/thumb/v7m\libstdc++.a(eh_terminate.o)
                0x0802b980                __cxxabiv1::__unexpected(void (*)())
 .text._ZSt10unexpectedv
                0x0802b988       0x14 d:/elektronik/ides/eclipse/yagarto/bin/../lib/gcc/arm-none-eabi/4.6.2/../../../../arm-none-eabi/lib/thumb/v7m\libstdc++.a(eh_terminate.o)
                0x0802b988                std::unexpected()
 .text._ZN9__gnu_cxx27__verbose_terminate_handlerEv
                0x0802b99c      0x118 d:/elektronik/ides/eclipse/yagarto/bin/../lib/gcc/arm-none-eabi/4.6.2/../../../../arm-none-eabi/lib/thumb/v7m\libstdc++.a(vterminate.o)
                0x0802b99c                __gnu_cxx::__verbose_terminate_handler()
 .text.__cxa_end_cleanup
                0x0802bab4        0xc d:/elektronik/ides/eclipse/yagarto/bin/../lib/gcc/arm-none-eabi/4.6.2/../../../../arm-none-eabi/lib/thumb/v7m\libstdc++.a(eh_arm.o)
                0x0802bab4                __cxa_end_cleanup
 .text.__cxa_type_match
                0x0802bac0       0xe4 d:/elektronik/ides/eclipse/yagarto/bin/../lib/gcc/arm-none-eabi/4.6.2/../../../../arm-none-eabi/lib/thumb/v7m\libstdc++.a(eh_arm.o)
                0x0802bac0                __cxa_type_match
 .text.__cxa_begin_cleanup
                0x0802bba4       0x68 d:/elektronik/ides/eclipse/yagarto/bin/../lib/gcc/arm-none-eabi/4.6.2/../../../../arm-none-eabi/lib/thumb/v7m\libstdc++.a(eh_arm.o)
                0x0802bba4                __cxa_begin_cleanup
 .text.__gnu_end_cleanup
                0x0802bc0c       0x74 d:/elektronik/ides/eclipse/yagarto/bin/../lib/gcc/arm-none-eabi/4.6.2/../../../../arm-none-eabi/lib/thumb/v7m\libstdc++.a(eh_arm.o)
                0x0802bc0c                __gnu_end_cleanup
 .text.__cxa_bad_typeid
                0x0802bc80       0x24 d:/elektronik/ides/eclipse/yagarto/bin/../lib/gcc/arm-none-eabi/4.6.2/../../../../arm-none-eabi/lib/thumb/v7m\libstdc++.a(eh_aux_runtime.o)
                0x0802bc80                __cxa_bad_typeid
 .text.__cxa_call_terminate
                0x0802bca4       0x48 d:/elektronik/ides/eclipse/yagarto/bin/../lib/gcc/arm-none-eabi/4.6.2/../../../../arm-none-eabi/lib/thumb/v7m\libstdc++.a(eh_call.o)
                0x0802bca4                __cxa_call_terminate
 .text.__cxa_call_unexpected
                0x0802bcec      0x11c d:/elektronik/ides/eclipse/yagarto/bin/../lib/gcc/arm-none-eabi/4.6.2/../../../../arm-none-eabi/lib/thumb/v7m\libstdc++.a(eh_call.o)
                0x0802bcec                __cxa_call_unexpected
 .text.__cxa_begin_catch
                0x0802be08       0x88 d:/elektronik/ides/eclipse/yagarto/bin/../lib/gcc/arm-none-eabi/4.6.2/../../../../arm-none-eabi/lib/thumb/v7m\libstdc++.a(eh_catch.o)
                0x0802be08                __cxa_begin_catch
 .text.__cxa_end_catch
                0x0802be90       0x90 d:/elektronik/ides/eclipse/yagarto/bin/../lib/gcc/arm-none-eabi/4.6.2/../../../../arm-none-eabi/lib/thumb/v7m\libstdc++.a(eh_catch.o)
                0x0802be90                __cxa_end_catch
 .text._ZNSt9exceptionD2Ev
                0x0802bf20        0xc d:/elektronik/ides/eclipse/yagarto/bin/../lib/gcc/arm-none-eabi/4.6.2/../../../../arm-none-eabi/lib/thumb/v7m\libstdc++.a(eh_exception.o)
                0x0802bf20                std::exception::~exception()
                0x0802bf20                std::exception::~exception()
 .text._ZNSt13bad_exceptionD2Ev
                0x0802bf2c        0xc d:/elektronik/ides/eclipse/yagarto/bin/../lib/gcc/arm-none-eabi/4.6.2/../../../../arm-none-eabi/lib/thumb/v7m\libstdc++.a(eh_exception.o)
                0x0802bf2c                std::bad_exception::~bad_exception()
                0x0802bf2c                std::bad_exception::~bad_exception()
 .text._ZNKSt9exception4whatEv
                0x0802bf38        0xc d:/elektronik/ides/eclipse/yagarto/bin/../lib/gcc/arm-none-eabi/4.6.2/../../../../arm-none-eabi/lib/thumb/v7m\libstdc++.a(eh_exception.o)
                0x0802bf38                std::exception::what() const
 .text._ZNKSt13bad_exception4whatEv
                0x0802bf44        0xc d:/elektronik/ides/eclipse/yagarto/bin/../lib/gcc/arm-none-eabi/4.6.2/../../../../arm-none-eabi/lib/thumb/v7m\libstdc++.a(eh_exception.o)
                0x0802bf44                std::bad_exception::what() const
 .text._ZNSt13bad_exceptionD0Ev
                0x0802bf50       0x14 d:/elektronik/ides/eclipse/yagarto/bin/../lib/gcc/arm-none-eabi/4.6.2/../../../../arm-none-eabi/lib/thumb/v7m\libstdc++.a(eh_exception.o)
                0x0802bf50                std::bad_exception::~bad_exception()
 .text._ZNSt9exceptionD0Ev
                0x0802bf64       0x14 d:/elektronik/ides/eclipse/yagarto/bin/../lib/gcc/arm-none-eabi/4.6.2/../../../../arm-none-eabi/lib/thumb/v7m\libstdc++.a(eh_exception.o)
                0x0802bf64                std::exception::~exception()
 .text.__cxa_get_globals_fast
                0x0802bf78        0xc d:/elektronik/ides/eclipse/yagarto/bin/../lib/gcc/arm-none-eabi/4.6.2/../../../../arm-none-eabi/lib/thumb/v7m\libstdc++.a(eh_globals.o)
                0x0802bf78                __cxa_get_globals_fast
 .text.__cxa_get_globals
                0x0802bf84        0xc d:/elektronik/ides/eclipse/yagarto/bin/../lib/gcc/arm-none-eabi/4.6.2/../../../../arm-none-eabi/lib/thumb/v7m\libstdc++.a(eh_globals.o)
                0x0802bf84                __cxa_get_globals
 .text._ZL12read_sleb128PKhPl
                0x0802bf90       0x3c d:/elektronik/ides/eclipse/yagarto/bin/../lib/gcc/arm-none-eabi/4.6.2/../../../../arm-none-eabi/lib/thumb/v7m\libstdc++.a(eh_personality.o)
 .text._ZL28read_encoded_value_with_basehjPKhPj
                0x0802bfcc       0xc0 d:/elektronik/ides/eclipse/yagarto/bin/../lib/gcc/arm-none-eabi/4.6.2/../../../../arm-none-eabi/lib/thumb/v7m\libstdc++.a(eh_personality.o)
 .text._ZL21base_of_encoded_valuehP15_Unwind_Context
                0x0802c08c       0x4c d:/elektronik/ides/eclipse/yagarto/bin/../lib/gcc/arm-none-eabi/4.6.2/../../../../arm-none-eabi/lib/thumb/v7m\libstdc++.a(eh_personality.o)
 .text._ZL17parse_lsda_headerP15_Unwind_ContextPKhP16lsda_header_info.constprop.1
                0x0802c0d8       0x8c d:/elektronik/ides/eclipse/yagarto/bin/../lib/gcc/arm-none-eabi/4.6.2/../../../../arm-none-eabi/lib/thumb/v7m\libstdc++.a(eh_personality.o)
 .text.__gxx_personality_v0
                0x0802c164      0x3a8 d:/elektronik/ides/eclipse/yagarto/bin/../lib/gcc/arm-none-eabi/4.6.2/../../../../arm-none-eabi/lib/thumb/v7m\libstdc++.a(eh_personality.o)
                0x0802c164                __gxx_personality_v0
 .text._ZL23__gxx_exception_cleanup19_Unwind_Reason_CodeP21_Unwind_Control_Block
                0x0802c50c       0x4c d:/elektronik/ides/eclipse/yagarto/bin/../lib/gcc/arm-none-eabi/4.6.2/../../../../arm-none-eabi/lib/thumb/v7m\libstdc++.a(eh_throw.o)
 .text.__cxa_throw
                0x0802c558       0x78 d:/elektronik/ides/eclipse/yagarto/bin/../lib/gcc/arm-none-eabi/4.6.2/../../../../arm-none-eabi/lib/thumb/v7m\libstdc++.a(eh_throw.o)
                0x0802c558                __cxa_throw
 .text.__cxa_rethrow
                0x0802c5d0       0x70 d:/elektronik/ides/eclipse/yagarto/bin/../lib/gcc/arm-none-eabi/4.6.2/../../../../arm-none-eabi/lib/thumb/v7m\libstdc++.a(eh_throw.o)
                0x0802c5d0                __cxa_rethrow
 .text.__cxa_current_exception_type
                0x0802c640       0x1c d:/elektronik/ides/eclipse/yagarto/bin/../lib/gcc/arm-none-eabi/4.6.2/../../../../arm-none-eabi/lib/thumb/v7m\libstdc++.a(eh_type.o)
                0x0802c640                __cxa_current_exception_type
 .text._ZN10__cxxabiv123__fundamental_type_infoD2Ev
                0x0802c65c       0x14 d:/elektronik/ides/eclipse/yagarto/bin/../lib/gcc/arm-none-eabi/4.6.2/../../../../arm-none-eabi/lib/thumb/v7m\libstdc++.a(fundamental_type_info.o)
                0x0802c65c                __cxxabiv1::__fundamental_type_info::~__fundamental_type_info()
                0x0802c65c                __cxxabiv1::__fundamental_type_info::~__fundamental_type_info()
 .text._ZN10__cxxabiv123__fundamental_type_infoD0Ev
                0x0802c670       0x1c d:/elektronik/ides/eclipse/yagarto/bin/../lib/gcc/arm-none-eabi/4.6.2/../../../../arm-none-eabi/lib/thumb/v7m\libstdc++.a(fundamental_type_info.o)
                0x0802c670                __cxxabiv1::__fundamental_type_info::~__fundamental_type_info()
 .text._ZNK10__cxxabiv119__pointer_type_info14__is_pointer_pEv
                0x0802c68c        0x4 d:/elektronik/ides/eclipse/yagarto/bin/../lib/gcc/arm-none-eabi/4.6.2/../../../../arm-none-eabi/lib/thumb/v7m\libstdc++.a(pointer_type_info.o)
                0x0802c68c                __cxxabiv1::__pointer_type_info::__is_pointer_p() const
 .text._ZN10__cxxabiv119__pointer_type_infoD2Ev
                0x0802c690       0x14 d:/elektronik/ides/eclipse/yagarto/bin/../lib/gcc/arm-none-eabi/4.6.2/../../../../arm-none-eabi/lib/thumb/v7m\libstdc++.a(pointer_type_info.o)
                0x0802c690                __cxxabiv1::__pointer_type_info::~__pointer_type_info()
                0x0802c690                __cxxabiv1::__pointer_type_info::~__pointer_type_info()
 .text._ZN10__cxxabiv119__pointer_type_infoD0Ev
                0x0802c6a4       0x1c d:/elektronik/ides/eclipse/yagarto/bin/../lib/gcc/arm-none-eabi/4.6.2/../../../../arm-none-eabi/lib/thumb/v7m\libstdc++.a(pointer_type_info.o)
                0x0802c6a4                __cxxabiv1::__pointer_type_info::~__pointer_type_info()
 .text._ZNK10__cxxabiv119__pointer_type_info15__pointer_catchEPKNS_17__pbase_type_infoEPPvj
                0x0802c6c0       0x48 d:/elektronik/ides/eclipse/yagarto/bin/../lib/gcc/arm-none-eabi/4.6.2/../../../../arm-none-eabi/lib/thumb/v7m\libstdc++.a(pointer_type_info.o)
                0x0802c6c0                __cxxabiv1::__pointer_type_info::__pointer_catch(__cxxabiv1::__pbase_type_info const*, void**, unsigned int) const
 .text._ZN10__cxxabiv120__si_class_type_infoD2Ev
                0x0802c708       0x14 d:/elektronik/ides/eclipse/yagarto/bin/../lib/gcc/arm-none-eabi/4.6.2/../../../../arm-none-eabi/lib/thumb/v7m\libstdc++.a(si_class_type_info.o)
                0x0802c708                __cxxabiv1::__si_class_type_info::~__si_class_type_info()
                0x0802c708                __cxxabiv1::__si_class_type_info::~__si_class_type_info()
 .text._ZN10__cxxabiv120__si_class_type_infoD0Ev
                0x0802c71c       0x1c d:/elektronik/ides/eclipse/yagarto/bin/../lib/gcc/arm-none-eabi/4.6.2/../../../../arm-none-eabi/lib/thumb/v7m\libstdc++.a(si_class_type_info.o)
                0x0802c71c                __cxxabiv1::__si_class_type_info::~__si_class_type_info()
 .text._ZNK10__cxxabiv120__si_class_type_info11__do_upcastEPKNS_17__class_type_infoEPKvRNS1_15__upcast_resultE
                0x0802c738       0x28 d:/elektronik/ides/eclipse/yagarto/bin/../lib/gcc/arm-none-eabi/4.6.2/../../../../arm-none-eabi/lib/thumb/v7m\libstdc++.a(si_class_type_info.o)
                0x0802c738                __cxxabiv1::__si_class_type_info::__do_upcast(__cxxabiv1::__class_type_info const*, void const*, __cxxabiv1::__class_type_info::__upcast_result&) const
 .text._ZNK10__cxxabiv120__si_class_type_info12__do_dyncastEiNS_17__class_type_info10__sub_kindEPKS1_PKvS4_S6_RNS1_16__dyncast_resultE
                0x0802c760       0x88 d:/elektronik/ides/eclipse/yagarto/bin/../lib/gcc/arm-none-eabi/4.6.2/../../../../arm-none-eabi/lib/thumb/v7m\libstdc++.a(si_class_type_info.o)
                0x0802c760                __cxxabiv1::__si_class_type_info::__do_dyncast(int, __cxxabiv1::__class_type_info::__sub_kind, __cxxabiv1::__class_type_info const*, void const*, __cxxabiv1::__class_type_info const*, void const*, __cxxabiv1::__class_type_info::__dyncast_result&) const
 .text._ZNK10__cxxabiv120__si_class_type_info20__do_find_public_srcEiPKvPKNS_17__class_type_infoES2_
                0x0802c7e8       0x38 d:/elektronik/ides/eclipse/yagarto/bin/../lib/gcc/arm-none-eabi/4.6.2/../../../../arm-none-eabi/lib/thumb/v7m\libstdc++.a(si_class_type_info.o)
                0x0802c7e8                __cxxabiv1::__si_class_type_info::__do_find_public_src(int, void const*, __cxxabiv1::__class_type_info const*, void const*) const
 .text._ZNSt9type_infoD2Ev
                0x0802c820        0xc d:/elektronik/ides/eclipse/yagarto/bin/../lib/gcc/arm-none-eabi/4.6.2/../../../../arm-none-eabi/lib/thumb/v7m\libstdc++.a(tinfo.o)
                0x0802c820                std::type_info::~type_info()
                0x0802c820                std::type_info::~type_info()
 .text._ZNKSt9type_info14__is_pointer_pEv
                0x0802c82c        0x4 d:/elektronik/ides/eclipse/yagarto/bin/../lib/gcc/arm-none-eabi/4.6.2/../../../../arm-none-eabi/lib/thumb/v7m\libstdc++.a(tinfo.o)
                0x0802c82c                std::type_info::__is_pointer_p() const
 .text._ZNKSt9type_info15__is_function_pEv
                0x0802c830        0x4 d:/elektronik/ides/eclipse/yagarto/bin/../lib/gcc/arm-none-eabi/4.6.2/../../../../arm-none-eabi/lib/thumb/v7m\libstdc++.a(tinfo.o)
                0x0802c830                std::type_info::__is_function_p() const
 .text._ZNKSt9type_info11__do_upcastEPKN10__cxxabiv117__class_type_infoEPPv
                0x0802c834        0x4 d:/elektronik/ides/eclipse/yagarto/bin/../lib/gcc/arm-none-eabi/4.6.2/../../../../arm-none-eabi/lib/thumb/v7m\libstdc++.a(tinfo.o)
                0x0802c834                std::type_info::__do_upcast(__cxxabiv1::__class_type_info const*, void**) const
 .text._ZNSt9type_infoD0Ev
                0x0802c838       0x14 d:/elektronik/ides/eclipse/yagarto/bin/../lib/gcc/arm-none-eabi/4.6.2/../../../../arm-none-eabi/lib/thumb/v7m\libstdc++.a(tinfo.o)
                0x0802c838                std::type_info::~type_info()
 .text._ZNKSt9type_infoeqERKS_
                0x0802c84c       0x38 d:/elektronik/ides/eclipse/yagarto/bin/../lib/gcc/arm-none-eabi/4.6.2/../../../../arm-none-eabi/lib/thumb/v7m\libstdc++.a(tinfo.o)
                0x0802c84c                std::type_info::operator==(std::type_info const&) const
 .text._ZNKSt9type_info10__do_catchEPKS_PPvj
                0x0802c884        0x4 d:/elektronik/ides/eclipse/yagarto/bin/../lib/gcc/arm-none-eabi/4.6.2/../../../../arm-none-eabi/lib/thumb/v7m\libstdc++.a(tinfo.o)
                0x0802c884                std::type_info::__do_catch(std::type_info const*, void**, unsigned int) const
 .text._ZNKSt10bad_typeid4whatEv
                0x0802c888        0xc d:/elektronik/ides/eclipse/yagarto/bin/../lib/gcc/arm-none-eabi/4.6.2/../../../../arm-none-eabi/lib/thumb/v7m\libstdc++.a(bad_typeid.o)
                0x0802c888                std::bad_typeid::what() const
 .text._ZNSt10bad_typeidD2Ev
                0x0802c894       0x14 d:/elektronik/ides/eclipse/yagarto/bin/../lib/gcc/arm-none-eabi/4.6.2/../../../../arm-none-eabi/lib/thumb/v7m\libstdc++.a(bad_typeid.o)
                0x0802c894                std::bad_typeid::~bad_typeid()
                0x0802c894                std::bad_typeid::~bad_typeid()
 .text._ZNSt10bad_typeidD0Ev
                0x0802c8a8       0x1c d:/elektronik/ides/eclipse/yagarto/bin/../lib/gcc/arm-none-eabi/4.6.2/../../../../arm-none-eabi/lib/thumb/v7m\libstdc++.a(bad_typeid.o)
                0x0802c8a8                std::bad_typeid::~bad_typeid()
 .text._ZNK10__cxxabiv117__class_type_info11__do_upcastEPKS0_PPv
                0x0802c8c4       0x38 d:/elektronik/ides/eclipse/yagarto/bin/../lib/gcc/arm-none-eabi/4.6.2/../../../../arm-none-eabi/lib/thumb/v7m\libstdc++.a(class_type_info.o)
                0x0802c8c4                __cxxabiv1::__class_type_info::__do_upcast(__cxxabiv1::__class_type_info const*, void**) const
 .text._ZNK10__cxxabiv117__class_type_info20__do_find_public_srcEiPKvPKS0_S2_
                0x0802c8fc        0xc d:/elektronik/ides/eclipse/yagarto/bin/../lib/gcc/arm-none-eabi/4.6.2/../../../../arm-none-eabi/lib/thumb/v7m\libstdc++.a(class_type_info.o)
                0x0802c8fc                __cxxabiv1::__class_type_info::__do_find_public_src(int, void const*, __cxxabiv1::__class_type_info const*, void const*) const
 .text._ZNK10__cxxabiv117__class_type_info11__do_upcastEPKS0_PKvRNS0_15__upcast_resultE
                0x0802c908       0x1c d:/elektronik/ides/eclipse/yagarto/bin/../lib/gcc/arm-none-eabi/4.6.2/../../../../arm-none-eabi/lib/thumb/v7m\libstdc++.a(class_type_info.o)
                0x0802c908                __cxxabiv1::__class_type_info::__do_upcast(__cxxabiv1::__class_type_info const*, void const*, __cxxabiv1::__class_type_info::__upcast_result&) const
 .text._ZN10__cxxabiv117__class_type_infoD2Ev
                0x0802c924       0x14 d:/elektronik/ides/eclipse/yagarto/bin/../lib/gcc/arm-none-eabi/4.6.2/../../../../arm-none-eabi/lib/thumb/v7m\libstdc++.a(class_type_info.o)
                0x0802c924                __cxxabiv1::__class_type_info::~__class_type_info()
                0x0802c924                __cxxabiv1::__class_type_info::~__class_type_info()
 .text._ZN10__cxxabiv117__class_type_infoD0Ev
                0x0802c938       0x1c d:/elektronik/ides/eclipse/yagarto/bin/../lib/gcc/arm-none-eabi/4.6.2/../../../../arm-none-eabi/lib/thumb/v7m\libstdc++.a(class_type_info.o)
                0x0802c938                __cxxabiv1::__class_type_info::~__class_type_info()
 .text._ZNK10__cxxabiv117__class_type_info12__do_dyncastEiNS0_10__sub_kindEPKS0_PKvS3_S5_RNS0_16__dyncast_resultE
                0x0802c954       0x3c d:/elektronik/ides/eclipse/yagarto/bin/../lib/gcc/arm-none-eabi/4.6.2/../../../../arm-none-eabi/lib/thumb/v7m\libstdc++.a(class_type_info.o)
                0x0802c954                __cxxabiv1::__class_type_info::__do_dyncast(int, __cxxabiv1::__class_type_info::__sub_kind, __cxxabiv1::__class_type_info const*, void const*, __cxxabiv1::__class_type_info const*, void const*, __cxxabiv1::__class_type_info::__dyncast_result&) const
 .text._ZNK10__cxxabiv117__class_type_info10__do_catchEPKSt9type_infoPPvj
                0x0802c990       0x28 d:/elektronik/ides/eclipse/yagarto/bin/../lib/gcc/arm-none-eabi/4.6.2/../../../../arm-none-eabi/lib/thumb/v7m\libstdc++.a(class_type_info.o)
                0x0802c990                __cxxabiv1::__class_type_info::__do_catch(std::type_info const*, void**, unsigned int) const
 .text.__cxa_allocate_exception
                0x0802c9b8       0x64 d:/elektronik/ides/eclipse/yagarto/bin/../lib/gcc/arm-none-eabi/4.6.2/../../../../arm-none-eabi/lib/thumb/v7m\libstdc++.a(eh_alloc.o)
                0x0802c9b8                __cxa_allocate_exception
 .text.__cxa_free_exception
                0x0802ca1c       0x34 d:/elektronik/ides/eclipse/yagarto/bin/../lib/gcc/arm-none-eabi/4.6.2/../../../../arm-none-eabi/lib/thumb/v7m\libstdc++.a(eh_alloc.o)
                0x0802ca1c                __cxa_free_exception
 .text._ZNK10__cxxabiv117__pbase_type_info15__pointer_catchEPKS0_PPvj
                0x0802ca50       0x14 d:/elektronik/ides/eclipse/yagarto/bin/../lib/gcc/arm-none-eabi/4.6.2/../../../../arm-none-eabi/lib/thumb/v7m\libstdc++.a(pbase_type_info.o)
                0x0802ca50                __cxxabiv1::__pbase_type_info::__pointer_catch(__cxxabiv1::__pbase_type_info const*, void**, unsigned int) const
 .text._ZN10__cxxabiv117__pbase_type_infoD2Ev
                0x0802ca64       0x14 d:/elektronik/ides/eclipse/yagarto/bin/../lib/gcc/arm-none-eabi/4.6.2/../../../../arm-none-eabi/lib/thumb/v7m\libstdc++.a(pbase_type_info.o)
                0x0802ca64                __cxxabiv1::__pbase_type_info::~__pbase_type_info()
                0x0802ca64                __cxxabiv1::__pbase_type_info::~__pbase_type_info()
 .text._ZN10__cxxabiv117__pbase_type_infoD0Ev
                0x0802ca78       0x1c d:/elektronik/ides/eclipse/yagarto/bin/../lib/gcc/arm-none-eabi/4.6.2/../../../../arm-none-eabi/lib/thumb/v7m\libstdc++.a(pbase_type_info.o)
                0x0802ca78                __cxxabiv1::__pbase_type_info::~__pbase_type_info()
 .text._ZNK10__cxxabiv117__pbase_type_info10__do_catchEPKSt9type_infoPPvj
                0x0802ca94       0x6c d:/elektronik/ides/eclipse/yagarto/bin/../lib/gcc/arm-none-eabi/4.6.2/../../../../arm-none-eabi/lib/thumb/v7m\libstdc++.a(pbase_type_info.o)
                0x0802ca94                __cxxabiv1::__pbase_type_info::__do_catch(std::type_info const*, void**, unsigned int) const
 *(.rodata)