Archive member included because of file (symbol)

d:/elektronik/ides/eclipse/yagarto/bin/../lib/gcc/arm-none-eabi/4.6.2/../../../../arm-none-eabi/lib/thumb/v7m\libstdc++.a(atexit_arm.o)
                              ./main.o (__aeabi_atexit)
d:/elektronik/ides/eclipse/yagarto/bin/../lib/gcc/arm-none-eabi/4.6.2/../../../../arm-none-eabi/lib/thumb/v7m\libstdc++.a(del_op.o)
                              ./Menue/CMenue.o (operator delete(void*))
d:/elektronik/ides/eclipse/yagarto/bin/../lib/gcc/arm-none-eabi/4.6.2/../../../../arm-none-eabi/lib/thumb/v7m\libstdc++.a(pure.o)
                              ./GraphicLCD/CGraphicLCD.o (__cxa_pure_virtual)
d:/elektronik/ides/eclipse/yagarto/bin/../lib/gcc/arm-none-eabi/4.6.2/../../../../arm-none-eabi/lib/thumb/v7m\libstdc++.a(eh_terminate.o)
                              d:/elektronik/ides/eclipse/yagarto/bin/../lib/gcc/arm-none-eabi/4.6.2/../../../../arm-none-eabi/lib/thumb/v7m\libstdc++.a(pure.o) (std::terminate())
d:/elektronik/ides/eclipse/yagarto/bin/../lib/gcc/arm-none-eabi/4.6.2/../../../../arm-none-eabi/lib/thumb/v7m\libstdc++.a(eh_term_handler.o)
                              d:/elektronik/ides/eclipse/yagarto/bin/../lib/gcc/arm-none-eabi/4.6.2/../../../../arm-none-eabi/lib/thumb/v7m\libstdc++.a(eh_terminate.o) (__cxxabiv1::__terminate_handler)
d:/elektronik/ides/eclipse/yagarto/bin/../lib/gcc/arm-none-eabi/4.6.2/../../../../arm-none-eabi/lib/thumb/v7m\libstdc++.a(eh_unex_handler.o)
                              d:/elektronik/ides/eclipse/yagarto/bin/../lib/gcc/arm-none-eabi/4.6.2/../../../../arm-none-eabi/lib/thumb/v7m\libstdc++.a(eh_terminate.o) (__cxxabiv1::__unexpected_handler)
d:/elektronik/ides/eclipse/yagarto/bin/../lib/gcc/arm-none-eabi/4.6.2/../../../../arm-none-eabi/lib/thumb/v7m\libstdc++.a(vterminate.o)
                              d:/elektronik/ides/eclipse/yagarto/bin/../lib/gcc/arm-none-eabi/4.6.2/../../../../arm-none-eabi/lib/thumb/v7m\libstdc++.a(eh_term_handler.o) (__gnu_cxx::__verbose_terminate_handler())
d:/elektronik/ides/eclipse/yagarto/bin/../lib/gcc/arm-none-eabi/4.6.2/../../../../arm-none-eabi/lib/thumb/v7m\libstdc++.a(cp-demangle.o)
                              d:/elektronik/ides/eclipse/yagarto/bin/../lib/gcc/arm-none-eabi/4.6.2/../../../../arm-none-eabi/lib/thumb/v7m\libstdc++.a(vterminate.o) (__cxa_demangle)
d:/elektronik/ides/eclipse/yagarto/bin/../lib/gcc/arm-none-eabi/4.6.2/../../../../arm-none-eabi/lib/thumb/v7m\libstdc++.a(eh_arm.o)
                              d:/elektronik/ides/eclipse/yagarto/bin/../lib/gcc/arm-none-eabi/4.6.2/../../../../arm-none-eabi/lib/thumb/v7m\libstdc++.a(eh_terminate.o) (__cxa_end_cleanup)
d:/elektronik/ides/eclipse/yagarto/bin/../lib/gcc/arm-none-eabi/4.6.2/../../../../arm-none-eabi/lib/thumb/v7m\libstdc++.a(eh_aux_runtime.o)
                              d:/elektronik/ides/eclipse/yagarto/bin/../lib/gcc/arm-none-eabi/4.6.2/../../../../arm-none-eabi/lib/thumb/v7m\libstdc++.a(eh_arm.o) (__cxa_bad_typeid)
d:/elektronik/ides/eclipse/yagarto/bin/../lib/gcc/arm-none-eabi/4.6.2/../../../../arm-none-eabi/lib/thumb/v7m\libstdc++.a(eh_call.o)
                              d:/elektronik/ides/eclipse/yagarto/bin/../lib/gcc/arm-none-eabi/4.6.2/../../../../arm-none-eabi/lib/thumb/v7m\libstdc++.a(eh_terminate.o) (__cxa_call_unexpected)
d:/elektronik/ides/eclipse/yagarto/bin/../lib/gcc/arm-none-eabi/4.6.2/../../../../arm-none-eabi/lib/thumb/v7m\libstdc++.a(eh_catch.o)
                              d:/elektronik/ides/eclipse/yagarto/bin/../lib/gcc/arm-none-eabi/4.6.2/../../../../arm-none-eabi/lib/thumb/v7m\libstdc++.a(eh_terminate.o) (__cxa_begin_catch)
d:/elektronik/ides/eclipse/yagarto/bin/../lib/gcc/arm-none-eabi/4.6.2/../../../../arm-none-eabi/lib/thumb/v7m\libstdc++.a(eh_exception.o)
                              d:/elektronik/ides/eclipse/yagarto/bin/../lib/gcc/arm-none-eabi/4.6.2/../../../../arm-none-eabi/lib/thumb/v7m\libstdc++.a(vterminate.o) (typeinfo for std::exception)
d:/elektronik/ides/eclipse/yagarto/bin/../lib/gcc/arm-none-eabi/4.6.2/../../../../arm-none-eabi/lib/thumb/v7m\libstdc++.a(eh_globals.o)
                              d:/elektronik/ides/eclipse/yagarto/bin/../lib/gcc/arm-none-eabi/4.6.2/../../../../arm-none-eabi/lib/thumb/v7m\libstdc++.a(eh_call.o) (__cxa_get_globals_fast)
d:/elektronik/ides/eclipse/yagarto/bin/../lib/gcc/arm-none-eabi/4.6.2/../../../../arm-none-eabi/lib/thumb/v7m\libstdc++.a(eh_personality.o)
                              d:/elektronik/ides/eclipse/yagarto/bin/../lib/gcc/arm-none-eabi/4.6.2/../../../../arm-none-eabi/lib/thumb/v7m\libstdc++.a(eh_terminate.o) (__gxx_personality_v0)
d:/elektronik/ides/eclipse/yagarto/bin/../lib/gcc/arm-none-eabi/4.6.2/../../../../arm-none-eabi/lib/thumb/v7m\libstdc++.a(eh_throw.o)
                              d:/elektronik/ides/eclipse/yagarto/bin/../lib/gcc/arm-none-eabi/4.6.2/../../../../arm-none-eabi/lib/thumb/v7m\libstdc++.a(eh_aux_runtime.o) (__cxa_throw)
[...]
Memory Configuration

Name             Origin             Length             Attributes
FLASH            0x08000000         0x00100000         xr
RAM              0x20000000         0x00020000         xrw
MEMORY_B1        0x60000000         0x00000000         xr
*default*        0x00000000         0xffffffff

Linker script and memory map

LOAD d:/elektronik/ides/eclipse/yagarto/bin/../lib/gcc/arm-none-eabi/4.6.2/thumb/v7m/crti.o
LOAD d:/elektronik/ides/eclipse/yagarto/bin/../lib/gcc/arm-none-eabi/4.6.2/thumb/v7m/crtbegin.o
LOAD d:/elektronik/ides/eclipse/yagarto/bin/../lib/gcc/arm-none-eabi/4.6.2/../../../../arm-none-eabi/lib/thumb/v7m/crt0.o
LOAD ./STM32F4xx_StdPeriph_Driver/src/misc.o
LOAD ./STM32F4xx_StdPeriph_Driver/src/stm32f4xx_adc.o
LOAD ./STM32F4xx_StdPeriph_Driver/src/stm32f4xx_can.o
LOAD ./STM32F4xx_StdPeriph_Driver/src/stm32f4xx_crc.o
LOAD ./STM32F4xx_StdPeriph_Driver/src/stm32f4xx_cryp.o
LOAD ./STM32F4xx_StdPeriph_Driver/src/stm32f4xx_cryp_aes.o
LOAD ./STM32F4xx_StdPeriph_Driver/src/stm32f4xx_cryp_des.o
LOAD ./STM32F4xx_StdPeriph_Driver/src/stm32f4xx_cryp_tdes.o
LOAD ./STM32F4xx_StdPeriph_Driver/src/stm32f4xx_dac.o
LOAD ./STM32F4xx_StdPeriph_Driver/src/stm32f4xx_dbgmcu.o
LOAD ./STM32F4xx_StdPeriph_Driver/src/stm32f4xx_dcmi.o
LOAD ./STM32F4xx_StdPeriph_Driver/src/stm32f4xx_dma.o
LOAD ./STM32F4xx_StdPeriph_Driver/src/stm32f4xx_exti.o
LOAD ./STM32F4xx_StdPeriph_Driver/src/stm32f4xx_flash.o
LOAD ./STM32F4xx_StdPeriph_Driver/src/stm32f4xx_fsmc.o
LOAD ./STM32F4xx_StdPeriph_Driver/src/stm32f4xx_gpio.o
LOAD ./STM32F4xx_StdPeriph_Driver/src/stm32f4xx_hash.o
LOAD ./STM32F4xx_StdPeriph_Driver/src/stm32f4xx_hash_md5.o
LOAD ./STM32F4xx_StdPeriph_Driver/src/stm32f4xx_hash_sha1.o
LOAD ./STM32F4xx_StdPeriph_Driver/src/stm32f4xx_i2c.o
LOAD ./STM32F4xx_StdPeriph_Driver/src/stm32f4xx_iwdg.o
LOAD ./STM32F4xx_StdPeriph_Driver/src/stm32f4xx_pwr.o
LOAD ./STM32F4xx_StdPeriph_Driver/src/stm32f4xx_rcc.o
LOAD ./STM32F4xx_StdPeriph_Driver/src/stm32f4xx_rng.o
LOAD ./STM32F4xx_StdPeriph_Driver/src/stm32f4xx_rtc.o
LOAD ./STM32F4xx_StdPeriph_Driver/src/stm32f4xx_sdio.o
LOAD ./STM32F4xx_StdPeriph_Driver/src/stm32f4xx_spi.o
LOAD ./STM32F4xx_StdPeriph_Driver/src/stm32f4xx_syscfg.o
LOAD ./STM32F4xx_StdPeriph_Driver/src/stm32f4xx_tim.o
LOAD ./STM32F4xx_StdPeriph_Driver/src/stm32f4xx_usart.o
LOAD ./STM32F4xx_StdPeriph_Driver/src/stm32f4xx_wwdg.o
LOAD ./STM32F4-Discovery/stm32f4_discovery.o
LOAD ./STM32F4-Discovery/stm32f4_discovery_audio_codec.o
LOAD ./STM32F4-Discovery/stm32f4_discovery_lis302dl.o
LOAD ./Menue/CMenue.o
LOAD ./GraphicLCD/CGraphicLCD.o
LOAD ./GraphicLCD/CT6963CDriver.o
LOAD ./GraphicLCD/CT6963GPIOInterface.o
LOAD ./GraphicLCD/SansSerif12.o
LOAD ./FreeRTOS_EC/Source/AManagedTask.o
LOAD ./FreeRTOS_EC/Source/ASyncObject.o
LOAD ./FreeRTOS_EC/Source/ATimer.o
LOAD ./FreeRTOS_EC/Source/CBinarySemaphore.o
LOAD ./FreeRTOS_EC/Source/CCountingSemaphore.o
LOAD ./FreeRTOS_EC/Source/CFreeRTOS.o
LOAD ./FreeRTOS_EC/Source/CMessageTask.o
LOAD ./FreeRTOS_EC/Source/CMutex.o
LOAD ./FreeRTOS_EC/Source/CQueue.o
LOAD ./FreeRTOS_EC/Source/CRecursiveMutex.o
LOAD ./FreeRTOS_EC/Source/CTask.o
LOAD ./FreeRTOS/Source/portable/GCC/ARM_CM4F/port.o
LOAD ./FreeRTOS/Source/croutine.o
LOAD ./FreeRTOS/Source/list.o
LOAD ./FreeRTOS/Source/queue.o
LOAD ./FreeRTOS/Source/tasks.o
LOAD ./FreeRTOS/Source/timers.o
LOAD ./CLedHeartBeatSTM32F4Disc.o
LOAD ./main.o
LOAD ./startup_stm32f4xx.o
LOAD ./stm32f4xx_it.o
LOAD ./syscalls.o
LOAD ./system_stm32f4xx.o
LOAD ./ustime.o
LOAD d:/elektronik/ides/eclipse/yagarto/bin/../lib/gcc/arm-none-eabi/4.6.2/../../../../arm-none-eabi/lib/thumb/v7m\libstdc++.a
LOAD d:/elektronik/ides/eclipse/yagarto/bin/../lib/gcc/arm-none-eabi/4.6.2/../../../../arm-none-eabi/lib/thumb/v7m\libm.a
START GROUP
LOAD d:/elektronik/ides/eclipse/yagarto/bin/../lib/gcc/arm-none-eabi/4.6.2/thumb/v7m\libgcc.a
LOAD d:/elektronik/ides/eclipse/yagarto/bin/../lib/gcc/arm-none-eabi/4.6.2/../../../../arm-none-eabi/lib/thumb/v7m\libg.a
LOAD d:/elektronik/ides/eclipse/yagarto/bin/../lib/gcc/arm-none-eabi/4.6.2/../../../../arm-none-eabi/lib/thumb/v7m\libc.a
END GROUP
LOAD d:/elektronik/ides/eclipse/yagarto/bin/../lib/gcc/arm-none-eabi/4.6.2/thumb/v7m/crtend.o
LOAD d:/elektronik/ides/eclipse/yagarto/bin/../lib/gcc/arm-none-eabi/4.6.2/thumb/v7m/crtn.o
                0x20020000                _estack = 0x20020000
                0x00000000                _Min_Heap_Size = 0x0
                0x00000400                _Min_Stack_Size = 0x400

.isr_vector     0x08000000      0x188
                0x08000000                . = ALIGN (0x4)
 *(.isr_vector)
 .isr_vector    0x08000000      0x188 ./startup_stm32f4xx.o
                0x08000000                g_pfnVectors
                0x08000188                . = ALIGN (0x4)

.text           0x08000188    0x13d74
                0x08000188                . = ALIGN (0x4)
 *(.text)
 .text          0x08000188       0x54 d:/elektronik/ides/eclipse/yagarto/bin/../lib/gcc/arm-none-eabi/4.6.2/thumb/v7m/crtbegin.o
 .text          0x080001dc     0x58f8 d:/elektronik/ides/eclipse/yagarto/bin/../lib/gcc/arm-none-eabi/4.6.2/../../../../arm-none-eabi/lib/thumb/v7m\libstdc++.a(cp-demangle.o)
                0x080059a4                __cxa_demangle
                0x08005a88                __gcclibcxx_demangle_callback
 .text          0x08005ad4      0xa10 d:/elektronik/ides/eclipse/yagarto/bin/../lib/gcc/arm-none-eabi/4.6.2/thumb/v7m\libgcc.a(unwind-arm.o)
                0x08005d90                _Unwind_VRS_Get
                0x08005ddc                _Unwind_VRS_Set
                0x080060f0                __aeabi_unwind_cpp_pr2
                0x080060f4                __aeabi_unwind_cpp_pr1
                0x080060f8                __aeabi_unwind_cpp_pr0
                0x080060fc                _Unwind_VRS_Pop
                0x0800638c                _Unwind_GetCFA
                0x08006390                __gnu_Unwind_RaiseException
                0x080063f0                __gnu_Unwind_ForcedUnwind
                0x08006404                __gnu_Unwind_Resume
                0x08006440                __gnu_Unwind_Resume_or_Rethrow
                0x08006450                _Unwind_Complete
                0x08006454                _Unwind_DeleteException
                0x08006464                __gnu_Unwind_Backtrace
 .text          0x080064e4      0x1ac d:/elektronik/ides/eclipse/yagarto/bin/../lib/gcc/arm-none-eabi/4.6.2/thumb/v7m\libgcc.a(libunwind.o)
                0x080064e4                __restore_core_regs
                0x080064e4                restore_core_regs
                0x080064fc                __gnu_Unwind_Restore_VFP
                0x08006504                __gnu_Unwind_Save_VFP
                0x0800650c                __gnu_Unwind_Restore_VFP_D
                0x08006514                __gnu_Unwind_Save_VFP_D
                0x0800651c                __gnu_Unwind_Restore_VFP_D_16_to_31
                0x08006524                __gnu_Unwind_Save_VFP_D_16_to_31
                0x0800652c                __gnu_Unwind_Restore_WMMXD
                0x08006570                __gnu_Unwind_Save_WMMXD
                0x080065b4                __gnu_Unwind_Restore_WMMXC
                0x080065c8                __gnu_Unwind_Save_WMMXC
                0x080065dc                ___Unwind_RaiseException
                0x080065dc                _Unwind_RaiseException
                0x08006600                _Unwind_Resume
                0x08006600                ___Unwind_Resume
                0x08006624                _Unwind_Resume_or_Rethrow
                0x08006624                ___Unwind_Resume_or_Rethrow
                0x08006648                _Unwind_ForcedUnwind
                0x08006648                ___Unwind_ForcedUnwind
                0x0800666c                ___Unwind_Backtrace
                0x0800666c                _Unwind_Backtrace
 .text          0x08006690      0x3d4 d:/elektronik/ides/eclipse/yagarto/bin/../lib/gcc/arm-none-eabi/4.6.2/thumb/v7m\libgcc.a(pr-support.o)
                0x080066e4                __gnu_unwind_execute
                0x08006a08                __gnu_unwind_frame
                0x08006a34                _Unwind_GetRegionStart
                0x08006a40                _Unwind_GetLanguageSpecificData
                0x08006a54                _Unwind_GetDataRelBase
                0x08006a5c                _Unwind_GetTextRelBase
 .text          0x08006a64       0x10 d:/elektronik/ides/eclipse/yagarto/bin/../lib/gcc/arm-none-eabi/4.6.2/../../../../arm-none-eabi/lib/thumb/v7m\libg.a(lib_a-abort.o)
                0x08006a64                abort
 .text          0x08006a74       0x48 d:/elektronik/ides/eclipse/yagarto/bin/../lib/gcc/arm-none-eabi/4.6.2/../../../../arm-none-eabi/lib/thumb/v7m\libg.a(lib_a-assert.o)
                0x08006a74                __assert_func
                0x08006ab0                __assert
 .text          0x08006abc       0x14 d:/elektronik/ides/eclipse/yagarto/bin/../lib/gcc/arm-none-eabi/4.6.2/../../../../arm-none-eabi/lib/thumb/v7m\libg.a(lib_a-cxa_atexit.o)
                0x08006abc                __cxa_atexit
 .text          0x08006ad0       0x4c d:/elektronik/ides/eclipse/yagarto/bin/../lib/gcc/arm-none-eabi/4.6.2/../../../../arm-none-eabi/lib/thumb/v7m\libg.a(lib_a-fiprintf.o)
                0x08006ad0                _fiprintf_r
                0x08006af0                fiprintf
 .text          0x08006b1c       0x4c d:/elektronik/ides/eclipse/yagarto/bin/../lib/gcc/arm-none-eabi/4.6.2/../../../../arm-none-eabi/lib/thumb/v7m\libg.a(lib_a-fputc.o)
                0x08006b1c                _fputc_r
                0x08006b40                fputc
 .text          0x08006b68       0x60 d:/elektronik/ides/eclipse/yagarto/bin/../lib/gcc/arm-none-eabi/4.6.2/../../../../arm-none-eabi/lib/thumb/v7m\libg.a(lib_a-fputs.o)
                0x08006b68                _fputs_r
                0x08006bb8                fputs
 .text          0x08006bc8      0x334 d:/elektronik/ides/eclipse/yagarto/bin/../lib/gcc/arm-none-eabi/4.6.2/../../../../arm-none-eabi/lib/thumb/v7m\libg.a(lib_a-fvwrite.o)
                0x08006bc8                __sfvwrite_r
 .text          0x08006efc       0x94 d:/elektronik/ides/eclipse/yagarto/bin/../lib/gcc/arm-none-eabi/4.6.2/../../../../arm-none-eabi/lib/thumb/v7m\libg.a(lib_a-fwrite.o)
                0x08006efc                _fwrite_r
                0x08006f68                fwrite
 .text          0x08006f90       0x48 d:/elektronik/ides/eclipse/yagarto/bin/../lib/gcc/arm-none-eabi/4.6.2/../../../../arm-none-eabi/lib/thumb/v7m\libg.a(lib_a-init.o)
                0x08006f90                __libc_init_array
 .text          0x08006fd8       0x20 d:/elektronik/ides/eclipse/yagarto/bin/../lib/gcc/arm-none-eabi/4.6.2/../../../../arm-none-eabi/lib/thumb/v7m\libg.a(lib_a-malloc.o)
                0x08006fd8                malloc
                0x08006fe8                free
 .text          0x08006ff8      0x564 d:/elektronik/ides/eclipse/yagarto/bin/../lib/gcc/arm-none-eabi/4.6.2/../../../../arm-none-eabi/lib/thumb/v7m\libg.a(lib_a-mallocr.o)
                0x08006ff8                _malloc_r
 .text          0x0800755c       0x88 d:/elektronik/ides/eclipse/yagarto/bin/../lib/gcc/arm-none-eabi/4.6.2/../../../../arm-none-eabi/lib/thumb/v7m\libg.a(lib_a-memchr.o)
                0x0800755c                memchr
 .text          0x080075e4       0x60 d:/elektronik/ides/eclipse/yagarto/bin/../lib/gcc/arm-none-eabi/4.6.2/../../../../arm-none-eabi/lib/thumb/v7m\libg.a(lib_a-memcmp.o)
                0x080075e4                memcmp
 .text          0x08007644       0x84 d:/elektronik/ides/eclipse/yagarto/bin/../lib/gcc/arm-none-eabi/4.6.2/../../../../arm-none-eabi/lib/thumb/v7m\libg.a(lib_a-memcpy.o)
                0x08007644                memcpy
 .text          0x080076c8       0xc8 d:/elektronik/ides/eclipse/yagarto/bin/../lib/gcc/arm-none-eabi/4.6.2/../../../../arm-none-eabi/lib/thumb/v7m\libg.a(lib_a-memmove.o)
                0x080076c8                memmove
 .text          0x08007790       0x94 d:/elektronik/ides/eclipse/yagarto/bin/../lib/gcc/arm-none-eabi/4.6.2/../../../../arm-none-eabi/lib/thumb/v7m\libg.a(lib_a-memset.o)
                0x08007790                memset
 .text          0x08007824       0xc8 d:/elektronik/ides/eclipse/yagarto/bin/../lib/gcc/arm-none-eabi/4.6.2/../../../../arm-none-eabi/lib/thumb/v7m\libg.a(lib_a-putc.o)
                0x08007824                _putc_r
                0x08007884                putc
 .text          0x080078ec       0x14 d:/elektronik/ides/eclipse/yagarto/bin/../lib/gcc/arm-none-eabi/4.6.2/../../../../arm-none-eabi/lib/thumb/v7m\libg.a(lib_a-realloc.o)
                0x080078ec                realloc
 .text          0x08007900      0x410 d:/elektronik/ides/eclipse/yagarto/bin/../lib/gcc/arm-none-eabi/4.6.2/../../../../arm-none-eabi/lib/thumb/v7m\libg.a(lib_a-reallocr.o)
                0x08007900                _realloc_r
 .text          0x08007d10      0x158 d:/elektronik/ides/eclipse/yagarto/bin/../lib/gcc/arm-none-eabi/4.6.2/../../../../arm-none-eabi/lib/thumb/v7m\libg.a(lib_a-signal.o)
                0x08007d10                _init_signal_r
                0x08007d44                _signal_r
                0x08007d84                _raise_r
                0x08007ddc                __sigtramp_r
                0x08007e2c                raise
                0x08007e3c                signal
                0x08007e4c                _init_signal
                0x08007e58                __sigtramp
 .text          0x08007e68       0x94 d:/elektronik/ides/eclipse/yagarto/bin/../lib/gcc/arm-none-eabi/4.6.2/../../../../arm-none-eabi/lib/thumb/v7m\libg.a(lib_a-sprintf.o)
                0x08007e68                _sprintf_r
                0x08007eac                sprintf
 .text          0x08007efc      0x1dc d:/elektronik/ides/eclipse/yagarto/bin/../lib/gcc/arm-none-eabi/4.6.2/../../../../arm-none-eabi/lib/thumb/v7m\libg.a(lib_a-strcmp.o)
                0x08007efc                strcmp
 .text          0x080080d8       0xbc d:/elektronik/ides/eclipse/yagarto/bin/../lib/gcc/arm-none-eabi/4.6.2/../../../../arm-none-eabi/lib/thumb/v7m\libg.a(lib_a-strcpy.o)
                0x080080d8                strcpy
 .text          0x08008194       0x60 d:/elektronik/ides/eclipse/yagarto/bin/../lib/gcc/arm-none-eabi/4.6.2/../../../../arm-none-eabi/lib/thumb/v7m\libg.a(lib_a-strlen.o)
                0x08008194                strlen
 .text          0x080081f4       0xa8 d:/elektronik/ides/eclipse/yagarto/bin/../lib/gcc/arm-none-eabi/4.6.2/../../../../arm-none-eabi/lib/thumb/v7m\libg.a(lib_a-strncmp.o)
                0x080081f4                strncmp
 .text          0x0800829c       0x70 d:/elektronik/ides/eclipse/yagarto/bin/../lib/gcc/arm-none-eabi/4.6.2/../../../../arm-none-eabi/lib/thumb/v7m\libg.a(lib_a-strncpy.o)
                0x0800829c                strncpy
 .text          0x0800830c     0x1314 d:/elektronik/ides/eclipse/yagarto/bin/../lib/gcc/arm-none-eabi/4.6.2/../../../../arm-none-eabi/lib/thumb/v7m\libg.a(lib_a-svfprintf.o)
                0x0800830c                _svfprintf_r
 .text          0x08009620       0x1c d:/elektronik/ides/eclipse/yagarto/bin/../lib/gcc/arm-none-eabi/4.6.2/../../../../arm-none-eabi/lib/thumb/v7m\libg.a(lib_a-syswrite.o)
                0x08009620                write
 .text          0x0800963c      0xb54 d:/elektronik/ides/eclipse/yagarto/bin/../lib/gcc/arm-none-eabi/4.6.2/../../../../arm-none-eabi/lib/thumb/v7m\libg.a(lib_a-vfiprintf.o)
                0x0800963c                __sprint_r
                0x080096bc                _vfiprintf_r
                0x0800a174                vfiprintf
 .text          0x0800a190       0xc8 d:/elektronik/ides/eclipse/yagarto/bin/../lib/gcc/arm-none-eabi/4.6.2/../../../../arm-none-eabi/lib/thumb/v7m\libg.a(lib_a-wbuf.o)
                0x0800a190                __swbuf_r
                0x0800a248                __swbuf
 .text          0x0800a258       0xb8 d:/elektronik/ides/eclipse/yagarto/bin/../lib/gcc/arm-none-eabi/4.6.2/../../../../arm-none-eabi/lib/thumb/v7m\libg.a(lib_a-wsetup.o)
                0x0800a258                __swsetup_r
 .text          0x0800a310       0xb0 d:/elektronik/ides/eclipse/yagarto/bin/../lib/gcc/arm-none-eabi/4.6.2/../../../../arm-none-eabi/lib/thumb/v7m\libg.a(lib_a-__atexit.o)
                0x0800a310                __register_exitproc
 .text          0x0800a3c0     0x1040 d:/elektronik/ides/eclipse/yagarto/bin/../lib/gcc/arm-none-eabi/4.6.2/../../../../arm-none-eabi/lib/thumb/v7m\libg.a(lib_a-dtoa.o)
                0x0800a504                _dtoa_r
 .text          0x0800b400      0x1a4 d:/elektronik/ides/eclipse/yagarto/bin/../lib/gcc/arm-none-eabi/4.6.2/../../../../arm-none-eabi/lib/thumb/v7m\libg.a(lib_a-fflush.o)
                0x0800b400                _fflush_r
                0x0800b584                fflush
 .text          0x0800b5a4      0x1c4 d:/elektronik/ides/eclipse/yagarto/bin/../lib/gcc/arm-none-eabi/4.6.2/../../../../arm-none-eabi/lib/thumb/v7m\libg.a(lib_a-findfp.o)
                0x0800b5ac                _cleanup_r
                0x0800b60c                __sfmoreglue
                0x0800b638                _cleanup
                0x0800b644                __sinit
                0x0800b68c                __sfp
                0x0800b728                __sfp_lock_acquire
                0x0800b72c                __sfp_lock_release
                0x0800b730                __sinit_lock_acquire
                0x0800b734                __sinit_lock_release
                0x0800b738                __fp_lock_all
                0x0800b750                __fp_unlock_all
 .text          0x0800b768      0x104 d:/elektronik/ides/eclipse/yagarto/bin/../lib/gcc/arm-none-eabi/4.6.2/../../../../arm-none-eabi/lib/thumb/v7m\libg.a(lib_a-fputwc.o)
                0x0800b768                _fputwc_r
                0x0800b848                fputwc
 .text          0x0800b86c      0x224 d:/elektronik/ides/eclipse/yagarto/bin/../lib/gcc/arm-none-eabi/4.6.2/../../../../arm-none-eabi/lib/thumb/v7m\libg.a(lib_a-freer.o)
                0x0800b86c                _malloc_trim_r
                0x0800b90c                _free_r
 .text          0x0800ba90       0xa0 d:/elektronik/ides/eclipse/yagarto/bin/../lib/gcc/arm-none-eabi/4.6.2/../../../../arm-none-eabi/lib/thumb/v7m\libg.a(lib_a-fwalk.o)
                0x0800ba90                _fwalk
                0x0800badc                _fwalk_reent
 .text          0x0800bb30       0x88 d:/elektronik/ides/eclipse/yagarto/bin/../lib/gcc/arm-none-eabi/4.6.2/../../../../arm-none-eabi/lib/thumb/v7m\libg.a(lib_a-locale.o)
                0x0800bb30                _setlocale_r
                0x0800bb74                __locale_charset
                0x0800bb80                __locale_mb_cur_max
                0x0800bb8c                __locale_msgcharset
                0x0800bb94                __locale_cjk_lang
                0x0800bb98                _localeconv_r
                0x0800bba0                setlocale
                0x0800bbb0                localeconv
 .text          0x0800bbb8       0xe4 d:/elektronik/ides/eclipse/yagarto/bin/../lib/gcc/arm-none-eabi/4.6.2/../../../../arm-none-eabi/lib/thumb/v7m\libg.a(lib_a-makebuf.o)
                0x0800bbb8                __smakebuf_r
 .text          0x0800bc9c      0x8c8 d:/elektronik/ides/eclipse/yagarto/bin/../lib/gcc/arm-none-eabi/4.6.2/../../../../arm-none-eabi/lib/thumb/v7m\libg.a(lib_a-mprec.o)
                0x0800bc9c                _Balloc
                0x0800bce8                _Bfree
                0x0800bcfc                __multadd
                0x0800bd80                __s2b
                0x0800be14                __hi0bits
                0x0800be50                __lo0bits
                0x0800beac                __i2b
                0x0800bec0                __multiply
                0x0800bff8                __pow5mult
                0x0800c090                __lshift
                0x0800c150                __mcmp
                0x0800c190                __mdiff
                0x0800c274                __ulp
                0x0800c2b8                __b2d
                0x0800c364                __d2b
                0x0800c42c                __ratio
                0x0800c488                _mprec_log10
                0x0800c4bc                __copybits
                0x0800c504                __any_on
 .text          0x0800c564       0x90 d:/elektronik/ides/eclipse/yagarto/bin/../lib/gcc/arm-none-eabi/4.6.2/../../../../arm-none-eabi/lib/thumb/v7m\libg.a(lib_a-s_fpclassify.o)
                0x0800c564                __fpclassifyd
 .text          0x0800c5f4       0x8c d:/elektronik/ides/eclipse/yagarto/bin/../lib/gcc/arm-none-eabi/4.6.2/../../../../arm-none-eabi/lib/thumb/v7m\libg.a(lib_a-stdio.o)
                0x0800c5f4                __sread
                0x0800c618                __seofread
                0x0800c61c                __swrite
                0x0800c654                __sseek
                0x0800c678                __sclose
 .text          0x0800c680      0xa00 d:/elektronik/ides/eclipse/yagarto/bin/../lib/gcc/arm-none-eabi/4.6.2/../../../../arm-none-eabi/lib/thumb/v7m\libg.a(lib_a-svfiprintf.o)
                0x0800c680                __ssprint_r
                0x0800c798                _svfiprintf_r
 .text          0x0800d080       0xac d:/elektronik/ides/eclipse/yagarto/bin/../lib/gcc/arm-none-eabi/4.6.2/../../../../arm-none-eabi/lib/thumb/v7m\libg.a(lib_a-wcrtomb.o)
                0x0800d080                _wcrtomb_r
                0x0800d0cc                wcrtomb
 .text          0x0800d12c       0x4c d:/elektronik/ides/eclipse/yagarto/bin/../lib/gcc/arm-none-eabi/4.6.2/../../../../arm-none-eabi/lib/thumb/v7m\libg.a(lib_a-wctomb_r.o)
                0x0800d12c                __ascii_wctomb
                0x0800d148                _wctomb_r
 .text          0x0800d178       0x60 d:/elektronik/ides/eclipse/yagarto/bin/../lib/gcc/arm-none-eabi/4.6.2/../../../../arm-none-eabi/lib/thumb/v7m\libg.a(lib_a-callocr.o)
                0x0800d178                _calloc_r
 .text          0x0800d1d8       0x9c d:/elektronik/ides/eclipse/yagarto/bin/../lib/gcc/arm-none-eabi/4.6.2/../../../../arm-none-eabi/lib/thumb/v7m\libg.a(lib_a-fclose.o)
                0x0800d1d8                _fclose_r
                0x0800d264                fclose
 *fill*         0x0800d274        0x4 00
 .text          0x0800d278      0x278 d:/elektronik/ides/eclipse/yagarto/bin/../lib/gcc/arm-none-eabi/4.6.2/thumb/v7m\libgcc.a(_udivsi3.o)
                0x0800d278                __aeabi_uidiv
                0x0800d278                __udivsi3
                0x0800d4d4                __aeabi_uidivmod
 .text          0x0800d4f0        0x4 d:/elektronik/ides/eclipse/yagarto/bin/../lib/gcc/arm-none-eabi/4.6.2/thumb/v7m\libgcc.a(_dvmd_tls.o)
                0x0800d4f0                __aeabi_idiv0
                0x0800d4f0                __aeabi_ldiv0
 .text          0x0800d4f4      0x370 d:/elektronik/ides/eclipse/yagarto/bin/../lib/gcc/arm-none-eabi/4.6.2/thumb/v7m\libgcc.a(_arm_addsubdf3.o)
                0x0800d4f4                __aeabi_drsub
                0x0800d4fc                __aeabi_dsub
                0x0800d4fc                __subdf3
                0x0800d500                __aeabi_dadd
                0x0800d500                __adddf3
                0x0800d778                __floatunsidf
                0x0800d778                __aeabi_ui2d
                0x0800d798                __floatsidf
                0x0800d798                __aeabi_i2d
                0x0800d7bc                __aeabi_f2d
                0x0800d7bc                __extendsfdf2
                0x0800d7f8                __floatundidf
                0x0800d7f8                __aeabi_ul2d
                0x0800d808                __floatdidf
                0x0800d808                __aeabi_l2d
 .text          0x0800d864      0x424 d:/elektronik/ides/eclipse/yagarto/bin/../lib/gcc/arm-none-eabi/4.6.2/thumb/v7m\libgcc.a(_arm_muldivdf3.o)
                0x0800d864                __aeabi_dmul
                0x0800d864                __muldf3
                0x0800dab8                __divdf3
                0x0800dab8                __aeabi_ddiv
 .text          0x0800dc88      0x110 d:/elektronik/ides/eclipse/yagarto/bin/../lib/gcc/arm-none-eabi/4.6.2/thumb/v7m\libgcc.a(_arm_cmpdf2.o)
                0x0800dc88                __gtdf2
                0x0800dc88                __gedf2
                0x0800dc90                __ltdf2
                0x0800dc90                __ledf2
                0x0800dc98                __nedf2
                0x0800dc98                __eqdf2
                0x0800dc98                __cmpdf2
                0x0800dd14                __aeabi_cdrcmple
                0x0800dd24                __aeabi_cdcmpeq
                0x0800dd24                __aeabi_cdcmple
                0x0800dd34                __aeabi_dcmpeq
                0x0800dd48                __aeabi_dcmplt
                0x0800dd5c                __aeabi_dcmple
                0x0800dd70                __aeabi_dcmpge
                0x0800dd84                __aeabi_dcmpgt
 .text          0x0800dd98       0x50 d:/elektronik/ides/eclipse/yagarto/bin/../lib/gcc/arm-none-eabi/4.6.2/thumb/v7m\libgcc.a(_arm_fixdfsi.o)
                0x0800dd98                __aeabi_d2iz
                0x0800dd98                __fixdfsi
 *(.text*)
 .text.DAC_SetChannel1Data
                0x0800dde8       0x38 ./STM32F4xx_StdPeriph_Driver/src/stm32f4xx_dac.o
                0x0800dde8                DAC_SetChannel1Data
 .text.DMA_Init
                0x0800de20       0xb0 ./STM32F4xx_StdPeriph_Driver/src/stm32f4xx_dma.o
                0x0800de20                DMA_Init
 .text.DMA_Cmd  0x0800ded0       0x38 ./STM32F4xx_StdPeriph_Driver/src/stm32f4xx_dma.o
                0x0800ded0                DMA_Cmd
 .text.DMA_GetCmdStatus
                0x0800df08       0x38 ./STM32F4xx_StdPeriph_Driver/src/stm32f4xx_dma.o
                0x0800df08                DMA_GetCmdStatus
 .text.DMA_GetFlagStatus
                0x0800df40       0x88 ./STM32F4xx_StdPeriph_Driver/src/stm32f4xx_dma.o
                0x0800df40                DMA_GetFlagStatus
 .text.DMA_ClearFlag
                0x0800dfc8       0x64 ./STM32F4xx_StdPeriph_Driver/src/stm32f4xx_dma.o
                0x0800dfc8                DMA_ClearFlag
 .text.GPIO_Init
                0x0800e02c      0x154 ./STM32F4xx_StdPeriph_Driver/src/stm32f4xx_gpio.o
                0x0800e02c                GPIO_Init
 .text.GPIO_ReadInputData
                0x0800e180       0x1c ./STM32F4xx_StdPeriph_Driver/src/stm32f4xx_gpio.o
                0x0800e180                GPIO_ReadInputData
 .text.GPIO_SetBits
                0x0800e19c       0x1c ./STM32F4xx_StdPeriph_Driver/src/stm32f4xx_gpio.o
                0x0800e19c                GPIO_SetBits
 .text.GPIO_ResetBits
                0x0800e1b8       0x1c ./STM32F4xx_StdPeriph_Driver/src/stm32f4xx_gpio.o
                0x0800e1b8                GPIO_ResetBits
 .text.RCC_GetClocksFreq
                0x0800e1d4      0x1d0 ./STM32F4xx_StdPeriph_Driver/src/stm32f4xx_rcc.o
                0x0800e1d4                RCC_GetClocksFreq
 .text.RCC_AHB1PeriphClockCmd
                0x0800e3a4       0x58 ./STM32F4xx_StdPeriph_Driver/src/stm32f4xx_rcc.o
                0x0800e3a4                RCC_AHB1PeriphClockCmd
 .text.SPI_I2S_SendData
                0x0800e3fc       0x1c ./STM32F4xx_StdPeriph_Driver/src/stm32f4xx_spi.o
                0x0800e3fc                SPI_I2S_SendData
 .text.SPI_I2S_GetFlagStatus
                0x0800e418       0x40 ./STM32F4xx_StdPeriph_Driver/src/stm32f4xx_spi.o
                0x0800e418                SPI_I2S_GetFlagStatus
 .text.STM_EVAL_LEDInit
                0x0800e458       0x6c ./STM32F4-Discovery/stm32f4_discovery.o
                0x0800e458                STM_EVAL_LEDInit
 .text.STM_EVAL_LEDOn
                0x0800e4c4       0x34 ./STM32F4-Discovery/stm32f4_discovery.o
                0x0800e4c4                STM_EVAL_LEDOn
 .text.STM_EVAL_LEDOff
                0x0800e4f8       0x34 ./STM32F4-Discovery/stm32f4_discovery.o
                0x0800e4f8                STM_EVAL_LEDOff
 .text.Audio_MAL_IRQHandler
                0x0800e52c      0x180 ./STM32F4-Discovery/stm32f4_discovery_audio_codec.o
 .text.DMA1_Stream7_IRQHandler
                0x0800e6ac        0xc ./STM32F4-Discovery/stm32f4_discovery_audio_codec.o
                0x0800e6ac                DMA1_Stream7_IRQHandler
 .text.DMA1_Stream0_IRQHandler
                0x0800e6b8        0xc ./STM32F4-Discovery/stm32f4_discovery_audio_codec.o
                0x0800e6b8                DMA1_Stream0_IRQHandler
 .text.SPI3_IRQHandler
                0x0800e6c4       0x50 ./STM32F4-Discovery/stm32f4_discovery_audio_codec.o
                0x0800e6c4                SPI3_IRQHandler
 .text._ZNK5CTask7IsValidEv
                0x0800e714       0x24 ./Menue/CMenue.o
                0x0800e714                CTask::IsValid() const
 .text._ZN5CTask6DetachEv
                0x0800e738       0x24 ./Menue/CMenue.o
                0x0800e738                CTask::Detach()
 .text._ZN12AManagedTask8OnCreateEPKctm
                0x0800e75c       0x20 ./Menue/CMenue.o
                0x0800e75c                AManagedTask::OnCreate(char const*, unsigned short, unsigned long)
 .text._ZN6CMenueC2EP11CGraphicLCD
                0x0800e77c       0x30 ./Menue/CMenue.o
                0x0800e77c                CMenue::CMenue(CGraphicLCD*)
                0x0800e77c                CMenue::CMenue(CGraphicLCD*)
 .text._ZN6CMenueD2Ev
                0x0800e7ac       0x38 ./Menue/CMenue.o
                0x0800e7ac                CMenue::~CMenue()
                0x0800e7ac                CMenue::~CMenue()
 .text._ZN6CMenueD0Ev
                0x0800e7e4       0x20 ./Menue/CMenue.o
                0x0800e7e4                CMenue::~CMenue()
 .text._ZN6CMenue12HardwareInitEv
                0x0800e804       0x18 ./Menue/CMenue.o
                0x0800e804                CMenue::HardwareInit()
 .text._ZN6CMenue3RunEv
                0x0800e81c      0x108 ./Menue/CMenue.o
                0x0800e81c                CMenue::Run()
 .text._ZN11CGraphicLCDC2Ev
                0x0800e924       0x28 ./GraphicLCD/CGraphicLCD.o
                0x0800e924                CGraphicLCD::CGraphicLCD()
                0x0800e924                CGraphicLCD::CGraphicLCD()
 .text._ZN11CGraphicLCDD2Ev
                0x0800e94c       0x34 ./GraphicLCD/CGraphicLCD.o
                0x0800e94c                CGraphicLCD::~CGraphicLCD()
                0x0800e94c                CGraphicLCD::~CGraphicLCD()
 .text._ZN11CGraphicLCDD0Ev
                0x0800e980       0x20 ./GraphicLCD/CGraphicLCD.o
                0x0800e980                CGraphicLCD::~CGraphicLCD()
 .text._ZN11CGraphicLCD7InverseEv
                0x0800e9a0       0x18 ./GraphicLCD/CGraphicLCD.o
                0x0800e9a0                CGraphicLCD::Inverse()
 .text._ZN11CGraphicLCD7InverseEb
                0x0800e9b8       0x1c ./GraphicLCD/CGraphicLCD.o
                0x0800e9b8                CGraphicLCD::Inverse(bool)
 .text._ZN13CT6963CDriverC2Ev
                0x0800e9d4       0x28 ./GraphicLCD/CT6963CDriver.o
                0x0800e9d4                CT6963CDriver::CT6963CDriver()
                0x0800e9d4                CT6963CDriver::CT6963CDriver()
 .text._ZN13CT6963CDriverD2Ev
                0x0800e9fc       0x38 ./GraphicLCD/CT6963CDriver.o
                0x0800e9fc                CT6963CDriver::~CT6963CDriver()
                0x0800e9fc                CT6963CDriver::~CT6963CDriver()
 .text._ZN13CT6963CDriverD0Ev
                0x0800ea34       0x20 ./GraphicLCD/CT6963CDriver.o
                0x0800ea34                CT6963CDriver::~CT6963CDriver()
 .text._ZN13CT6963CDriver4InitEv
                0x0800ea54      0x160 ./GraphicLCD/CT6963CDriver.o
                0x0800ea54                CT6963CDriver::Init()
 .text._ZN13CT6963CDriver17SetAddressPointerEj
                0x0800ebb4       0x58 ./GraphicLCD/CT6963CDriver.o
                0x0800ebb4                CT6963CDriver::SetAddressPointer(unsigned int)
 .text._ZN13CT6963CDriver11GraphicGoToEhh
                0x0800ec0c       0x40 ./GraphicLCD/CT6963CDriver.o
                0x0800ec0c                CT6963CDriver::GraphicGoTo(unsigned char, unsigned char)
 .text._ZN13CT6963CDriver5ClearEv
                0x0800ec4c       0x80 ./GraphicLCD/CT6963CDriver.o
                0x0800ec4c                CT6963CDriver::Clear()
 .text._ZN13CT6963CDriver16WriteDisplayDataEh
                0x0800eccc       0x38 ./GraphicLCD/CT6963CDriver.o
                0x0800eccc                CT6963CDriver::WriteDisplayData(unsigned char)
 .text._ZN13CT6963CDriver11WriteStringEPKc5tFontjj
                0x0800ed04       0x20 ./GraphicLCD/CT6963CDriver.o
                0x0800ed04                CT6963CDriver::WriteString(char const*, tFont, unsigned int, unsigned int)
 .text._ZN13CT6963CDriver8SetPixelEhh
                0x0800ed24       0x84 ./GraphicLCD/CT6963CDriver.o
                0x0800ed24                CT6963CDriver::SetPixel(unsigned char, unsigned char)
 .text._ZN13CT6963CDriver4LineEjjjj
                0x0800eda8      0x150 ./GraphicLCD/CT6963CDriver.o
                0x0800eda8                CT6963CDriver::Line(unsigned int, unsigned int, unsigned int, unsigned int)
 .text._ZN13CT6963CDriver6WindowEjjjj
                0x0800eef8      0x2c4 ./GraphicLCD/CT6963CDriver.o
                0x0800eef8                CT6963CDriver::Window(unsigned int, unsigned int, unsigned int, unsigned int)
 .text._ZN13CT6963CDriver9RectangleEjjjjb
                0x0800f1bc      0x144 ./GraphicLCD/CT6963CDriver.o
                0x0800f1bc                CT6963CDriver::Rectangle(unsigned int, unsigned int, unsigned int, unsigned int, bool)
 .text._ZN13CT6963CDriver11SectorClearEjjjj
                0x0800f300       0x60 ./GraphicLCD/CT6963CDriver.o
                0x0800f300                CT6963CDriver::SectorClear(unsigned int, unsigned int, unsigned int, unsigned int)
 .text._ZN13CT6963CDriver6CircleEhhh
                0x0800f360      0x184 ./GraphicLCD/CT6963CDriver.o
                0x0800f360                CT6963CDriver::Circle(unsigned char, unsigned char, unsigned char)
 .text._ZN13CT6963CDriver6BitmapEPhhhhh
                0x0800f4e4       0xd4 ./GraphicLCD/CT6963CDriver.o
                0x0800f4e4                CT6963CDriver::Bitmap(unsigned char*, unsigned char, unsigned char, unsigned char, unsigned char)
 .text._ZN21CT6963_GPIO_InterfaceC2Ev
                0x0800f5b8       0x28 ./GraphicLCD/CT6963GPIOInterface.o
                0x0800f5b8                CT6963_GPIO_Interface::CT6963_GPIO_Interface()
                0x0800f5b8                CT6963_GPIO_Interface::CT6963_GPIO_Interface()
 .text._ZN21CT6963_GPIO_InterfaceD2Ev
                0x0800f5e0       0x38 ./GraphicLCD/CT6963GPIOInterface.o
                0x0800f5e0                CT6963_GPIO_Interface::~CT6963_GPIO_Interface()
                0x0800f5e0                CT6963_GPIO_Interface::~CT6963_GPIO_Interface()
 .text._ZN21CT6963_GPIO_InterfaceD0Ev
                0x0800f618       0x20 ./GraphicLCD/CT6963GPIOInterface.o
                0x0800f618                CT6963_GPIO_Interface::~CT6963_GPIO_Interface()
 .text._Z11CheckStatusv
                0x0800f638       0xbc ./GraphicLCD/CT6963GPIOInterface.o
                0x0800f638                CheckStatus()
 .text._ZN21CT6963_GPIO_Interface12HardwareInitEv
                0x0800f6f4       0xc0 ./GraphicLCD/CT6963GPIOInterface.o
                0x0800f6f4                CT6963_GPIO_Interface::HardwareInit()
 .text._ZN21CT6963_GPIO_Interface5ResetEv
                0x0800f7b4       0x38 ./GraphicLCD/CT6963GPIOInterface.o
                0x0800f7b4                CT6963_GPIO_Interface::Reset()
 .text._ZN21CT6963_GPIO_Interface12WriteCommandEh
                0x0800f7ec       0xac ./GraphicLCD/CT6963GPIOInterface.o
                0x0800f7ec                CT6963_GPIO_Interface::WriteCommand(unsigned char)
 .text._ZN21CT6963_GPIO_Interface9WriteDataEh
                0x0800f898       0xcc ./GraphicLCD/CT6963GPIOInterface.o
                0x0800f898                CT6963_GPIO_Interface::WriteData(unsigned char)
 .text._ZN21CT6963_GPIO_Interface8ReadDataEv
                0x0800f964       0xe4 ./GraphicLCD/CT6963GPIOInterface.o
                0x0800f964                CT6963_GPIO_Interface::ReadData()
 .text._ZN5CTask13EnterCriticalEv
                0x0800fa48        0xc ./FreeRTOS_EC/Source/AManagedTask.o
                0x0800fa48                CTask::EnterCritical()
 .text._ZN5CTask12ExitCriticalEv
                0x0800fa54        0xc ./FreeRTOS_EC/Source/AManagedTask.o
                0x0800fa54                CTask::ExitCritical()
 .text._ZN12AManagedTask12HardwareInitEv
                0x0800fa60       0x18 ./FreeRTOS_EC/Source/AManagedTask.o
                0x0800fa60                AManagedTask::HardwareInit()
 .text._ZN9CFreeRTOS15SuspendAllTasksEv
                0x0800fa78        0xc ./FreeRTOS_EC/Source/AManagedTask.o
                0x0800fa78                CFreeRTOS::SuspendAllTasks()
 .text._ZN9CFreeRTOS14ResumeAllTasksEv
                0x0800fa84       0x10 ./FreeRTOS_EC/Source/AManagedTask.o
                0x0800fa84                CFreeRTOS::ResumeAllTasks()
 .text._ZN12AManagedTaskC2Ev
                0x0800fa94       0x38 ./FreeRTOS_EC/Source/AManagedTask.o
                0x0800fa94                AManagedTask::AManagedTask()
                0x0800fa94                AManagedTask::AManagedTask()
 .text._ZN12AManagedTaskD2Ev
                0x0800facc       0x40 ./FreeRTOS_EC/Source/AManagedTask.o
                0x0800facc                AManagedTask::~AManagedTask()
                0x0800facc                AManagedTask::~AManagedTask()
 .text._ZN12AManagedTaskD0Ev
                0x0800fb0c       0x20 ./FreeRTOS_EC/Source/AManagedTask.o
                0x0800fb0c                AManagedTask::~AManagedTask()
 .text._ZN12AManagedTask6CreateEPKctm
                0x0800fb2c       0x64 ./FreeRTOS_EC/Source/AManagedTask.o
                0x0800fb2c                AManagedTask::Create(char const*, unsigned short, unsigned long)
 .text._ZN12AManagedTask15taskControlFuncEPv
                0x0800fb90       0x20 ./FreeRTOS_EC/Source/AManagedTask.o
                0x0800fb90                AManagedTask::taskControlFunc(void*)
 .text._ZN12AManagedTask16AddToManagedTaskEPS_
                0x0800fbb0       0x50 ./FreeRTOS_EC/Source/AManagedTask.o
                0x0800fbb0                AManagedTask::AddToManagedTask(AManagedTask*)
 .text._ZN12AManagedTask21RemoveFromManagedTaskEPS_
                0x0800fc00       0x88 ./FreeRTOS_EC/Source/AManagedTask.o
                0x0800fc00                AManagedTask::RemoveFromManagedTask(AManagedTask*)
 .text._ZN12AManagedTask27InitHardwareForManagedTasksEv
                0x0800fc88       0x5c ./FreeRTOS_EC/Source/AManagedTask.o
                0x0800fc88                AManagedTask::InitHardwareForManagedTasks()
 .text._ZN12IFreeRTOSObjC2Ev
                0x0800fce4       0x20 ./FreeRTOS_EC/Source/ASyncObject.o
                0x0800fce4                IFreeRTOSObj::IFreeRTOSObj()
                0x0800fce4                IFreeRTOSObj::IFreeRTOSObj()
 .text._ZN9CFreeRTOS27InitHardwareForManagedTasksEv
                0x0800fd04       0x10 ./FreeRTOS_EC/Source/CFreeRTOS.o
                0x0800fd04                CFreeRTOS::InitHardwareForManagedTasks()
 .text._ZN5CTaskC2Ev
                0x0800fd14       0x30 ./FreeRTOS_EC/Source/CTask.o
                0x0800fd14                CTask::CTask()
                0x0800fd14                CTask::CTask()
 .text._ZN5CTaskD2Ev
                0x0800fd44       0x44 ./FreeRTOS_EC/Source/CTask.o
                0x0800fd44                CTask::~CTask()
                0x0800fd44                CTask::~CTask()
 .text._ZN5CTaskD0Ev
                0x0800fd88       0x20 ./FreeRTOS_EC/Source/CTask.o
                0x0800fd88                CTask::~CTask()
 .text._ZN5CTask6AttachEPv
                0x0800fda8       0x54 ./FreeRTOS_EC/Source/CTask.o
                0x0800fda8                CTask::Attach(void*)
 .text._ZN5CTask6CreateEPFvPvEPKctS0_m
                0x0800fdfc       0x5c ./FreeRTOS_EC/Source/CTask.o
                0x0800fdfc                CTask::Create(void (*)(void*), char const*, unsigned short, void*, unsigned long)
 .text._ZN5CTask6DeleteEv
                0x0800fe58       0x2c ./FreeRTOS_EC/Source/CTask.o
                0x0800fe58                CTask::Delete()
 .text.pxPortInitialiseStack
                0x0800fe84       0x68 ./FreeRTOS/Source/portable/GCC/ARM_CM4F/port.o
                0x0800fe84                pxPortInitialiseStack
 .text.SVC_Handler
                0x0800feec       0x20 ./FreeRTOS/Source/portable/GCC/ARM_CM4F/port.o
                0x0800feec                SVC_Handler
 .text.vPortStartFirstTask
                0x0800ff0c       0x14 ./FreeRTOS/Source/portable/GCC/ARM_CM4F/port.o
                0x0800ff0c                vPortStartFirstTask
 .text.xPortStartScheduler
                0x0800ff20       0x54 ./FreeRTOS/Source/portable/GCC/ARM_CM4F/port.o
                0x0800ff20                xPortStartScheduler
 .text.vPortYieldFromISR
                0x0800ff74       0x18 ./FreeRTOS/Source/portable/GCC/ARM_CM4F/port.o
                0x0800ff74                vPortYieldFromISR
 .text.vPortEnterCritical
                0x0800ff8c       0x2c ./FreeRTOS/Source/portable/GCC/ARM_CM4F/port.o
                0x0800ff8c                vPortEnterCritical
 .text.vPortExitCritical
                0x0800ffb8       0x38 ./FreeRTOS/Source/portable/GCC/ARM_CM4F/port.o
                0x0800ffb8                vPortExitCritical
 .text.PendSV_Handler
                0x0800fff0       0x58 ./FreeRTOS/Source/portable/GCC/ARM_CM4F/port.o
                0x0800fff0                PendSV_Handler
 .text.SysTick_Handler
                0x08010048       0x38 ./FreeRTOS/Source/portable/GCC/ARM_CM4F/port.o
                0x08010048                SysTick_Handler
 .text.prvSetupTimerInterrupt
                0x08010080       0x40 ./FreeRTOS/Source/portable/GCC/ARM_CM4F/port.o
 .text.vListInitialise
                0x080100c0       0x40 ./FreeRTOS/Source/list.o
                0x080100c0                vListInitialise
 .text.vListInitialiseItem
                0x08010100       0x1c ./FreeRTOS/Source/list.o
                0x08010100                vListInitialiseItem
 .text.vListInsertEnd
                0x0801011c       0x54 ./FreeRTOS/Source/list.o
                0x0801011c                vListInsertEnd
 .text.vListInsert
                0x08010170       0x78 ./FreeRTOS/Source/list.o
                0x08010170                vListInsert
 .text.vListRemove
                0x080101e8       0x54 ./FreeRTOS/Source/list.o
                0x080101e8                vListRemove
 .text.xTaskGenericCreate
                0x0801023c      0x1ac ./FreeRTOS/Source/tasks.o
                0x0801023c                xTaskGenericCreate
 .text.vTaskDelete
                0x080103e8       0xc0 ./FreeRTOS/Source/tasks.o
                0x080103e8                vTaskDelete
 .text.vTaskDelay
                0x080104a8       0x5c ./FreeRTOS/Source/tasks.o
                0x080104a8                vTaskDelay
 .text.vTaskStartScheduler
                0x08010504       0x7c ./FreeRTOS/Source/tasks.o
                0x08010504                vTaskStartScheduler
 .text.vTaskSuspendAll
                0x08010580       0x24 ./FreeRTOS/Source/tasks.o
                0x08010580                vTaskSuspendAll
 .text.xTaskResumeAll
                0x080105a4      0x154 ./FreeRTOS/Source/tasks.o
                0x080105a4                xTaskResumeAll
 .text.vTaskIncrementTick
                0x080106f8      0x1b8 ./FreeRTOS/Source/tasks.o
                0x080106f8                vTaskIncrementTick
 .text.vTaskSwitchContext
                0x080108b0      0x140 ./FreeRTOS/Source/tasks.o
                0x080108b0                vTaskSwitchContext
 .text.prvIdleTask
                0x080109f0       0x24 ./FreeRTOS/Source/tasks.o
 .text.prvInitialiseTCBVariables
                0x08010a14       0x88 ./FreeRTOS/Source/tasks.o
 .text.prvInitialiseTaskLists
                0x08010a9c       0xa4 ./FreeRTOS/Source/tasks.o
 .text.prvCheckTasksWaitingTermination
                0x08010b40       0x98 ./FreeRTOS/Source/tasks.o
 .text.prvAddCurrentTaskToDelayedList
                0x08010bd8       0x8c ./FreeRTOS/Source/tasks.o
 .text.prvAllocateTCBAndStack
                0x08010c64       0x74 ./FreeRTOS/Source/tasks.o
 .text.prvDeleteTCB
                0x08010cd8       0x20 ./FreeRTOS/Source/tasks.o
 .text._ZN24CLedHeartBeatSTM32F4DiscC2Em
                0x08010cf8       0x38 ./CLedHeartBeatSTM32F4Disc.o
                0x08010cf8                CLedHeartBeatSTM32F4Disc::CLedHeartBeatSTM32F4Disc(unsigned long)
                0x08010cf8                CLedHeartBeatSTM32F4Disc::CLedHeartBeatSTM32F4Disc(unsigned long)
 .text._ZN24CLedHeartBeatSTM32F4DiscD2Ev
                0x08010d30       0x38 ./CLedHeartBeatSTM32F4Disc.o
                0x08010d30                CLedHeartBeatSTM32F4Disc::~CLedHeartBeatSTM32F4Disc()
                0x08010d30                CLedHeartBeatSTM32F4Disc::~CLedHeartBeatSTM32F4Disc()
 .text._ZN24CLedHeartBeatSTM32F4DiscD0Ev
                0x08010d68       0x20 ./CLedHeartBeatSTM32F4Disc.o
                0x08010d68                CLedHeartBeatSTM32F4Disc::~CLedHeartBeatSTM32F4Disc()
 .text._ZN24CLedHeartBeatSTM32F4Disc12HardwareInitEv
                0x08010d88       0x38 ./CLedHeartBeatSTM32F4Disc.o
                0x08010d88                CLedHeartBeatSTM32F4Disc::HardwareInit()
 .text._ZN24CLedHeartBeatSTM32F4Disc3RunEv
                0x08010dc0       0xe8 ./CLedHeartBeatSTM32F4Disc.o
                0x08010dc0                CLedHeartBeatSTM32F4Disc::Run()
 .text._ZN9CFreeRTOS14StartSchedulerEv
                0x08010ea8        0xc ./main.o
                0x08010ea8                CFreeRTOS::StartScheduler()
 .text.main     0x08010eb4       0x50 ./main.o
                0x08010eb4                main
 .text.vApplicationStackOverflowHook
                0x08010f04        0xc ./main.o
                0x08010f04                vApplicationStackOverflowHook
 .text.EVAL_AUDIO_GetSampleCallBack
                0x08010f10       0x10 ./main.o
                0x08010f10                EVAL_AUDIO_GetSampleCallBack
 .text.EVAL_AUDIO_TransferComplete_CallBack
                0x08010f20       0x14 ./main.o
                0x08010f20                EVAL_AUDIO_TransferComplete_CallBack
 .text._Z41__static_initialization_and_destruction_0ii
                0x08010f34       0xac ./main.o
 .text._GLOBAL__sub_I_g_LedTast
                0x08010fe0       0x14 ./main.o
 .text.Reset_Handler
                0x08010ff4       0x58 ./startup_stm32f4xx.o
                0x08010ff4                Reset_Handler
 .text.Default_Handler
                0x0801104c        0x2 ./startup_stm32f4xx.o
                0x0801104c                RTC_Alarm_IRQHandler
                0x0801104c                HASH_RNG_IRQHandler
                0x0801104c                EXTI2_IRQHandler
                0x0801104c                TIM8_CC_IRQHandler
                0x0801104c                TIM1_CC_IRQHandler
                0x0801104c                DMA2_Stream5_IRQHandler
                0x0801104c                DMA1_Stream5_IRQHandler
                0x0801104c                PVD_IRQHandler
                0x0801104c                TAMP_STAMP_IRQHandler
                0x0801104c                CAN2_RX1_IRQHandler
                0x0801104c                EXTI3_IRQHandler
                0x0801104c                TIM8_TRG_COM_TIM14_IRQHandler
                0x0801104c                TIM1_UP_TIM10_IRQHandler
                0x0801104c                TIM8_UP_TIM13_IRQHandler
                0x0801104c                I2C3_ER_IRQHandler
                0x0801104c                EXTI0_IRQHandler
                0x0801104c                I2C2_EV_IRQHandler
                0x0801104c                DMA1_Stream2_IRQHandler
                0x0801104c                CAN1_RX0_IRQHandler
                0x0801104c                FPU_IRQHandler
                0x0801104c                OTG_HS_WKUP_IRQHandler
                0x0801104c                CAN2_SCE_IRQHandler
                0x0801104c                DMA2_Stream2_IRQHandler
                0x0801104c                SPI1_IRQHandler
                0x0801104c                TIM6_DAC_IRQHandler
                0x0801104c                TIM1_BRK_TIM9_IRQHandler
                0x0801104c                DCMI_IRQHandler
                0x0801104c                CAN2_RX0_IRQHandler
                0x0801104c                USART6_IRQHandler
                0x0801104c                USART3_IRQHandler
                0x0801104c                CRYP_IRQHandler
                0x0801104c                CAN1_RX1_IRQHandler
                0x0801104c                UART5_IRQHandler
                0x0801104c                DMA2_Stream0_IRQHandler
                0x0801104c                TIM4_IRQHandler
                0x0801104c                I2C1_EV_IRQHandler
                0x0801104c                DMA1_Stream6_IRQHandler
                0x0801104c                DMA1_Stream1_IRQHandler
                0x0801104c                UART4_IRQHandler
                0x0801104c                TIM3_IRQHandler
                0x0801104c                RCC_IRQHandler
                0x0801104c                TIM8_BRK_TIM12_IRQHandler
                0x0801104c                Default_Handler
                0x0801104c                EXTI15_10_IRQHandler
                0x0801104c                ADC_IRQHandler
                0x0801104c                TIM7_IRQHandler
                0x0801104c                CAN2_TX_IRQHandler
                0x0801104c                TIM5_IRQHandler
                0x0801104c                DMA2_Stream7_IRQHandler
                0x0801104c                I2C3_EV_IRQHandler
                0x0801104c                EXTI9_5_IRQHandler
                0x0801104c                RTC_WKUP_IRQHandler
                0x0801104c                ETH_WKUP_IRQHandler
                0x0801104c                SPI2_IRQHandler
                0x0801104c                OTG_HS_EP1_IN_IRQHandler
                0x0801104c                CAN1_TX_IRQHandler
                0x0801104c                EXTI4_IRQHandler
                0x0801104c                FSMC_IRQHandler
                0x0801104c                ETH_IRQHandler
                0x0801104c                OTG_HS_EP1_OUT_IRQHandler
                0x0801104c                WWDG_IRQHandler
                0x0801104c                TIM2_IRQHandler
                0x0801104c                OTG_FS_WKUP_IRQHandler
                0x0801104c                TIM1_TRG_COM_TIM11_IRQHandler
                0x0801104c                OTG_HS_IRQHandler
                0x0801104c                EXTI1_IRQHandler
                0x0801104c                USART2_IRQHandler
                0x0801104c                I2C2_ER_IRQHandler
                0x0801104c                DMA2_Stream1_IRQHandler
                0x0801104c                CAN1_SCE_IRQHandler
                0x0801104c                FLASH_IRQHandler
                0x0801104c                DMA2_Stream4_IRQHandler
                0x0801104c                USART1_IRQHandler
                0x0801104c                OTG_FS_IRQHandler
                0x0801104c                DMA1_Stream4_IRQHandler
                0x0801104c                I2C1_ER_IRQHandler
                0x0801104c                DMA2_Stream6_IRQHandler
                0x0801104c                DMA1_Stream3_IRQHandler
 *fill*         0x0801104e        0x2 00
 .text.NMI_Handler
                0x08011050        0xc ./stm32f4xx_it.o
                0x08011050                NMI_Handler
 .text.HardFault_Handler
                0x0801105c        0x8 ./stm32f4xx_it.o
                0x0801105c                HardFault_Handler
 .text.MemManage_Handler
                0x08011064        0x8 ./stm32f4xx_it.o
                0x08011064                MemManage_Handler
 .text.BusFault_Handler
                0x0801106c        0x8 ./stm32f4xx_it.o
                0x0801106c                BusFault_Handler
 .text.UsageFault_Handler
                0x08011074        0x8 ./stm32f4xx_it.o
                0x08011074                UsageFault_Handler
 .text.DebugMon_Handler
                0x0801107c        0xc ./stm32f4xx_it.o
                0x0801107c                DebugMon_Handler
 .text.SDIO_IRQHandler
                0x08011088        0xc ./stm32f4xx_it.o
                0x08011088                SDIO_IRQHandler
 .text.DMA2_Stream3_IRQHandler
                0x08011094        0xc ./stm32f4xx_it.o
                0x08011094                DMA2_Stream3_IRQHandler
 .text._exit    0x080110a0        0xc ./syscalls.o
                0x080110a0                _exit
 .text._read_r  0x080110ac       0x20 ./syscalls.o
                0x080110ac                _read_r
 .text._write_r
                0x080110cc       0x20 ./syscalls.o
                0x080110cc                _write_r
 .text._lseek_r
                0x080110ec       0x28 ./syscalls.o
                0x080110ec                _lseek_r
 .text._close_r
                0x08011114       0x24 ./syscalls.o
                0x08011114                _close_r
 .text._fstat_r
                0x08011138       0x40 ./syscalls.o
                0x08011138                _fstat_r
 .text._isatty_r
                0x08011178       0x1c ./syscalls.o
                0x08011178                _isatty_r
 .text._sbrk_r  0x08011194       0x90 ./syscalls.o
                0x08011194                _sbrk_r
 .text._kill_r  0x08011224       0x24 ./syscalls.o
                0x08011224                _kill_r
 .text._getpid_r
                0x08011248       0x20 ./syscalls.o
                0x08011248                _getpid_r
 .text.__malloc_lock
                0x08011268       0x14 ./syscalls.o
                0x08011268                __malloc_lock
 .text.__malloc_unlock
                0x0801127c       0x14 ./syscalls.o
                0x0801127c                __malloc_unlock
 .text.SystemInit
                0x08011290       0x94 ./system_stm32f4xx.o
                0x08011290                SystemInit
 .text.SetSysClock
                0x08011324      0x1e0 ./system_stm32f4xx.o
 .text.get_us_time
                0x08011504       0x8c ./ustime.o
                0x08011504                get_us_time
 .text.delay_us
                0x08011590       0x5c ./ustime.o
                0x08011590                delay_us
 .text.init_us_timer
                0x080115ec       0x70 ./ustime.o
                0x080115ec                init_us_timer
 .text.__aeabi_atexit
                0x0801165c        0xc d:/elektronik/ides/eclipse/yagarto/bin/../lib/gcc/arm-none-eabi/4.6.2/../../../../arm-none-eabi/lib/thumb/v7m\libstdc++.a(atexit_arm.o)
                0x0801165c                __aeabi_atexit
 .text._ZdlPv   0x08011668        0x8 d:/elektronik/ides/eclipse/yagarto/bin/../lib/gcc/arm-none-eabi/4.6.2/../../../../arm-none-eabi/lib/thumb/v7m\libstdc++.a(del_op.o)
                0x08011668                operator delete(void*)
 .text.__cxa_pure_virtual
                0x08011670       0x18 d:/elektronik/ides/eclipse/yagarto/bin/../lib/gcc/arm-none-eabi/4.6.2/../../../../arm-none-eabi/lib/thumb/v7m\libstdc++.a(pure.o)
                0x08011670                __cxa_pure_virtual
 .text._ZN10__cxxabiv111__terminateEPFvvE
                0x08011688       0x28 d:/elektronik/ides/eclipse/yagarto/bin/../lib/gcc/arm-none-eabi/4.6.2/../../../../arm-none-eabi/lib/thumb/v7m\libstdc++.a(eh_terminate.o)
                0x08011688                __cxxabiv1::__terminate(void (*)())
 .text._ZSt9terminatev
                0x080116b0       0x10 d:/elektronik/ides/eclipse/yagarto/bin/../lib/gcc/arm-none-eabi/4.6.2/../../../../arm-none-eabi/lib/thumb/v7m\libstdc++.a(eh_terminate.o)
                0x080116b0                std::terminate()
 .text._ZN10__cxxabiv112__unexpectedEPFvvE
                0x080116c0        0x8 d:/elektronik/ides/eclipse/yagarto/bin/../lib/gcc/arm-none-eabi/4.6.2/../../../../arm-none-eabi/lib/thumb/v7m\libstdc++.a(eh_terminate.o)
                0x080116c0                __cxxabiv1::__unexpected(void (*)())
 .text._ZSt10unexpectedv
                0x080116c8       0x14 d:/elektronik/ides/eclipse/yagarto/bin/../lib/gcc/arm-none-eabi/4.6.2/../../../../arm-none-eabi/lib/thumb/v7m\libstdc++.a(eh_terminate.o)
                0x080116c8                std::unexpected()
 .text._ZN9__gnu_cxx27__verbose_terminate_handlerEv
                0x080116dc      0x118 d:/elektronik/ides/eclipse/yagarto/bin/../lib/gcc/arm-none-eabi/4.6.2/../../../../arm-none-eabi/lib/thumb/v7m\libstdc++.a(vterminate.o)
                0x080116dc                __gnu_cxx::__verbose_terminate_handler()
 .text.__cxa_end_cleanup
                0x080117f4        0xc d:/elektronik/ides/eclipse/yagarto/bin/../lib/gcc/arm-none-eabi/4.6.2/../../../../arm-none-eabi/lib/thumb/v7m\libstdc++.a(eh_arm.o)
                0x080117f4                __cxa_end_cleanup
 .text.__cxa_type_match
                0x08011800       0xe4 d:/elektronik/ides/eclipse/yagarto/bin/../lib/gcc/arm-none-eabi/4.6.2/../../../../arm-none-eabi/lib/thumb/v7m\libstdc++.a(eh_arm.o)
                0x08011800                __cxa_type_match
 .text.__cxa_begin_cleanup
                0x080118e4       0x68 d:/elektronik/ides/eclipse/yagarto/bin/../lib/gcc/arm-none-eabi/4.6.2/../../../../arm-none-eabi/lib/thumb/v7m\libstdc++.a(eh_arm.o)
                0x080118e4                __cxa_begin_cleanup
 .text.__gnu_end_cleanup
                0x0801194c       0x74 d:/elektronik/ides/eclipse/yagarto/bin/../lib/gcc/arm-none-eabi/4.6.2/../../../../arm-none-eabi/lib/thumb/v7m\libstdc++.a(eh_arm.o)
                0x0801194c                __gnu_end_cleanup
 .text.__cxa_bad_typeid
                0x080119c0       0x24 d:/elektronik/ides/eclipse/yagarto/bin/../lib/gcc/arm-none-eabi/4.6.2/../../../../arm-none-eabi/lib/thumb/v7m\libstdc++.a(eh_aux_runtime.o)
                0x080119c0                __cxa_bad_typeid
 .text.__cxa_call_terminate
                0x080119e4       0x48 d:/elektronik/ides/eclipse/yagarto/bin/../lib/gcc/arm-none-eabi/4.6.2/../../../../arm-none-eabi/lib/thumb/v7m\libstdc++.a(eh_call.o)
                0x080119e4                __cxa_call_terminate
 .text.__cxa_call_unexpected
                0x08011a2c      0x11c d:/elektronik/ides/eclipse/yagarto/bin/../lib/gcc/arm-none-eabi/4.6.2/../../../../arm-none-eabi/lib/thumb/v7m\libstdc++.a(eh_call.o)
                0x08011a2c                __cxa_call_unexpected
 .text.__cxa_begin_catch
                0x08011b48       0x88 d:/elektronik/ides/eclipse/yagarto/bin/../lib/gcc/arm-none-eabi/4.6.2/../../../../arm-none-eabi/lib/thumb/v7m\libstdc++.a(eh_catch.o)
                0x08011b48                __cxa_begin_catch
 .text.__cxa_end_catch
                0x08011bd0       0x90 d:/elektronik/ides/eclipse/yagarto/bin/../lib/gcc/arm-none-eabi/4.6.2/../../../../arm-none-eabi/lib/thumb/v7m\libstdc++.a(eh_catch.o)
                0x08011bd0                __cxa_end_catch
 .text._ZNSt9exceptionD2Ev
                0x08011c60        0xc d:/elektronik/ides/eclipse/yagarto/bin/../lib/gcc/arm-none-eabi/4.6.2/../../../../arm-none-eabi/lib/thumb/v7m\libstdc++.a(eh_exception.o)
                0x08011c60                std::exception::~exception()
                0x08011c60                std::exception::~exception()
 .text._ZNSt13bad_exceptionD2Ev
                0x08011c6c        0xc d:/elektronik/ides/eclipse/yagarto/bin/../lib/gcc/arm-none-eabi/4.6.2/../../../../arm-none-eabi/lib/thumb/v7m\libstdc++.a(eh_exception.o)
                0x08011c6c                std::bad_exception::~bad_exception()
                0x08011c6c                std::bad_exception::~bad_exception()
 .text._ZNKSt9exception4whatEv
                0x08011c78        0xc d:/elektronik/ides/eclipse/yagarto/bin/../lib/gcc/arm-none-eabi/4.6.2/../../../../arm-none-eabi/lib/thumb/v7m\libstdc++.a(eh_exception.o)
                0x08011c78                std::exception::what() const
 .text._ZNKSt13bad_exception4whatEv
                0x08011c84        0xc d:/elektronik/ides/eclipse/yagarto/bin/../lib/gcc/arm-none-eabi/4.6.2/../../../../arm-none-eabi/lib/thumb/v7m\libstdc++.a(eh_exception.o)
                0x08011c84                std::bad_exception::what() const
 .text._ZNSt13bad_exceptionD0Ev
                0x08011c90       0x14 d:/elektronik/ides/eclipse/yagarto/bin/../lib/gcc/arm-none-eabi/4.6.2/../../../../arm-none-eabi/lib/thumb/v7m\libstdc++.a(eh_exception.o)
                0x08011c90                std::bad_exception::~bad_exception()
 .text._ZNSt9exceptionD0Ev
                0x08011ca4       0x14 d:/elektronik/ides/eclipse/yagarto/bin/../lib/gcc/arm-none-eabi/4.6.2/../../../../arm-none-eabi/lib/thumb/v7m\libstdc++.a(eh_exception.o)
                0x08011ca4                std::exception::~exception()
 .text.__cxa_get_globals_fast
                0x08011cb8        0xc d:/elektronik/ides/eclipse/yagarto/bin/../lib/gcc/arm-none-eabi/4.6.2/../../../../arm-none-eabi/lib/thumb/v7m\libstdc++.a(eh_globals.o)
                0x08011cb8                __cxa_get_globals_fast
 .text.__cxa_get_globals
                0x08011cc4        0xc d:/elektronik/ides/eclipse/yagarto/bin/../lib/gcc/arm-none-eabi/4.6.2/../../../../arm-none-eabi/lib/thumb/v7m\libstdc++.a(eh_globals.o)
                0x08011cc4                __cxa_get_globals
 .text._ZL12read_sleb128PKhPl
                0x08011cd0       0x3c d:/elektronik/ides/eclipse/yagarto/bin/../lib/gcc/arm-none-eabi/4.6.2/../../../../arm-none-eabi/lib/thumb/v7m\libstdc++.a(eh_personality.o)
 .text._ZL28read_encoded_value_with_basehjPKhPj
                0x08011d0c       0xc0 d:/elektronik/ides/eclipse/yagarto/bin/../lib/gcc/arm-none-eabi/4.6.2/../../../../arm-none-eabi/lib/thumb/v7m\libstdc++.a(eh_personality.o)
 .text._ZL21base_of_encoded_valuehP15_Unwind_Context
                0x08011dcc       0x4c d:/elektronik/ides/eclipse/yagarto/bin/../lib/gcc/arm-none-eabi/4.6.2/../../../../arm-none-eabi/lib/thumb/v7m\libstdc++.a(eh_personality.o)
 .text._ZL17parse_lsda_headerP15_Unwind_ContextPKhP16lsda_header_info.constprop.1
                0x08011e18       0x8c d:/elektronik/ides/eclipse/yagarto/bin/../lib/gcc/arm-none-eabi/4.6.2/../../../../arm-none-eabi/lib/thumb/v7m\libstdc++.a(eh_personality.o)
 .text.__gxx_personality_v0
                0x08011ea4      0x3a8 d:/elektronik/ides/eclipse/yagarto/bin/../lib/gcc/arm-none-eabi/4.6.2/../../../../arm-none-eabi/lib/thumb/v7m\libstdc++.a(eh_personality.o)
                0x08011ea4                __gxx_personality_v0
 .text._ZL23__gxx_exception_cleanup19_Unwind_Reason_CodeP21_Unwind_Control_Block
                0x0801224c       0x4c d:/elektronik/ides/eclipse/yagarto/bin/../lib/gcc/arm-none-eabi/4.6.2/../../../../arm-none-eabi/lib/thumb/v7m\libstdc++.a(eh_throw.o)
 .text.__cxa_throw
                0x08012298       0x78 d:/elektronik/ides/eclipse/yagarto/bin/../lib/gcc/arm-none-eabi/4.6.2/../../../../arm-none-eabi/lib/thumb/v7m\libstdc++.a(eh_throw.o)
                0x08012298                __cxa_throw
 .text.__cxa_rethrow
                0x08012310       0x70 d:/elektronik/ides/eclipse/yagarto/bin/../lib/gcc/arm-none-eabi/4.6.2/../../../../arm-none-eabi/lib/thumb/v7m\libstdc++.a(eh_throw.o)
                0x08012310                __cxa_rethrow
 .text.__cxa_current_exception_type
                0x08012380       0x1c d:/elektronik/ides/eclipse/yagarto/bin/../lib/gcc/arm-none-eabi/4.6.2/../../../../arm-none-eabi/lib/thumb/v7m\libstdc++.a(eh_type.o)
                0x08012380                __cxa_current_exception_type
 .text._ZN10__cxxabiv123__fundamental_type_infoD2Ev
                0x0801239c       0x14 d:/elektronik/ides/eclipse/yagarto/bin/../lib/gcc/arm-none-eabi/4.6.2/../../../../arm-none-eabi/lib/thumb/v7m\libstdc++.a(fundamental_type_info.o)
                0x0801239c                __cxxabiv1::__fundamental_type_info::~__fundamental_type_info()
                0x0801239c                __cxxabiv1::__fundamental_type_info::~__fundamental_type_info()
 .text._ZN10__cxxabiv123__fundamental_type_infoD0Ev
                0x080123b0       0x1c d:/elektronik/ides/eclipse/yagarto/bin/../lib/gcc/arm-none-eabi/4.6.2/../../../../arm-none-eabi/lib/thumb/v7m\libstdc++.a(fundamental_type_info.o)
                0x080123b0                __cxxabiv1::__fundamental_type_info::~__fundamental_type_info()
 .text._ZNK10__cxxabiv119__pointer_type_info14__is_pointer_pEv
                0x080123cc        0x4 d:/elektronik/ides/eclipse/yagarto/bin/../lib/gcc/arm-none-eabi/4.6.2/../../../../arm-none-eabi/lib/thumb/v7m\libstdc++.a(pointer_type_info.o)
                0x080123cc                __cxxabiv1::__pointer_type_info::__is_pointer_p() const
 .text._ZN10__cxxabiv119__pointer_type_infoD2Ev
                0x080123d0       0x14 d:/elektronik/ides/eclipse/yagarto/bin/../lib/gcc/arm-none-eabi/4.6.2/../../../../arm-none-eabi/lib/thumb/v7m\libstdc++.a(pointer_type_info.o)
                0x080123d0                __cxxabiv1::__pointer_type_info::~__pointer_type_info()
                0x080123d0                __cxxabiv1::__pointer_type_info::~__pointer_type_info()
 .text._ZN10__cxxabiv119__pointer_type_infoD0Ev
                0x080123e4       0x1c d:/elektronik/ides/eclipse/yagarto/bin/../lib/gcc/arm-none-eabi/4.6.2/../../../../arm-none-eabi/lib/thumb/v7m\libstdc++.a(pointer_type_info.o)
                0x080123e4                __cxxabiv1::__pointer_type_info::~__pointer_type_info()
 .text._ZNK10__cxxabiv119__pointer_type_info15__pointer_catchEPKNS_17__pbase_type_infoEPPvj
                0x08012400       0x48 d:/elektronik/ides/eclipse/yagarto/bin/../lib/gcc/arm-none-eabi/4.6.2/../../../../arm-none-eabi/lib/thumb/v7m\libstdc++.a(pointer_type_info.o)
                0x08012400                __cxxabiv1::__pointer_type_info::__pointer_catch(__cxxabiv1::__pbase_type_info const*, void**, unsigned int) const
 .text._ZN10__cxxabiv120__si_class_type_infoD2Ev
                0x08012448       0x14 d:/elektronik/ides/eclipse/yagarto/bin/../lib/gcc/arm-none-eabi/4.6.2/../../../../arm-none-eabi/lib/thumb/v7m\libstdc++.a(si_class_type_info.o)
                0x08012448                __cxxabiv1::__si_class_type_info::~__si_class_type_info()
                0x08012448                __cxxabiv1::__si_class_type_info::~__si_class_type_info()
 .text._ZN10__cxxabiv120__si_class_type_infoD0Ev
                0x0801245c       0x1c d:/elektronik/ides/eclipse/yagarto/bin/../lib/gcc/arm-none-eabi/4.6.2/../../../../arm-none-eabi/lib/thumb/v7m\libstdc++.a(si_class_type_info.o)
                0x0801245c                __cxxabiv1::__si_class_type_info::~__si_class_type_info()
 .text._ZNK10__cxxabiv120__si_class_type_info11__do_upcastEPKNS_17__class_type_infoEPKvRNS1_15__upcast_resultE
                0x08012478       0x28 d:/elektronik/ides/eclipse/yagarto/bin/../lib/gcc/arm-none-eabi/4.6.2/../../../../arm-none-eabi/lib/thumb/v7m\libstdc++.a(si_class_type_info.o)
                0x08012478                __cxxabiv1::__si_class_type_info::__do_upcast(__cxxabiv1::__class_type_info const*, void const*, __cxxabiv1::__class_type_info::__upcast_result&) const
 .text._ZNK10__cxxabiv120__si_class_type_info12__do_dyncastEiNS_17__class_type_info10__sub_kindEPKS1_PKvS4_S6_RNS1_16__dyncast_resultE
                0x080124a0       0x88 d:/elektronik/ides/eclipse/yagarto/bin/../lib/gcc/arm-none-eabi/4.6.2/../../../../arm-none-eabi/lib/thumb/v7m\libstdc++.a(si_class_type_info.o)
                0x080124a0                __cxxabiv1::__si_class_type_info::__do_dyncast(int, __cxxabiv1::__class_type_info::__sub_kind, __cxxabiv1::__class_type_info const*, void const*, __cxxabiv1::__class_type_info const*, void const*, __cxxabiv1::__class_type_info::__dyncast_result&) const
 .text._ZNK10__cxxabiv120__si_class_type_info20__do_find_public_srcEiPKvPKNS_17__class_type_infoES2_
                0x08012528       0x38 d:/elektronik/ides/eclipse/yagarto/bin/../lib/gcc/arm-none-eabi/4.6.2/../../../../arm-none-eabi/lib/thumb/v7m\libstdc++.a(si_class_type_info.o)
                0x08012528                __cxxabiv1::__si_class_type_info::__do_find_public_src(int, void const*, __cxxabiv1::__class_type_info const*, void const*) const
 .text._ZNSt9type_infoD2Ev
                0x08012560        0xc d:/elektronik/ides/eclipse/yagarto/bin/../lib/gcc/arm-none-eabi/4.6.2/../../../../arm-none-eabi/lib/thumb/v7m\libstdc++.a(tinfo.o)
                0x08012560                std::type_info::~type_info()
                0x08012560                std::type_info::~type_info()
 .text._ZNKSt9type_info14__is_pointer_pEv
                0x0801256c        0x4 d:/elektronik/ides/eclipse/yagarto/bin/../lib/gcc/arm-none-eabi/4.6.2/../../../../arm-none-eabi/lib/thumb/v7m\libstdc++.a(tinfo.o)
                0x0801256c                std::type_info::__is_pointer_p() const
 .text._ZNKSt9type_info15__is_function_pEv
                0x08012570        0x4 d:/elektronik/ides/eclipse/yagarto/bin/../lib/gcc/arm-none-eabi/4.6.2/../../../../arm-none-eabi/lib/thumb/v7m\libstdc++.a(tinfo.o)
                0x08012570                std::type_info::__is_function_p() const
 .text._ZNKSt9type_info11__do_upcastEPKN10__cxxabiv117__class_type_infoEPPv
                0x08012574        0x4 d:/elektronik/ides/eclipse/yagarto/bin/../lib/gcc/arm-none-eabi/4.6.2/../../../../arm-none-eabi/lib/thumb/v7m\libstdc++.a(tinfo.o)
                0x08012574                std::type_info::__do_upcast(__cxxabiv1::__class_type_info const*, void**) const
 .text._ZNSt9type_infoD0Ev
                0x08012578       0x14 d:/elektronik/ides/eclipse/yagarto/bin/../lib/gcc/arm-none-eabi/4.6.2/../../../../arm-none-eabi/lib/thumb/v7m\libstdc++.a(tinfo.o)
                0x08012578                std::type_info::~type_info()
 .text._ZNKSt9type_infoeqERKS_
                0x0801258c       0x38 d:/elektronik/ides/eclipse/yagarto/bin/../lib/gcc/arm-none-eabi/4.6.2/../../../../arm-none-eabi/lib/thumb/v7m\libstdc++.a(tinfo.o)
                0x0801258c                std::type_info::operator==(std::type_info const&) const
 .text._ZNKSt9type_info10__do_catchEPKS_PPvj
                0x080125c4        0x4 d:/elektronik/ides/eclipse/yagarto/bin/../lib/gcc/arm-none-eabi/4.6.2/../../../../arm-none-eabi/lib/thumb/v7m\libstdc++.a(tinfo.o)
                0x080125c4                std::type_info::__do_catch(std::type_info const*, void**, unsigned int) const
 .text._ZNKSt10bad_typeid4whatEv
                0x080125c8        0xc d:/elektronik/ides/eclipse/yagarto/bin/../lib/gcc/arm-none-eabi/4.6.2/../../../../arm-none-eabi/lib/thumb/v7m\libstdc++.a(bad_typeid.o)
                0x080125c8                std::bad_typeid::what() const
 .text._ZNSt10bad_typeidD2Ev
                0x080125d4       0x14 d:/elektronik/ides/eclipse/yagarto/bin/../lib/gcc/arm-none-eabi/4.6.2/../../../../arm-none-eabi/lib/thumb/v7m\libstdc++.a(bad_typeid.o)
                0x080125d4                std::bad_typeid::~bad_typeid()
                0x080125d4                std::bad_typeid::~bad_typeid()
 .text._ZNSt10bad_typeidD0Ev
                0x080125e8       0x1c d:/elektronik/ides/eclipse/yagarto/bin/../lib/gcc/arm-none-eabi/4.6.2/../../../../arm-none-eabi/lib/thumb/v7m\libstdc++.a(bad_typeid.o)
                0x080125e8                std::bad_typeid::~bad_typeid()
 .text._ZNK10__cxxabiv117__class_type_info11__do_upcastEPKS0_PPv
                0x08012604       0x38 d:/elektronik/ides/eclipse/yagarto/bin/../lib/gcc/arm-none-eabi/4.6.2/../../../../arm-none-eabi/lib/thumb/v7m\libstdc++.a(class_type_info.o)
                0x08012604                __cxxabiv1::__class_type_info::__do_upcast(__cxxabiv1::__class_type_info const*, void**) const
 .text._ZNK10__cxxabiv117__class_type_info20__do_find_public_srcEiPKvPKS0_S2_
                0x0801263c        0xc d:/elektronik/ides/eclipse/yagarto/bin/../lib/gcc/arm-none-eabi/4.6.2/../../../../arm-none-eabi/lib/thumb/v7m\libstdc++.a(class_type_info.o)
                0x0801263c                __cxxabiv1::__class_type_info::__do_find_public_src(int, void const*, __cxxabiv1::__class_type_info const*, void const*) const
 .text._ZNK10__cxxabiv117__class_type_info11__do_upcastEPKS0_PKvRNS0_15__upcast_resultE
                0x08012648       0x1c d:/elektronik/ides/eclipse/yagarto/bin/../lib/gcc/arm-none-eabi/4.6.2/../../../../arm-none-eabi/lib/thumb/v7m\libstdc++.a(class_type_info.o)
                0x08012648                __cxxabiv1::__class_type_info::__do_upcast(__cxxabiv1::__class_type_info const*, void const*, __cxxabiv1::__class_type_info::__upcast_result&) const
 .text._ZN10__cxxabiv117__class_type_infoD2Ev
                0x08012664       0x14 d:/elektronik/ides/eclipse/yagarto/bin/../lib/gcc/arm-none-eabi/4.6.2/../../../../arm-none-eabi/lib/thumb/v7m\libstdc++.a(class_type_info.o)
                0x08012664                __cxxabiv1::__class_type_info::~__class_type_info()
                0x08012664                __cxxabiv1::__class_type_info::~__class_type_info()
 .text._ZN10__cxxabiv117__class_type_infoD0Ev
                0x08012678       0x1c d:/elektronik/ides/eclipse/yagarto/bin/../lib/gcc/arm-none-eabi/4.6.2/../../../../arm-none-eabi/lib/thumb/v7m\libstdc++.a(class_type_info.o)
                0x08012678                __cxxabiv1::__class_type_info::~__class_type_info()
 .text._ZNK10__cxxabiv117__class_type_info12__do_dyncastEiNS0_10__sub_kindEPKS0_PKvS3_S5_RNS0_16__dyncast_resultE
                0x08012694       0x3c d:/elektronik/ides/eclipse/yagarto/bin/../lib/gcc/arm-none-eabi/4.6.2/../../../../arm-none-eabi/lib/thumb/v7m\libstdc++.a(class_type_info.o)
                0x08012694                __cxxabiv1::__class_type_info::__do_dyncast(int, __cxxabiv1::__class_type_info::__sub_kind, __cxxabiv1::__class_type_info const*, void const*, __cxxabiv1::__class_type_info const*, void const*, __cxxabiv1::__class_type_info::__dyncast_result&) const
 .text._ZNK10__cxxabiv117__class_type_info10__do_catchEPKSt9type_infoPPvj
                0x080126d0       0x28 d:/elektronik/ides/eclipse/yagarto/bin/../lib/gcc/arm-none-eabi/4.6.2/../../../../arm-none-eabi/lib/thumb/v7m\libstdc++.a(class_type_info.o)
                0x080126d0                __cxxabiv1::__class_type_info::__do_catch(std::type_info const*, void**, unsigned int) const
 .text.__cxa_allocate_exception
                0x080126f8       0x64 d:/elektronik/ides/eclipse/yagarto/bin/../lib/gcc/arm-none-eabi/4.6.2/../../../../arm-none-eabi/lib/thumb/v7m\libstdc++.a(eh_alloc.o)
                0x080126f8                __cxa_allocate_exception
 .text.__cxa_free_exception
                0x0801275c       0x34 d:/elektronik/ides/eclipse/yagarto/bin/../lib/gcc/arm-none-eabi/4.6.2/../../../../arm-none-eabi/lib/thumb/v7m\libstdc++.a(eh_alloc.o)
                0x0801275c                __cxa_free_exception
 .text._ZNK10__cxxabiv117__pbase_type_info15__pointer_catchEPKS0_PPvj
                0x08012790       0x14 d:/elektronik/ides/eclipse/yagarto/bin/../lib/gcc/arm-none-eabi/4.6.2/../../../../arm-none-eabi/lib/thumb/v7m\libstdc++.a(pbase_type_info.o)
                0x08012790                __cxxabiv1::__pbase_type_info::__pointer_catch(__cxxabiv1::__pbase_type_info const*, void**, unsigned int) const
 .text._ZN10__cxxabiv117__pbase_type_infoD2Ev
                0x080127a4       0x14 d:/elektronik/ides/eclipse/yagarto/bin/../lib/gcc/arm-none-eabi/4.6.2/../../../../arm-none-eabi/lib/thumb/v7m\libstdc++.a(pbase_type_info.o)
                0x080127a4                __cxxabiv1::__pbase_type_info::~__pbase_type_info()
                0x080127a4                __cxxabiv1::__pbase_type_info::~__pbase_type_info()
 .text._ZN10__cxxabiv117__pbase_type_infoD0Ev
                0x080127b8       0x1c d:/elektronik/ides/eclipse/yagarto/bin/../lib/gcc/arm-none-eabi/4.6.2/../../../../arm-none-eabi/lib/thumb/v7m\libstdc++.a(pbase_type_info.o)
                0x080127b8                __cxxabiv1::__pbase_type_info::~__pbase_type_info()
 .text._ZNK10__cxxabiv117__pbase_type_info10__do_catchEPKSt9type_infoPPvj
                0x080127d4       0x6c d:/elektronik/ides/eclipse/yagarto/bin/../lib/gcc/arm-none-eabi/4.6.2/../../../../arm-none-eabi/lib/thumb/v7m\libstdc++.a(pbase_type_info.o)
                0x080127d4                __cxxabiv1::__pbase_type_info::__do_catch(std::type_info const*, void**, unsigned int) const
 *(.rodata)
 .rodata        0x08012840        0x8 ./Menue/CMenue.o
 .rodata        0x08012848       0x30 ./FreeRTOS_EC/Source/CTask.o
 .rodata        0x08012878       0x74 ./FreeRTOS/Source/tasks.o
 .rodata        0x080128ec       0x18 ./main.o
 .rodata        0x08012904      0xdd8 d:/elektronik/ides/eclipse/yagarto/bin/../lib/gcc/arm-none-eabi/4.6.2/../../../../arm-none-eabi/lib/thumb/v7m\libstdc++.a(cp-demangle.o)
 .rodata        0x080136dc        0x4 d:/elektronik/ides/eclipse/yagarto/bin/../lib/gcc/arm-none-eabi/4.6.2/../../../../arm-none-eabi/lib/thumb/v7m\libg.a(lib_a-impure.o)
                0x080136dc                _global_impure_ptr
 .rodata        0x080136e0       0x20 d:/elektronik/ides/eclipse/yagarto/bin/../lib/gcc/arm-none-eabi/4.6.2/../../../../arm-none-eabi/lib/thumb/v7m\libg.a(lib_a-svfprintf.o)
 .rodata        0x08013700       0x20 d:/elektronik/ides/eclipse/yagarto/bin/../lib/gcc/arm-none-eabi/4.6.2/../../../../arm-none-eabi/lib/thumb/v7m\libg.a(lib_a-vfiprintf.o)
 .rodata        0x08013720      0x128 d:/elektronik/ides/eclipse/yagarto/bin/../lib/gcc/arm-none-eabi/4.6.2/../../../../arm-none-eabi/lib/thumb/v7m\libg.a(lib_a-mprec.o)
                0x08013730                __mprec_tens
                0x080137f8                __mprec_tinytens
                0x08013820                __mprec_bigtens
 .rodata        0x08013848       0x20 d:/elektronik/ides/eclipse/yagarto/bin/../lib/gcc/arm-none-eabi/4.6.2/../../../../arm-none-eabi/lib/thumb/v7m\libg.a(lib_a-svfiprintf.o)
 *(.rodata*)
 .rodata.GPIO_PIN
                0x08013868        0x8 ./STM32F4-Discovery/stm32f4_discovery.o
                0x08013868                GPIO_PIN
 .rodata.GPIO_CLK
                0x08013870       0x10 ./STM32F4-Discovery/stm32f4_discovery.o
                0x08013870                GPIO_CLK
 .rodata._ZTV6CMenue
                0x08013880       0x28 ./Menue/CMenue.o
                0x08013880                vtable for CMenue
 .rodata._ZL12c_FontNative
                0x080138a8       0x18 ./Menue/CMenue.o
 .rodata._ZTV11CGraphicLCD
                0x080138c0       0x38 ./GraphicLCD/CGraphicLCD.o
                0x080138c0                vtable for CGraphicLCD
 .rodata._ZTV13CT6963CDriver
                0x080138f8       0x48 ./GraphicLCD/CT6963CDriver.o
                0x080138f8                vtable for CT6963CDriver
 .rodata._ZTV21CT6963_GPIO_Interface
                0x08013940       0x48 ./GraphicLCD/CT6963GPIOInterface.o
                0x08013940                vtable for CT6963_GPIO_Interface
 .rodata._ZTV12AManagedTask
                0x08013988       0x28 ./FreeRTOS_EC/Source/AManagedTask.o
                0x08013988                vtable for AManagedTask
 .rodata._ZTV12IFreeRTOSObj
                0x080139b0       0x18 ./FreeRTOS_EC/Source/ASyncObject.o
                0x080139b0                vtable for IFreeRTOSObj
 .rodata._ZTV5CTask
                0x080139c8       0x20 ./FreeRTOS_EC/Source/CTask.o
                0x080139c8                vtable for CTask
 .rodata._ZZN5CTask6AttachEPvE19__PRETTY_FUNCTION__
                0x080139e8       0x2c ./FreeRTOS_EC/Source/CTask.o
 *fill*         0x08013a14        0x4 00
 .rodata._ZTV24CLedHeartBeatSTM32F4Disc
                0x08013a18       0x28 ./CLedHeartBeatSTM32F4Disc.o
                0x08013a18                vtable for CLedHeartBeatSTM32F4Disc
 .rodata.str1.4
                0x08013a40       0x1c d:/elektronik/ides/eclipse/yagarto/bin/../lib/gcc/arm-none-eabi/4.6.2/../../../../arm-none-eabi/lib/thumb/v7m\libstdc++.a(pure.o)
 .rodata.str1.4
                0x08013a5c       0x94 d:/elektronik/ides/eclipse/yagarto/bin/../lib/gcc/arm-none-eabi/4.6.2/../../../../arm-none-eabi/lib/thumb/v7m\libstdc++.a(vterminate.o)
 .rodata._ZTVSt9exception
                0x08013af0       0x18 d:/elektronik/ides/eclipse/yagarto/bin/../lib/gcc/arm-none-eabi/4.6.2/../../../../arm-none-eabi/lib/thumb/v7m\libstdc++.a(eh_exception.o)
                0x08013af0                vtable for std::exception
 .rodata._ZTIN10__cxxabiv115__forced_unwindE
                0x08013b08        0x8 d:/elektronik/ides/eclipse/yagarto/bin/../lib/gcc/arm-none-eabi/4.6.2/../../../../arm-none-eabi/lib/thumb/v7m\libstdc++.a(eh_exception.o)
                0x08013b08                typeinfo for __cxxabiv1::__forced_unwind
 .rodata._ZTISt9exception
                0x08013b10        0x8 d:/elektronik/ides/eclipse/yagarto/bin/../lib/gcc/arm-none-eabi/4.6.2/../../../../arm-none-eabi/lib/thumb/v7m\libstdc++.a(eh_exception.o)
                0x08013b10                typeinfo for std::exception
 .rodata._ZTSSt13bad_exception
                0x08013b18       0x14 d:/elektronik/ides/eclipse/yagarto/bin/../lib/gcc/arm-none-eabi/4.6.2/../../../../arm-none-eabi/lib/thumb/v7m\libstdc++.a(eh_exception.o)
                0x08013b18                typeinfo name for std::bad_exception
 .rodata.str1.4
                0x08013b2c       0x23 d:/elektronik/ides/eclipse/yagarto/bin/../lib/gcc/arm-none-eabi/4.6.2/../../../../arm-none-eabi/lib/thumb/v7m\libstdc++.a(eh_exception.o)
                                 0x24 (size before relaxing)
 *fill*         0x08013b4f        0x1 00
 .rodata._ZTSN10__cxxabiv119__foreign_exceptionE
                0x08013b50       0x24 d:/elektronik/ides/eclipse/yagarto/bin/../lib/gcc/arm-none-eabi/4.6.2/../../../../arm-none-eabi/lib/thumb/v7m\libstdc++.a(eh_exception.o)
                0x08013b50                typeinfo name for __cxxabiv1::__foreign_exception
 .rodata._ZTIN10__cxxabiv119__foreign_exceptionE
                0x08013b74        0x8 d:/elektronik/ides/eclipse/yagarto/bin/../lib/gcc/arm-none-eabi/4.6.2/../../../../arm-none-eabi/lib/thumb/v7m\libstdc++.a(eh_exception.o)
                0x08013b74                typeinfo for __cxxabiv1::__foreign_exception
 *fill*         0x08013b7c        0x4 00
 .rodata._ZTVSt13bad_exception
                0x08013b80       0x18 d:/elektronik/ides/eclipse/yagarto/bin/../lib/gcc/arm-none-eabi/4.6.2/../../../../arm-none-eabi/lib/thumb/v7m\libstdc++.a(eh_exception.o)
                0x08013b80                vtable for std::bad_exception
 .rodata._ZTSSt9exception
                0x08013b98       0x10 d:/elektronik/ides/eclipse/yagarto/bin/../lib/gcc/arm-none-eabi/4.6.2/../../../../arm-none-eabi/lib/thumb/v7m\libstdc++.a(eh_exception.o)
                0x08013b98                typeinfo name for std::exception
 .rodata._ZTSN10__cxxabiv115__forced_unwindE
                0x08013ba8       0x20 d:/elektronik/ides/eclipse/yagarto/bin/../lib/gcc/arm-none-eabi/4.6.2/../../../../arm-none-eabi/lib/thumb/v7m\libstdc++.a(eh_exception.o)
                0x08013ba8                typeinfo name for __cxxabiv1::__forced_unwind
 .rodata._ZTISt13bad_exception
                0x08013bc8        0xc d:/elektronik/ides/eclipse/yagarto/bin/../lib/gcc/arm-none-eabi/4.6.2/../../../../arm-none-eabi/lib/thumb/v7m\libstdc++.a(eh_exception.o)
                0x08013bc8                typeinfo for std::bad_exception
 .rodata._ZTIPv
                0x08013bd4       0x10 d:/elektronik/ides/eclipse/yagarto/bin/../lib/gcc/arm-none-eabi/4.6.2/../../../../arm-none-eabi/lib/thumb/v7m\libstdc++.a(fundamental_type_info.o)
                0x08013bd4                typeinfo for void*
 .rodata._ZTIv  0x08013be4        0x8 d:/elektronik/ides/eclipse/yagarto/bin/../lib/gcc/arm-none-eabi/4.6.2/../../../../arm-none-eabi/lib/thumb/v7m\libstdc++.a(fundamental_type_info.o)
                0x08013be4                typeinfo for void
 .rodata._ZTSPv
                0x08013bec        0x4 d:/elektronik/ides/eclipse/yagarto/bin/../lib/gcc/arm-none-eabi/4.6.2/../../../../arm-none-eabi/lib/thumb/v7m\libstdc++.a(fundamental_type_info.o)
                0x08013bec                typeinfo name for void*
 .rodata._ZTSv  0x08013bf0        0x4 d:/elektronik/ides/eclipse/yagarto/bin/../lib/gcc/arm-none-eabi/4.6.2/../../../../arm-none-eabi/lib/thumb/v7m\libstdc++.a(fundamental_type_info.o)
                0x08013bf0                typeinfo name for void
 .rodata._ZTIN10__cxxabiv123__fundamental_type_infoE
                0x08013bf4        0xc d:/elektronik/ides/eclipse/yagarto/bin/../lib/gcc/arm-none-eabi/4.6.2/../../../../arm-none-eabi/lib/thumb/v7m\libstdc++.a(fundamental_type_info.o)
                0x08013bf4                typeinfo for __cxxabiv1::__fundamental_type_info
 .rodata._ZTSN10__cxxabiv123__fundamental_type_infoE
                0x08013c00       0x28 d:/elektronik/ides/eclipse/yagarto/bin/../lib/gcc/arm-none-eabi/4.6.2/../../../../arm-none-eabi/lib/thumb/v7m\libstdc++.a(fundamental_type_info.o)
                0x08013c00                typeinfo name for __cxxabiv1::__fundamental_type_info
 .rodata._ZTVN10__cxxabiv123__fundamental_type_infoE
                0x08013c28       0x20 d:/elektronik/ides/eclipse/yagarto/bin/../lib/gcc/arm-none-eabi/4.6.2/../../../../arm-none-eabi/lib/thumb/v7m\libstdc++.a(fundamental_type_info.o)
                0x08013c28                vtable for __cxxabiv1::__fundamental_type_info
 .rodata._ZTSN10__cxxabiv119__pointer_type_infoE
                0x08013c48       0x24 d:/elektronik/ides/eclipse/yagarto/bin/../lib/gcc/arm-none-eabi/4.6.2/../../../../arm-none-eabi/lib/thumb/v7m\libstdc++.a(pointer_type_info.o)
                0x08013c48                typeinfo name for __cxxabiv1::__pointer_type_info
 .rodata._ZTIN10__cxxabiv119__pointer_type_infoE
                0x08013c6c        0xc d:/elektronik/ides/eclipse/yagarto/bin/../lib/gcc/arm-none-eabi/4.6.2/../../../../arm-none-eabi/lib/thumb/v7m\libstdc++.a(pointer_type_info.o)
                0x08013c6c                typeinfo for __cxxabiv1::__pointer_type_info
 .rodata._ZTVN10__cxxabiv119__pointer_type_infoE
                0x08013c78       0x28 d:/elektronik/ides/eclipse/yagarto/bin/../lib/gcc/arm-none-eabi/4.6.2/../../../../arm-none-eabi/lib/thumb/v7m\libstdc++.a(pointer_type_info.o)
                0x08013c78                vtable for __cxxabiv1::__pointer_type_info
 .rodata._ZTVN10__cxxabiv120__si_class_type_infoE
                0x08013ca0       0x30 d:/elektronik/ides/eclipse/yagarto/bin/../lib/gcc/arm-none-eabi/4.6.2/../../../../arm-none-eabi/lib/thumb/v7m\libstdc++.a(si_class_type_info.o)
                0x08013ca0                vtable for __cxxabiv1::__si_class_type_info
 .rodata._ZTIN10__cxxabiv120__si_class_type_infoE
                0x08013cd0        0xc d:/elektronik/ides/eclipse/yagarto/bin/../lib/gcc/arm-none-eabi/4.6.2/../../../../arm-none-eabi/lib/thumb/v7m\libstdc++.a(si_class_type_info.o)
                0x08013cd0                typeinfo for __cxxabiv1::__si_class_type_info
 .rodata._ZTSN10__cxxabiv120__si_class_type_infoE
                0x08013cdc       0x28 d:/elektronik/ides/eclipse/yagarto/bin/../lib/gcc/arm-none-eabi/4.6.2/../../../../arm-none-eabi/lib/thumb/v7m\libstdc++.a(si_class_type_info.o)
                0x08013cdc                typeinfo name for __cxxabiv1::__si_class_type_info
 .rodata._ZTISt9type_info
                0x08013d04        0x8 d:/elektronik/ides/eclipse/yagarto/bin/../lib/gcc/arm-none-eabi/4.6.2/../../../../arm-none-eabi/lib/thumb/v7m\libstdc++.a(tinfo.o)
                0x08013d04                typeinfo for std::type_info
 .rodata._ZTSSt9type_info
                0x08013d0c       0x10 d:/elektronik/ides/eclipse/yagarto/bin/../lib/gcc/arm-none-eabi/4.6.2/../../../../arm-none-eabi/lib/thumb/v7m\libstdc++.a(tinfo.o)
                0x08013d0c                typeinfo name for std::type_info
 *fill*         0x08013d1c        0x4 00
 .rodata._ZTVSt9type_info
                0x08013d20       0x20 d:/elektronik/ides/eclipse/yagarto/bin/../lib/gcc/arm-none-eabi/4.6.2/../../../../arm-none-eabi/lib/thumb/v7m\libstdc++.a(tinfo.o)
                0x08013d20                vtable for std::type_info
 .rodata._ZTVSt10bad_typeid
                0x08013d40       0x18 d:/elektronik/ides/eclipse/yagarto/bin/../lib/gcc/arm-none-eabi/4.6.2/../../../../arm-none-eabi/lib/thumb/v7m\libstdc++.a(bad_typeid.o)
                0x08013d40                vtable for std::bad_typeid
 .rodata._ZTISt10bad_typeid
                0x08013d58        0xc d:/elektronik/ides/eclipse/yagarto/bin/../lib/gcc/arm-none-eabi/4.6.2/../../../../arm-none-eabi/lib/thumb/v7m\libstdc++.a(bad_typeid.o)
                0x08013d58                typeinfo for std::bad_typeid
 .rodata.str1.4
                0x08013d64       0x10 d:/elektronik/ides/eclipse/yagarto/bin/../lib/gcc/arm-none-eabi/4.6.2/../../../../arm-none-eabi/lib/thumb/v7m\libstdc++.a(bad_typeid.o)
 .rodata._ZTSSt10bad_typeid
                0x08013d74       0x10 d:/elektronik/ides/eclipse/yagarto/bin/../lib/gcc/arm-none-eabi/4.6.2/../../../../arm-none-eabi/lib/thumb/v7m\libstdc++.a(bad_typeid.o)
                0x08013d74                typeinfo name for std::bad_typeid
 *fill*         0x08013d84        0x4 00
 .rodata._ZTVN10__cxxabiv117__class_type_infoE
                0x08013d88       0x30 d:/elektronik/ides/eclipse/yagarto/bin/../lib/gcc/arm-none-eabi/4.6.2/../../../../arm-none-eabi/lib/thumb/v7m\libstdc++.a(class_type_info.o)
                0x08013d88                vtable for __cxxabiv1::__class_type_info
 .rodata._ZTIN10__cxxabiv117__class_type_infoE
                0x08013db8        0xc d:/elektronik/ides/eclipse/yagarto/bin/../lib/gcc/arm-none-eabi/4.6.2/../../../../arm-none-eabi/lib/thumb/v7m\libstdc++.a(class_type_info.o)
                0x08013db8                typeinfo for __cxxabiv1::__class_type_info
 .rodata._ZTSN10__cxxabiv117__class_type_infoE
                0x08013dc4       0x24 d:/elektronik/ides/eclipse/yagarto/bin/../lib/gcc/arm-none-eabi/4.6.2/../../../../arm-none-eabi/lib/thumb/v7m\libstdc++.a(class_type_info.o)
                0x08013dc4                typeinfo name for __cxxabiv1::__class_type_info
 .rodata._ZTIN10__cxxabiv117__pbase_type_infoE
                0x08013de8        0xc d:/elektronik/ides/eclipse/yagarto/bin/../lib/gcc/arm-none-eabi/4.6.2/../../../../arm-none-eabi/lib/thumb/v7m\libstdc++.a(pbase_type_info.o)
                0x08013de8                typeinfo for __cxxabiv1::__pbase_type_info
 .rodata._ZTSN10__cxxabiv117__pbase_type_infoE
                0x08013df4       0x24 d:/elektronik/ides/eclipse/yagarto/bin/../lib/gcc/arm-none-eabi/4.6.2/../../../../arm-none-eabi/lib/thumb/v7m\libstdc++.a(pbase_type_info.o)
                0x08013df4                typeinfo name for __cxxabiv1::__pbase_type_info
 .rodata._ZTVN10__cxxabiv117__pbase_type_infoE
                0x08013e18       0x28 d:/elektronik/ides/eclipse/yagarto/bin/../lib/gcc/arm-none-eabi/4.6.2/../../../../arm-none-eabi/lib/thumb/v7m\libstdc++.a(pbase_type_info.o)
                0x08013e18                vtable for __cxxabiv1::__pbase_type_info
 .rodata.str1.4
                0x08013e40       0x3f d:/elektronik/ides/eclipse/yagarto/bin/../lib/gcc/arm-none-eabi/4.6.2/../../../../arm-none-eabi/lib/thumb/v7m\libg.a(lib_a-assert.o)
                                 0x44 (size before relaxing)
 *fill*         0x08013e7f        0x1 00
 .rodata.str1.4
                0x08013e80        0x2 d:/elektronik/ides/eclipse/yagarto/bin/../lib/gcc/arm-none-eabi/4.6.2/../../../../arm-none-eabi/lib/thumb/v7m\libg.a(lib_a-impure.o)
                                  0x4 (size before relaxing)
 *fill*         0x08013e82        0x2 00
 .rodata.str1.4
                0x08013e84       0x42 d:/elektronik/ides/eclipse/yagarto/bin/../lib/gcc/arm-none-eabi/4.6.2/../../../../arm-none-eabi/lib/thumb/v7m\libg.a(lib_a-svfprintf.o)
                                 0x44 (size before relaxing)
 .rodata.str1.4
                0x00000000       0x30 d:/elektronik/ides/eclipse/yagarto/bin/../lib/gcc/arm-none-eabi/4.6.2/../../../../arm-none-eabi/lib/thumb/v7m\libg.a(lib_a-vfiprintf.o)
 *fill*         0x08013ec6        0x2 00
 .rodata.str1.4
                0x08013ec8       0x10 d:/elektronik/ides/eclipse/yagarto/bin/../lib/gcc/arm-none-eabi/4.6.2/../../../../arm-none-eabi/lib/thumb/v7m\libg.a(lib_a-dtoa.o)
                                 0x14 (size before relaxing)
 .rodata.str1.4
                0x08013ed8        0xc d:/elektronik/ides/eclipse/yagarto/bin/../lib/gcc/arm-none-eabi/4.6.2/../../../../arm-none-eabi/lib/thumb/v7m\libg.a(lib_a-locale.o)
                                 0x14 (size before relaxing)
 .rodata.str1.4