   1              		.syntax unified
   2              		.cpu cortex-m4
   3              		.eabi_attribute 27, 3
   4              		.fpu fpv4-sp-d16
   5              		.eabi_attribute 20, 1
   6              		.eabi_attribute 21, 1
   7              		.eabi_attribute 23, 3
   8              		.eabi_attribute 24, 1
   9              		.eabi_attribute 25, 1
  10              		.eabi_attribute 26, 1
  11              		.eabi_attribute 30, 6
  12              		.eabi_attribute 18, 4
  13              		.thumb
  14              		.file	"stm32f4xx_exti.c"
  15              		.text
  16              	.Ltext0:
  17              		.cfi_sections	.debug_frame
  18              		.section	.text.EXTI_DeInit,"ax",%progbits
  19              		.align	2
  20              		.global	EXTI_DeInit
  21              		.thumb
  22              		.thumb_func
  24              	EXTI_DeInit:
  25              	.LFB110:
  26              		.file 1 "../STM32F4xx_StdPeriph_Driver/src/stm32f4xx_exti.c"
   1:../STM32F4xx_StdPeriph_Driver/src/stm32f4xx_exti.c **** /**
   2:../STM32F4xx_StdPeriph_Driver/src/stm32f4xx_exti.c ****   ******************************************************************************
   3:../STM32F4xx_StdPeriph_Driver/src/stm32f4xx_exti.c ****   * @file    stm32f4xx_exti.c
   4:../STM32F4xx_StdPeriph_Driver/src/stm32f4xx_exti.c ****   * @author  MCD Application Team
   5:../STM32F4xx_StdPeriph_Driver/src/stm32f4xx_exti.c ****   * @version V1.0.0
   6:../STM32F4xx_StdPeriph_Driver/src/stm32f4xx_exti.c ****   * @date    30-September-2011
   7:../STM32F4xx_StdPeriph_Driver/src/stm32f4xx_exti.c ****   * @brief   This file provides firmware functions to manage the following 
   8:../STM32F4xx_StdPeriph_Driver/src/stm32f4xx_exti.c ****   *          functionalities of the EXTI peripheral:           
   9:../STM32F4xx_StdPeriph_Driver/src/stm32f4xx_exti.c ****   *           - Initialization and Configuration
  10:../STM32F4xx_StdPeriph_Driver/src/stm32f4xx_exti.c ****   *           - Interrupts and flags management
  11:../STM32F4xx_StdPeriph_Driver/src/stm32f4xx_exti.c ****   *
  12:../STM32F4xx_StdPeriph_Driver/src/stm32f4xx_exti.c ****   *  @verbatim  
  13:../STM32F4xx_StdPeriph_Driver/src/stm32f4xx_exti.c ****   *  
  14:../STM32F4xx_StdPeriph_Driver/src/stm32f4xx_exti.c ****   *          ===================================================================
  15:../STM32F4xx_StdPeriph_Driver/src/stm32f4xx_exti.c ****   *                                     EXTI features
  16:../STM32F4xx_StdPeriph_Driver/src/stm32f4xx_exti.c ****   *          ===================================================================
  17:../STM32F4xx_StdPeriph_Driver/src/stm32f4xx_exti.c ****   *    
  18:../STM32F4xx_StdPeriph_Driver/src/stm32f4xx_exti.c ****   *          External interrupt/event lines are mapped as following:
  19:../STM32F4xx_StdPeriph_Driver/src/stm32f4xx_exti.c ****   *            1- All available GPIO pins are connected to the 16 external 
  20:../STM32F4xx_StdPeriph_Driver/src/stm32f4xx_exti.c ****   *               interrupt/event lines from EXTI0 to EXTI15.
  21:../STM32F4xx_StdPeriph_Driver/src/stm32f4xx_exti.c ****   *            2- EXTI line 16 is connected to the PVD Output
  22:../STM32F4xx_StdPeriph_Driver/src/stm32f4xx_exti.c ****   *            3- EXTI line 17 is connected to the RTC Alarm event
  23:../STM32F4xx_StdPeriph_Driver/src/stm32f4xx_exti.c ****   *            4- EXTI line 18 is connected to the USB OTG FS Wakeup from suspend event            
  24:../STM32F4xx_StdPeriph_Driver/src/stm32f4xx_exti.c ****   *            5- EXTI line 19 is connected to the Ethernet Wakeup event
  25:../STM32F4xx_StdPeriph_Driver/src/stm32f4xx_exti.c ****   *            6- EXTI line 20 is connected to the USB OTG HS (configured in FS) Wakeup event 
  26:../STM32F4xx_StdPeriph_Driver/src/stm32f4xx_exti.c ****   *            7- EXTI line 21 is connected to the RTC Tamper and Time Stamp events                
  27:../STM32F4xx_StdPeriph_Driver/src/stm32f4xx_exti.c ****   *            8- EXTI line 22 is connected to the RTC Wakeup event
  28:../STM32F4xx_StdPeriph_Driver/src/stm32f4xx_exti.c ****   *        
  29:../STM32F4xx_StdPeriph_Driver/src/stm32f4xx_exti.c ****   *          ===================================================================
  30:../STM32F4xx_StdPeriph_Driver/src/stm32f4xx_exti.c ****   *                                 How to use this driver
  31:../STM32F4xx_StdPeriph_Driver/src/stm32f4xx_exti.c ****   *          ===================================================================  
  32:../STM32F4xx_StdPeriph_Driver/src/stm32f4xx_exti.c ****   *              
  33:../STM32F4xx_StdPeriph_Driver/src/stm32f4xx_exti.c ****   *          In order to use an I/O pin as an external interrupt source, follow
  34:../STM32F4xx_StdPeriph_Driver/src/stm32f4xx_exti.c ****   *          steps below:
  35:../STM32F4xx_StdPeriph_Driver/src/stm32f4xx_exti.c ****   *            1- Configure the I/O in input mode using GPIO_Init()
  36:../STM32F4xx_StdPeriph_Driver/src/stm32f4xx_exti.c ****   *            2- Select the input source pin for the EXTI line using SYSCFG_EXTILineConfig()
  37:../STM32F4xx_StdPeriph_Driver/src/stm32f4xx_exti.c ****   *            3- Select the mode(interrupt, event) and configure the trigger 
  38:../STM32F4xx_StdPeriph_Driver/src/stm32f4xx_exti.c ****   *               selection (Rising, falling or both) using EXTI_Init()
  39:../STM32F4xx_StdPeriph_Driver/src/stm32f4xx_exti.c ****   *            4- Configure NVIC IRQ channel mapped to the EXTI line using NVIC_Init()
  40:../STM32F4xx_StdPeriph_Driver/src/stm32f4xx_exti.c ****   *   
  41:../STM32F4xx_StdPeriph_Driver/src/stm32f4xx_exti.c ****   *  @note  SYSCFG APB clock must be enabled to get write access to SYSCFG_EXTICRx
  42:../STM32F4xx_StdPeriph_Driver/src/stm32f4xx_exti.c ****   *         registers using RCC_APB2PeriphClockCmd(RCC_APB2Periph_SYSCFG, ENABLE);
  43:../STM32F4xx_StdPeriph_Driver/src/stm32f4xx_exti.c ****   *          
  44:../STM32F4xx_StdPeriph_Driver/src/stm32f4xx_exti.c ****   *  @endverbatim                  
  45:../STM32F4xx_StdPeriph_Driver/src/stm32f4xx_exti.c ****   *
  46:../STM32F4xx_StdPeriph_Driver/src/stm32f4xx_exti.c ****   ******************************************************************************
  47:../STM32F4xx_StdPeriph_Driver/src/stm32f4xx_exti.c ****   * @attention
  48:../STM32F4xx_StdPeriph_Driver/src/stm32f4xx_exti.c ****   *
  49:../STM32F4xx_StdPeriph_Driver/src/stm32f4xx_exti.c ****   * THE PRESENT FIRMWARE WHICH IS FOR GUIDANCE ONLY AIMS AT PROVIDING CUSTOMERS
  50:../STM32F4xx_StdPeriph_Driver/src/stm32f4xx_exti.c ****   * WITH CODING INFORMATION REGARDING THEIR PRODUCTS IN ORDER FOR THEM TO SAVE
  51:../STM32F4xx_StdPeriph_Driver/src/stm32f4xx_exti.c ****   * TIME. AS A RESULT, STMICROELECTRONICS SHALL NOT BE HELD LIABLE FOR ANY
  52:../STM32F4xx_StdPeriph_Driver/src/stm32f4xx_exti.c ****   * DIRECT, INDIRECT OR CONSEQUENTIAL DAMAGES WITH RESPECT TO ANY CLAIMS ARISING
  53:../STM32F4xx_StdPeriph_Driver/src/stm32f4xx_exti.c ****   * FROM THE CONTENT OF SUCH FIRMWARE AND/OR THE USE MADE BY CUSTOMERS OF THE
  54:../STM32F4xx_StdPeriph_Driver/src/stm32f4xx_exti.c ****   * CODING INFORMATION CONTAINED HEREIN IN CONNECTION WITH THEIR PRODUCTS.
  55:../STM32F4xx_StdPeriph_Driver/src/stm32f4xx_exti.c ****   *
  56:../STM32F4xx_StdPeriph_Driver/src/stm32f4xx_exti.c ****   * <h2><center>&copy; COPYRIGHT 2011 STMicroelectronics</center></h2>
  57:../STM32F4xx_StdPeriph_Driver/src/stm32f4xx_exti.c ****   ******************************************************************************
  58:../STM32F4xx_StdPeriph_Driver/src/stm32f4xx_exti.c ****   */
  59:../STM32F4xx_StdPeriph_Driver/src/stm32f4xx_exti.c **** 
  60:../STM32F4xx_StdPeriph_Driver/src/stm32f4xx_exti.c **** /* Includes ------------------------------------------------------------------*/
  61:../STM32F4xx_StdPeriph_Driver/src/stm32f4xx_exti.c **** #include "stm32f4xx_exti.h"
  62:../STM32F4xx_StdPeriph_Driver/src/stm32f4xx_exti.c **** 
  63:../STM32F4xx_StdPeriph_Driver/src/stm32f4xx_exti.c **** /** @addtogroup STM32F4xx_StdPeriph_Driver
  64:../STM32F4xx_StdPeriph_Driver/src/stm32f4xx_exti.c ****   * @{
  65:../STM32F4xx_StdPeriph_Driver/src/stm32f4xx_exti.c ****   */
  66:../STM32F4xx_StdPeriph_Driver/src/stm32f4xx_exti.c **** 
  67:../STM32F4xx_StdPeriph_Driver/src/stm32f4xx_exti.c **** /** @defgroup EXTI 
  68:../STM32F4xx_StdPeriph_Driver/src/stm32f4xx_exti.c ****   * @brief EXTI driver modules
  69:../STM32F4xx_StdPeriph_Driver/src/stm32f4xx_exti.c ****   * @{
  70:../STM32F4xx_StdPeriph_Driver/src/stm32f4xx_exti.c ****   */
  71:../STM32F4xx_StdPeriph_Driver/src/stm32f4xx_exti.c **** 
  72:../STM32F4xx_StdPeriph_Driver/src/stm32f4xx_exti.c **** /* Private typedef -----------------------------------------------------------*/
  73:../STM32F4xx_StdPeriph_Driver/src/stm32f4xx_exti.c **** /* Private define ------------------------------------------------------------*/
  74:../STM32F4xx_StdPeriph_Driver/src/stm32f4xx_exti.c **** 
  75:../STM32F4xx_StdPeriph_Driver/src/stm32f4xx_exti.c **** #define EXTI_LINENONE    ((uint32_t)0x00000)  /* No interrupt selected */
  76:../STM32F4xx_StdPeriph_Driver/src/stm32f4xx_exti.c **** 
  77:../STM32F4xx_StdPeriph_Driver/src/stm32f4xx_exti.c **** /* Private macro -------------------------------------------------------------*/
  78:../STM32F4xx_StdPeriph_Driver/src/stm32f4xx_exti.c **** /* Private variables ---------------------------------------------------------*/
  79:../STM32F4xx_StdPeriph_Driver/src/stm32f4xx_exti.c **** /* Private function prototypes -----------------------------------------------*/
  80:../STM32F4xx_StdPeriph_Driver/src/stm32f4xx_exti.c **** /* Private functions ---------------------------------------------------------*/
  81:../STM32F4xx_StdPeriph_Driver/src/stm32f4xx_exti.c **** 
  82:../STM32F4xx_StdPeriph_Driver/src/stm32f4xx_exti.c **** /** @defgroup EXTI_Private_Functions
  83:../STM32F4xx_StdPeriph_Driver/src/stm32f4xx_exti.c ****   * @{
  84:../STM32F4xx_StdPeriph_Driver/src/stm32f4xx_exti.c ****   */
  85:../STM32F4xx_StdPeriph_Driver/src/stm32f4xx_exti.c **** 
  86:../STM32F4xx_StdPeriph_Driver/src/stm32f4xx_exti.c **** /** @defgroup EXTI_Group1 Initialization and Configuration functions
  87:../STM32F4xx_StdPeriph_Driver/src/stm32f4xx_exti.c ****  *  @brief   Initialization and Configuration functions 
  88:../STM32F4xx_StdPeriph_Driver/src/stm32f4xx_exti.c ****  *
  89:../STM32F4xx_StdPeriph_Driver/src/stm32f4xx_exti.c **** @verbatim   
  90:../STM32F4xx_StdPeriph_Driver/src/stm32f4xx_exti.c ****  ===============================================================================
  91:../STM32F4xx_StdPeriph_Driver/src/stm32f4xx_exti.c ****                   Initialization and Configuration functions
  92:../STM32F4xx_StdPeriph_Driver/src/stm32f4xx_exti.c ****  ===============================================================================  
  93:../STM32F4xx_StdPeriph_Driver/src/stm32f4xx_exti.c **** 
  94:../STM32F4xx_StdPeriph_Driver/src/stm32f4xx_exti.c **** @endverbatim
  95:../STM32F4xx_StdPeriph_Driver/src/stm32f4xx_exti.c ****   * @{
  96:../STM32F4xx_StdPeriph_Driver/src/stm32f4xx_exti.c ****   */
  97:../STM32F4xx_StdPeriph_Driver/src/stm32f4xx_exti.c **** 
  98:../STM32F4xx_StdPeriph_Driver/src/stm32f4xx_exti.c **** /**
  99:../STM32F4xx_StdPeriph_Driver/src/stm32f4xx_exti.c ****   * @brief  Deinitializes the EXTI peripheral registers to their default reset values.
 100:../STM32F4xx_StdPeriph_Driver/src/stm32f4xx_exti.c ****   * @param  None
 101:../STM32F4xx_StdPeriph_Driver/src/stm32f4xx_exti.c ****   * @retval None
 102:../STM32F4xx_StdPeriph_Driver/src/stm32f4xx_exti.c ****   */
 103:../STM32F4xx_StdPeriph_Driver/src/stm32f4xx_exti.c **** void EXTI_DeInit(void)
 104:../STM32F4xx_StdPeriph_Driver/src/stm32f4xx_exti.c **** {
  27              		.loc 1 104 0
  28              		.cfi_startproc
  29              		@ args = 0, pretend = 0, frame = 0
  30              		@ frame_needed = 1, uses_anonymous_args = 0
  31              		@ link register save eliminated.
  32 0000 80B4     		push	{r7}
  33              	.LCFI0:
  34              		.cfi_def_cfa_offset 4
  35              		.cfi_offset 7, -4
  36 0002 00AF     		add	r7, sp, #0
  37              	.LCFI1:
  38              		.cfi_def_cfa_register 7
 105:../STM32F4xx_StdPeriph_Driver/src/stm32f4xx_exti.c ****   EXTI->IMR = 0x00000000;
  39              		.loc 1 105 0
  40 0004 4FF47053 		mov	r3, #15360
  41 0008 C4F20103 		movt	r3, 16385
  42 000c 4FF00002 		mov	r2, #0
  43 0010 1A60     		str	r2, [r3, #0]
 106:../STM32F4xx_StdPeriph_Driver/src/stm32f4xx_exti.c ****   EXTI->EMR = 0x00000000;
  44              		.loc 1 106 0
  45 0012 4FF47053 		mov	r3, #15360
  46 0016 C4F20103 		movt	r3, 16385
  47 001a 4FF00002 		mov	r2, #0
  48 001e 5A60     		str	r2, [r3, #4]
 107:../STM32F4xx_StdPeriph_Driver/src/stm32f4xx_exti.c ****   EXTI->RTSR = 0x00000000;
  49              		.loc 1 107 0
  50 0020 4FF47053 		mov	r3, #15360
  51 0024 C4F20103 		movt	r3, 16385
  52 0028 4FF00002 		mov	r2, #0
  53 002c 9A60     		str	r2, [r3, #8]
 108:../STM32F4xx_StdPeriph_Driver/src/stm32f4xx_exti.c ****   EXTI->FTSR = 0x00000000;
  54              		.loc 1 108 0
  55 002e 4FF47053 		mov	r3, #15360
  56 0032 C4F20103 		movt	r3, 16385
  57 0036 4FF00002 		mov	r2, #0
  58 003a DA60     		str	r2, [r3, #12]
 109:../STM32F4xx_StdPeriph_Driver/src/stm32f4xx_exti.c ****   EXTI->PR = 0x007FFFFF;
  59              		.loc 1 109 0
  60 003c 4FF47053 		mov	r3, #15360
  61 0040 C4F20103 		movt	r3, 16385
  62 0044 4FF6FF72 		movw	r2, #65535
  63 0048 C0F27F02 		movt	r2, 127
  64 004c 5A61     		str	r2, [r3, #20]
 110:../STM32F4xx_StdPeriph_Driver/src/stm32f4xx_exti.c **** }
  65              		.loc 1 110 0
  66 004e BD46     		mov	sp, r7
  67 0050 80BC     		pop	{r7}
  68 0052 7047     		bx	lr
  69              		.cfi_endproc
  70              	.LFE110:
  72              		.section	.text.EXTI_Init,"ax",%progbits
  73              		.align	2
  74              		.global	EXTI_Init
  75              		.thumb
  76              		.thumb_func
  78              	EXTI_Init:
  79              	.LFB111:
 111:../STM32F4xx_StdPeriph_Driver/src/stm32f4xx_exti.c **** 
 112:../STM32F4xx_StdPeriph_Driver/src/stm32f4xx_exti.c **** /**
 113:../STM32F4xx_StdPeriph_Driver/src/stm32f4xx_exti.c ****   * @brief  Initializes the EXTI peripheral according to the specified
 114:../STM32F4xx_StdPeriph_Driver/src/stm32f4xx_exti.c ****   *         parameters in the EXTI_InitStruct.
 115:../STM32F4xx_StdPeriph_Driver/src/stm32f4xx_exti.c ****   * @param  EXTI_InitStruct: pointer to a EXTI_InitTypeDef structure
 116:../STM32F4xx_StdPeriph_Driver/src/stm32f4xx_exti.c ****   *         that contains the configuration information for the EXTI peripheral.
 117:../STM32F4xx_StdPeriph_Driver/src/stm32f4xx_exti.c ****   * @retval None
 118:../STM32F4xx_StdPeriph_Driver/src/stm32f4xx_exti.c ****   */
 119:../STM32F4xx_StdPeriph_Driver/src/stm32f4xx_exti.c **** void EXTI_Init(EXTI_InitTypeDef* EXTI_InitStruct)
 120:../STM32F4xx_StdPeriph_Driver/src/stm32f4xx_exti.c **** {
  80              		.loc 1 120 0
  81              		.cfi_startproc
  82              		@ args = 0, pretend = 0, frame = 16
  83              		@ frame_needed = 1, uses_anonymous_args = 0
  84              		@ link register save eliminated.
  85 0000 80B4     		push	{r7}
  86              	.LCFI2:
  87              		.cfi_def_cfa_offset 4
  88              		.cfi_offset 7, -4
  89 0002 85B0     		sub	sp, sp, #20
  90              	.LCFI3:
  91              		.cfi_def_cfa_offset 24
  92 0004 00AF     		add	r7, sp, #0
  93              	.LCFI4:
  94              		.cfi_def_cfa_register 7
  95 0006 7860     		str	r0, [r7, #4]
 121:../STM32F4xx_StdPeriph_Driver/src/stm32f4xx_exti.c ****   uint32_t tmp = 0;
  96              		.loc 1 121 0
  97 0008 4FF00003 		mov	r3, #0
  98 000c FB60     		str	r3, [r7, #12]
 122:../STM32F4xx_StdPeriph_Driver/src/stm32f4xx_exti.c **** 
 123:../STM32F4xx_StdPeriph_Driver/src/stm32f4xx_exti.c ****   /* Check the parameters */
 124:../STM32F4xx_StdPeriph_Driver/src/stm32f4xx_exti.c ****   assert_param(IS_EXTI_MODE(EXTI_InitStruct->EXTI_Mode));
 125:../STM32F4xx_StdPeriph_Driver/src/stm32f4xx_exti.c ****   assert_param(IS_EXTI_TRIGGER(EXTI_InitStruct->EXTI_Trigger));
 126:../STM32F4xx_StdPeriph_Driver/src/stm32f4xx_exti.c ****   assert_param(IS_EXTI_LINE(EXTI_InitStruct->EXTI_Line));  
 127:../STM32F4xx_StdPeriph_Driver/src/stm32f4xx_exti.c ****   assert_param(IS_FUNCTIONAL_STATE(EXTI_InitStruct->EXTI_LineCmd));
 128:../STM32F4xx_StdPeriph_Driver/src/stm32f4xx_exti.c **** 
 129:../STM32F4xx_StdPeriph_Driver/src/stm32f4xx_exti.c ****   tmp = (uint32_t)EXTI_BASE;
  99              		.loc 1 129 0
 100 000e 4FF47053 		mov	r3, #15360
 101 0012 C4F20103 		movt	r3, 16385
 102 0016 FB60     		str	r3, [r7, #12]
 130:../STM32F4xx_StdPeriph_Driver/src/stm32f4xx_exti.c ****      
 131:../STM32F4xx_StdPeriph_Driver/src/stm32f4xx_exti.c ****   if (EXTI_InitStruct->EXTI_LineCmd != DISABLE)
 103              		.loc 1 131 0
 104 0018 7B68     		ldr	r3, [r7, #4]
 105 001a 9B79     		ldrb	r3, [r3, #6]	@ zero_extendqisi2
 106 001c 002B     		cmp	r3, #0
 107 001e 7ED0     		beq	.L3
 132:../STM32F4xx_StdPeriph_Driver/src/stm32f4xx_exti.c ****   {
 133:../STM32F4xx_StdPeriph_Driver/src/stm32f4xx_exti.c ****     /* Clear EXTI line configuration */
 134:../STM32F4xx_StdPeriph_Driver/src/stm32f4xx_exti.c ****     EXTI->IMR &= ~EXTI_InitStruct->EXTI_Line;
 108              		.loc 1 134 0
 109 0020 4FF47053 		mov	r3, #15360
 110 0024 C4F20103 		movt	r3, 16385
 111 0028 4FF47052 		mov	r2, #15360
 112 002c C4F20102 		movt	r2, 16385
 113 0030 1268     		ldr	r2, [r2, #0]
 114 0032 1146     		mov	r1, r2
 115 0034 7A68     		ldr	r2, [r7, #4]
 116 0036 1268     		ldr	r2, [r2, #0]
 117 0038 6FEA0202 		mvn	r2, r2
 118 003c 0A40     		ands	r2, r2, r1
 119 003e 1A60     		str	r2, [r3, #0]
 135:../STM32F4xx_StdPeriph_Driver/src/stm32f4xx_exti.c ****     EXTI->EMR &= ~EXTI_InitStruct->EXTI_Line;
 120              		.loc 1 135 0
 121 0040 4FF47053 		mov	r3, #15360
 122 0044 C4F20103 		movt	r3, 16385
 123 0048 4FF47052 		mov	r2, #15360
 124 004c C4F20102 		movt	r2, 16385
 125 0050 5268     		ldr	r2, [r2, #4]
 126 0052 1146     		mov	r1, r2
 127 0054 7A68     		ldr	r2, [r7, #4]
 128 0056 1268     		ldr	r2, [r2, #0]
 129 0058 6FEA0202 		mvn	r2, r2
 130 005c 0A40     		ands	r2, r2, r1
 131 005e 5A60     		str	r2, [r3, #4]
 136:../STM32F4xx_StdPeriph_Driver/src/stm32f4xx_exti.c ****     
 137:../STM32F4xx_StdPeriph_Driver/src/stm32f4xx_exti.c ****     tmp += EXTI_InitStruct->EXTI_Mode;
 132              		.loc 1 137 0
 133 0060 7B68     		ldr	r3, [r7, #4]
 134 0062 1B79     		ldrb	r3, [r3, #4]	@ zero_extendqisi2
 135 0064 FA68     		ldr	r2, [r7, #12]
 136 0066 D318     		adds	r3, r2, r3
 137 0068 FB60     		str	r3, [r7, #12]
 138:../STM32F4xx_StdPeriph_Driver/src/stm32f4xx_exti.c **** 
 139:../STM32F4xx_StdPeriph_Driver/src/stm32f4xx_exti.c ****     *(__IO uint32_t *) tmp |= EXTI_InitStruct->EXTI_Line;
 138              		.loc 1 139 0
 139 006a FB68     		ldr	r3, [r7, #12]
 140 006c FA68     		ldr	r2, [r7, #12]
 141 006e 1168     		ldr	r1, [r2, #0]
 142 0070 7A68     		ldr	r2, [r7, #4]
 143 0072 1268     		ldr	r2, [r2, #0]
 144 0074 0A43     		orrs	r2, r2, r1
 145 0076 1A60     		str	r2, [r3, #0]
 140:../STM32F4xx_StdPeriph_Driver/src/stm32f4xx_exti.c **** 
 141:../STM32F4xx_StdPeriph_Driver/src/stm32f4xx_exti.c ****     /* Clear Rising Falling edge configuration */
 142:../STM32F4xx_StdPeriph_Driver/src/stm32f4xx_exti.c ****     EXTI->RTSR &= ~EXTI_InitStruct->EXTI_Line;
 146              		.loc 1 142 0
 147 0078 4FF47053 		mov	r3, #15360
 148 007c C4F20103 		movt	r3, 16385
 149 0080 4FF47052 		mov	r2, #15360
 150 0084 C4F20102 		movt	r2, 16385
 151 0088 9268     		ldr	r2, [r2, #8]
 152 008a 1146     		mov	r1, r2
 153 008c 7A68     		ldr	r2, [r7, #4]
 154 008e 1268     		ldr	r2, [r2, #0]
 155 0090 6FEA0202 		mvn	r2, r2
 156 0094 0A40     		ands	r2, r2, r1
 157 0096 9A60     		str	r2, [r3, #8]
 143:../STM32F4xx_StdPeriph_Driver/src/stm32f4xx_exti.c ****     EXTI->FTSR &= ~EXTI_InitStruct->EXTI_Line;
 158              		.loc 1 143 0
 159 0098 4FF47053 		mov	r3, #15360
 160 009c C4F20103 		movt	r3, 16385
 161 00a0 4FF47052 		mov	r2, #15360
 162 00a4 C4F20102 		movt	r2, 16385
 163 00a8 D268     		ldr	r2, [r2, #12]
 164 00aa 1146     		mov	r1, r2
 165 00ac 7A68     		ldr	r2, [r7, #4]
 166 00ae 1268     		ldr	r2, [r2, #0]
 167 00b0 6FEA0202 		mvn	r2, r2
 168 00b4 0A40     		ands	r2, r2, r1
 169 00b6 DA60     		str	r2, [r3, #12]
 144:../STM32F4xx_StdPeriph_Driver/src/stm32f4xx_exti.c ****     
 145:../STM32F4xx_StdPeriph_Driver/src/stm32f4xx_exti.c ****     /* Select the trigger for the selected external interrupts */
 146:../STM32F4xx_StdPeriph_Driver/src/stm32f4xx_exti.c ****     if (EXTI_InitStruct->EXTI_Trigger == EXTI_Trigger_Rising_Falling)
 170              		.loc 1 146 0
 171 00b8 7B68     		ldr	r3, [r7, #4]
 172 00ba 5B79     		ldrb	r3, [r3, #5]	@ zero_extendqisi2
 173 00bc 102B     		cmp	r3, #16
 174 00be 1CD1     		bne	.L4
 147:../STM32F4xx_StdPeriph_Driver/src/stm32f4xx_exti.c ****     {
 148:../STM32F4xx_StdPeriph_Driver/src/stm32f4xx_exti.c ****       /* Rising Falling edge */
 149:../STM32F4xx_StdPeriph_Driver/src/stm32f4xx_exti.c ****       EXTI->RTSR |= EXTI_InitStruct->EXTI_Line;
 175              		.loc 1 149 0
 176 00c0 4FF47053 		mov	r3, #15360
 177 00c4 C4F20103 		movt	r3, 16385
 178 00c8 4FF47052 		mov	r2, #15360
 179 00cc C4F20102 		movt	r2, 16385
 180 00d0 9268     		ldr	r2, [r2, #8]
 181 00d2 1146     		mov	r1, r2
 182 00d4 7A68     		ldr	r2, [r7, #4]
 183 00d6 1268     		ldr	r2, [r2, #0]
 184 00d8 0A43     		orrs	r2, r2, r1
 185 00da 9A60     		str	r2, [r3, #8]
 150:../STM32F4xx_StdPeriph_Driver/src/stm32f4xx_exti.c ****       EXTI->FTSR |= EXTI_InitStruct->EXTI_Line;
 186              		.loc 1 150 0
 187 00dc 4FF47053 		mov	r3, #15360
 188 00e0 C4F20103 		movt	r3, 16385
 189 00e4 4FF47052 		mov	r2, #15360
 190 00e8 C4F20102 		movt	r2, 16385
 191 00ec D268     		ldr	r2, [r2, #12]
 192 00ee 1146     		mov	r1, r2
 193 00f0 7A68     		ldr	r2, [r7, #4]
 194 00f2 1268     		ldr	r2, [r2, #0]
 195 00f4 0A43     		orrs	r2, r2, r1
 196 00f6 DA60     		str	r2, [r3, #12]
 197 00f8 1FE0     		b	.L2
 198              	.L4:
 151:../STM32F4xx_StdPeriph_Driver/src/stm32f4xx_exti.c ****     }
 152:../STM32F4xx_StdPeriph_Driver/src/stm32f4xx_exti.c ****     else
 153:../STM32F4xx_StdPeriph_Driver/src/stm32f4xx_exti.c ****     {
 154:../STM32F4xx_StdPeriph_Driver/src/stm32f4xx_exti.c ****       tmp = (uint32_t)EXTI_BASE;
 199              		.loc 1 154 0
 200 00fa 4FF47053 		mov	r3, #15360
 201 00fe C4F20103 		movt	r3, 16385
 202 0102 FB60     		str	r3, [r7, #12]
 155:../STM32F4xx_StdPeriph_Driver/src/stm32f4xx_exti.c ****       tmp += EXTI_InitStruct->EXTI_Trigger;
 203              		.loc 1 155 0
 204 0104 7B68     		ldr	r3, [r7, #4]
 205 0106 5B79     		ldrb	r3, [r3, #5]	@ zero_extendqisi2
 206 0108 FA68     		ldr	r2, [r7, #12]
 207 010a D318     		adds	r3, r2, r3
 208 010c FB60     		str	r3, [r7, #12]
 156:../STM32F4xx_StdPeriph_Driver/src/stm32f4xx_exti.c **** 
 157:../STM32F4xx_StdPeriph_Driver/src/stm32f4xx_exti.c ****       *(__IO uint32_t *) tmp |= EXTI_InitStruct->EXTI_Line;
 209              		.loc 1 157 0
 210 010e FB68     		ldr	r3, [r7, #12]
 211 0110 FA68     		ldr	r2, [r7, #12]
 212 0112 1168     		ldr	r1, [r2, #0]
 213 0114 7A68     		ldr	r2, [r7, #4]
 214 0116 1268     		ldr	r2, [r2, #0]
 215 0118 0A43     		orrs	r2, r2, r1
 216 011a 1A60     		str	r2, [r3, #0]
 217 011c 0DE0     		b	.L2
 218              	.L3:
 158:../STM32F4xx_StdPeriph_Driver/src/stm32f4xx_exti.c ****     }
 159:../STM32F4xx_StdPeriph_Driver/src/stm32f4xx_exti.c ****   }
 160:../STM32F4xx_StdPeriph_Driver/src/stm32f4xx_exti.c ****   else
 161:../STM32F4xx_StdPeriph_Driver/src/stm32f4xx_exti.c ****   {
 162:../STM32F4xx_StdPeriph_Driver/src/stm32f4xx_exti.c ****     tmp += EXTI_InitStruct->EXTI_Mode;
 219              		.loc 1 162 0
 220 011e 7B68     		ldr	r3, [r7, #4]
 221 0120 1B79     		ldrb	r3, [r3, #4]	@ zero_extendqisi2
 222 0122 FA68     		ldr	r2, [r7, #12]
 223 0124 D318     		adds	r3, r2, r3
 224 0126 FB60     		str	r3, [r7, #12]
 163:../STM32F4xx_StdPeriph_Driver/src/stm32f4xx_exti.c **** 
 164:../STM32F4xx_StdPeriph_Driver/src/stm32f4xx_exti.c ****     /* Disable the selected external lines */
 165:../STM32F4xx_StdPeriph_Driver/src/stm32f4xx_exti.c ****     *(__IO uint32_t *) tmp &= ~EXTI_InitStruct->EXTI_Line;
 225              		.loc 1 165 0
 226 0128 FB68     		ldr	r3, [r7, #12]
 227 012a FA68     		ldr	r2, [r7, #12]
 228 012c 1168     		ldr	r1, [r2, #0]
 229 012e 7A68     		ldr	r2, [r7, #4]
 230 0130 1268     		ldr	r2, [r2, #0]
 231 0132 6FEA0202 		mvn	r2, r2
 232 0136 0A40     		ands	r2, r2, r1
 233 0138 1A60     		str	r2, [r3, #0]
 234              	.L2:
 166:../STM32F4xx_StdPeriph_Driver/src/stm32f4xx_exti.c ****   }
 167:../STM32F4xx_StdPeriph_Driver/src/stm32f4xx_exti.c **** }
 235              		.loc 1 167 0
 236 013a 07F11407 		add	r7, r7, #20
 237 013e BD46     		mov	sp, r7
 238 0140 80BC     		pop	{r7}
 239 0142 7047     		bx	lr
 240              		.cfi_endproc
 241              	.LFE111:
 243              		.section	.text.EXTI_StructInit,"ax",%progbits
 244              		.align	2
 245              		.global	EXTI_StructInit
 246              		.thumb
 247              		.thumb_func
 249              	EXTI_StructInit:
 250              	.LFB112:
 168:../STM32F4xx_StdPeriph_Driver/src/stm32f4xx_exti.c **** 
 169:../STM32F4xx_StdPeriph_Driver/src/stm32f4xx_exti.c **** /**
 170:../STM32F4xx_StdPeriph_Driver/src/stm32f4xx_exti.c ****   * @brief  Fills each EXTI_InitStruct member with its reset value.
 171:../STM32F4xx_StdPeriph_Driver/src/stm32f4xx_exti.c ****   * @param  EXTI_InitStruct: pointer to a EXTI_InitTypeDef structure which will
 172:../STM32F4xx_StdPeriph_Driver/src/stm32f4xx_exti.c ****   *         be initialized.
 173:../STM32F4xx_StdPeriph_Driver/src/stm32f4xx_exti.c ****   * @retval None
 174:../STM32F4xx_StdPeriph_Driver/src/stm32f4xx_exti.c ****   */
 175:../STM32F4xx_StdPeriph_Driver/src/stm32f4xx_exti.c **** void EXTI_StructInit(EXTI_InitTypeDef* EXTI_InitStruct)
 176:../STM32F4xx_StdPeriph_Driver/src/stm32f4xx_exti.c **** {
 251              		.loc 1 176 0
 252              		.cfi_startproc
 253              		@ args = 0, pretend = 0, frame = 8
 254              		@ frame_needed = 1, uses_anonymous_args = 0
 255              		@ link register save eliminated.
 256 0000 80B4     		push	{r7}
 257              	.LCFI5:
 258              		.cfi_def_cfa_offset 4
 259              		.cfi_offset 7, -4
 260 0002 83B0     		sub	sp, sp, #12
 261              	.LCFI6:
 262              		.cfi_def_cfa_offset 16
 263 0004 00AF     		add	r7, sp, #0
 264              	.LCFI7:
 265              		.cfi_def_cfa_register 7
 266 0006 7860     		str	r0, [r7, #4]
 177:../STM32F4xx_StdPeriph_Driver/src/stm32f4xx_exti.c ****   EXTI_InitStruct->EXTI_Line = EXTI_LINENONE;
 267              		.loc 1 177 0
 268 0008 7B68     		ldr	r3, [r7, #4]
 269 000a 4FF00002 		mov	r2, #0
 270 000e 1A60     		str	r2, [r3, #0]
 178:../STM32F4xx_StdPeriph_Driver/src/stm32f4xx_exti.c ****   EXTI_InitStruct->EXTI_Mode = EXTI_Mode_Interrupt;
 271              		.loc 1 178 0
 272 0010 7B68     		ldr	r3, [r7, #4]
 273 0012 4FF00002 		mov	r2, #0
 274 0016 1A71     		strb	r2, [r3, #4]
 179:../STM32F4xx_StdPeriph_Driver/src/stm32f4xx_exti.c ****   EXTI_InitStruct->EXTI_Trigger = EXTI_Trigger_Falling;
 275              		.loc 1 179 0
 276 0018 7B68     		ldr	r3, [r7, #4]
 277 001a 4FF00C02 		mov	r2, #12
 278 001e 5A71     		strb	r2, [r3, #5]
 180:../STM32F4xx_StdPeriph_Driver/src/stm32f4xx_exti.c ****   EXTI_InitStruct->EXTI_LineCmd = DISABLE;
 279              		.loc 1 180 0
 280 0020 7B68     		ldr	r3, [r7, #4]
 281 0022 4FF00002 		mov	r2, #0
 282 0026 9A71     		strb	r2, [r3, #6]
 181:../STM32F4xx_StdPeriph_Driver/src/stm32f4xx_exti.c **** }
 283              		.loc 1 181 0
 284 0028 07F10C07 		add	r7, r7, #12
 285 002c BD46     		mov	sp, r7
 286 002e 80BC     		pop	{r7}
 287 0030 7047     		bx	lr
 288              		.cfi_endproc
 289              	.LFE112:
 291 0032 00BF     		.section	.text.EXTI_GenerateSWInterrupt,"ax",%progbits
 292              		.align	2
 293              		.global	EXTI_GenerateSWInterrupt
 294              		.thumb
 295              		.thumb_func
 297              	EXTI_GenerateSWInterrupt:
 298              	.LFB113:
 182:../STM32F4xx_StdPeriph_Driver/src/stm32f4xx_exti.c **** 
 183:../STM32F4xx_StdPeriph_Driver/src/stm32f4xx_exti.c **** /**
 184:../STM32F4xx_StdPeriph_Driver/src/stm32f4xx_exti.c ****   * @brief  Generates a Software interrupt on selected EXTI line.
 185:../STM32F4xx_StdPeriph_Driver/src/stm32f4xx_exti.c ****   * @param  EXTI_Line: specifies the EXTI line on which the software interrupt
 186:../STM32F4xx_StdPeriph_Driver/src/stm32f4xx_exti.c ****   *         will be generated.
 187:../STM32F4xx_StdPeriph_Driver/src/stm32f4xx_exti.c ****   *         This parameter can be any combination of EXTI_Linex where x can be (0..22)
 188:../STM32F4xx_StdPeriph_Driver/src/stm32f4xx_exti.c ****   * @retval None
 189:../STM32F4xx_StdPeriph_Driver/src/stm32f4xx_exti.c ****   */
 190:../STM32F4xx_StdPeriph_Driver/src/stm32f4xx_exti.c **** void EXTI_GenerateSWInterrupt(uint32_t EXTI_Line)
 191:../STM32F4xx_StdPeriph_Driver/src/stm32f4xx_exti.c **** {
 299              		.loc 1 191 0
 300              		.cfi_startproc
 301              		@ args = 0, pretend = 0, frame = 8
 302              		@ frame_needed = 1, uses_anonymous_args = 0
 303              		@ link register save eliminated.
 304 0000 80B4     		push	{r7}
 305              	.LCFI8:
 306              		.cfi_def_cfa_offset 4
 307              		.cfi_offset 7, -4
 308 0002 83B0     		sub	sp, sp, #12
 309              	.LCFI9:
 310              		.cfi_def_cfa_offset 16
 311 0004 00AF     		add	r7, sp, #0
 312              	.LCFI10:
 313              		.cfi_def_cfa_register 7
 314 0006 7860     		str	r0, [r7, #4]
 192:../STM32F4xx_StdPeriph_Driver/src/stm32f4xx_exti.c ****   /* Check the parameters */
 193:../STM32F4xx_StdPeriph_Driver/src/stm32f4xx_exti.c ****   assert_param(IS_EXTI_LINE(EXTI_Line));
 194:../STM32F4xx_StdPeriph_Driver/src/stm32f4xx_exti.c ****   
 195:../STM32F4xx_StdPeriph_Driver/src/stm32f4xx_exti.c ****   EXTI->SWIER |= EXTI_Line;
 315              		.loc 1 195 0
 316 0008 4FF47053 		mov	r3, #15360
 317 000c C4F20103 		movt	r3, 16385
 318 0010 4FF47052 		mov	r2, #15360
 319 0014 C4F20102 		movt	r2, 16385
 320 0018 1269     		ldr	r2, [r2, #16]
 321 001a 1146     		mov	r1, r2
 322 001c 7A68     		ldr	r2, [r7, #4]
 323 001e 0A43     		orrs	r2, r2, r1
 324 0020 1A61     		str	r2, [r3, #16]
 196:../STM32F4xx_StdPeriph_Driver/src/stm32f4xx_exti.c **** }
 325              		.loc 1 196 0
 326 0022 07F10C07 		add	r7, r7, #12
 327 0026 BD46     		mov	sp, r7
 328 0028 80BC     		pop	{r7}
 329 002a 7047     		bx	lr
 330              		.cfi_endproc
 331              	.LFE113:
 333              		.section	.text.EXTI_GetFlagStatus,"ax",%progbits
 334              		.align	2
 335              		.global	EXTI_GetFlagStatus
 336              		.thumb
 337              		.thumb_func
 339              	EXTI_GetFlagStatus:
 340              	.LFB114:
 197:../STM32F4xx_StdPeriph_Driver/src/stm32f4xx_exti.c **** 
 198:../STM32F4xx_StdPeriph_Driver/src/stm32f4xx_exti.c **** /**
 199:../STM32F4xx_StdPeriph_Driver/src/stm32f4xx_exti.c ****   * @}
 200:../STM32F4xx_StdPeriph_Driver/src/stm32f4xx_exti.c ****   */
 201:../STM32F4xx_StdPeriph_Driver/src/stm32f4xx_exti.c **** 
 202:../STM32F4xx_StdPeriph_Driver/src/stm32f4xx_exti.c **** /** @defgroup EXTI_Group2 Interrupts and flags management functions
 203:../STM32F4xx_StdPeriph_Driver/src/stm32f4xx_exti.c ****  *  @brief   Interrupts and flags management functions 
 204:../STM32F4xx_StdPeriph_Driver/src/stm32f4xx_exti.c ****  *
 205:../STM32F4xx_StdPeriph_Driver/src/stm32f4xx_exti.c **** @verbatim   
 206:../STM32F4xx_StdPeriph_Driver/src/stm32f4xx_exti.c ****  ===============================================================================
 207:../STM32F4xx_StdPeriph_Driver/src/stm32f4xx_exti.c ****                   Interrupts and flags management functions
 208:../STM32F4xx_StdPeriph_Driver/src/stm32f4xx_exti.c ****  ===============================================================================  
 209:../STM32F4xx_StdPeriph_Driver/src/stm32f4xx_exti.c **** 
 210:../STM32F4xx_StdPeriph_Driver/src/stm32f4xx_exti.c **** @endverbatim
 211:../STM32F4xx_StdPeriph_Driver/src/stm32f4xx_exti.c ****   * @{
 212:../STM32F4xx_StdPeriph_Driver/src/stm32f4xx_exti.c ****   */
 213:../STM32F4xx_StdPeriph_Driver/src/stm32f4xx_exti.c **** 
 214:../STM32F4xx_StdPeriph_Driver/src/stm32f4xx_exti.c **** /**
 215:../STM32F4xx_StdPeriph_Driver/src/stm32f4xx_exti.c ****   * @brief  Checks whether the specified EXTI line flag is set or not.
 216:../STM32F4xx_StdPeriph_Driver/src/stm32f4xx_exti.c ****   * @param  EXTI_Line: specifies the EXTI line flag to check.
 217:../STM32F4xx_StdPeriph_Driver/src/stm32f4xx_exti.c ****   *          This parameter can be EXTI_Linex where x can be(0..22)
 218:../STM32F4xx_StdPeriph_Driver/src/stm32f4xx_exti.c ****   * @retval The new state of EXTI_Line (SET or RESET).
 219:../STM32F4xx_StdPeriph_Driver/src/stm32f4xx_exti.c ****   */
 220:../STM32F4xx_StdPeriph_Driver/src/stm32f4xx_exti.c **** FlagStatus EXTI_GetFlagStatus(uint32_t EXTI_Line)
 221:../STM32F4xx_StdPeriph_Driver/src/stm32f4xx_exti.c **** {
 341              		.loc 1 221 0
 342              		.cfi_startproc
 343              		@ args = 0, pretend = 0, frame = 16
 344              		@ frame_needed = 1, uses_anonymous_args = 0
 345              		@ link register save eliminated.
 346 0000 80B4     		push	{r7}
 347              	.LCFI11:
 348              		.cfi_def_cfa_offset 4
 349              		.cfi_offset 7, -4
 350 0002 85B0     		sub	sp, sp, #20
 351              	.LCFI12:
 352              		.cfi_def_cfa_offset 24
 353 0004 00AF     		add	r7, sp, #0
 354              	.LCFI13:
 355              		.cfi_def_cfa_register 7
 356 0006 7860     		str	r0, [r7, #4]
 222:../STM32F4xx_StdPeriph_Driver/src/stm32f4xx_exti.c ****   FlagStatus bitstatus = RESET;
 357              		.loc 1 222 0
 358 0008 4FF00003 		mov	r3, #0
 359 000c FB73     		strb	r3, [r7, #15]
 223:../STM32F4xx_StdPeriph_Driver/src/stm32f4xx_exti.c ****   /* Check the parameters */
 224:../STM32F4xx_StdPeriph_Driver/src/stm32f4xx_exti.c ****   assert_param(IS_GET_EXTI_LINE(EXTI_Line));
 225:../STM32F4xx_StdPeriph_Driver/src/stm32f4xx_exti.c ****   
 226:../STM32F4xx_StdPeriph_Driver/src/stm32f4xx_exti.c ****   if ((EXTI->PR & EXTI_Line) != (uint32_t)RESET)
 360              		.loc 1 226 0
 361 000e 4FF47053 		mov	r3, #15360
 362 0012 C4F20103 		movt	r3, 16385
 363 0016 5B69     		ldr	r3, [r3, #20]
 364 0018 1A46     		mov	r2, r3
 365 001a 7B68     		ldr	r3, [r7, #4]
 366 001c 1340     		ands	r3, r3, r2
 367 001e 002B     		cmp	r3, #0
 368 0020 03D0     		beq	.L9
 227:../STM32F4xx_StdPeriph_Driver/src/stm32f4xx_exti.c ****   {
 228:../STM32F4xx_StdPeriph_Driver/src/stm32f4xx_exti.c ****     bitstatus = SET;
 369              		.loc 1 228 0
 370 0022 4FF00103 		mov	r3, #1
 371 0026 FB73     		strb	r3, [r7, #15]
 372 0028 02E0     		b	.L10
 373              	.L9:
 229:../STM32F4xx_StdPeriph_Driver/src/stm32f4xx_exti.c ****   }
 230:../STM32F4xx_StdPeriph_Driver/src/stm32f4xx_exti.c ****   else
 231:../STM32F4xx_StdPeriph_Driver/src/stm32f4xx_exti.c ****   {
 232:../STM32F4xx_StdPeriph_Driver/src/stm32f4xx_exti.c ****     bitstatus = RESET;
 374              		.loc 1 232 0
 375 002a 4FF00003 		mov	r3, #0
 376 002e FB73     		strb	r3, [r7, #15]
 377              	.L10:
 233:../STM32F4xx_StdPeriph_Driver/src/stm32f4xx_exti.c ****   }
 234:../STM32F4xx_StdPeriph_Driver/src/stm32f4xx_exti.c ****   return bitstatus;
 378              		.loc 1 234 0
 379 0030 FB7B     		ldrb	r3, [r7, #15]	@ zero_extendqisi2
 235:../STM32F4xx_StdPeriph_Driver/src/stm32f4xx_exti.c **** }
 380              		.loc 1 235 0
 381 0032 1846     		mov	r0, r3
 382 0034 07F11407 		add	r7, r7, #20
 383 0038 BD46     		mov	sp, r7
 384 003a 80BC     		pop	{r7}
 385 003c 7047     		bx	lr
 386              		.cfi_endproc
 387              	.LFE114:
 389 003e 00BF     		.section	.text.EXTI_ClearFlag,"ax",%progbits
 390              		.align	2
 391              		.global	EXTI_ClearFlag
 392              		.thumb
 393              		.thumb_func
 395              	EXTI_ClearFlag:
 396              	.LFB115:
 236:../STM32F4xx_StdPeriph_Driver/src/stm32f4xx_exti.c **** 
 237:../STM32F4xx_StdPeriph_Driver/src/stm32f4xx_exti.c **** /**
 238:../STM32F4xx_StdPeriph_Driver/src/stm32f4xx_exti.c ****   * @brief  Clears the EXTI's line pending flags.
 239:../STM32F4xx_StdPeriph_Driver/src/stm32f4xx_exti.c ****   * @param  EXTI_Line: specifies the EXTI lines flags to clear.
 240:../STM32F4xx_StdPeriph_Driver/src/stm32f4xx_exti.c ****   *          This parameter can be any combination of EXTI_Linex where x can be (0..22)
 241:../STM32F4xx_StdPeriph_Driver/src/stm32f4xx_exti.c ****   * @retval None
 242:../STM32F4xx_StdPeriph_Driver/src/stm32f4xx_exti.c ****   */
 243:../STM32F4xx_StdPeriph_Driver/src/stm32f4xx_exti.c **** void EXTI_ClearFlag(uint32_t EXTI_Line)
 244:../STM32F4xx_StdPeriph_Driver/src/stm32f4xx_exti.c **** {
 397              		.loc 1 244 0
 398              		.cfi_startproc
 399              		@ args = 0, pretend = 0, frame = 8
 400              		@ frame_needed = 1, uses_anonymous_args = 0
 401              		@ link register save eliminated.
 402 0000 80B4     		push	{r7}
 403              	.LCFI14:
 404              		.cfi_def_cfa_offset 4
 405              		.cfi_offset 7, -4
 406 0002 83B0     		sub	sp, sp, #12
 407              	.LCFI15:
 408              		.cfi_def_cfa_offset 16
 409 0004 00AF     		add	r7, sp, #0
 410              	.LCFI16:
 411              		.cfi_def_cfa_register 7
 412 0006 7860     		str	r0, [r7, #4]
 245:../STM32F4xx_StdPeriph_Driver/src/stm32f4xx_exti.c ****   /* Check the parameters */
 246:../STM32F4xx_StdPeriph_Driver/src/stm32f4xx_exti.c ****   assert_param(IS_EXTI_LINE(EXTI_Line));
 247:../STM32F4xx_StdPeriph_Driver/src/stm32f4xx_exti.c ****   
 248:../STM32F4xx_StdPeriph_Driver/src/stm32f4xx_exti.c ****   EXTI->PR = EXTI_Line;
 413              		.loc 1 248 0
 414 0008 4FF47053 		mov	r3, #15360
 415 000c C4F20103 		movt	r3, 16385
 416 0010 7A68     		ldr	r2, [r7, #4]
 417 0012 5A61     		str	r2, [r3, #20]
 249:../STM32F4xx_StdPeriph_Driver/src/stm32f4xx_exti.c **** }
 418              		.loc 1 249 0
 419 0014 07F10C07 		add	r7, r7, #12
 420 0018 BD46     		mov	sp, r7
 421 001a 80BC     		pop	{r7}
 422 001c 7047     		bx	lr
 423              		.cfi_endproc
 424              	.LFE115:
 426 001e 00BF     		.section	.text.EXTI_GetITStatus,"ax",%progbits
 427              		.align	2
 428              		.global	EXTI_GetITStatus
 429              		.thumb
 430              		.thumb_func
 432              	EXTI_GetITStatus:
 433              	.LFB116:
 250:../STM32F4xx_StdPeriph_Driver/src/stm32f4xx_exti.c **** 
 251:../STM32F4xx_StdPeriph_Driver/src/stm32f4xx_exti.c **** /**
 252:../STM32F4xx_StdPeriph_Driver/src/stm32f4xx_exti.c ****   * @brief  Checks whether the specified EXTI line is asserted or not.
 253:../STM32F4xx_StdPeriph_Driver/src/stm32f4xx_exti.c ****   * @param  EXTI_Line: specifies the EXTI line to check.
 254:../STM32F4xx_StdPeriph_Driver/src/stm32f4xx_exti.c ****   *          This parameter can be EXTI_Linex where x can be(0..22)
 255:../STM32F4xx_StdPeriph_Driver/src/stm32f4xx_exti.c ****   * @retval The new state of EXTI_Line (SET or RESET).
 256:../STM32F4xx_StdPeriph_Driver/src/stm32f4xx_exti.c ****   */
 257:../STM32F4xx_StdPeriph_Driver/src/stm32f4xx_exti.c **** ITStatus EXTI_GetITStatus(uint32_t EXTI_Line)
 258:../STM32F4xx_StdPeriph_Driver/src/stm32f4xx_exti.c **** {
 434              		.loc 1 258 0
 435              		.cfi_startproc
 436              		@ args = 0, pretend = 0, frame = 16
 437              		@ frame_needed = 1, uses_anonymous_args = 0
 438              		@ link register save eliminated.
 439 0000 80B4     		push	{r7}
 440              	.LCFI17:
 441              		.cfi_def_cfa_offset 4
 442              		.cfi_offset 7, -4
 443 0002 85B0     		sub	sp, sp, #20
 444              	.LCFI18:
 445              		.cfi_def_cfa_offset 24
 446 0004 00AF     		add	r7, sp, #0
 447              	.LCFI19:
 448              		.cfi_def_cfa_register 7
 449 0006 7860     		str	r0, [r7, #4]
 259:../STM32F4xx_StdPeriph_Driver/src/stm32f4xx_exti.c ****   ITStatus bitstatus = RESET;
 450              		.loc 1 259 0
 451 0008 4FF00003 		mov	r3, #0
 452 000c FB73     		strb	r3, [r7, #15]
 260:../STM32F4xx_StdPeriph_Driver/src/stm32f4xx_exti.c ****   uint32_t enablestatus = 0;
 453              		.loc 1 260 0
 454 000e 4FF00003 		mov	r3, #0
 455 0012 BB60     		str	r3, [r7, #8]
 261:../STM32F4xx_StdPeriph_Driver/src/stm32f4xx_exti.c ****   /* Check the parameters */
 262:../STM32F4xx_StdPeriph_Driver/src/stm32f4xx_exti.c ****   assert_param(IS_GET_EXTI_LINE(EXTI_Line));
 263:../STM32F4xx_StdPeriph_Driver/src/stm32f4xx_exti.c ****   
 264:../STM32F4xx_StdPeriph_Driver/src/stm32f4xx_exti.c ****   enablestatus =  EXTI->IMR & EXTI_Line;
 456              		.loc 1 264 0
 457 0014 4FF47053 		mov	r3, #15360
 458 0018 C4F20103 		movt	r3, 16385
 459 001c 1B68     		ldr	r3, [r3, #0]
 460 001e 1A46     		mov	r2, r3
 461 0020 7B68     		ldr	r3, [r7, #4]
 462 0022 1340     		ands	r3, r3, r2
 463 0024 BB60     		str	r3, [r7, #8]
 265:../STM32F4xx_StdPeriph_Driver/src/stm32f4xx_exti.c ****   if (((EXTI->PR & EXTI_Line) != (uint32_t)RESET) && (enablestatus != (uint32_t)RESET))
 464              		.loc 1 265 0
 465 0026 4FF47053 		mov	r3, #15360
 466 002a C4F20103 		movt	r3, 16385
 467 002e 5B69     		ldr	r3, [r3, #20]
 468 0030 1A46     		mov	r2, r3
 469 0032 7B68     		ldr	r3, [r7, #4]
 470 0034 1340     		ands	r3, r3, r2
 471 0036 002B     		cmp	r3, #0
 472 0038 06D0     		beq	.L13
 473              		.loc 1 265 0 is_stmt 0 discriminator 1
 474 003a BB68     		ldr	r3, [r7, #8]
 475 003c 002B     		cmp	r3, #0
 476 003e 03D0     		beq	.L13
 266:../STM32F4xx_StdPeriph_Driver/src/stm32f4xx_exti.c ****   {
 267:../STM32F4xx_StdPeriph_Driver/src/stm32f4xx_exti.c ****     bitstatus = SET;
 477              		.loc 1 267 0 is_stmt 1
 478 0040 4FF00103 		mov	r3, #1
 479 0044 FB73     		strb	r3, [r7, #15]
 480 0046 02E0     		b	.L14
 481              	.L13:
 268:../STM32F4xx_StdPeriph_Driver/src/stm32f4xx_exti.c ****   }
 269:../STM32F4xx_StdPeriph_Driver/src/stm32f4xx_exti.c ****   else
 270:../STM32F4xx_StdPeriph_Driver/src/stm32f4xx_exti.c ****   {
 271:../STM32F4xx_StdPeriph_Driver/src/stm32f4xx_exti.c ****     bitstatus = RESET;
 482              		.loc 1 271 0
 483 0048 4FF00003 		mov	r3, #0
 484 004c FB73     		strb	r3, [r7, #15]
 485              	.L14:
 272:../STM32F4xx_StdPeriph_Driver/src/stm32f4xx_exti.c ****   }
 273:../STM32F4xx_StdPeriph_Driver/src/stm32f4xx_exti.c ****   return bitstatus;
 486              		.loc 1 273 0
 487 004e FB7B     		ldrb	r3, [r7, #15]	@ zero_extendqisi2
 274:../STM32F4xx_StdPeriph_Driver/src/stm32f4xx_exti.c **** }
 488              		.loc 1 274 0
 489 0050 1846     		mov	r0, r3
 490 0052 07F11407 		add	r7, r7, #20
 491 0056 BD46     		mov	sp, r7
 492 0058 80BC     		pop	{r7}
 493 005a 7047     		bx	lr
 494              		.cfi_endproc
 495              	.LFE116:
 497              		.section	.text.EXTI_ClearITPendingBit,"ax",%progbits
 498              		.align	2
 499              		.global	EXTI_ClearITPendingBit
 500              		.thumb
 501              		.thumb_func
 503              	EXTI_ClearITPendingBit:
 504              	.LFB117:
 275:../STM32F4xx_StdPeriph_Driver/src/stm32f4xx_exti.c **** 
 276:../STM32F4xx_StdPeriph_Driver/src/stm32f4xx_exti.c **** /**
 277:../STM32F4xx_StdPeriph_Driver/src/stm32f4xx_exti.c ****   * @brief  Clears the EXTI's line pending bits.
 278:../STM32F4xx_StdPeriph_Driver/src/stm32f4xx_exti.c ****   * @param  EXTI_Line: specifies the EXTI lines to clear.
 279:../STM32F4xx_StdPeriph_Driver/src/stm32f4xx_exti.c ****   *          This parameter can be any combination of EXTI_Linex where x can be (0..22)
 280:../STM32F4xx_StdPeriph_Driver/src/stm32f4xx_exti.c ****   * @retval None
 281:../STM32F4xx_StdPeriph_Driver/src/stm32f4xx_exti.c ****   */
 282:../STM32F4xx_StdPeriph_Driver/src/stm32f4xx_exti.c **** void EXTI_ClearITPendingBit(uint32_t EXTI_Line)
 283:../STM32F4xx_StdPeriph_Driver/src/stm32f4xx_exti.c **** {
 505              		.loc 1 283 0
 506              		.cfi_startproc
 507              		@ args = 0, pretend = 0, frame = 8
 508              		@ frame_needed = 1, uses_anonymous_args = 0
 509              		@ link register save eliminated.
 510 0000 80B4     		push	{r7}
 511              	.LCFI20:
 512              		.cfi_def_cfa_offset 4
 513              		.cfi_offset 7, -4
 514 0002 83B0     		sub	sp, sp, #12
 515              	.LCFI21:
 516              		.cfi_def_cfa_offset 16
 517 0004 00AF     		add	r7, sp, #0
 518              	.LCFI22:
 519              		.cfi_def_cfa_register 7
 520 0006 7860     		str	r0, [r7, #4]
 284:../STM32F4xx_StdPeriph_Driver/src/stm32f4xx_exti.c ****   /* Check the parameters */
 285:../STM32F4xx_StdPeriph_Driver/src/stm32f4xx_exti.c ****   assert_param(IS_EXTI_LINE(EXTI_Line));
 286:../STM32F4xx_StdPeriph_Driver/src/stm32f4xx_exti.c ****   
 287:../STM32F4xx_StdPeriph_Driver/src/stm32f4xx_exti.c ****   EXTI->PR = EXTI_Line;
 521              		.loc 1 287 0
 522 0008 4FF47053 		mov	r3, #15360
 523 000c C4F20103 		movt	r3, 16385
 524 0010 7A68     		ldr	r2, [r7, #4]
 525 0012 5A61     		str	r2, [r3, #20]
 288:../STM32F4xx_StdPeriph_Driver/src/stm32f4xx_exti.c **** }
 526              		.loc 1 288 0
 527 0014 07F10C07 		add	r7, r7, #12
 528 0018 BD46     		mov	sp, r7
 529 001a 80BC     		pop	{r7}
 530 001c 7047     		bx	lr
 531              		.cfi_endproc
 532              	.LFE117:
 534 001e 00BF     		.text
 535              	.Letext0:
 536              		.file 2 "e:/elektronik/toolchain/yagarto/lib/gcc/../../arm-none-eabi/sys-include/stdint.h"
 537              		.file 3 "E:\\Desktop\\thundercyer-the-alarm-clock\\CMSIS\\Device\\STM32F4xx\\Include/stm32f4xx.h"
 538              		.file 4 "E:\\Desktop\\thundercyer-the-alarm-clock\\STM32F4xx_StdPeriph_Driver\\inc/stm32f4xx_exti.
 539              		.file 5 "E:\\Desktop\\thundercyer-the-alarm-clock\\CMSIS\\Include/core_cm4.h"
DEFINED SYMBOLS
                            *ABS*:00000000 stm32f4xx_exti.c
C:\Users\Alex\AppData\Local\Temp\ccboQXW3.s:19     .text.EXTI_DeInit:00000000 $t
C:\Users\Alex\AppData\Local\Temp\ccboQXW3.s:24     .text.EXTI_DeInit:00000000 EXTI_DeInit
C:\Users\Alex\AppData\Local\Temp\ccboQXW3.s:73     .text.EXTI_Init:00000000 $t
C:\Users\Alex\AppData\Local\Temp\ccboQXW3.s:78     .text.EXTI_Init:00000000 EXTI_Init
C:\Users\Alex\AppData\Local\Temp\ccboQXW3.s:244    .text.EXTI_StructInit:00000000 $t
C:\Users\Alex\AppData\Local\Temp\ccboQXW3.s:249    .text.EXTI_StructInit:00000000 EXTI_StructInit
C:\Users\Alex\AppData\Local\Temp\ccboQXW3.s:292    .text.EXTI_GenerateSWInterrupt:00000000 $t
C:\Users\Alex\AppData\Local\Temp\ccboQXW3.s:297    .text.EXTI_GenerateSWInterrupt:00000000 EXTI_GenerateSWInterrupt
C:\Users\Alex\AppData\Local\Temp\ccboQXW3.s:334    .text.EXTI_GetFlagStatus:00000000 $t
C:\Users\Alex\AppData\Local\Temp\ccboQXW3.s:339    .text.EXTI_GetFlagStatus:00000000 EXTI_GetFlagStatus
C:\Users\Alex\AppData\Local\Temp\ccboQXW3.s:390    .text.EXTI_ClearFlag:00000000 $t
C:\Users\Alex\AppData\Local\Temp\ccboQXW3.s:395    .text.EXTI_ClearFlag:00000000 EXTI_ClearFlag
C:\Users\Alex\AppData\Local\Temp\ccboQXW3.s:427    .text.EXTI_GetITStatus:00000000 $t
C:\Users\Alex\AppData\Local\Temp\ccboQXW3.s:432    .text.EXTI_GetITStatus:00000000 EXTI_GetITStatus
C:\Users\Alex\AppData\Local\Temp\ccboQXW3.s:498    .text.EXTI_ClearITPendingBit:00000000 $t
C:\Users\Alex\AppData\Local\Temp\ccboQXW3.s:503    .text.EXTI_ClearITPendingBit:00000000 EXTI_ClearITPendingBit
                     .debug_frame:00000010 $d

NO UNDEFINED SYMBOLS
