   1              		.syntax unified
   2              		.cpu cortex-m4
   3              		.eabi_attribute 27, 3
   4              		.fpu fpv4-sp-d16
   5              		.eabi_attribute 20, 1
   6              		.eabi_attribute 21, 1
   7              		.eabi_attribute 23, 3
   8              		.eabi_attribute 24, 1
   9              		.eabi_attribute 25, 1
  10              		.eabi_attribute 26, 1
  11              		.eabi_attribute 30, 6
  12              		.eabi_attribute 18, 4
  13              		.thumb
  14              		.file	"stm32f4xx_rng.c"
  15              		.text
  16              	.Ltext0:
  17              		.cfi_sections	.debug_frame
  18              		.align	2
  19              		.global	RNG_DeInit
  20              		.thumb
  21              		.thumb_func
  23              	RNG_DeInit:
  24              	.LFB110:
  25              		.file 1 "../STM32F4xx_StdPeriph_Driver/src/stm32f4xx_rng.c"
   1:../STM32F4xx_StdPeriph_Driver/src/stm32f4xx_rng.c **** /**
   2:../STM32F4xx_StdPeriph_Driver/src/stm32f4xx_rng.c ****   ******************************************************************************
   3:../STM32F4xx_StdPeriph_Driver/src/stm32f4xx_rng.c ****   * @file    stm32f4xx_rng.c
   4:../STM32F4xx_StdPeriph_Driver/src/stm32f4xx_rng.c ****   * @author  MCD Application Team
   5:../STM32F4xx_StdPeriph_Driver/src/stm32f4xx_rng.c ****   * @version V1.0.0RC1
   6:../STM32F4xx_StdPeriph_Driver/src/stm32f4xx_rng.c ****   * @date    25-August-2011
   7:../STM32F4xx_StdPeriph_Driver/src/stm32f4xx_rng.c ****     * @brief This file provides firmware functions to manage the following 
   8:../STM32F4xx_StdPeriph_Driver/src/stm32f4xx_rng.c ****   *          functionalities of the Random Number Generator (RNG) peripheral:           
   9:../STM32F4xx_StdPeriph_Driver/src/stm32f4xx_rng.c ****   *           - Initialization and Configuration 
  10:../STM32F4xx_StdPeriph_Driver/src/stm32f4xx_rng.c ****   *           - Get 32 bit Random number      
  11:../STM32F4xx_StdPeriph_Driver/src/stm32f4xx_rng.c ****   *           - Interrupts and flags management       
  12:../STM32F4xx_StdPeriph_Driver/src/stm32f4xx_rng.c ****   *         
  13:../STM32F4xx_StdPeriph_Driver/src/stm32f4xx_rng.c ****   *  @verbatim
  14:../STM32F4xx_StdPeriph_Driver/src/stm32f4xx_rng.c ****   *                               
  15:../STM32F4xx_StdPeriph_Driver/src/stm32f4xx_rng.c ****   *          ===================================================================      
  16:../STM32F4xx_StdPeriph_Driver/src/stm32f4xx_rng.c ****   *                                   How to use this driver
  17:../STM32F4xx_StdPeriph_Driver/src/stm32f4xx_rng.c ****   *          ===================================================================          
  18:../STM32F4xx_StdPeriph_Driver/src/stm32f4xx_rng.c ****   *          1. Enable The RNG controller clock using 
  19:../STM32F4xx_StdPeriph_Driver/src/stm32f4xx_rng.c ****   *            RCC_AHB2PeriphClockCmd(RCC_AHB2Periph_RNG, ENABLE) function.
  20:../STM32F4xx_StdPeriph_Driver/src/stm32f4xx_rng.c ****   *              
  21:../STM32F4xx_StdPeriph_Driver/src/stm32f4xx_rng.c ****   *          2. Activate the RNG peripheral using RNG_Cmd() function.
  22:../STM32F4xx_StdPeriph_Driver/src/stm32f4xx_rng.c ****   *          
  23:../STM32F4xx_StdPeriph_Driver/src/stm32f4xx_rng.c ****   *          3. Wait until the 32 bit Random number Generator contains a valid 
  24:../STM32F4xx_StdPeriph_Driver/src/stm32f4xx_rng.c ****   *            random data (using polling/interrupt mode). For more details, 
  25:../STM32F4xx_StdPeriph_Driver/src/stm32f4xx_rng.c ****   *            refer to "Interrupts and flags management functions" module 
  26:../STM32F4xx_StdPeriph_Driver/src/stm32f4xx_rng.c ****   *            description.
  27:../STM32F4xx_StdPeriph_Driver/src/stm32f4xx_rng.c ****   *           
  28:../STM32F4xx_StdPeriph_Driver/src/stm32f4xx_rng.c ****   *          4. Get the 32 bit Random number using RNG_GetRandomNumber() function
  29:../STM32F4xx_StdPeriph_Driver/src/stm32f4xx_rng.c ****   *          
  30:../STM32F4xx_StdPeriph_Driver/src/stm32f4xx_rng.c ****   *          5. To get another 32 bit Random number, go to step 3.       
  31:../STM32F4xx_StdPeriph_Driver/src/stm32f4xx_rng.c ****   *
  32:../STM32F4xx_StdPeriph_Driver/src/stm32f4xx_rng.c ****   *         
  33:../STM32F4xx_StdPeriph_Driver/src/stm32f4xx_rng.c ****   *              
  34:../STM32F4xx_StdPeriph_Driver/src/stm32f4xx_rng.c ****   *  @endverbatim
  35:../STM32F4xx_StdPeriph_Driver/src/stm32f4xx_rng.c ****   *         
  36:../STM32F4xx_StdPeriph_Driver/src/stm32f4xx_rng.c ****   ******************************************************************************
  37:../STM32F4xx_StdPeriph_Driver/src/stm32f4xx_rng.c ****   * @attention
  38:../STM32F4xx_StdPeriph_Driver/src/stm32f4xx_rng.c ****   *
  39:../STM32F4xx_StdPeriph_Driver/src/stm32f4xx_rng.c ****   * THE PRESENT FIRMWARE WHICH IS FOR GUIDANCE ONLY AIMS AT PROVIDING CUSTOMERS
  40:../STM32F4xx_StdPeriph_Driver/src/stm32f4xx_rng.c ****   * WITH CODING INFORMATION REGARDING THEIR PRODUCTS IN ORDER FOR THEM TO SAVE
  41:../STM32F4xx_StdPeriph_Driver/src/stm32f4xx_rng.c ****   * TIME. AS A RESULT, STMICROELECTRONICS SHALL NOT BE HELD LIABLE FOR ANY
  42:../STM32F4xx_StdPeriph_Driver/src/stm32f4xx_rng.c ****   * DIRECT, INDIRECT OR CONSEQUENTIAL DAMAGES WITH RESPECT TO ANY CLAIMS ARISING
  43:../STM32F4xx_StdPeriph_Driver/src/stm32f4xx_rng.c ****   * FROM THE CONTENT OF SUCH FIRMWARE AND/OR THE USE MADE BY CUSTOMERS OF THE
  44:../STM32F4xx_StdPeriph_Driver/src/stm32f4xx_rng.c ****   * CODING INFORMATION CONTAINED HEREIN IN CONNECTION WITH THEIR PRODUCTS.
  45:../STM32F4xx_StdPeriph_Driver/src/stm32f4xx_rng.c ****   *
  46:../STM32F4xx_StdPeriph_Driver/src/stm32f4xx_rng.c ****   * <h2><center>&copy; COPYRIGHT 2011 STMicroelectronics</center></h2>
  47:../STM32F4xx_StdPeriph_Driver/src/stm32f4xx_rng.c ****   ******************************************************************************  
  48:../STM32F4xx_StdPeriph_Driver/src/stm32f4xx_rng.c ****   */
  49:../STM32F4xx_StdPeriph_Driver/src/stm32f4xx_rng.c **** 
  50:../STM32F4xx_StdPeriph_Driver/src/stm32f4xx_rng.c **** /* Includes ------------------------------------------------------------------*/
  51:../STM32F4xx_StdPeriph_Driver/src/stm32f4xx_rng.c **** #include "stm32f4xx_rng.h"
  52:../STM32F4xx_StdPeriph_Driver/src/stm32f4xx_rng.c **** #include "stm32f4xx_rcc.h"
  53:../STM32F4xx_StdPeriph_Driver/src/stm32f4xx_rng.c **** 
  54:../STM32F4xx_StdPeriph_Driver/src/stm32f4xx_rng.c **** /** @addtogroup STM32F4xx_StdPeriph_Driver
  55:../STM32F4xx_StdPeriph_Driver/src/stm32f4xx_rng.c ****   * @{
  56:../STM32F4xx_StdPeriph_Driver/src/stm32f4xx_rng.c ****   */
  57:../STM32F4xx_StdPeriph_Driver/src/stm32f4xx_rng.c **** 
  58:../STM32F4xx_StdPeriph_Driver/src/stm32f4xx_rng.c **** /** @defgroup RNG 
  59:../STM32F4xx_StdPeriph_Driver/src/stm32f4xx_rng.c ****   * @brief RNG driver modules
  60:../STM32F4xx_StdPeriph_Driver/src/stm32f4xx_rng.c ****   * @{
  61:../STM32F4xx_StdPeriph_Driver/src/stm32f4xx_rng.c ****   */ 
  62:../STM32F4xx_StdPeriph_Driver/src/stm32f4xx_rng.c **** 
  63:../STM32F4xx_StdPeriph_Driver/src/stm32f4xx_rng.c **** /* Private typedef -----------------------------------------------------------*/
  64:../STM32F4xx_StdPeriph_Driver/src/stm32f4xx_rng.c **** /* Private define ------------------------------------------------------------*/
  65:../STM32F4xx_StdPeriph_Driver/src/stm32f4xx_rng.c **** /* Private macro -------------------------------------------------------------*/
  66:../STM32F4xx_StdPeriph_Driver/src/stm32f4xx_rng.c **** /* Private variables ---------------------------------------------------------*/
  67:../STM32F4xx_StdPeriph_Driver/src/stm32f4xx_rng.c **** /* Private function prototypes -----------------------------------------------*/
  68:../STM32F4xx_StdPeriph_Driver/src/stm32f4xx_rng.c **** /* Private functions ---------------------------------------------------------*/
  69:../STM32F4xx_StdPeriph_Driver/src/stm32f4xx_rng.c **** 
  70:../STM32F4xx_StdPeriph_Driver/src/stm32f4xx_rng.c **** /** @defgroup RNG_Private_Functions
  71:../STM32F4xx_StdPeriph_Driver/src/stm32f4xx_rng.c ****   * @{
  72:../STM32F4xx_StdPeriph_Driver/src/stm32f4xx_rng.c ****   */ 
  73:../STM32F4xx_StdPeriph_Driver/src/stm32f4xx_rng.c **** 
  74:../STM32F4xx_StdPeriph_Driver/src/stm32f4xx_rng.c **** /** @defgroup RNG_Group1 Initialization and Configuration functions
  75:../STM32F4xx_StdPeriph_Driver/src/stm32f4xx_rng.c ****  *  @brief    Initialization and Configuration functions 
  76:../STM32F4xx_StdPeriph_Driver/src/stm32f4xx_rng.c ****  *
  77:../STM32F4xx_StdPeriph_Driver/src/stm32f4xx_rng.c **** @verbatim    
  78:../STM32F4xx_StdPeriph_Driver/src/stm32f4xx_rng.c ****  ===============================================================================
  79:../STM32F4xx_StdPeriph_Driver/src/stm32f4xx_rng.c ****                       Initialization and Configuration functions
  80:../STM32F4xx_StdPeriph_Driver/src/stm32f4xx_rng.c ****  ===============================================================================  
  81:../STM32F4xx_StdPeriph_Driver/src/stm32f4xx_rng.c ****   This section provides functions allowing to 
  82:../STM32F4xx_StdPeriph_Driver/src/stm32f4xx_rng.c ****    - Initialize the RNG peripheral
  83:../STM32F4xx_StdPeriph_Driver/src/stm32f4xx_rng.c ****    - Enable or disable the RNG peripheral
  84:../STM32F4xx_StdPeriph_Driver/src/stm32f4xx_rng.c ****    
  85:../STM32F4xx_StdPeriph_Driver/src/stm32f4xx_rng.c **** @endverbatim
  86:../STM32F4xx_StdPeriph_Driver/src/stm32f4xx_rng.c ****   * @{
  87:../STM32F4xx_StdPeriph_Driver/src/stm32f4xx_rng.c ****   */
  88:../STM32F4xx_StdPeriph_Driver/src/stm32f4xx_rng.c **** 
  89:../STM32F4xx_StdPeriph_Driver/src/stm32f4xx_rng.c **** /**
  90:../STM32F4xx_StdPeriph_Driver/src/stm32f4xx_rng.c ****   * @brief  Deinitializes the RNG peripheral registers to their default reset values.
  91:../STM32F4xx_StdPeriph_Driver/src/stm32f4xx_rng.c ****   * @param  None
  92:../STM32F4xx_StdPeriph_Driver/src/stm32f4xx_rng.c ****   * @retval None
  93:../STM32F4xx_StdPeriph_Driver/src/stm32f4xx_rng.c ****   */
  94:../STM32F4xx_StdPeriph_Driver/src/stm32f4xx_rng.c **** void RNG_DeInit(void)
  95:../STM32F4xx_StdPeriph_Driver/src/stm32f4xx_rng.c **** {
  26              		.loc 1 95 0
  27              		.cfi_startproc
  28              		@ args = 0, pretend = 0, frame = 0
  29              		@ frame_needed = 1, uses_anonymous_args = 0
  30 0000 80B5     		push	{r7, lr}
  31              	.LCFI0:
  32              		.cfi_def_cfa_offset 8
  33              		.cfi_offset 14, -4
  34              		.cfi_offset 7, -8
  35 0002 00AF     		add	r7, sp, #0
  36              	.LCFI1:
  37              		.cfi_def_cfa_register 7
  96:../STM32F4xx_StdPeriph_Driver/src/stm32f4xx_rng.c ****   /* Enable RNG reset state */
  97:../STM32F4xx_StdPeriph_Driver/src/stm32f4xx_rng.c ****   RCC_AHB2PeriphResetCmd(RCC_AHB2Periph_RNG, ENABLE);
  38              		.loc 1 97 0
  39 0004 4FF04000 		mov	r0, #64
  40 0008 4FF00101 		mov	r1, #1
  41 000c FFF7FEFF 		bl	RCC_AHB2PeriphResetCmd
  98:../STM32F4xx_StdPeriph_Driver/src/stm32f4xx_rng.c **** 
  99:../STM32F4xx_StdPeriph_Driver/src/stm32f4xx_rng.c ****   /* Release RNG from reset state */
 100:../STM32F4xx_StdPeriph_Driver/src/stm32f4xx_rng.c ****   RCC_AHB2PeriphResetCmd(RCC_AHB2Periph_RNG, DISABLE);
  42              		.loc 1 100 0
  43 0010 4FF04000 		mov	r0, #64
  44 0014 4FF00001 		mov	r1, #0
  45 0018 FFF7FEFF 		bl	RCC_AHB2PeriphResetCmd
 101:../STM32F4xx_StdPeriph_Driver/src/stm32f4xx_rng.c **** }
  46              		.loc 1 101 0
  47 001c 80BD     		pop	{r7, pc}
  48              		.cfi_endproc
  49              	.LFE110:
  51 001e 00BF     		.align	2
  52              		.global	RNG_Cmd
  53              		.thumb
  54              		.thumb_func
  56              	RNG_Cmd:
  57              	.LFB111:
 102:../STM32F4xx_StdPeriph_Driver/src/stm32f4xx_rng.c **** 
 103:../STM32F4xx_StdPeriph_Driver/src/stm32f4xx_rng.c **** /**
 104:../STM32F4xx_StdPeriph_Driver/src/stm32f4xx_rng.c ****   * @brief  Enables or disables the RNG peripheral.
 105:../STM32F4xx_StdPeriph_Driver/src/stm32f4xx_rng.c ****   * @param  NewState: new state of the RNG peripheral.
 106:../STM32F4xx_StdPeriph_Driver/src/stm32f4xx_rng.c ****   *          This parameter can be: ENABLE or DISABLE.
 107:../STM32F4xx_StdPeriph_Driver/src/stm32f4xx_rng.c ****   * @retval None
 108:../STM32F4xx_StdPeriph_Driver/src/stm32f4xx_rng.c ****   */
 109:../STM32F4xx_StdPeriph_Driver/src/stm32f4xx_rng.c **** void RNG_Cmd(FunctionalState NewState)
 110:../STM32F4xx_StdPeriph_Driver/src/stm32f4xx_rng.c **** {
  58              		.loc 1 110 0
  59              		.cfi_startproc
  60              		@ args = 0, pretend = 0, frame = 8
  61              		@ frame_needed = 1, uses_anonymous_args = 0
  62              		@ link register save eliminated.
  63 0020 80B4     		push	{r7}
  64              	.LCFI2:
  65              		.cfi_def_cfa_offset 4
  66              		.cfi_offset 7, -4
  67 0022 83B0     		sub	sp, sp, #12
  68              	.LCFI3:
  69              		.cfi_def_cfa_offset 16
  70 0024 00AF     		add	r7, sp, #0
  71              	.LCFI4:
  72              		.cfi_def_cfa_register 7
  73 0026 0346     		mov	r3, r0
  74 0028 FB71     		strb	r3, [r7, #7]
 111:../STM32F4xx_StdPeriph_Driver/src/stm32f4xx_rng.c ****   /* Check the parameters */
 112:../STM32F4xx_StdPeriph_Driver/src/stm32f4xx_rng.c ****   assert_param(IS_FUNCTIONAL_STATE(NewState));
 113:../STM32F4xx_StdPeriph_Driver/src/stm32f4xx_rng.c **** 
 114:../STM32F4xx_StdPeriph_Driver/src/stm32f4xx_rng.c ****   if (NewState != DISABLE)
  75              		.loc 1 114 0
  76 002a FB79     		ldrb	r3, [r7, #7]	@ zero_extendqisi2
  77 002c 002B     		cmp	r3, #0
  78 002e 0CD0     		beq	.L3
 115:../STM32F4xx_StdPeriph_Driver/src/stm32f4xx_rng.c ****   {
 116:../STM32F4xx_StdPeriph_Driver/src/stm32f4xx_rng.c ****     /* Enable the RNG */
 117:../STM32F4xx_StdPeriph_Driver/src/stm32f4xx_rng.c ****     RNG->CR |= RNG_CR_RNGEN;
  79              		.loc 1 117 0
  80 0030 4FF40063 		mov	r3, #2048
  81 0034 C5F20603 		movt	r3, 20486
  82 0038 4FF40062 		mov	r2, #2048
  83 003c C5F20602 		movt	r2, 20486
  84 0040 1268     		ldr	r2, [r2, #0]
  85 0042 42F00402 		orr	r2, r2, #4
  86 0046 1A60     		str	r2, [r3, #0]
  87 0048 0BE0     		b	.L2
  88              	.L3:
 118:../STM32F4xx_StdPeriph_Driver/src/stm32f4xx_rng.c ****   }
 119:../STM32F4xx_StdPeriph_Driver/src/stm32f4xx_rng.c ****   else
 120:../STM32F4xx_StdPeriph_Driver/src/stm32f4xx_rng.c ****   {
 121:../STM32F4xx_StdPeriph_Driver/src/stm32f4xx_rng.c ****     /* Disable the RNG */
 122:../STM32F4xx_StdPeriph_Driver/src/stm32f4xx_rng.c ****     RNG->CR &= ~RNG_CR_RNGEN;
  89              		.loc 1 122 0
  90 004a 4FF40063 		mov	r3, #2048
  91 004e C5F20603 		movt	r3, 20486
  92 0052 4FF40062 		mov	r2, #2048
  93 0056 C5F20602 		movt	r2, 20486
  94 005a 1268     		ldr	r2, [r2, #0]
  95 005c 22F00402 		bic	r2, r2, #4
  96 0060 1A60     		str	r2, [r3, #0]
  97              	.L2:
 123:../STM32F4xx_StdPeriph_Driver/src/stm32f4xx_rng.c ****   }
 124:../STM32F4xx_StdPeriph_Driver/src/stm32f4xx_rng.c **** }
  98              		.loc 1 124 0
  99 0062 07F10C07 		add	r7, r7, #12
 100 0066 BD46     		mov	sp, r7
 101 0068 80BC     		pop	{r7}
 102 006a 7047     		bx	lr
 103              		.cfi_endproc
 104              	.LFE111:
 106              		.align	2
 107              		.global	RNG_GetRandomNumber
 108              		.thumb
 109              		.thumb_func
 111              	RNG_GetRandomNumber:
 112              	.LFB112:
 125:../STM32F4xx_StdPeriph_Driver/src/stm32f4xx_rng.c **** /**
 126:../STM32F4xx_StdPeriph_Driver/src/stm32f4xx_rng.c ****   * @}
 127:../STM32F4xx_StdPeriph_Driver/src/stm32f4xx_rng.c ****   */
 128:../STM32F4xx_StdPeriph_Driver/src/stm32f4xx_rng.c **** 
 129:../STM32F4xx_StdPeriph_Driver/src/stm32f4xx_rng.c **** /** @defgroup RNG_Group2 Get 32 bit Random number function
 130:../STM32F4xx_StdPeriph_Driver/src/stm32f4xx_rng.c ****  *  @brief    Get 32 bit Random number function 
 131:../STM32F4xx_StdPeriph_Driver/src/stm32f4xx_rng.c ****  *
 132:../STM32F4xx_StdPeriph_Driver/src/stm32f4xx_rng.c **** 
 133:../STM32F4xx_StdPeriph_Driver/src/stm32f4xx_rng.c **** @verbatim    
 134:../STM32F4xx_StdPeriph_Driver/src/stm32f4xx_rng.c ****  ===============================================================================
 135:../STM32F4xx_StdPeriph_Driver/src/stm32f4xx_rng.c ****                       Get 32 bit Random number function
 136:../STM32F4xx_StdPeriph_Driver/src/stm32f4xx_rng.c ****  ===============================================================================  
 137:../STM32F4xx_StdPeriph_Driver/src/stm32f4xx_rng.c ****   This section provides a function allowing to get the 32 bit Random number  
 138:../STM32F4xx_StdPeriph_Driver/src/stm32f4xx_rng.c ****   
 139:../STM32F4xx_StdPeriph_Driver/src/stm32f4xx_rng.c ****   @note  Before to call this function you have to wait till DRDY flag is set,
 140:../STM32F4xx_StdPeriph_Driver/src/stm32f4xx_rng.c ****          using RNG_GetFlagStatus(RNG_FLAG_DRDY) function. 
 141:../STM32F4xx_StdPeriph_Driver/src/stm32f4xx_rng.c ****    
 142:../STM32F4xx_StdPeriph_Driver/src/stm32f4xx_rng.c **** @endverbatim
 143:../STM32F4xx_StdPeriph_Driver/src/stm32f4xx_rng.c ****   * @{
 144:../STM32F4xx_StdPeriph_Driver/src/stm32f4xx_rng.c ****   */
 145:../STM32F4xx_StdPeriph_Driver/src/stm32f4xx_rng.c **** 
 146:../STM32F4xx_StdPeriph_Driver/src/stm32f4xx_rng.c **** 
 147:../STM32F4xx_StdPeriph_Driver/src/stm32f4xx_rng.c **** /**
 148:../STM32F4xx_StdPeriph_Driver/src/stm32f4xx_rng.c ****   * @brief  Returns a 32-bit random number.
 149:../STM32F4xx_StdPeriph_Driver/src/stm32f4xx_rng.c ****   *   
 150:../STM32F4xx_StdPeriph_Driver/src/stm32f4xx_rng.c ****   * @note   Before to call this function you have to wait till DRDY (data ready)
 151:../STM32F4xx_StdPeriph_Driver/src/stm32f4xx_rng.c ****   *         flag is set, using RNG_GetFlagStatus(RNG_FLAG_DRDY) function.
 152:../STM32F4xx_StdPeriph_Driver/src/stm32f4xx_rng.c ****   * @note   Each time the the Random number data is read (using RNG_GetRandomNumber()
 153:../STM32F4xx_StdPeriph_Driver/src/stm32f4xx_rng.c ****   *         function), the RNG_FLAG_DRDY flag is automatically cleared.
 154:../STM32F4xx_StdPeriph_Driver/src/stm32f4xx_rng.c ****   * @note   In the case of a seed error, the generation of random numbers is 
 155:../STM32F4xx_StdPeriph_Driver/src/stm32f4xx_rng.c ****   *         interrupted for as long as the SECS bit is '1'. If a number is 
 156:../STM32F4xx_StdPeriph_Driver/src/stm32f4xx_rng.c ****   *         available in the RNG_DR register, it must not be used because it may 
 157:../STM32F4xx_StdPeriph_Driver/src/stm32f4xx_rng.c ****   *         not have enough entropy. In this case, it is recommended to clear the 
 158:../STM32F4xx_StdPeriph_Driver/src/stm32f4xx_rng.c ****   *         SEIS bit(using RNG_ClearFlag(RNG_FLAG_SECS) function), then disable 
 159:../STM32F4xx_StdPeriph_Driver/src/stm32f4xx_rng.c ****   *         and enable the RNG peripheral (using RNG_Cmd() function) to 
 160:../STM32F4xx_StdPeriph_Driver/src/stm32f4xx_rng.c ****   *         reinitialize and restart the RNG.
 161:../STM32F4xx_StdPeriph_Driver/src/stm32f4xx_rng.c ****   * @note   In the case of a clock error, the RNG is no more able to generate 
 162:../STM32F4xx_StdPeriph_Driver/src/stm32f4xx_rng.c ****   *         random numbers because the PLL48CLK clock is not correct. User have 
 163:../STM32F4xx_StdPeriph_Driver/src/stm32f4xx_rng.c ****   *         to check that the clock controller is correctly configured to provide
 164:../STM32F4xx_StdPeriph_Driver/src/stm32f4xx_rng.c ****   *         the RNG clock and clear the CEIS bit (using RNG_ClearFlag(RNG_FLAG_CECS) 
 165:../STM32F4xx_StdPeriph_Driver/src/stm32f4xx_rng.c ****   *         function) . The clock error has no impact on the previously generated 
 166:../STM32F4xx_StdPeriph_Driver/src/stm32f4xx_rng.c ****   *         random numbers, and the RNG_DR register contents can be used.
 167:../STM32F4xx_StdPeriph_Driver/src/stm32f4xx_rng.c ****   *         
 168:../STM32F4xx_StdPeriph_Driver/src/stm32f4xx_rng.c ****   * @param  None
 169:../STM32F4xx_StdPeriph_Driver/src/stm32f4xx_rng.c ****   * @retval 32-bit random number.
 170:../STM32F4xx_StdPeriph_Driver/src/stm32f4xx_rng.c ****   */
 171:../STM32F4xx_StdPeriph_Driver/src/stm32f4xx_rng.c **** uint32_t RNG_GetRandomNumber(void)
 172:../STM32F4xx_StdPeriph_Driver/src/stm32f4xx_rng.c **** {
 113              		.loc 1 172 0
 114              		.cfi_startproc
 115              		@ args = 0, pretend = 0, frame = 0
 116              		@ frame_needed = 1, uses_anonymous_args = 0
 117              		@ link register save eliminated.
 118 006c 80B4     		push	{r7}
 119              	.LCFI5:
 120              		.cfi_def_cfa_offset 4
 121              		.cfi_offset 7, -4
 122 006e 00AF     		add	r7, sp, #0
 123              	.LCFI6:
 124              		.cfi_def_cfa_register 7
 173:../STM32F4xx_StdPeriph_Driver/src/stm32f4xx_rng.c ****   /* Return the 32 bit random number from the DR register */
 174:../STM32F4xx_StdPeriph_Driver/src/stm32f4xx_rng.c ****   return RNG->DR;
 125              		.loc 1 174 0
 126 0070 4FF40063 		mov	r3, #2048
 127 0074 C5F20603 		movt	r3, 20486
 128 0078 9B68     		ldr	r3, [r3, #8]
 175:../STM32F4xx_StdPeriph_Driver/src/stm32f4xx_rng.c **** }
 129              		.loc 1 175 0
 130 007a 1846     		mov	r0, r3
 131 007c BD46     		mov	sp, r7
 132 007e 80BC     		pop	{r7}
 133 0080 7047     		bx	lr
 134              		.cfi_endproc
 135              	.LFE112:
 137 0082 00BF     		.align	2
 138              		.global	RNG_ITConfig
 139              		.thumb
 140              		.thumb_func
 142              	RNG_ITConfig:
 143              	.LFB113:
 176:../STM32F4xx_StdPeriph_Driver/src/stm32f4xx_rng.c **** 
 177:../STM32F4xx_StdPeriph_Driver/src/stm32f4xx_rng.c **** 
 178:../STM32F4xx_StdPeriph_Driver/src/stm32f4xx_rng.c **** /**
 179:../STM32F4xx_StdPeriph_Driver/src/stm32f4xx_rng.c ****   * @}
 180:../STM32F4xx_StdPeriph_Driver/src/stm32f4xx_rng.c ****   */
 181:../STM32F4xx_StdPeriph_Driver/src/stm32f4xx_rng.c **** 
 182:../STM32F4xx_StdPeriph_Driver/src/stm32f4xx_rng.c **** /** @defgroup RNG_Group3 Interrupts and flags management functions
 183:../STM32F4xx_StdPeriph_Driver/src/stm32f4xx_rng.c ****  *  @brief   Interrupts and flags management functions
 184:../STM32F4xx_StdPeriph_Driver/src/stm32f4xx_rng.c ****  *
 185:../STM32F4xx_StdPeriph_Driver/src/stm32f4xx_rng.c **** @verbatim   
 186:../STM32F4xx_StdPeriph_Driver/src/stm32f4xx_rng.c ****  ===============================================================================
 187:../STM32F4xx_StdPeriph_Driver/src/stm32f4xx_rng.c ****                    Interrupts and flags management functions
 188:../STM32F4xx_StdPeriph_Driver/src/stm32f4xx_rng.c ****  ===============================================================================  
 189:../STM32F4xx_StdPeriph_Driver/src/stm32f4xx_rng.c **** 
 190:../STM32F4xx_StdPeriph_Driver/src/stm32f4xx_rng.c ****   This section provides functions allowing to configure the RNG Interrupts and 
 191:../STM32F4xx_StdPeriph_Driver/src/stm32f4xx_rng.c ****   to get the status and clear flags and Interrupts pending bits.
 192:../STM32F4xx_StdPeriph_Driver/src/stm32f4xx_rng.c ****   
 193:../STM32F4xx_StdPeriph_Driver/src/stm32f4xx_rng.c ****   The RNG provides 3 Interrupts sources and 3 Flags:
 194:../STM32F4xx_StdPeriph_Driver/src/stm32f4xx_rng.c ****   
 195:../STM32F4xx_StdPeriph_Driver/src/stm32f4xx_rng.c ****   Flags :
 196:../STM32F4xx_StdPeriph_Driver/src/stm32f4xx_rng.c ****   ---------- 
 197:../STM32F4xx_StdPeriph_Driver/src/stm32f4xx_rng.c ****      1. RNG_FLAG_DRDY :  In the case of the RNG_DR register contains valid 
 198:../STM32F4xx_StdPeriph_Driver/src/stm32f4xx_rng.c ****                          random data. it is cleared by reading the valid data 
 199:../STM32F4xx_StdPeriph_Driver/src/stm32f4xx_rng.c ****                          (using RNG_GetRandomNumber() function).
 200:../STM32F4xx_StdPeriph_Driver/src/stm32f4xx_rng.c **** 
 201:../STM32F4xx_StdPeriph_Driver/src/stm32f4xx_rng.c ****      2. RNG_FLAG_CECS : In the case of a seed error detection. 
 202:../STM32F4xx_StdPeriph_Driver/src/stm32f4xx_rng.c ****       
 203:../STM32F4xx_StdPeriph_Driver/src/stm32f4xx_rng.c ****      3. RNG_FLAG_SECS : In the case of a clock error detection.
 204:../STM32F4xx_StdPeriph_Driver/src/stm32f4xx_rng.c ****               
 205:../STM32F4xx_StdPeriph_Driver/src/stm32f4xx_rng.c **** 
 206:../STM32F4xx_StdPeriph_Driver/src/stm32f4xx_rng.c ****   Interrupts :
 207:../STM32F4xx_StdPeriph_Driver/src/stm32f4xx_rng.c ****   ------------
 208:../STM32F4xx_StdPeriph_Driver/src/stm32f4xx_rng.c ****    if enabled, an RNG interrupt is pending :
 209:../STM32F4xx_StdPeriph_Driver/src/stm32f4xx_rng.c ****     
 210:../STM32F4xx_StdPeriph_Driver/src/stm32f4xx_rng.c ****    1.  In the case of the RNG_DR register contains valid random data. 
 211:../STM32F4xx_StdPeriph_Driver/src/stm32f4xx_rng.c ****        This interrupt source is cleared once the RNG_DR register has been read 
 212:../STM32F4xx_StdPeriph_Driver/src/stm32f4xx_rng.c ****        (using RNG_GetRandomNumber() function) until a new valid value is 
 213:../STM32F4xx_StdPeriph_Driver/src/stm32f4xx_rng.c ****        computed. 
 214:../STM32F4xx_StdPeriph_Driver/src/stm32f4xx_rng.c ****    
 215:../STM32F4xx_StdPeriph_Driver/src/stm32f4xx_rng.c ****    or 
 216:../STM32F4xx_StdPeriph_Driver/src/stm32f4xx_rng.c ****    2. In the case of a seed error : One of the following faulty sequences has 
 217:../STM32F4xx_StdPeriph_Driver/src/stm32f4xx_rng.c ****       been detected:
 218:../STM32F4xx_StdPeriph_Driver/src/stm32f4xx_rng.c ****       - More than 64 consecutive bits at the same value (0 or 1)
 219:../STM32F4xx_StdPeriph_Driver/src/stm32f4xx_rng.c ****       - More than 32 consecutive alternance of 0 and 1 (0101010101...01)
 220:../STM32F4xx_StdPeriph_Driver/src/stm32f4xx_rng.c ****       This interrupt source is cleared using RNG_ClearITPendingBit(RNG_IT_SEI)
 221:../STM32F4xx_StdPeriph_Driver/src/stm32f4xx_rng.c ****       function.
 222:../STM32F4xx_StdPeriph_Driver/src/stm32f4xx_rng.c ****    
 223:../STM32F4xx_StdPeriph_Driver/src/stm32f4xx_rng.c ****    or
 224:../STM32F4xx_StdPeriph_Driver/src/stm32f4xx_rng.c ****    3. In the case of a clock error : the PLL48CLK (RNG peripheral clock source) 
 225:../STM32F4xx_StdPeriph_Driver/src/stm32f4xx_rng.c ****       was not correctly detected (fPLL48CLK< fHCLK/16).
 226:../STM32F4xx_StdPeriph_Driver/src/stm32f4xx_rng.c ****       This interrupt source is cleared using RNG_ClearITPendingBit(RNG_IT_CEI)
 227:../STM32F4xx_StdPeriph_Driver/src/stm32f4xx_rng.c ****       function.
 228:../STM32F4xx_StdPeriph_Driver/src/stm32f4xx_rng.c ****       @note In this case, User have to check that the clock controller is 
 229:../STM32F4xx_StdPeriph_Driver/src/stm32f4xx_rng.c ****             correctly configured to provide the RNG clock. 
 230:../STM32F4xx_StdPeriph_Driver/src/stm32f4xx_rng.c **** 
 231:../STM32F4xx_StdPeriph_Driver/src/stm32f4xx_rng.c ****   Managing the RNG controller events :
 232:../STM32F4xx_StdPeriph_Driver/src/stm32f4xx_rng.c ****   ------------------------------------ 
 233:../STM32F4xx_StdPeriph_Driver/src/stm32f4xx_rng.c ****   The user should identify which mode will be used in his application to manage 
 234:../STM32F4xx_StdPeriph_Driver/src/stm32f4xx_rng.c ****   the RNG controller events: Polling mode or Interrupt mode.
 235:../STM32F4xx_StdPeriph_Driver/src/stm32f4xx_rng.c ****   
 236:../STM32F4xx_StdPeriph_Driver/src/stm32f4xx_rng.c ****   1.  In the Polling Mode it is advised to use the following functions:
 237:../STM32F4xx_StdPeriph_Driver/src/stm32f4xx_rng.c ****       - RNG_GetFlagStatus() : to check if flags events occur. 
 238:../STM32F4xx_StdPeriph_Driver/src/stm32f4xx_rng.c ****       - RNG_ClearFlag()     : to clear the flags events.
 239:../STM32F4xx_StdPeriph_Driver/src/stm32f4xx_rng.c ****   
 240:../STM32F4xx_StdPeriph_Driver/src/stm32f4xx_rng.c ****   @note RNG_FLAG_DRDY can not be cleared by RNG_ClearFlag(). it is cleared only 
 241:../STM32F4xx_StdPeriph_Driver/src/stm32f4xx_rng.c ****         by reading the Random number data.      
 242:../STM32F4xx_StdPeriph_Driver/src/stm32f4xx_rng.c ****   
 243:../STM32F4xx_StdPeriph_Driver/src/stm32f4xx_rng.c ****   2.  In the Interrupt Mode it is advised to use the following functions:
 244:../STM32F4xx_StdPeriph_Driver/src/stm32f4xx_rng.c ****       - RNG_ITConfig()       : to enable or disable the interrupt source.
 245:../STM32F4xx_StdPeriph_Driver/src/stm32f4xx_rng.c ****       - RNG_GetITStatus()    : to check if Interrupt occurs.
 246:../STM32F4xx_StdPeriph_Driver/src/stm32f4xx_rng.c ****       - RNG_ClearITPendingBit() : to clear the Interrupt pending Bit 
 247:../STM32F4xx_StdPeriph_Driver/src/stm32f4xx_rng.c ****                                 (corresponding Flag). 
 248:../STM32F4xx_StdPeriph_Driver/src/stm32f4xx_rng.c ****   
 249:../STM32F4xx_StdPeriph_Driver/src/stm32f4xx_rng.c **** 
 250:../STM32F4xx_StdPeriph_Driver/src/stm32f4xx_rng.c **** @endverbatim
 251:../STM32F4xx_StdPeriph_Driver/src/stm32f4xx_rng.c ****   * @{
 252:../STM32F4xx_StdPeriph_Driver/src/stm32f4xx_rng.c ****   */ 
 253:../STM32F4xx_StdPeriph_Driver/src/stm32f4xx_rng.c **** 
 254:../STM32F4xx_StdPeriph_Driver/src/stm32f4xx_rng.c **** /**
 255:../STM32F4xx_StdPeriph_Driver/src/stm32f4xx_rng.c ****   * @brief  Enables or disables the RNG interrupt.
 256:../STM32F4xx_StdPeriph_Driver/src/stm32f4xx_rng.c ****   * @note   The RNG provides 3 interrupt sources,
 257:../STM32F4xx_StdPeriph_Driver/src/stm32f4xx_rng.c ****   *           - Computed data is ready event (DRDY), and           
 258:../STM32F4xx_StdPeriph_Driver/src/stm32f4xx_rng.c ****   *           - Seed error Interrupt (SEI) and 
 259:../STM32F4xx_StdPeriph_Driver/src/stm32f4xx_rng.c ****   *           - Clock error Interrupt (CEI), 
 260:../STM32F4xx_StdPeriph_Driver/src/stm32f4xx_rng.c ****   *         all these interrupts sources are enabled by setting the IE bit in 
 261:../STM32F4xx_StdPeriph_Driver/src/stm32f4xx_rng.c ****   *         CR register. However, each interrupt have its specific status bit
 262:../STM32F4xx_StdPeriph_Driver/src/stm32f4xx_rng.c ****   *         (see RNG_GetITStatus() function) and clear bit except the DRDY event
 263:../STM32F4xx_StdPeriph_Driver/src/stm32f4xx_rng.c ****   *         (see RNG_ClearITPendingBit() function).
 264:../STM32F4xx_StdPeriph_Driver/src/stm32f4xx_rng.c ****   * @param  NewState: new state of the RNG interrupt.
 265:../STM32F4xx_StdPeriph_Driver/src/stm32f4xx_rng.c ****   *          This parameter can be: ENABLE or DISABLE.
 266:../STM32F4xx_StdPeriph_Driver/src/stm32f4xx_rng.c ****   * @retval None
 267:../STM32F4xx_StdPeriph_Driver/src/stm32f4xx_rng.c ****   */
 268:../STM32F4xx_StdPeriph_Driver/src/stm32f4xx_rng.c **** void RNG_ITConfig(FunctionalState NewState)
 269:../STM32F4xx_StdPeriph_Driver/src/stm32f4xx_rng.c **** {
 144              		.loc 1 269 0
 145              		.cfi_startproc
 146              		@ args = 0, pretend = 0, frame = 8
 147              		@ frame_needed = 1, uses_anonymous_args = 0
 148              		@ link register save eliminated.
 149 0084 80B4     		push	{r7}
 150              	.LCFI7:
 151              		.cfi_def_cfa_offset 4
 152              		.cfi_offset 7, -4
 153 0086 83B0     		sub	sp, sp, #12
 154              	.LCFI8:
 155              		.cfi_def_cfa_offset 16
 156 0088 00AF     		add	r7, sp, #0
 157              	.LCFI9:
 158              		.cfi_def_cfa_register 7
 159 008a 0346     		mov	r3, r0
 160 008c FB71     		strb	r3, [r7, #7]
 270:../STM32F4xx_StdPeriph_Driver/src/stm32f4xx_rng.c ****   /* Check the parameters */
 271:../STM32F4xx_StdPeriph_Driver/src/stm32f4xx_rng.c ****   assert_param(IS_FUNCTIONAL_STATE(NewState));
 272:../STM32F4xx_StdPeriph_Driver/src/stm32f4xx_rng.c **** 
 273:../STM32F4xx_StdPeriph_Driver/src/stm32f4xx_rng.c ****   if (NewState != DISABLE)
 161              		.loc 1 273 0
 162 008e FB79     		ldrb	r3, [r7, #7]	@ zero_extendqisi2
 163 0090 002B     		cmp	r3, #0
 164 0092 0CD0     		beq	.L7
 274:../STM32F4xx_StdPeriph_Driver/src/stm32f4xx_rng.c ****   {
 275:../STM32F4xx_StdPeriph_Driver/src/stm32f4xx_rng.c ****     /* Enable the RNG interrupt */
 276:../STM32F4xx_StdPeriph_Driver/src/stm32f4xx_rng.c ****     RNG->CR |= RNG_CR_IE;
 165              		.loc 1 276 0
 166 0094 4FF40063 		mov	r3, #2048
 167 0098 C5F20603 		movt	r3, 20486
 168 009c 4FF40062 		mov	r2, #2048
 169 00a0 C5F20602 		movt	r2, 20486
 170 00a4 1268     		ldr	r2, [r2, #0]
 171 00a6 42F00802 		orr	r2, r2, #8
 172 00aa 1A60     		str	r2, [r3, #0]
 173 00ac 0BE0     		b	.L6
 174              	.L7:
 277:../STM32F4xx_StdPeriph_Driver/src/stm32f4xx_rng.c ****   }
 278:../STM32F4xx_StdPeriph_Driver/src/stm32f4xx_rng.c ****   else
 279:../STM32F4xx_StdPeriph_Driver/src/stm32f4xx_rng.c ****   {
 280:../STM32F4xx_StdPeriph_Driver/src/stm32f4xx_rng.c ****     /* Disable the RNG interrupt */
 281:../STM32F4xx_StdPeriph_Driver/src/stm32f4xx_rng.c ****     RNG->CR &= ~RNG_CR_IE;
 175              		.loc 1 281 0
 176 00ae 4FF40063 		mov	r3, #2048
 177 00b2 C5F20603 		movt	r3, 20486
 178 00b6 4FF40062 		mov	r2, #2048
 179 00ba C5F20602 		movt	r2, 20486
 180 00be 1268     		ldr	r2, [r2, #0]
 181 00c0 22F00802 		bic	r2, r2, #8
 182 00c4 1A60     		str	r2, [r3, #0]
 183              	.L6:
 282:../STM32F4xx_StdPeriph_Driver/src/stm32f4xx_rng.c ****   }
 283:../STM32F4xx_StdPeriph_Driver/src/stm32f4xx_rng.c **** }
 184              		.loc 1 283 0
 185 00c6 07F10C07 		add	r7, r7, #12
 186 00ca BD46     		mov	sp, r7
 187 00cc 80BC     		pop	{r7}
 188 00ce 7047     		bx	lr
 189              		.cfi_endproc
 190              	.LFE113:
 192              		.align	2
 193              		.global	RNG_GetFlagStatus
 194              		.thumb
 195              		.thumb_func
 197              	RNG_GetFlagStatus:
 198              	.LFB114:
 284:../STM32F4xx_StdPeriph_Driver/src/stm32f4xx_rng.c **** 
 285:../STM32F4xx_StdPeriph_Driver/src/stm32f4xx_rng.c **** /**
 286:../STM32F4xx_StdPeriph_Driver/src/stm32f4xx_rng.c ****   * @brief  Checks whether the specified RNG flag is set or not.
 287:../STM32F4xx_StdPeriph_Driver/src/stm32f4xx_rng.c ****   * @param  RNG_FLAG: specifies the RNG flag to check.
 288:../STM32F4xx_StdPeriph_Driver/src/stm32f4xx_rng.c ****   *          This parameter can be one of the following values:
 289:../STM32F4xx_StdPeriph_Driver/src/stm32f4xx_rng.c ****   *            @arg RNG_FLAG_DRDY: Data Ready flag.
 290:../STM32F4xx_StdPeriph_Driver/src/stm32f4xx_rng.c ****   *            @arg RNG_FLAG_CECS: Clock Error Current flag.
 291:../STM32F4xx_StdPeriph_Driver/src/stm32f4xx_rng.c ****   *            @arg RNG_FLAG_SECS: Seed Error Current flag.
 292:../STM32F4xx_StdPeriph_Driver/src/stm32f4xx_rng.c ****   * @retval The new state of RNG_FLAG (SET or RESET).
 293:../STM32F4xx_StdPeriph_Driver/src/stm32f4xx_rng.c ****   */
 294:../STM32F4xx_StdPeriph_Driver/src/stm32f4xx_rng.c **** FlagStatus RNG_GetFlagStatus(uint8_t RNG_FLAG)
 295:../STM32F4xx_StdPeriph_Driver/src/stm32f4xx_rng.c **** {
 199              		.loc 1 295 0
 200              		.cfi_startproc
 201              		@ args = 0, pretend = 0, frame = 16
 202              		@ frame_needed = 1, uses_anonymous_args = 0
 203              		@ link register save eliminated.
 204 00d0 80B4     		push	{r7}
 205              	.LCFI10:
 206              		.cfi_def_cfa_offset 4
 207              		.cfi_offset 7, -4
 208 00d2 85B0     		sub	sp, sp, #20
 209              	.LCFI11:
 210              		.cfi_def_cfa_offset 24
 211 00d4 00AF     		add	r7, sp, #0
 212              	.LCFI12:
 213              		.cfi_def_cfa_register 7
 214 00d6 0346     		mov	r3, r0
 215 00d8 FB71     		strb	r3, [r7, #7]
 296:../STM32F4xx_StdPeriph_Driver/src/stm32f4xx_rng.c ****   FlagStatus bitstatus = RESET;
 216              		.loc 1 296 0
 217 00da 4FF00003 		mov	r3, #0
 218 00de FB73     		strb	r3, [r7, #15]
 297:../STM32F4xx_StdPeriph_Driver/src/stm32f4xx_rng.c ****   /* Check the parameters */
 298:../STM32F4xx_StdPeriph_Driver/src/stm32f4xx_rng.c ****   assert_param(IS_RNG_GET_FLAG(RNG_FLAG));
 299:../STM32F4xx_StdPeriph_Driver/src/stm32f4xx_rng.c **** 
 300:../STM32F4xx_StdPeriph_Driver/src/stm32f4xx_rng.c ****   /* Check the status of the specified RNG flag */
 301:../STM32F4xx_StdPeriph_Driver/src/stm32f4xx_rng.c ****   if ((RNG->SR & RNG_FLAG) != (uint8_t)RESET)
 219              		.loc 1 301 0
 220 00e0 4FF40063 		mov	r3, #2048
 221 00e4 C5F20603 		movt	r3, 20486
 222 00e8 5B68     		ldr	r3, [r3, #4]
 223 00ea 1A46     		mov	r2, r3
 224 00ec FB79     		ldrb	r3, [r7, #7]	@ zero_extendqisi2
 225 00ee 1340     		ands	r3, r3, r2
 226 00f0 002B     		cmp	r3, #0
 227 00f2 03D0     		beq	.L10
 302:../STM32F4xx_StdPeriph_Driver/src/stm32f4xx_rng.c ****   {
 303:../STM32F4xx_StdPeriph_Driver/src/stm32f4xx_rng.c ****     /* RNG_FLAG is set */
 304:../STM32F4xx_StdPeriph_Driver/src/stm32f4xx_rng.c ****     bitstatus = SET;
 228              		.loc 1 304 0
 229 00f4 4FF00103 		mov	r3, #1
 230 00f8 FB73     		strb	r3, [r7, #15]
 231 00fa 02E0     		b	.L11
 232              	.L10:
 305:../STM32F4xx_StdPeriph_Driver/src/stm32f4xx_rng.c ****   }
 306:../STM32F4xx_StdPeriph_Driver/src/stm32f4xx_rng.c ****   else
 307:../STM32F4xx_StdPeriph_Driver/src/stm32f4xx_rng.c ****   {
 308:../STM32F4xx_StdPeriph_Driver/src/stm32f4xx_rng.c ****     /* RNG_FLAG is reset */
 309:../STM32F4xx_StdPeriph_Driver/src/stm32f4xx_rng.c ****     bitstatus = RESET;
 233              		.loc 1 309 0
 234 00fc 4FF00003 		mov	r3, #0
 235 0100 FB73     		strb	r3, [r7, #15]
 236              	.L11:
 310:../STM32F4xx_StdPeriph_Driver/src/stm32f4xx_rng.c ****   }
 311:../STM32F4xx_StdPeriph_Driver/src/stm32f4xx_rng.c ****   /* Return the RNG_FLAG status */
 312:../STM32F4xx_StdPeriph_Driver/src/stm32f4xx_rng.c ****   return  bitstatus;
 237              		.loc 1 312 0
 238 0102 FB7B     		ldrb	r3, [r7, #15]	@ zero_extendqisi2
 313:../STM32F4xx_StdPeriph_Driver/src/stm32f4xx_rng.c **** }
 239              		.loc 1 313 0
 240 0104 1846     		mov	r0, r3
 241 0106 07F11407 		add	r7, r7, #20
 242 010a BD46     		mov	sp, r7
 243 010c 80BC     		pop	{r7}
 244 010e 7047     		bx	lr
 245              		.cfi_endproc
 246              	.LFE114:
 248              		.align	2
 249              		.global	RNG_ClearFlag
 250              		.thumb
 251              		.thumb_func
 253              	RNG_ClearFlag:
 254              	.LFB115:
 314:../STM32F4xx_StdPeriph_Driver/src/stm32f4xx_rng.c **** 
 315:../STM32F4xx_StdPeriph_Driver/src/stm32f4xx_rng.c **** 
 316:../STM32F4xx_StdPeriph_Driver/src/stm32f4xx_rng.c **** /**
 317:../STM32F4xx_StdPeriph_Driver/src/stm32f4xx_rng.c ****   * @brief  Clears the RNG flags.
 318:../STM32F4xx_StdPeriph_Driver/src/stm32f4xx_rng.c ****   * @param  RNG_FLAG: specifies the flag to clear. 
 319:../STM32F4xx_StdPeriph_Driver/src/stm32f4xx_rng.c ****   *          This parameter can be any combination of the following values:
 320:../STM32F4xx_StdPeriph_Driver/src/stm32f4xx_rng.c ****   *            @arg RNG_FLAG_CECS: Clock Error Current flag.
 321:../STM32F4xx_StdPeriph_Driver/src/stm32f4xx_rng.c ****   *            @arg RNG_FLAG_SECS: Seed Error Current flag.
 322:../STM32F4xx_StdPeriph_Driver/src/stm32f4xx_rng.c ****   * @note   RNG_FLAG_DRDY can not be cleared by RNG_ClearFlag() function. 
 323:../STM32F4xx_StdPeriph_Driver/src/stm32f4xx_rng.c ****   *         This flag is cleared only by reading the Random number data (using 
 324:../STM32F4xx_StdPeriph_Driver/src/stm32f4xx_rng.c ****   *         RNG_GetRandomNumber() function).                           
 325:../STM32F4xx_StdPeriph_Driver/src/stm32f4xx_rng.c ****   * @retval None
 326:../STM32F4xx_StdPeriph_Driver/src/stm32f4xx_rng.c ****   */
 327:../STM32F4xx_StdPeriph_Driver/src/stm32f4xx_rng.c **** void RNG_ClearFlag(uint8_t RNG_FLAG)
 328:../STM32F4xx_StdPeriph_Driver/src/stm32f4xx_rng.c **** {
 255              		.loc 1 328 0
 256              		.cfi_startproc
 257              		@ args = 0, pretend = 0, frame = 8
 258              		@ frame_needed = 1, uses_anonymous_args = 0
 259              		@ link register save eliminated.
 260 0110 80B4     		push	{r7}
 261              	.LCFI13:
 262              		.cfi_def_cfa_offset 4
 263              		.cfi_offset 7, -4
 264 0112 83B0     		sub	sp, sp, #12
 265              	.LCFI14:
 266              		.cfi_def_cfa_offset 16
 267 0114 00AF     		add	r7, sp, #0
 268              	.LCFI15:
 269              		.cfi_def_cfa_register 7
 270 0116 0346     		mov	r3, r0
 271 0118 FB71     		strb	r3, [r7, #7]
 329:../STM32F4xx_StdPeriph_Driver/src/stm32f4xx_rng.c ****   /* Check the parameters */
 330:../STM32F4xx_StdPeriph_Driver/src/stm32f4xx_rng.c ****   assert_param(IS_RNG_CLEAR_FLAG(RNG_FLAG));
 331:../STM32F4xx_StdPeriph_Driver/src/stm32f4xx_rng.c ****   /* Clear the selected RNG flags */
 332:../STM32F4xx_StdPeriph_Driver/src/stm32f4xx_rng.c ****   RNG->SR = ~(uint32_t)(((uint32_t)RNG_FLAG) << 4);
 272              		.loc 1 332 0
 273 011a 4FF40063 		mov	r3, #2048
 274 011e C5F20603 		movt	r3, 20486
 275 0122 FA79     		ldrb	r2, [r7, #7]	@ zero_extendqisi2
 276 0124 4FEA0212 		lsl	r2, r2, #4
 277 0128 6FEA0202 		mvn	r2, r2
 278 012c 5A60     		str	r2, [r3, #4]
 333:../STM32F4xx_StdPeriph_Driver/src/stm32f4xx_rng.c **** }
 279              		.loc 1 333 0
 280 012e 07F10C07 		add	r7, r7, #12
 281 0132 BD46     		mov	sp, r7
 282 0134 80BC     		pop	{r7}
 283 0136 7047     		bx	lr
 284              		.cfi_endproc
 285              	.LFE115:
 287              		.align	2
 288              		.global	RNG_GetITStatus
 289              		.thumb
 290              		.thumb_func
 292              	RNG_GetITStatus:
 293              	.LFB116:
 334:../STM32F4xx_StdPeriph_Driver/src/stm32f4xx_rng.c **** 
 335:../STM32F4xx_StdPeriph_Driver/src/stm32f4xx_rng.c **** /**
 336:../STM32F4xx_StdPeriph_Driver/src/stm32f4xx_rng.c ****   * @brief  Checks whether the specified RNG interrupt has occurred or not.
 337:../STM32F4xx_StdPeriph_Driver/src/stm32f4xx_rng.c ****   * @param  RNG_IT: specifies the RNG interrupt source to check.
 338:../STM32F4xx_StdPeriph_Driver/src/stm32f4xx_rng.c ****   *          This parameter can be one of the following values:
 339:../STM32F4xx_StdPeriph_Driver/src/stm32f4xx_rng.c ****   *            @arg RNG_IT_CEI: Clock Error Interrupt.
 340:../STM32F4xx_StdPeriph_Driver/src/stm32f4xx_rng.c ****   *            @arg RNG_IT_SEI: Seed Error Interrupt.                   
 341:../STM32F4xx_StdPeriph_Driver/src/stm32f4xx_rng.c ****   * @retval The new state of RNG_IT (SET or RESET).
 342:../STM32F4xx_StdPeriph_Driver/src/stm32f4xx_rng.c ****   */
 343:../STM32F4xx_StdPeriph_Driver/src/stm32f4xx_rng.c **** ITStatus RNG_GetITStatus(uint8_t RNG_IT)
 344:../STM32F4xx_StdPeriph_Driver/src/stm32f4xx_rng.c **** {
 294              		.loc 1 344 0
 295              		.cfi_startproc
 296              		@ args = 0, pretend = 0, frame = 16
 297              		@ frame_needed = 1, uses_anonymous_args = 0
 298              		@ link register save eliminated.
 299 0138 80B4     		push	{r7}
 300              	.LCFI16:
 301              		.cfi_def_cfa_offset 4
 302              		.cfi_offset 7, -4
 303 013a 85B0     		sub	sp, sp, #20
 304              	.LCFI17:
 305              		.cfi_def_cfa_offset 24
 306 013c 00AF     		add	r7, sp, #0
 307              	.LCFI18:
 308              		.cfi_def_cfa_register 7
 309 013e 0346     		mov	r3, r0
 310 0140 FB71     		strb	r3, [r7, #7]
 345:../STM32F4xx_StdPeriph_Driver/src/stm32f4xx_rng.c ****   ITStatus bitstatus = RESET;
 311              		.loc 1 345 0
 312 0142 4FF00003 		mov	r3, #0
 313 0146 FB73     		strb	r3, [r7, #15]
 346:../STM32F4xx_StdPeriph_Driver/src/stm32f4xx_rng.c ****   /* Check the parameters */
 347:../STM32F4xx_StdPeriph_Driver/src/stm32f4xx_rng.c ****   assert_param(IS_RNG_GET_IT(RNG_IT));
 348:../STM32F4xx_StdPeriph_Driver/src/stm32f4xx_rng.c **** 
 349:../STM32F4xx_StdPeriph_Driver/src/stm32f4xx_rng.c ****   /* Check the status of the specified RNG interrupt */
 350:../STM32F4xx_StdPeriph_Driver/src/stm32f4xx_rng.c ****   if ((RNG->SR & RNG_IT) != (uint8_t)RESET)
 314              		.loc 1 350 0
 315 0148 4FF40063 		mov	r3, #2048
 316 014c C5F20603 		movt	r3, 20486
 317 0150 5B68     		ldr	r3, [r3, #4]
 318 0152 1A46     		mov	r2, r3
 319 0154 FB79     		ldrb	r3, [r7, #7]	@ zero_extendqisi2
 320 0156 1340     		ands	r3, r3, r2
 321 0158 002B     		cmp	r3, #0
 322 015a 03D0     		beq	.L14
 351:../STM32F4xx_StdPeriph_Driver/src/stm32f4xx_rng.c ****   {
 352:../STM32F4xx_StdPeriph_Driver/src/stm32f4xx_rng.c ****     /* RNG_IT is set */
 353:../STM32F4xx_StdPeriph_Driver/src/stm32f4xx_rng.c ****     bitstatus = SET;
 323              		.loc 1 353 0
 324 015c 4FF00103 		mov	r3, #1
 325 0160 FB73     		strb	r3, [r7, #15]
 326 0162 02E0     		b	.L15
 327              	.L14:
 354:../STM32F4xx_StdPeriph_Driver/src/stm32f4xx_rng.c ****   }
 355:../STM32F4xx_StdPeriph_Driver/src/stm32f4xx_rng.c ****   else
 356:../STM32F4xx_StdPeriph_Driver/src/stm32f4xx_rng.c ****   {
 357:../STM32F4xx_StdPeriph_Driver/src/stm32f4xx_rng.c ****     /* RNG_IT is reset */
 358:../STM32F4xx_StdPeriph_Driver/src/stm32f4xx_rng.c ****     bitstatus = RESET;
 328              		.loc 1 358 0
 329 0164 4FF00003 		mov	r3, #0
 330 0168 FB73     		strb	r3, [r7, #15]
 331              	.L15:
 359:../STM32F4xx_StdPeriph_Driver/src/stm32f4xx_rng.c ****   }
 360:../STM32F4xx_StdPeriph_Driver/src/stm32f4xx_rng.c ****   /* Return the RNG_IT status */
 361:../STM32F4xx_StdPeriph_Driver/src/stm32f4xx_rng.c ****   return bitstatus;
 332              		.loc 1 361 0
 333 016a FB7B     		ldrb	r3, [r7, #15]	@ zero_extendqisi2
 362:../STM32F4xx_StdPeriph_Driver/src/stm32f4xx_rng.c **** }
 334              		.loc 1 362 0
 335 016c 1846     		mov	r0, r3
 336 016e 07F11407 		add	r7, r7, #20
 337 0172 BD46     		mov	sp, r7
 338 0174 80BC     		pop	{r7}
 339 0176 7047     		bx	lr
 340              		.cfi_endproc
 341              	.LFE116:
 343              		.align	2
 344              		.global	RNG_ClearITPendingBit
 345              		.thumb
 346              		.thumb_func
 348              	RNG_ClearITPendingBit:
 349              	.LFB117:
 363:../STM32F4xx_StdPeriph_Driver/src/stm32f4xx_rng.c **** 
 364:../STM32F4xx_StdPeriph_Driver/src/stm32f4xx_rng.c **** 
 365:../STM32F4xx_StdPeriph_Driver/src/stm32f4xx_rng.c **** /**
 366:../STM32F4xx_StdPeriph_Driver/src/stm32f4xx_rng.c ****   * @brief  Clears the RNG interrupt pending bit(s).
 367:../STM32F4xx_StdPeriph_Driver/src/stm32f4xx_rng.c ****   * @param  RNG_IT: specifies the RNG interrupt pending bit(s) to clear.
 368:../STM32F4xx_StdPeriph_Driver/src/stm32f4xx_rng.c ****   *          This parameter can be any combination of the following values:
 369:../STM32F4xx_StdPeriph_Driver/src/stm32f4xx_rng.c ****   *            @arg RNG_IT_CEI: Clock Error Interrupt.
 370:../STM32F4xx_StdPeriph_Driver/src/stm32f4xx_rng.c ****   *            @arg RNG_IT_SEI: Seed Error Interrupt.
 371:../STM32F4xx_StdPeriph_Driver/src/stm32f4xx_rng.c ****   * @retval None
 372:../STM32F4xx_StdPeriph_Driver/src/stm32f4xx_rng.c ****   */
 373:../STM32F4xx_StdPeriph_Driver/src/stm32f4xx_rng.c **** void RNG_ClearITPendingBit(uint8_t RNG_IT)
 374:../STM32F4xx_StdPeriph_Driver/src/stm32f4xx_rng.c **** {
 350              		.loc 1 374 0
 351              		.cfi_startproc
 352              		@ args = 0, pretend = 0, frame = 8
 353              		@ frame_needed = 1, uses_anonymous_args = 0
 354              		@ link register save eliminated.
 355 0178 80B4     		push	{r7}
 356              	.LCFI19:
 357              		.cfi_def_cfa_offset 4
 358              		.cfi_offset 7, -4
 359 017a 83B0     		sub	sp, sp, #12
 360              	.LCFI20:
 361              		.cfi_def_cfa_offset 16
 362 017c 00AF     		add	r7, sp, #0
 363              	.LCFI21:
 364              		.cfi_def_cfa_register 7
 365 017e 0346     		mov	r3, r0
 366 0180 FB71     		strb	r3, [r7, #7]
 375:../STM32F4xx_StdPeriph_Driver/src/stm32f4xx_rng.c ****   /* Check the parameters */
 376:../STM32F4xx_StdPeriph_Driver/src/stm32f4xx_rng.c ****   assert_param(IS_RNG_IT(RNG_IT));
 377:../STM32F4xx_StdPeriph_Driver/src/stm32f4xx_rng.c **** 
 378:../STM32F4xx_StdPeriph_Driver/src/stm32f4xx_rng.c ****   /* Clear the selected RNG interrupt pending bit */
 379:../STM32F4xx_StdPeriph_Driver/src/stm32f4xx_rng.c ****   RNG->SR = (uint8_t)~RNG_IT;
 367              		.loc 1 379 0
 368 0182 4FF40063 		mov	r3, #2048
 369 0186 C5F20603 		movt	r3, 20486
 370 018a FA79     		ldrb	r2, [r7, #7]
 371 018c 6FEA0202 		mvn	r2, r2
 372 0190 D2B2     		uxtb	r2, r2
 373 0192 5A60     		str	r2, [r3, #4]
 380:../STM32F4xx_StdPeriph_Driver/src/stm32f4xx_rng.c **** }
 374              		.loc 1 380 0
 375 0194 07F10C07 		add	r7, r7, #12
 376 0198 BD46     		mov	sp, r7
 377 019a 80BC     		pop	{r7}
 378 019c 7047     		bx	lr
 379              		.cfi_endproc
 380              	.LFE117:
 382              	.Letext0:
 383              		.file 2 "e:/elektronik/toolchain/yagarto/lib/gcc/../../arm-none-eabi/sys-include/stdint.h"
 384              		.file 3 "C:\\Users\\Alex\\git\\thundercyer-the-alarm-clock\\CMSIS\\Device\\STM32F4xx\\Include/stm3
 385              		.file 4 "C:\\Users\\Alex\\git\\thundercyer-the-alarm-clock\\CMSIS\\Include/core_cm4.h"
DEFINED SYMBOLS
                            *ABS*:00000000 stm32f4xx_rng.c
C:\Users\Alex\AppData\Local\Temp\ccKmo7c5.s:18     .text:00000000 $t
C:\Users\Alex\AppData\Local\Temp\ccKmo7c5.s:23     .text:00000000 RNG_DeInit
C:\Users\Alex\AppData\Local\Temp\ccKmo7c5.s:56     .text:00000020 RNG_Cmd
C:\Users\Alex\AppData\Local\Temp\ccKmo7c5.s:111    .text:0000006c RNG_GetRandomNumber
C:\Users\Alex\AppData\Local\Temp\ccKmo7c5.s:142    .text:00000084 RNG_ITConfig
C:\Users\Alex\AppData\Local\Temp\ccKmo7c5.s:197    .text:000000d0 RNG_GetFlagStatus
C:\Users\Alex\AppData\Local\Temp\ccKmo7c5.s:253    .text:00000110 RNG_ClearFlag
C:\Users\Alex\AppData\Local\Temp\ccKmo7c5.s:292    .text:00000138 RNG_GetITStatus
C:\Users\Alex\AppData\Local\Temp\ccKmo7c5.s:348    .text:00000178 RNG_ClearITPendingBit
                     .debug_frame:00000010 $d

UNDEFINED SYMBOLS
RCC_AHB2PeriphResetCmd
